09-01 23:31:23.421 10239 10267 I TestRunner: started: signInAndChangePasswordSuccessfully(com.example.app1.AuthenticationTests)
09-01 23:31:23.443 10239 10239 D LifecycleMonitor: Lifecycle status change: com.example.app1.authentication.LoginActivity@8f7d84e in: DESTROYED
09-01 23:31:23.459   705   719 I ndroid.systemu: NativeAlloc concurrent copying GC freed 2103(201KB) AllocSpace objects, 0(0B) LOS objects, 49% free, 7520KB/14MB, paused 140us total 1.241s
09-01 23:31:23.525 10239 10267 D FirebaseAuth: Notifying id token listeners about a sign-out event.
09-01 23:31:23.525 10239 10267 D FirebaseAuth: Notifying auth state listeners about a sign-out event.
09-01 23:31:23.535   501   532 D EventSequenceValidator: inc AccIntentStartedEvents to 2
09-01 23:31:23.548   339   339 I perfetto: ing_service_impl.cc:758 Configured tracing session 26, #sources:1, duration:5000 ms, #buffers:1, total buffer size:4096 KB, total sessions:1, uid:1071 session name: ""
09-01 23:31:23.549   338   338 I perfetto: probes_producer.cc:230  Ftrace setup (target_buf=26)
09-01 23:31:23.566   501  2078 W InputReader: Device virtio_input_multi_touch_9 is associated with display ADISPLAY_ID_NONE.
09-01 23:31:23.566   501  2078 W InputReader: Device virtio_input_multi_touch_6 is associated with display ADISPLAY_ID_NONE.
09-01 23:31:23.566   501  2078 W InputReader: Device virtio_input_multi_touch_3 is associated with display ADISPLAY_ID_NONE.
09-01 23:31:23.566   501  2078 W InputReader: Device virtio_input_multi_touch_7 is associated with display ADISPLAY_ID_NONE.
09-01 23:31:23.566   501  2078 W InputReader: Device virtio_input_multi_touch_8 is associated with display ADISPLAY_ID_NONE.
09-01 23:31:23.566   501  2078 W InputReader: Device virtio_input_multi_touch_10 is associated with display ADISPLAY_ID_NONE.
09-01 23:31:23.566   501  2078 W InputReader: Device virtio_input_multi_touch_4 is associated with display ADISPLAY_ID_NONE.
09-01 23:31:23.566   501  2078 W InputReader: Device virtio_input_multi_touch_11 is associated with display ADISPLAY_ID_NONE.
09-01 23:31:23.566   501  2078 W InputReader: Device virtio_input_multi_touch_5 is associated with display ADISPLAY_ID_NONE.
09-01 23:31:23.566   501  2078 W InputReader: Device virtio_input_multi_touch_2 is associated with display ADISPLAY_ID_NONE.
09-01 23:31:23.566   501  2078 W InputReader: Device virtio_input_multi_touch_9 is associated with display ADISPLAY_ID_NONE.
09-01 23:31:23.566   501  2078 W InputReader: Device virtio_input_multi_touch_6 is associated with display ADISPLAY_ID_NONE.
09-01 23:31:23.566   501  2078 W InputReader: Device virtio_input_multi_touch_3 is associated with display ADISPLAY_ID_NONE.
09-01 23:31:23.566   501  2078 W InputReader: Device virtio_input_multi_touch_7 is associated with display ADISPLAY_ID_NONE.
09-01 23:31:23.566   501  2078 W InputReader: Device virtio_input_multi_touch_8 is associated with display ADISPLAY_ID_NONE.
09-01 23:31:23.566   501  2078 W InputReader: Device virtio_input_multi_touch_10 is associated with display ADISPLAY_ID_NONE.
09-01 23:31:23.566   501  2078 W InputReader: Device virtio_input_multi_touch_4 is associated with display ADISPLAY_ID_NONE.
09-01 23:31:23.566   501  2078 W InputReader: Device virtio_input_multi_touch_11 is associated with display ADISPLAY_ID_NONE.
09-01 23:31:23.566   501  2078 W InputReader: Device virtio_input_multi_touch_5 is associated with display ADISPLAY_ID_NONE.
09-01 23:31:23.566   501  2078 W InputReader: Device virtio_input_multi_touch_2 is associated with display ADISPLAY_ID_NONE.
09-01 23:31:23.570 10239 10431 W System  : Ignoring header X-Firebase-Locale because its value was null.
09-01 23:31:23.639 10239 10239 D LifecycleMonitor: Lifecycle status change: com.example.app1.authentication.LoginActivity@3b85935 in: PRE_ON_CREATE
09-01 23:31:23.740   290   290 D goldfish-address-space: claimShared: Ask to claim region [0x3f1ed0000 0x3f2835000]
09-01 23:31:23.856   338   338 I perfetto: ftrace_procfs.cc:176    enabled ftrace
09-01 23:31:23.931 10239 10239 D LifecycleMonitor: Lifecycle status change: com.example.app1.authentication.LoginActivity@3b85935 in: CREATED
09-01 23:31:23.934 10239 10239 D LifecycleMonitor: Lifecycle status change: com.example.app1.authentication.LoginActivity@3b85935 in: STARTED
09-01 23:31:23.952 10239 10239 D LifecycleMonitor: Lifecycle status change: com.example.app1.authentication.LoginActivity@3b85935 in: RESUMED
09-01 23:31:24.005   290   290 D goldfish-address-space: claimShared: Ask to claim region [0x3f2835000 0x3f30e6000]
09-01 23:31:24.060   290   290 D goldfish-address-space: claimShared: Ask to claim region [0x3f6594000 0x3f6e45000]
09-01 23:31:24.125   290  5663 D goldfish-address-space: claimShared: Ask to claim region [0x3f6e45000 0x3f77aa000]
09-01 23:31:24.148   290  5663 D goldfish-address-space: claimShared: Ask to claim region [0x3fafba000 0x3fb86b000]
09-01 23:31:24.512   290  5663 D goldfish-address-space: claimShared: Ask to claim region [0x3f9c80000 0x3fa5e5000]
09-01 23:31:24.600 10239 10239 D RootViewPicker: Root not ready - waiting: 10ms for one to appear.
09-01 23:31:24.614 10239 10239 D RootViewPicker: Root not ready - waiting: 25ms for one to appear.
09-01 23:31:24.688 10239 10239 D RootViewPicker: Root not ready - waiting: 50ms for one to appear.
09-01 23:31:24.747 10239 10239 D RootViewPicker: Root not ready - waiting: 100ms for one to appear.
09-01 23:31:24.845   501   533 I Choreographer: Skipped 44 frames!  The application may be doing too much work on its main thread.
09-01 23:31:24.850 10239 10239 D RootViewPicker: Root not ready - waiting: 200ms for one to appear.
09-01 23:31:24.861   501   537 D ArtManagerInternalImpl: /data/misc/iorapd/com.example.app1/1/com.example.app1.authentication.LoginActivity/compiled_traces/compiled_trace.pb doesn't exist
09-01 23:31:24.874   501   532 D EventSequenceValidator: dec AccIntentStartedEvents to 1
09-01 23:31:24.936   501   537 I ActivityTaskManager: Displayed com.example.app1/.authentication.LoginActivity: +1s323ms
09-01 23:31:25.055 10239 10239 I ViewInteraction: Checking 'MatchesViewAssertion{viewMatcher=(view has effective visibility <VISIBLE> and view.getGlobalVisibleRect() to return non-empty rectangle)}' assertion on view view.getId() is <2131362094/com.example.app1:id/logo>
09-01 23:31:25.174  9137 10436 I PBSessionCacheImpl: Deleted sessionId[40186613039216909] from persistence.
09-01 23:31:25.239   348   583 E IPCThreadState: binder thread pool (1 threads) starved for 366 ms
09-01 23:31:25.337  9137  9220 W SearchServiceCore: Abort, client detached.
09-01 23:31:25.561 10239 10239 I ViewInteraction: Performing 'type text(test@test.com)' action on view should return first matching item
09-01 23:31:25.697 10239 10239 I AssistStructure: Flattened final assist data: 2552 bytes, containing 1 windows, 14 views
09-01 23:31:25.721  1380  1380 I KeyboardViewUtil: KeyboardViewUtil.getKeyboardHeightRatio():128 systemKeyboardHeightRatio:1.000000; userKeyboardHeightRatio:1.000000.
09-01 23:31:25.722  1380  1380 I AndroidIME: AbstractIme.onActivate():84 LatinIme.onActivate() : EditorInfo = Package = com.example.app1 : Type = Email : Learning = Disable : Suggestion = Show : AutoCorrection = Disable : Microphone = DisabledMic : NoPersonalizedLearning = Disable : AutoStartVoiceInput = Disable, IncognitoMode = false
09-01 23:31:25.722  1380  1380 I Delight5Facilitator: Delight5Facilitator.initializeForIme():561 initializeForIme() : Locale = [en_US], layout = qwerty
09-01 23:31:25.727  1380  1380 I VoiceInputManagerWrapper: VoiceInputManagerWrapper.cancelShutdown():55 cancelShutdown()
09-01 23:31:25.727  1380  1380 I VoiceInputManagerWrapper: VoiceInputManagerWrapper.syncLanguagePacks():67 syncLanguagePacks()
09-01 23:31:25.731  1380  1380 I KeyboardWrapper: KeyboardWrapper.consumeEvent():264 Skip consuming an event as current keyboard is deactivated (state=0, keyboard existence=true)
09-01 23:31:25.740  1380  3859 I SpeechFactory: SpeechRecognitionFactory.maybeScheduleAutoPackDownloadForFallback():160 maybeScheduleAutoPackDownloadForFallback()
09-01 23:31:25.741  1380  3859 I FallbackOnDeviceRecognitionProvider: FallbackOnDeviceRecognitionProvider.maybeScheduleAutoPackDownload():197 maybeScheduleAutoPackDownload() for language tag en-US
09-01 23:31:25.791  1380  1380 I KeyboardViewHelper: KeyboardViewHelper.getView():164 Get view with height ratio:1.000000; experiment height ratio:1.000000.
09-01 23:31:25.797  9030  9030 W qei     : Pending fill request while another request in the same session was triggered. [CONTEXT service_id=177 ]
09-01 23:31:25.819  1400  1400 V InlineSuggestionRenderService: handleDestroySuggestionViews called for 0:1593447586
09-01 23:31:25.830  1380  1380 W KeyboardModeManager: KeyboardModeManager.setInputView():302 setInputView() : inputView = com.google.android.apps.inputmethod.libs.framework.core.InputView{c127a55 V.E...... ......ID 0,0-1080,1977}
09-01 23:31:25.831  1380  1380 I ConversationToQueryExtension: ConversationToQueryExtension.isEnabledForHostApp():252 Conv2Query not enabled due to current app [com.example.app1] not in whitelist
09-01 23:31:25.831  1380  1380 I ConversationToQueryExtension: ConversationToQueryExtension.onActivate():162 onActivate() : Disabled by unsupported host app
09-01 23:31:25.831  1380  1380 I CurrentMicStatusHolder: CurrentMicStatusHolder.onStartInputView():79 Current Mic status = {MicIconHidden-EmailInputType,}
09-01 23:31:25.831  1380  1380 I VoiceImeExtension: VoiceImeExtension.shouldStartVoiceInputAutomatically():336 No private IME option set to start voice input.
09-01 23:31:25.859   290  5663 D goldfish-address-space: claimShared: Ask to claim region [0x3f0c06000 0x3f14b7000]
09-01 23:31:25.939   290  5663 D goldfish-address-space: claimShared: Ask to claim region [0x3f14b7000 0x3f1d68000]
09-01 23:31:25.951 10239 10239 D UiControllerImpl: Injecting string: "test@test.com"
09-01 23:31:25.954   290  5663 D goldfish-address-space: claimShared: Ask to claim region [0x3f1d68000 0x3f2619000]
09-01 23:31:26.119  9742  9742 D BoundBrokerSvc: onBind: Intent { act=com.google.android.gms.common.BIND_SHARED_PREFS pkg=com.google.android.gms }
09-01 23:31:26.119  9742  9742 D BoundBrokerSvc: Loading bound service for intent: Intent { act=com.google.android.gms.common.BIND_SHARED_PREFS pkg=com.google.android.gms }
09-01 23:31:26.170   290  5663 D goldfish-address-space: claimShared: Ask to claim region [0x3f6e45000 0x3f76f6000]
09-01 23:31:26.178  9742  9742 D BoundBrokerSvc: onUnbind: Intent { act=com.google.android.gms.common.BIND_SHARED_PREFS pkg=com.google.android.gms }
09-01 23:31:26.225   290  5663 D goldfish-address-space: claimShared: Ask to claim region [0x3f76f6000 0x3f7fa7000]
09-01 23:31:26.254  9742  9742 D BoundBrokerSvc: onBind: Intent { act=com.google.android.gms.common.BIND_SHARED_PREFS pkg=com.google.android.gms }
09-01 23:31:26.254  9742  9742 D BoundBrokerSvc: Loading bound service for intent: Intent { act=com.google.android.gms.common.BIND_SHARED_PREFS pkg=com.google.android.gms }
09-01 23:31:26.294   290  5663 D goldfish-address-space: claimShared: Ask to claim region [0x3f2619000 0x3f2eca000]
09-01 23:31:26.316  9742  9742 D BoundBrokerSvc: onUnbind: Intent { act=com.google.android.gms.common.BIND_SHARED_PREFS pkg=com.google.android.gms }
09-01 23:31:26.358  1380  1380 W InputContextProxy: InputContextProxy.applyClientDiffInternal():832 Ignore [FetchSuggestions] diff due to stale request: 318<322, inputStateId=257, lastInputStateId=260
09-01 23:31:26.442  1380  2546 I native  : input-context-store.cc:173 Ignoring stale client request for FetchSuggestions
09-01 23:31:26.450  1380  1380 E InputContextLock: InputContextLock.maybeTrackAcquireLockTime():29 Acquire InputContextLock takes 5 ms, mainThreadForSure=true.
09-01 23:31:26.450  1380  1380 W InputContextProxy: InputContextProxy.applyClientDiffInternal():832 Ignore [FetchSuggestions] diff due to stale request: 321<322, inputStateId=260, lastInputStateId=260
09-01 23:31:26.570  1380  2546 I native  : input-context-store.cc:173 Ignoring stale client request for FetchSuggestions
09-01 23:31:26.591  1380  1380 W InputContextProxy: InputContextProxy.applyClientDiffInternal():832 Ignore [FetchSuggestions] diff due to stale request: 325<328, inputStateId=262, lastInputStateId=262
09-01 23:31:26.723  1380  2546 E InputContextLock: InputContextLock.maybeTrackAcquireLockTime():29 Acquire InputContextLock takes 6 ms, mainThreadForSure=false.
09-01 23:31:26.757  1380  1380 W InputContextProxy: InputContextProxy.applyClientDiffInternal():832 Ignore [FetchSuggestions] diff due to stale request: 329<331, inputStateId=264, lastInputStateId=265
09-01 23:31:27.191 10239 10239 I ViewInteraction: Performing 'type text(Test1#)' action on view should return first matching item
09-01 23:31:27.261  1380  1380 W TooltipLifecycleManager: TooltipLifecycleManager.dismissTooltip():130 dismissTooltip(): tooltip with id inline_suggestion_tooltip not found in tooltipManager.
09-01 23:31:27.262  1380  1380 W TooltipLifecycleManager: TooltipLifecycleManager.dismissTooltip():130 dismissTooltip(): tooltip with id inline_suggestion_tooltip not found in tooltipManager.
09-01 23:31:27.266  1380  1380 I KeyboardWrapper: KeyboardWrapper.consumeEvent():264 Skip consuming an event as current keyboard is deactivated (state=0, keyboard existence=true)
09-01 23:31:27.266  1380  1380 I VoiceInputManagerWrapper: VoiceInputManagerWrapper.shutdown():77 shutdown()
09-01 23:31:27.267  1380  1380 I AndroidIME: AbstractIme.onDeactivate():161 LatinIme.onDeactivate()
09-01 23:31:27.292 10239 10239 W IInputConnectionWrapper: beginBatchEdit on inactive InputConnection
09-01 23:31:27.293 10239 10239 W IInputConnectionWrapper: endBatchEdit on inactive InputConnection
09-01 23:31:27.361  1380  1380 I KeyboardViewUtil: KeyboardViewUtil.getKeyboardHeightRatio():128 systemKeyboardHeightRatio:1.000000; userKeyboardHeightRatio:1.000000.
09-01 23:31:27.366  1380  1380 I AndroidIME: AbstractIme.onActivate():84 PasswordIme.onActivate() : EditorInfo = Package = com.example.app1 : Type = Password : Learning = Disable : Suggestion = Hide : AutoCorrection = Disable : Microphone = Hide : NoPersonalizedLearning = Disable : AutoStartVoiceInput = Disable, IncognitoMode = false
09-01 23:31:27.373  1380  1380 I KeyboardViewHelper: KeyboardViewHelper.getView():164 Get view with height ratio:1.000000; experiment height ratio:1.000000.
09-01 23:31:27.404  1380  1380 W TooltipLifecycleManager: TooltipLifecycleManager.dismissTooltip():130 dismissTooltip(): tooltip with id inline_suggestion_tooltip not found in tooltipManager.
09-01 23:31:27.411  1380  1380 W KeyboardModeManager: KeyboardModeManager.setInputView():302 setInputView() : inputView = com.google.android.apps.inputmethod.libs.framework.core.InputView{c127a55 V.E...... ......ID 0,0-1080,1977}
09-01 23:31:27.412  1380  1380 I ConversationToQueryExtension: ConversationToQueryExtension.isEnabledForHostApp():252 Conv2Query not enabled due to current app [com.example.app1] not in whitelist
09-01 23:31:27.414  1380  1380 I ConversationToQueryExtension: ConversationToQueryExtension.onActivate():162 onActivate() : Disabled by unsupported host app
09-01 23:31:27.422  1380  1380 I CurrentMicStatusHolder: CurrentMicStatusHolder.onStartInputView():79 Current Mic status = {MicIconHidden-PasswordOrNumberOrDateInputType,}
09-01 23:31:27.426  1380  1380 I VoiceImeExtension: VoiceImeExtension.shouldStartVoiceInputAutomatically():336 No private IME option set to start voice input.
09-01 23:31:27.449  9742  9742 D BoundBrokerSvc: onBind: Intent { act=com.google.android.gms.common.BIND_SHARED_PREFS pkg=com.google.android.gms }
09-01 23:31:27.449  9742  9742 D BoundBrokerSvc: Loading bound service for intent: Intent { act=com.google.android.gms.common.BIND_SHARED_PREFS pkg=com.google.android.gms }
09-01 23:31:27.522  9742  9742 D BoundBrokerSvc: onUnbind: Intent { act=com.google.android.gms.common.BIND_SHARED_PREFS pkg=com.google.android.gms }
09-01 23:31:27.539  9742  9742 D BoundBrokerSvc: onBind: Intent { act=com.google.android.gms.common.BIND_SHARED_PREFS pkg=com.google.android.gms }
09-01 23:31:27.539  9742  9742 D BoundBrokerSvc: Loading bound service for intent: Intent { act=com.google.android.gms.common.BIND_SHARED_PREFS pkg=com.google.android.gms }
09-01 23:31:27.545 10239 10239 D UiControllerImpl: Injecting string: "Test1#"
09-01 23:31:27.573  9742  9742 D BoundBrokerSvc: onUnbind: Intent { act=com.google.android.gms.common.BIND_SHARED_PREFS pkg=com.google.android.gms }
09-01 23:31:28.065 10239 10239 I ViewInteraction: Performing 'close keyboard' action on view view.getId() is <2131362250/com.example.app1:id/sign_in>
09-01 23:31:28.088  1380  1380 I AndroidIME: AbstractIme.onDeactivate():161 PasswordIme.onDeactivate()
09-01 23:31:28.453 10239 10239 I ViewInteraction: Performing 'single click' action on view view.getId() is <2131362250/com.example.app1:id/sign_in>
09-01 23:31:28.554   338   338 I perfetto: probes_producer.cc:329  Producer stop (id=26)
09-01 23:31:28.560   338   338 I perfetto: ftrace_procfs.cc:183    disabled ftrace
09-01 23:31:28.562   339   339 I perfetto: ng_service_impl.cc:1948 Tracing session 26 ended, total sessions:0
09-01 23:31:28.601   501   532 D EventSequenceValidator: inc AccIntentStartedEvents to 2
09-01 23:31:28.606   501  1975 I system_server: oneway function results will be dropped but finished with status OK and parcel size 4
09-01 23:31:28.606   501  1975 I system_server: oneway function results will be dropped but finished with status OK and parcel size 4
09-01 23:31:28.609   339   339 I perfetto: ing_service_impl.cc:758 Configured tracing session 27, #sources:1, duration:5000 ms, #buffers:1, total buffer size:4096 KB, total sessions:1, uid:1071 session name: ""
09-01 23:31:28.633   501   532 D EventSequenceValidator: dec AccIntentStartedEvents to 1
09-01 23:31:28.671 10239 10239 D LifecycleMonitor: Lifecycle status change: com.example.app1.authentication.LoginActivity@3b85935 in: PAUSED
09-01 23:31:28.685   501   528 W InputReader: Device virtio_input_multi_touch_9 is associated with display ADISPLAY_ID_NONE.
09-01 23:31:28.685   501   528 W InputReader: Device virtio_input_multi_touch_6 is associated with display ADISPLAY_ID_NONE.
09-01 23:31:28.685   501   528 W InputReader: Device virtio_input_multi_touch_3 is associated with display ADISPLAY_ID_NONE.
09-01 23:31:28.685   501   528 W InputReader: Device virtio_input_multi_touch_7 is associated with display ADISPLAY_ID_NONE.
09-01 23:31:28.685   501   528 W InputReader: Device virtio_input_multi_touch_8 is associated with display ADISPLAY_ID_NONE.
09-01 23:31:28.685   501   528 W InputReader: Device virtio_input_multi_touch_10 is associated with display ADISPLAY_ID_NONE.
09-01 23:31:28.685   501   528 W InputReader: Device virtio_input_multi_touch_4 is associated with display ADISPLAY_ID_NONE.
09-01 23:31:28.685   501   528 W InputReader: Device virtio_input_multi_touch_11 is associated with display ADISPLAY_ID_NONE.
09-01 23:31:28.685   501   528 W InputReader: Device virtio_input_multi_touch_5 is associated with display ADISPLAY_ID_NONE.
09-01 23:31:28.685   501   528 W InputReader: Device virtio_input_multi_touch_2 is associated with display ADISPLAY_ID_NONE.
09-01 23:31:28.686   501   528 W InputReader: Device virtio_input_multi_touch_9 is associated with display ADISPLAY_ID_NONE.
09-01 23:31:28.686   501   528 W InputReader: Device virtio_input_multi_touch_6 is associated with display ADISPLAY_ID_NONE.
09-01 23:31:28.686   501   528 W InputReader: Device virtio_input_multi_touch_3 is associated with display ADISPLAY_ID_NONE.
09-01 23:31:28.686   501   528 W InputReader: Device virtio_input_multi_touch_7 is associated with display ADISPLAY_ID_NONE.
09-01 23:31:28.686   501   528 W InputReader: Device virtio_input_multi_touch_8 is associated with display ADISPLAY_ID_NONE.
09-01 23:31:28.686   501   528 W InputReader: Device virtio_input_multi_touch_10 is associated with display ADISPLAY_ID_NONE.
09-01 23:31:28.686   501   528 W InputReader: Device virtio_input_multi_touch_4 is associated with display ADISPLAY_ID_NONE.
09-01 23:31:28.686   501   528 W InputReader: Device virtio_input_multi_touch_11 is associated with display ADISPLAY_ID_NONE.
09-01 23:31:28.686   501   528 W InputReader: Device virtio_input_multi_touch_5 is associated with display ADISPLAY_ID_NONE.
09-01 23:31:28.686   501   528 W InputReader: Device virtio_input_multi_touch_2 is associated with display ADISPLAY_ID_NONE.
09-01 23:31:28.778   312   466 D AudioFlinger: mixer(0xe8438030) throttle end: throttle time(2)
09-01 23:31:28.817   501   528 I system_server: oneway function results will be dropped but finished with status OK and parcel size 4
09-01 23:31:28.828 10239 10239 D LifecycleMonitor: Lifecycle status change: com.example.app1.authentication.SimpleSignInActivity@97ae0a5 in: PRE_ON_CREATE
09-01 23:31:28.837   338   338 I perfetto: probes_producer.cc:230  Ftrace setup (target_buf=27)
09-01 23:31:28.851 10239 10431 W System  : Ignoring header X-Firebase-Locale because its value was null.
09-01 23:31:28.916 10239 10239 D LifecycleMonitor: Lifecycle status change: com.example.app1.authentication.SimpleSignInActivity@97ae0a5 in: CREATED
09-01 23:31:28.924 10239 10239 D LifecycleMonitor: Lifecycle status change: com.example.app1.authentication.SimpleSignInActivity@97ae0a5 in: STARTED
09-01 23:31:28.941 10239 10239 D LifecycleMonitor: Lifecycle status change: com.example.app1.authentication.SimpleSignInActivity@97ae0a5 in: RESUMED
09-01 23:31:28.956   338   338 I perfetto: ftrace_procfs.cc:176    enabled ftrace
09-01 23:31:28.978   290  5663 D goldfish-address-space: claimShared: Ask to claim region [0x3f0c06000 0x3f156b000]
09-01 23:31:29.017   290  5663 D goldfish-address-space: claimShared: Ask to claim region [0x3f156b000 0x3f1ed0000]
09-01 23:31:29.036   290  5663 D goldfish-address-space: claimShared: Ask to claim region [0x3f4000000 0x3f4965000]
09-01 23:31:29.043   501   537 I ActivityTaskManager: Displayed com.example.app1/.authentication.SimpleSignInActivity: +441ms
09-01 23:31:29.112   290  5663 D goldfish-address-space: claimShared: Ask to claim region [0x3f4000000 0x3f4965000]
09-01 23:31:29.143   290  5663 D goldfish-address-space: claimShared: Ask to claim region [0x3f4965000 0x3f52ca000]
09-01 23:31:29.219   290  5663 D goldfish-address-space: claimShared: Ask to claim region [0x3f0c06000 0x3f156b000]
09-01 23:31:29.434 10239 10431 W System  : Ignoring header X-Firebase-Locale because its value was null.
09-01 23:31:29.805 10239 10431 D FirebaseAuth: Notifying id token listeners about user ( jUMwGPPUP5g7wH0TmJQZzg6pvJt1 ).
09-01 23:31:29.806 10239 10431 D FirebaseAuth: Notifying auth state listeners about user ( jUMwGPPUP5g7wH0TmJQZzg6pvJt1 ).
09-01 23:31:29.809   290  5663 D goldfish-address-space: claimShared: Ask to claim region [0x3f2eca000 0x3f34cd000]
09-01 23:31:29.840   501   532 D EventSequenceValidator: inc AccIntentStartedEvents to 2
09-01 23:31:29.841   501  4011 D HostConnection: HostConnection::get() New Host Connection established 0xb0ed2450, tid 4011
09-01 23:31:29.857   501  4011 D HostConnection: HostComposition ext ANDROID_EMU_CHECKSUM_HELPER_v1 ANDROID_EMU_native_sync_v2 ANDROID_EMU_native_sync_v3 ANDROID_EMU_native_sync_v4 ANDROID_EMU_dma_v1 ANDROID_EMU_direct_mem ANDROID_EMU_host_composition_v1 ANDROID_EMU_host_composition_v2 ANDROID_EMU_vulkan ANDROID_EMU_deferred_vulkan_commands ANDROID_EMU_vulkan_null_optional_strings ANDROID_EMU_vulkan_create_resources_with_requirements ANDROID_EMU_YUV_Cache ANDROID_EMU_vulkan_ignored_handles ANDROID_EMU_has_shared_slots_host_memory_allocator ANDROID_EMU_vulkan_free_memory_sync ANDROID_EMU_vulkan_shader_float16_int8 ANDROID_EMU_vulkan_async_queue_submit ANDROID_EMU_sync_buffer_data ANDROID_EMU_read_color_buffer_dma GL_OES_EGL_image_external_essl3 GL_OES_vertex_array_object GL_KHR_texture_compression_astc_ldr ANDROID_EMU_host_side_tracing ANDROID_EMU_gles_max_version_3_0
09-01 23:31:29.861 10239 10239 D LifecycleMonitor: Lifecycle status change: com.example.app1.authentication.SimpleSignInActivity@97ae0a5 in: PAUSED
09-01 23:31:29.862   501  4011 W OpenGLRenderer: Failed to choose config with EGL_SWAP_BEHAVIOR_PRESERVED, retrying without...
09-01 23:31:29.866   501  4011 D EGL_emulation: eglCreateContext: 0xf32f90b0: maj 3 min 0 rcv 3
09-01 23:31:29.877   501   532 D EventSequenceValidator: dec AccIntentStartedEvents to 1
09-01 23:31:29.881   501  2172 W InputReader: Device virtio_input_multi_touch_9 is associated with display ADISPLAY_ID_NONE.
09-01 23:31:29.881   501  2172 W InputReader: Device virtio_input_multi_touch_6 is associated with display ADISPLAY_ID_NONE.
09-01 23:31:29.881   501  2172 W InputReader: Device virtio_input_multi_touch_3 is associated with display ADISPLAY_ID_NONE.
09-01 23:31:29.881   501  2172 W InputReader: Device virtio_input_multi_touch_7 is associated with display ADISPLAY_ID_NONE.
09-01 23:31:29.881   501  2172 W InputReader: Device virtio_input_multi_touch_8 is associated with display ADISPLAY_ID_NONE.
09-01 23:31:29.881   501  2172 W InputReader: Device virtio_input_multi_touch_10 is associated with display ADISPLAY_ID_NONE.
09-01 23:31:29.881   501  2172 W InputReader: Device virtio_input_multi_touch_4 is associated with display ADISPLAY_ID_NONE.
09-01 23:31:29.893   501  2172 W InputReader: Device virtio_input_multi_touch_11 is associated with display ADISPLAY_ID_NONE.
09-01 23:31:29.893   501  2172 W InputReader: Device virtio_input_multi_touch_5 is associated with display ADISPLAY_ID_NONE.
09-01 23:31:29.893   501  2172 W InputReader: Device virtio_input_multi_touch_2 is associated with display ADISPLAY_ID_NONE.
09-01 23:31:29.893   501  4011 D EGL_emulation: eglMakeCurrent: 0xf32f90b0: ver 3 0 (tinfo 0xbac6f8f0) (first time)
09-01 23:31:29.893   501  2172 W InputReader: Device virtio_input_multi_touch_9 is associated with display ADISPLAY_ID_NONE.
09-01 23:31:29.893   501  2172 W InputReader: Device virtio_input_multi_touch_6 is associated with display ADISPLAY_ID_NONE.
09-01 23:31:29.894   501  2172 W InputReader: Device virtio_input_multi_touch_3 is associated with display ADISPLAY_ID_NONE.
09-01 23:31:29.894   501  2172 W InputReader: Device virtio_input_multi_touch_7 is associated with display ADISPLAY_ID_NONE.
09-01 23:31:29.894   501  2172 W InputReader: Device virtio_input_multi_touch_8 is associated with display ADISPLAY_ID_NONE.
09-01 23:31:29.894   501  2172 W InputReader: Device virtio_input_multi_touch_10 is associated with display ADISPLAY_ID_NONE.
09-01 23:31:29.894   501  2172 W InputReader: Device virtio_input_multi_touch_4 is associated with display ADISPLAY_ID_NONE.
09-01 23:31:29.894   501  2172 W InputReader: Device virtio_input_multi_touch_11 is associated with display ADISPLAY_ID_NONE.
09-01 23:31:29.894   501  2172 W InputReader: Device virtio_input_multi_touch_5 is associated with display ADISPLAY_ID_NONE.
09-01 23:31:29.894   501  2172 W InputReader: Device virtio_input_multi_touch_2 is associated with display ADISPLAY_ID_NONE.
09-01 23:31:29.912 10239 10239 D LifecycleMonitor: Lifecycle status change: com.example.app1.MainActivity@1dc62ad in: PRE_ON_CREATE
09-01 23:31:29.965   290  5663 D goldfish-address-space: claimShared: Ask to claim region [0x3f3d7e000 0x3f3db7000]
09-01 23:31:29.968   290   290 D goldfish-address-space: claimShared: Ask to claim region [0x3f3db7000 0x3f3df0000]
09-01 23:31:29.970   290   290 D goldfish-address-space: claimShared: Ask to claim region [0x3f3df0000 0x3f3e29000]
09-01 23:31:30.109 10239 10239 D LifecycleMonitor: Lifecycle status change: com.example.app1.MainActivity@1dc62ad in: CREATED
09-01 23:31:30.119 10239 10239 D LifecycleMonitor: Lifecycle status change: com.example.app1.MainActivity@1dc62ad in: STARTED
09-01 23:31:30.120 10239 10239 D LifecycleMonitor: Lifecycle status change: com.example.app1.MainActivity@1dc62ad in: RESUMED
09-01 23:31:30.153   290   290 D goldfish-address-space: claimShared: Ask to claim region [0x3f156b000 0x3f1ed0000]
09-01 23:31:30.177 10239 10239 E RecyclerView: No adapter attached; skipping layout
09-01 23:31:30.202   290   290 D goldfish-address-space: claimShared: Ask to claim region [0x3f52ca000 0x3f5c2f000]
09-01 23:31:30.240   290   290 D goldfish-address-space: claimShared: Ask to claim region [0x3f5c2f000 0x3f6594000]
09-01 23:31:30.393   501   537 I ActivityTaskManager: Displayed com.example.app1/.MainActivity: +538ms
09-01 23:31:30.943   705   719 I ndroid.systemu: NativeAlloc concurrent copying GC freed 6117(337KB) AllocSpace objects, 0(0B) LOS objects, 49% free, 7492KB/14MB, paused 43us total 1.115s
09-01 23:31:31.201   907   914 I s.nexuslaunche: NativeAlloc concurrent copying GC freed 6525(350KB) AllocSpace objects, 0(0B) LOS objects, 49% free, 3760KB/7520KB, paused 59us total 1.372s
09-01 23:31:31.206   907   916 W System  : A resource failed to call release.
09-01 23:31:31.206   907   916 I chatty  : uid=10136(com.google.android.apps.nexuslauncher) FinalizerDaemon identical 1 line
09-01 23:31:31.206   907   916 W System  : A resource failed to call release.
09-01 23:31:31.338 10239 10239 D LifecycleMonitor: Lifecycle status change: com.example.app1.authentication.LoginActivity@3b85935 in: STOPPED
09-01 23:31:31.412 10239 10239 D LifecycleMonitor: Lifecycle status change: com.example.app1.authentication.SimpleSignInActivity@97ae0a5 in: STOPPED
09-01 23:31:31.426 10239 10239 D LifecycleMonitor: Lifecycle status change: com.example.app1.authentication.SimpleSignInActivity@97ae0a5 in: DESTROYED
09-01 23:31:31.461 10239 10351 W SyncTree: Listen at /users/jUMwGPPUP5g7wH0TmJQZzg6pvJt1/topics failed: DatabaseError: Permission denied
09-01 23:31:31.526 10239 10239 W ERROR UPDATING DATA: Failed to read value.
09-01 23:31:31.526 10239 10239 W ERROR UPDATING DATA: com.google.firebase.database.DatabaseException: Firebase Database error: Permission denied
09-01 23:31:31.526 10239 10239 W ERROR UPDATING DATA: 	at com.google.firebase.database.DatabaseError.toException(DatabaseError.java:230)
09-01 23:31:31.526 10239 10239 W ERROR UPDATING DATA: 	at com.example.app1.MainActivity$onCreate$3.onCancelled(MainActivity.kt:107)
09-01 23:31:31.526 10239 10239 W ERROR UPDATING DATA: 	at com.google.firebase.database.core.ValueEventRegistration.fireCancelEvent(ValueEventRegistration.java:80)
09-01 23:31:31.526 10239 10239 W ERROR UPDATING DATA: 	at com.google.firebase.database.core.view.CancelEvent.fire(CancelEvent.java:40)
09-01 23:31:31.526 10239 10239 W ERROR UPDATING DATA: 	at com.google.firebase.database.core.view.EventRaiser$1.run(EventRaiser.java:55)
09-01 23:31:31.526 10239 10239 W ERROR UPDATING DATA: 	at android.os.Handler.handleCallback(Handler.java:938)
09-01 23:31:31.526 10239 10239 W ERROR UPDATING DATA: 	at android.os.Handler.dispatchMessage(Handler.java:99)
09-01 23:31:31.526 10239 10239 W ERROR UPDATING DATA: 	at android.os.Looper.loop(Looper.java:223)
09-01 23:31:31.526 10239 10239 W ERROR UPDATING DATA: 	at android.app.ActivityThread.main(ActivityThread.java:7656)
09-01 23:31:31.526 10239 10239 W ERROR UPDATING DATA: 	at java.lang.reflect.Method.invoke(Native Method)
09-01 23:31:31.526 10239 10239 W ERROR UPDATING DATA: 	at com.android.internal.os.RuntimeInit$MethodAndArgsCaller.run(RuntimeInit.java:592)
09-01 23:31:31.526 10239 10239 W ERROR UPDATING DATA: 	at com.android.internal.os.ZygoteInit.main(ZygoteInit.java:947)
09-01 23:31:31.726   501  1975 I system_server: oneway function results will be dropped but finished with status OK and parcel size 4
09-01 23:31:32.294 10239 10251 I om.example.app: Background concurrent copying GC freed 148305(7536KB) AllocSpace objects, 82(3792KB) LOS objects, 49% free, 11MB/23MB, paused 70us total 774.388ms
09-01 23:31:32.892 10239 10253 W System  : A resource failed to call release.
09-01 23:31:33.074 10239 10253 W System  : A resource failed to call dispose.
09-01 23:31:33.142 10239 10253 W System  : A resource failed to call release.
09-01 23:31:33.611 10239 10253 W System  : A resource failed to call dispose.
09-01 23:31:33.611   338   338 I perfetto: probes_producer.cc:329  Producer stop (id=27)
09-01 23:31:33.617   339   339 I perfetto: ng_service_impl.cc:1948 Tracing session 27 ended, total sessions:0
09-01 23:31:33.617   338   338 I perfetto: ftrace_procfs.cc:183    disabled ftrace
09-01 23:31:33.951 10239 10356 W System.err: java.io.FileNotFoundException: https://st.ilfattoquotidiano.it/wp-content/themes/ifq-2019/assets/img/ifq-logo-squared.png
09-01 23:31:33.952 10239 10356 W System.err: 	at com.android.okhttp.internal.huc.HttpURLConnectionImpl.getInputStream(HttpURLConnectionImpl.java:255)
09-01 23:31:33.952 10239 10356 W System.err: 	at com.android.okhttp.internal.huc.DelegatingHttpsURLConnection.getInputStream(DelegatingHttpsURLConnection.java:211)
09-01 23:31:33.952 10239 10356 W System.err: 	at com.android.okhttp.internal.huc.HttpsURLConnectionImpl.getInputStream(HttpsURLConnectionImpl.java:30)
09-01 23:31:33.952 10239 10356 W System.err: 	at com.example.app1.CustomFeeder.getIcon(CustomFeeder.kt:173)
09-01 23:31:33.952 10239 10356 W System.err: 	at com.example.app1.CustomFeeder$setFeed$1.invokeSuspend(CustomFeeder.kt:112)
09-01 23:31:33.952 10239 10356 W System.err: 	at kotlin.coroutines.jvm.internal.BaseContinuationImpl.resumeWith(ContinuationImpl.kt:33)
09-01 23:31:33.952 10239 10356 W System.err: 	at kotlinx.coroutines.DispatchedTask.run(DispatchedTask.kt:106)
09-01 23:31:33.952 10239 10356 W System.err: 	at kotlinx.coroutines.internal.LimitedDispatcher.run(LimitedDispatcher.kt:42)
09-01 23:31:33.952 10239 10356 W System.err: 	at kotlinx.coroutines.scheduling.TaskImpl.run(Tasks.kt:95)
09-01 23:31:33.952 10239 10356 W System.err: 	at kotlinx.coroutines.scheduling.CoroutineScheduler.runSafely(CoroutineScheduler.kt:570)
09-01 23:31:33.952 10239 10356 W System.err: 	at kotlinx.coroutines.scheduling.CoroutineScheduler$Worker.executeTask(CoroutineScheduler.kt:749)
09-01 23:31:33.952 10239 10356 W System.err: 	at kotlinx.coroutines.scheduling.CoroutineScheduler$Worker.runWorker(CoroutineScheduler.kt:677)
09-01 23:31:33.952 10239 10356 W System.err: 	at kotlinx.coroutines.scheduling.CoroutineScheduler$Worker.run(CoroutineScheduler.kt:664)
09-01 23:31:34.562 10239 10251 I om.example.app: Background young concurrent copying GC freed 66264(2766KB) AllocSpace objects, 51(9464KB) LOS objects, 23% free, 17MB/23MB, paused 8.564ms total 231.273ms
09-01 23:31:34.577 10239 10253 W System  : A resource failed to call end.
09-01 23:31:35.185  9137  9220 I WorkerManager: dispose()
09-01 23:31:35.186  9137  9220 W ThreadPoolDumper: Queue length for executor EventBus is now 11. Perhaps some tasks are too long, or the pool is too small.
09-01 23:31:35.526 10239 10251 I om.example.app: Background concurrent copying GC freed 106511(5709KB) AllocSpace objects, 52(8836KB) LOS objects, 49% free, 9316KB/18MB, paused 2.115ms total 217.806ms
09-01 23:31:35.666 10239 10253 W System  : A resource failed to call end.
09-01 23:31:35.667 10239 10253 W System  : A resource failed to call end.
09-01 23:31:36.872 10239 10356 W System.err: java.io.FileNotFoundException: https://api-msfnews.mediaset.net/tgcom24/redirect/27493679
09-01 23:31:36.872 10239 10356 W System.err: 	at com.android.okhttp.internal.huc.HttpURLConnectionImpl.getInputStream(HttpURLConnectionImpl.java:255)
09-01 23:31:36.872 10239 10356 W System.err: 	at com.android.okhttp.internal.huc.DelegatingHttpsURLConnection.getInputStream(DelegatingHttpsURLConnection.java:211)
09-01 23:31:36.872 10239 10356 W System.err: 	at com.android.okhttp.internal.huc.HttpsURLConnectionImpl.getInputStream(HttpsURLConnectionImpl.java:30)
09-01 23:31:36.872 10239 10356 W System.err: 	at java.net.URL.openStream(URL.java:1072)
09-01 23:31:36.872 10239 10356 W System.err: 	at kotlin.io.TextStreamsKt.readBytes(ReadWrite.kt:150)
09-01 23:31:36.872 10239 10356 W System.err: 	at com.example.app1.CustomFeeder.getIcon(CustomFeeder.kt:148)
09-01 23:31:36.872 10239 10356 W System.err: 	at com.example.app1.CustomFeeder$setFeed$1.invokeSuspend(CustomFeeder.kt:112)
09-01 23:31:36.872 10239 10356 W System.err: 	at kotlin.coroutines.jvm.internal.BaseContinuationImpl.resumeWith(ContinuationImpl.kt:33)
09-01 23:31:36.872 10239 10356 W System.err: 	at kotlinx.coroutines.DispatchedTask.run(DispatchedTask.kt:106)
09-01 23:31:36.872 10239 10356 W System.err: 	at kotlinx.coroutines.internal.LimitedDispatcher.run(LimitedDispatcher.kt:42)
09-01 23:31:36.872 10239 10356 W System.err: 	at kotlinx.coroutines.scheduling.TaskImpl.run(Tasks.kt:95)
09-01 23:31:36.872 10239 10356 W System.err: 	at kotlinx.coroutines.scheduling.CoroutineScheduler.runSafely(CoroutineScheduler.kt:570)
09-01 23:31:36.873 10239 10356 W System.err: 	at kotlinx.coroutines.scheduling.CoroutineScheduler$Worker.executeTask(CoroutineScheduler.kt:749)
09-01 23:31:36.873 10239 10356 W System.err: 	at kotlinx.coroutines.scheduling.CoroutineScheduler$Worker.runWorker(CoroutineScheduler.kt:677)
09-01 23:31:36.873 10239 10356 W System.err: 	at kotlinx.coroutines.scheduling.CoroutineScheduler$Worker.run(CoroutineScheduler.kt:664)
09-01 23:31:37.767 10239 10251 I om.example.app: Background young concurrent copying GC freed 77465(3049KB) AllocSpace objects, 37(4988KB) LOS objects, 45% free, 10222KB/18MB, paused 53us total 155.575ms
09-01 23:31:37.769 10239 10253 W System  : A resource failed to call end.
09-01 23:31:39.494 10239 10251 I om.example.app: Background concurrent copying GC freed 88620(3343KB) AllocSpace objects, 69(6772KB) LOS objects, 49% free, 10MB/21MB, paused 146us total 525.156ms
09-01 23:31:40.669 10239 10251 I om.example.app: Background young concurrent copying GC freed 49096(1955KB) AllocSpace objects, 48(9248KB) LOS objects, 40% free, 12MB/21MB, paused 269us total 314.263ms
09-01 23:31:41.094  9742  9742 D BoundBrokerSvc: onUnbind: Intent { act=com.google.android.mdd.service.START dat=chimera-action:com.google.android.mdd.service.START cmp=com.google.android.gms/.chimera.GmsBoundBrokerService }
09-01 23:31:41.645  9742  9742 D BoundBrokerSvc: onUnbind: Intent { act=com.google.android.gms.measurement.START pkg=com.google.android.gms }
09-01 23:31:42.541  9742  9742 D BoundBrokerSvc: onUnbind: Intent { act=com.google.firebase.dynamiclinks.service.START pkg=com.google.android.gms }
09-01 23:31:43.805 10239 10356 W System.err: org.xmlpull.v1.XmlPullParserException: name expected (position:START_TAG <a.length>@48:85 in java.io.InputStreamReader@297f1c1)
09-01 23:31:43.805 10239 10356 W System.err: 	at com.android.org.kxml2.io.KXmlParser.checkRelaxed(KXmlParser.java:305)
09-01 23:31:43.805 10239 10356 W System.err: 	at com.android.org.kxml2.io.KXmlParser.readName(KXmlParser.java:1548)
09-01 23:31:43.805 10239 10356 W System.err: 	at com.android.org.kxml2.io.KXmlParser.parseStartTag(KXmlParser.java:1091)
09-01 23:31:43.805 10239 10356 W System.err: 	at com.android.org.kxml2.io.KXmlParser.next(KXmlParser.java:372)
09-01 23:31:43.805 10239 10356 W System.err: 	at com.android.org.kxml2.io.KXmlParser.next(KXmlParser.java:313)
09-01 23:31:43.805 10239 10356 W System.err: 	at tw.ktrssreader.parser.AndroidParserBase.skip(AndroidParserBase.kt:145)
09-01 23:31:43.805 10239 10356 W System.err: 	at tw.ktrssreader.parser.AndroidParserBase.access$skip(AndroidParserBase.kt:69)
09-01 23:31:43.805 10239 10356 W System.err: 	at tw.ktrssreader.parser.AndroidParserBase.parseStandardChannel(AndroidParserBase.kt:466)
09-01 23:31:43.805 10239 10356 W System.err: 	at tw.ktrssreader.parser.AndroidRssStandardParser.parse(AndroidRssStandardParser.kt:27)
09-01 23:31:43.805 10239 10356 W System.err: 	at tw.ktrssreader.parser.AndroidRssStandardParser.parse(AndroidRssStandardParser.kt:22)
09-01 23:31:43.805 10239 10356 W System.err: 	at com.example.app1.CustomFeeder$setFeed$1.invokeSuspend(CustomFeeder.kt:255)
09-01 23:31:43.806 10239 10356 W System.err: 	at kotlin.coroutines.jvm.internal.BaseContinuationImpl.resumeWith(ContinuationImpl.kt:33)
09-01 23:31:43.806 10239 10356 W System.err: 	at kotlinx.coroutines.DispatchedTask.run(DispatchedTask.kt:106)
09-01 23:31:43.806 10239 10356 W System.err: 	at kotlinx.coroutines.internal.LimitedDispatcher.run(LimitedDispatcher.kt:42)
09-01 23:31:43.806 10239 10356 W System.err: 	at kotlinx.coroutines.scheduling.TaskImpl.run(Tasks.kt:95)
09-01 23:31:43.826 10239 10356 W System.err: 	at kotlinx.coroutines.scheduling.CoroutineScheduler.runSafely(CoroutineScheduler.kt:570)
09-01 23:31:43.841 10239 10356 W System.err: 	at kotlinx.coroutines.scheduling.CoroutineScheduler$Worker.executeTask(CoroutineScheduler.kt:749)
09-01 23:31:43.841 10239 10356 W System.err: 	at kotlinx.coroutines.scheduling.CoroutineScheduler$Worker.runWorker(CoroutineScheduler.kt:677)
09-01 23:31:43.841 10239 10356 W System.err: 	at kotlinx.coroutines.scheduling.CoroutineScheduler$Worker.run(CoroutineScheduler.kt:664)
09-01 23:31:45.077 10239 10251 I om.example.app: Background concurrent copying GC freed 76114(3864KB) AllocSpace objects, 111(8968KB) LOS objects, 49% free, 9567KB/18MB, paused 371us total 560.969ms
09-01 23:31:45.150 10239 10253 W System  : A resource failed to call end.
09-01 23:31:45.151 10239 10253 W System  : A resource failed to call end.
09-01 23:31:47.296  1380  1459 I VoiceInputManagerWrapper: VoiceInputManagerWrapper.shutdownVoiceInternal():95 shutdownVoiceInternal()
09-01 23:31:59.522   411   411 E wifi_forwarder: qemu_pipe_open_ns:62: Could not connect to the 'pipe:qemud:wififorward' service: Invalid argument
09-01 23:31:59.522   411   411 E wifi_forwarder: RemoteConnection failed to initialize: RemoteConnection failed to open pipe
09-01 23:31:59.697   409   409 E netmgr  : qemu_pipe_open_ns:62: Could not connect to the 'pipe:qemud:network' service: Invalid argument
09-01 23:31:59.697   409   409 E netmgr  : Failed to open QEMU pipe 'qemud:network': Invalid argument
09-01 23:32:03.516  9742  9804 I PhenotypeProcessReaper: Memory state is: 400
09-01 23:32:03.516  9742  9804 I PhenotypeProcessReaper: Killing process to refresh experiment configuration
09-01 23:32:03.516  9742  9804 I Process : Sending signal. PID: 9742 SIG: 9
09-01 23:32:03.617   277   277 I Zygote  : Process 9742 exited due to signal 9 (Killed)
09-01 23:32:03.621   501   540 I libprocessgroup: Successfully killed process cgroup uid 10108 pid 9742 in 0ms
09-01 23:32:03.715  9646  9673 W ProcessReaper: Memory state is: 400
09-01 23:32:03.715  9646  9673 W ProcessReaper: Killing process to refresh configuration
09-01 23:32:03.716  9646  9673 I Process : Sending signal. PID: 9646 SIG: 9
09-01 23:32:03.739   277   277 I Zygote  : Process 9646 exited due to signal 9 (Killed)
09-01 23:32:03.739   501   540 I libprocessgroup: Successfully killed process cgroup uid 10106 pid 9646 in 0ms
09-01 23:32:04.634   277   277 D Zygote  : Forked child process 10818
09-01 23:32:04.650 10818 10818 W gle.android.gm: Unexpected CPU variant for X86 using defaults: x86
09-01 23:32:04.654 10818 10818 E gle.android.gm: Not starting debugger since process cannot load the jdwp agent.
09-01 23:32:04.674 10818 10818 I gle.android.gm: The ClassLoaderContext is a special shared library.
09-01 23:32:04.677 10818 10818 I gle.android.gm: The ClassLoaderContext is a special shared library.
09-01 23:32:04.677   501   543 E libprocessgroup: AddTidToCgroup failed to write '10834'; fd=61: Invalid argument
09-01 23:32:04.677   501   543 E libprocessgroup: Failed to add task into cgroup
09-01 23:32:04.677   501   543 W libprocessgroup: ExecuteForTask failed for aggregate profile: Invalid argument
09-01 23:32:04.684 10818 10818 I gle.android.gm: The ClassLoaderContext is a special shared library.
09-01 23:32:04.691 10818 10818 W gle.android.gm: JIT profile information will not be recorded: profile file does not exist.
09-01 23:32:04.691 10818 10818 W gle.android.gm: JIT profile information will not be recorded: profile file does not exist.
09-01 23:32:04.697 10818 10818 D NetworkSecurityConfig: Using Network Security Config from resource network_security_config debugBuild: false
09-01 23:32:04.698 10818 10818 D NetworkSecurityConfig: Using Network Security Config from resource network_security_config debugBuild: false
09-01 23:32:04.783 10818 10818 I DynamiteModule: Considering local module com.google.android.gms.permissions:1 and remote module com.google.android.gms.permissions:1
09-01 23:32:04.783 10818 10818 I DynamiteModule: Selected local version of com.google.android.gms.permissions
09-01 23:32:04.860 10818 10818 W ProviderHelper: Unknown dynamite feature providerinstaller.dynamite
09-01 23:32:04.861 10818 10818 I DynamiteModule: Considering local module com.google.android.gms.providerinstaller.dynamite:1 and remote module com.google.android.gms.providerinstaller.dynamite:0
09-01 23:32:04.861 10818 10818 I DynamiteModule: Selected local version of com.google.android.gms.providerinstaller.dynamite
09-01 23:32:04.876 10818 10818 V NativeCrypto: Registering com/google/android/gms/org/conscrypt/NativeCrypto's 295 native methods...
09-01 23:32:04.893 10818 10818 I ProviderInstaller: Installed default security provider GmsCore_OpenSSL
09-01 23:32:04.929 10818 10818 I bvjs    : Primes not initialized, returning default (no-op) Primes instance which will ignore all calls. Please call Primes.initialize(...) before using any Primes API.
09-01 23:32:04.933 10818 10844 I GMS_MM_Logger: Started.
09-01 23:32:04.935 10818 10843 I Watchcat: Started
09-01 23:32:05.193 10818 10845 I Icing   : Storage manager: low false usage 1.83MB avail 5.26GB capacity 5.81GB
09-01 23:32:05.276   197   197 W Binder:197_1: type=1400 audit(0.0:306): avc: denied { read } for name="wakeup34" dev="sysfs" ino=18627 scontext=u:r:system_suspend:s0 tcontext=u:object_r:sysfs:s0 tclass=dir permissive=0
09-01 23:32:05.290   197   215 E android.system.suspend@1.0-service: Error opening kernel wakelock stats for: wakeup34: Permission denied
09-01 23:32:05.306   197   215 E android.system.suspend@1.0-service: Error opening kernel wakelock stats for: wakeup35: Permission denied
09-01 23:32:05.300   197   197 W Binder:197_1: type=1400 audit(0.0:307): avc: denied { read } for name="wakeup35" dev="sysfs" ino=18690 scontext=u:r:system_suspend:s0 tcontext=u:object_r:sysfs:s0 tclass=dir permissive=0
09-01 23:32:05.359 10818 10857 I Icing   : IndexChimeraService.getServiceInterface callingPackage=com.google.android.gms componentName=ContactsIndexer serviceId=33
09-01 23:32:05.381 10818 10845 W native  : W0000 00:00:1662067925.381374   10845 model-utils.cc:15] No CRC32, most likely an old model; skip CRC32 check
09-01 23:32:05.382 10818 10845 I native  : I0000 00:00:1662067925.382912   10845 permission-checker.cc:77] Creating PermissionChecker based on ACL with config_version 1 having 8 permissions defined.
09-01 23:32:05.385 10818 10845 W native  : W0000 00:00:1662067925.385131   10845 words-map.cc:36] INVALID_ARGUMENT: Empty URI
09-01 23:32:05.385 10818 10845 W native  : W0000 00:00:1662067925.385254   10845 words-map.cc:40] WordsMap was not properly initialized
09-01 23:32:05.442 10818 10818 D BoundBrokerSvc: onBind: Intent { act=com.google.android.gms.feedback.internal.IFeedbackService dat=chimera-action:com.google.android.gms.feedback.internal.IFeedbackService cmp=com.google.android.gms/.chimera.GmsBoundBrokerService }
09-01 23:32:05.442 10818 10818 D BoundBrokerSvc: Loading bound service for intent: Intent { act=com.google.android.gms.feedback.internal.IFeedbackService dat=chimera-action:com.google.android.gms.feedback.internal.IFeedbackService cmp=com.google.android.gms/.chimera.GmsBoundBrokerService }
09-01 23:32:05.485 10818 10861 I Icing   : IndexChimeraService.getServiceInterface callingPackage=com.google.android.gms componentName=null serviceId=30
09-01 23:32:05.504 10818 10845 I DynamiteModule: Considering local module com.google.android.gms.googlecertificates:7 and remote module com.google.android.gms.googlecertificates:7
09-01 23:32:05.504 10818 10845 I DynamiteModule: Selected local version of com.google.android.gms.googlecertificates
09-01 23:32:05.539 10818 10845 W Icing   : Package com.google.android.googlequicksearchbox targets Android P and isn't allowed to use AppDataSearch indexing API
09-01 23:32:05.573 10818 10845 W Icing   : Package com.google.android.gm targets Android P and isn't allowed to use AppDataSearch indexing API
09-01 23:32:05.615 10818 10845 I Icing   : updateResources: need to parse akgp{com.google.android.gms}
09-01 23:32:05.805 10818 10863 I Icing   : IndexChimeraService.getServiceInterface callingPackage=com.google.android.gms componentName=AppsCorpus serviceId=36
09-01 23:32:05.810 10818 10845 I Icing   : Internal init done: storage state 0
09-01 23:32:05.827 10818 10859 I Icing   : IndexChimeraService.getServiceInterface callingPackage=com.google.android.gms componentName=AppsCorpus serviceId=32
09-01 23:32:05.845 10818 10845 I Icing   : Post-init done
09-01 23:32:05.851 10818 10845 W Icing   : No valid account for uploading user actions
09-01 23:32:05.860 10818 10857 I Icing   : IndexChimeraService.getServiceInterface callingPackage=com.google.android.gms componentName=null serviceId=36
09-01 23:32:05.899 10818 10845 I Icing   : Using regular flags by method 2
09-01 23:32:05.922 10818 10845 I Icing   : Usage reports ok 1, Failed Usage reports 0, indexed 0, rejected 0
09-01 23:32:05.968 10818 10845 W Icing   : No valid account for uploading user actions
09-01 23:32:05.977 10818 10845 I Icing   : Usage reports ok 0, Failed Usage reports 0, indexed 0, rejected 0
09-01 23:32:05.983 10818 10845 W Icing   : No valid account for uploading user actions
09-01 23:32:05.990 10818 10845 I Icing   : Usage reports ok 0, Failed Usage reports 0, indexed 0, rejected 0
09-01 23:32:05.993 10818 10845 W Icing   : No valid account for uploading user actions
