09-01 23:34:41.359   501  2382 W InputReader: Device virtio_input_multi_touch_4 is associated with display ADISPLAY_ID_NONE.
09-01 23:34:41.359   501  2382 W InputReader: Device virtio_input_multi_touch_11 is associated with display ADISPLAY_ID_NONE.
09-01 23:34:41.359   501  2382 W InputReader: Device virtio_input_multi_touch_5 is associated with display ADISPLAY_ID_NONE.
09-01 23:34:41.359   501  2382 W InputReader: Device virtio_input_multi_touch_2 is associated with display ADISPLAY_ID_NONE.
09-01 23:34:41.425 10239 10239 D LifecycleMonitor: Lifecycle status change: com.example.app1.settings.menu.MenuActivity@1bd4230 in: PRE_ON_CREATE
09-01 23:34:41.474   501  1975 I system_server: oneway function results will be dropped but finished with status OK and parcel size 4
09-01 23:34:41.494 10818 10818 D BoundBrokerSvc: onBind: Intent { act=com.google.android.gms.measurement.START pkg=com.google.android.gms }
09-01 23:34:41.494 10818 10818 D BoundBrokerSvc: Loading bound service for intent: Intent { act=com.google.android.gms.measurement.START pkg=com.google.android.gms }
09-01 23:34:41.527 10239 10239 D LifecycleMonitor: Lifecycle status change: com.example.app1.settings.menu.MenuActivity@1bd4230 in: CREATED
09-01 23:34:41.540 10239 10239 D LifecycleMonitor: Lifecycle status change: com.example.app1.settings.menu.MenuActivity@1bd4230 in: STARTED
09-01 23:34:41.543 10239 10239 D LifecycleMonitor: Lifecycle status change: com.example.app1.settings.menu.MenuActivity@1bd4230 in: RESUMED
09-01 23:34:41.595   290  5663 D goldfish-address-space: claimShared: Ask to claim region [0x3f31ac000 0x3f3b11000]
09-01 23:34:41.606   290  5663 D goldfish-address-space: claimShared: Ask to claim region [0x3f0f68000 0x3f18cd000]
09-01 23:34:41.607   290  5663 D goldfish-address-space: claimShared: Ask to claim region [0x3f18cd000 0x3f2232000]
09-01 23:34:41.676   501   537 I ActivityTaskManager: Displayed com.example.app1/.settings.menu.MenuActivity: +333ms
09-01 23:34:41.844 10239 10239 I ViewInteraction: Checking 'MatchesViewAssertion{viewMatcher=(view has effective visibility <VISIBLE> and view.getGlobalVisibleRect() to return non-empty rectangle)}' assertion on view view.getId() is <2131362288/com.example.app1:id/sv_menu>
09-01 23:34:42.106 10239 10239 D LifecycleMonitor: Lifecycle status change: com.example.app1.MainActivity@dd02089 in: STOPPED
09-01 23:34:42.346 10239 10239 I ViewInteraction: Performing 'single click' action on view view.getId() is <2131361843/com.example.app1:id/account_settings>
09-01 23:34:42.406   501   532 D EventSequenceValidator: inc AccIntentStartedEvents to 2
09-01 23:34:42.411 10239 10239 D LifecycleMonitor: Lifecycle status change: com.example.app1.settings.menu.MenuActivity@1bd4230 in: PAUSED
09-01 23:34:42.412   501   532 D EventSequenceValidator: dec AccIntentStartedEvents to 1
09-01 23:34:42.413   501  1975 W InputReader: Device virtio_input_multi_touch_9 is associated with display ADISPLAY_ID_NONE.
09-01 23:34:42.413   501  1975 W InputReader: Device virtio_input_multi_touch_6 is associated with display ADISPLAY_ID_NONE.
09-01 23:34:42.413   501  1975 W InputReader: Device virtio_input_multi_touch_3 is associated with display ADISPLAY_ID_NONE.
09-01 23:34:42.413   501  1975 W InputReader: Device virtio_input_multi_touch_7 is associated with display ADISPLAY_ID_NONE.
09-01 23:34:42.413   501  1975 W InputReader: Device virtio_input_multi_touch_8 is associated with display ADISPLAY_ID_NONE.
09-01 23:34:42.413   501  1975 W InputReader: Device virtio_input_multi_touch_10 is associated with display ADISPLAY_ID_NONE.
09-01 23:34:42.413   501  1975 W InputReader: Device virtio_input_multi_touch_4 is associated with display ADISPLAY_ID_NONE.
09-01 23:34:42.413   501  1975 W InputReader: Device virtio_input_multi_touch_11 is associated with display ADISPLAY_ID_NONE.
09-01 23:34:42.413   501  1975 W InputReader: Device virtio_input_multi_touch_5 is associated with display ADISPLAY_ID_NONE.
09-01 23:34:42.413   501  1975 W InputReader: Device virtio_input_multi_touch_2 is associated with display ADISPLAY_ID_NONE.
09-01 23:34:42.413   501  1975 W InputReader: Device virtio_input_multi_touch_9 is associated with display ADISPLAY_ID_NONE.
09-01 23:34:42.413   501  1975 W InputReader: Device virtio_input_multi_touch_6 is associated with display ADISPLAY_ID_NONE.
09-01 23:34:42.413   501  1975 W InputReader: Device virtio_input_multi_touch_3 is associated with display ADISPLAY_ID_NONE.
09-01 23:34:42.413   501  1975 W InputReader: Device virtio_input_multi_touch_7 is associated with display ADISPLAY_ID_NONE.
09-01 23:34:42.413   501  1975 W InputReader: Device virtio_input_multi_touch_8 is associated with display ADISPLAY_ID_NONE.
09-01 23:34:42.413   501  1975 W InputReader: Device virtio_input_multi_touch_10 is associated with display ADISPLAY_ID_NONE.
09-01 23:34:42.413   501  1975 W InputReader: Device virtio_input_multi_touch_4 is associated with display ADISPLAY_ID_NONE.
09-01 23:34:42.413   501  1975 W InputReader: Device virtio_input_multi_touch_11 is associated with display ADISPLAY_ID_NONE.
09-01 23:34:42.413   501  1975 W InputReader: Device virtio_input_multi_touch_5 is associated with display ADISPLAY_ID_NONE.
09-01 23:34:42.413   501  1975 W InputReader: Device virtio_input_multi_touch_2 is associated with display ADISPLAY_ID_NONE.
09-01 23:34:42.413   339   339 I perfetto: ing_service_impl.cc:758 Configured tracing session 34, #sources:1, duration:5000 ms, #buffers:1, total buffer size:4096 KB, total sessions:1, uid:1071 session name: ""
09-01 23:34:42.415   338   338 I perfetto: probes_producer.cc:230  Ftrace setup (target_buf=34)
09-01 23:34:42.428   501  2172 I system_server: oneway function results will be dropped but finished with status OK and parcel size 4
09-01 23:34:42.444 10239 10239 D LifecycleMonitor: Lifecycle status change: com.example.app1.settings.account.AccountActivity@1907277 in: PRE_ON_CREATE
09-01 23:34:42.445   338   338 I perfetto: ftrace_procfs.cc:176    enabled ftrace
09-01 23:34:42.536 10239 10239 D LifecycleMonitor: Lifecycle status change: com.example.app1.settings.account.AccountActivity@1907277 in: CREATED
09-01 23:34:42.541 10239 10239 D LifecycleMonitor: Lifecycle status change: com.example.app1.settings.account.AccountActivity@1907277 in: STARTED
09-01 23:34:42.542 10239 10239 D LifecycleMonitor: Lifecycle status change: com.example.app1.settings.account.AccountActivity@1907277 in: RESUMED
09-01 23:34:42.558   501  1975 I system_server: oneway function results will be dropped but finished with status OK and parcel size 4
09-01 23:34:42.622   290  5663 D goldfish-address-space: claimShared: Ask to claim region [0x3f0603000 0x3f0f68000]
09-01 23:34:42.626   290  5663 D goldfish-address-space: claimShared: Ask to claim region [0x3f2232000 0x3f2b97000]
09-01 23:34:42.638   290  5663 D goldfish-address-space: claimShared: Ask to claim region [0x3f4000000 0x3f4965000]
09-01 23:34:42.706   501   537 I ActivityTaskManager: Displayed com.example.app1/.settings.account.AccountActivity: +292ms
09-01 23:34:43.147 10239 10239 D LifecycleMonitor: Lifecycle status change: com.example.app1.settings.menu.MenuActivity@1bd4230 in: STOPPED
09-01 23:34:43.815 10239 10239 I ViewInteraction: Checking 'MatchesViewAssertion{viewMatcher=(view has effective visibility <VISIBLE> and view.getGlobalVisibleRect() to return non-empty rectangle)}' assertion on view view.getId() is <2131361970/com.example.app1:id/decoration>
09-01 23:34:44.320 10239 10239 I ViewInteraction: Performing 'single click' action on view view.getId() is <2131361912/com.example.app1:id/btn_continue>
09-01 23:34:44.377   501   532 D EventSequenceValidator: inc AccIntentStartedEvents to 2
09-01 23:34:44.384   501  2382 I system_server: oneway function results will be dropped but finished with status OK and parcel size 4
09-01 23:34:44.390   339   339 I perfetto: ing_service_impl.cc:758 Configured tracing session 35, #sources:1, duration:5000 ms, #buffers:1, total buffer size:4096 KB, total sessions:2, uid:1071 session name: ""
09-01 23:34:44.392   338   338 I perfetto: probes_producer.cc:230  Ftrace setup (target_buf=35)
09-01 23:34:44.458   501   532 D EventSequenceValidator: dec AccIntentStartedEvents to 1
09-01 23:34:44.500 10239 10239 D LifecycleMonitor: Lifecycle status change: com.example.app1.settings.account.AccountActivity@1907277 in: PAUSED
09-01 23:34:44.503   501   631 W InputReader: Device virtio_input_multi_touch_9 is associated with display ADISPLAY_ID_NONE.
09-01 23:34:44.503   501   631 W InputReader: Device virtio_input_multi_touch_6 is associated with display ADISPLAY_ID_NONE.
09-01 23:34:44.503   501   631 W InputReader: Device virtio_input_multi_touch_3 is associated with display ADISPLAY_ID_NONE.
09-01 23:34:44.503   501   631 W InputReader: Device virtio_input_multi_touch_7 is associated with display ADISPLAY_ID_NONE.
09-01 23:34:44.503   501   631 W InputReader: Device virtio_input_multi_touch_8 is associated with display ADISPLAY_ID_NONE.
09-01 23:34:44.503   501   631 W InputReader: Device virtio_input_multi_touch_10 is associated with display ADISPLAY_ID_NONE.
09-01 23:34:44.503   501   631 W InputReader: Device virtio_input_multi_touch_4 is associated with display ADISPLAY_ID_NONE.
09-01 23:34:44.504   501   631 W InputReader: Device virtio_input_multi_touch_11 is associated with display ADISPLAY_ID_NONE.
09-01 23:34:44.504   501   631 W InputReader: Device virtio_input_multi_touch_5 is associated with display ADISPLAY_ID_NONE.
09-01 23:34:44.504   501   631 W InputReader: Device virtio_input_multi_touch_2 is associated with display ADISPLAY_ID_NONE.
09-01 23:34:44.504   501   631 W InputReader: Device virtio_input_multi_touch_9 is associated with display ADISPLAY_ID_NONE.
09-01 23:34:44.504   501   631 W InputReader: Device virtio_input_multi_touch_6 is associated with display ADISPLAY_ID_NONE.
09-01 23:34:44.504   501   631 W InputReader: Device virtio_input_multi_touch_3 is associated with display ADISPLAY_ID_NONE.
09-01 23:34:44.504   501   631 W InputReader: Device virtio_input_multi_touch_7 is associated with display ADISPLAY_ID_NONE.
09-01 23:34:44.504   501   631 W InputReader: Device virtio_input_multi_touch_8 is associated with display ADISPLAY_ID_NONE.
09-01 23:34:44.504   501   631 W InputReader: Device virtio_input_multi_touch_10 is associated with display ADISPLAY_ID_NONE.
09-01 23:34:44.504   501   631 W InputReader: Device virtio_input_multi_touch_4 is associated with display ADISPLAY_ID_NONE.
09-01 23:34:44.504   501   631 W InputReader: Device virtio_input_multi_touch_11 is associated with display ADISPLAY_ID_NONE.
09-01 23:34:44.504   501   631 W InputReader: Device virtio_input_multi_touch_5 is associated with display ADISPLAY_ID_NONE.
09-01 23:34:44.504   501   631 W InputReader: Device virtio_input_multi_touch_2 is associated with display ADISPLAY_ID_NONE.
09-01 23:34:44.518   501  2382 I system_server: oneway function results will be dropped but finished with status OK and parcel size 4
09-01 23:34:44.592 10239 10239 D LifecycleMonitor: Lifecycle status change: com.example.app1.settings.account.PasswordChangeActivity@c65888a in: PRE_ON_CREATE
09-01 23:34:44.888 10239 10239 D LifecycleMonitor: Lifecycle status change: com.example.app1.settings.account.PasswordChangeActivity@c65888a in: CREATED
09-01 23:34:44.892 10239 10239 D LifecycleMonitor: Lifecycle status change: com.example.app1.settings.account.PasswordChangeActivity@c65888a in: STARTED
09-01 23:34:44.895 10239 10239 D LifecycleMonitor: Lifecycle status change: com.example.app1.settings.account.PasswordChangeActivity@c65888a in: RESUMED
09-01 23:34:44.974   290  5663 D goldfish-address-space: claimShared: Ask to claim region [0x3f31ac000 0x3f3b11000]
09-01 23:34:44.997   290  5663 D goldfish-address-space: claimShared: Ask to claim region [0x3f0f68000 0x3f18cd000]
09-01 23:34:45.008   290  5663 D goldfish-address-space: claimShared: Ask to claim region [0x3f18cd000 0x3f2232000]
09-01 23:34:45.058   501   537 I ActivityTaskManager: Displayed com.example.app1/.settings.account.PasswordChangeActivity: +678ms
09-01 23:34:45.427 10239 10239 I ViewInteraction: Checking 'MatchesViewAssertion{viewMatcher=(view has effective visibility <VISIBLE> and view.getGlobalVisibleRect() to return non-empty rectangle)}' assertion on view view.getId() is <2131361912/com.example.app1:id/btn_continue>
09-01 23:34:45.524 10239 10239 D LifecycleMonitor: Lifecycle status change: com.example.app1.settings.account.AccountActivity@1907277 in: STOPPED
09-01 23:34:45.930 10239 10239 I ViewInteraction: Performing 'type text(Test1#)' action on view should return first matching item
09-01 23:34:46.009 10239 10239 I AssistStructure: Flattened final assist data: 2360 bytes, containing 1 windows, 11 views
09-01 23:34:46.037  1380  1380 I KeyboardViewUtil: KeyboardViewUtil.getKeyboardHeightRatio():128 systemKeyboardHeightRatio:1.000000; userKeyboardHeightRatio:1.000000.
09-01 23:34:46.038  1380  1380 I AndroidIME: AbstractIme.onActivate():84 PasswordIme.onActivate() : EditorInfo = Package = com.example.app1 : Type = Password : Learning = Disable : Suggestion = Hide : AutoCorrection = Disable : Microphone = Hide : NoPersonalizedLearning = Disable : AutoStartVoiceInput = Disable, IncognitoMode = false
09-01 23:34:46.063  1380  1380 W KeyboardModeManager: KeyboardModeManager.setInputView():302 setInputView() : inputView = com.google.android.apps.inputmethod.libs.framework.core.InputView{c127a55 V.E...... ......ID 0,0-1080,1977}
09-01 23:34:46.063  1380  1380 I ConversationToQueryExtension: ConversationToQueryExtension.isEnabledForHostApp():252 Conv2Query not enabled due to current app [com.example.app1] not in whitelist
09-01 23:34:46.063  1380  1380 I ConversationToQueryExtension: ConversationToQueryExtension.onActivate():162 onActivate() : Disabled by unsupported host app
09-01 23:34:46.063  9030  9030 W qei     : Pending fill request while another request in the same session was triggered. [CONTEXT service_id=177 ]
09-01 23:34:46.064  1380  1380 I CurrentMicStatusHolder: CurrentMicStatusHolder.onStartInputView():79 Current Mic status = {MicIconHidden-PasswordOrNumberOrDateInputType,}
09-01 23:34:46.064  1380  1380 I VoiceImeExtension: VoiceImeExtension.shouldStartVoiceInputAutomatically():336 No private IME option set to start voice input.
09-01 23:34:46.079 10818 10818 D BoundBrokerSvc: onBind: Intent { act=com.google.firebase.dynamiclinks.service.START pkg=com.google.android.gms }
09-01 23:34:46.079 10818 10818 D BoundBrokerSvc: Loading bound service for intent: Intent { act=com.google.firebase.dynamiclinks.service.START pkg=com.google.android.gms }
09-01 23:34:46.103   290  5663 D goldfish-address-space: claimShared: Ask to claim region [0x3f2232000 0x3f2ae3000]
09-01 23:34:46.130   290  5663 D goldfish-address-space: claimShared: Ask to claim region [0x3f0603000 0x3f0eb4000]
09-01 23:34:46.134   290  5663 D goldfish-address-space: claimShared: Ask to claim region [0x3f4000000 0x3f48b1000]
09-01 23:34:46.141 10818 10818 D BoundBrokerSvc: onBind: Intent { act=com.google.android.mdd.service.START dat=chimera-action:com.google.android.mdd.service.START cmp=com.google.android.gms/.chimera.GmsBoundBrokerService }
09-01 23:34:46.141 10818 10818 D BoundBrokerSvc: Loading bound service for intent: Intent { act=com.google.android.mdd.service.START dat=chimera-action:com.google.android.mdd.service.START cmp=com.google.android.gms/.chimera.GmsBoundBrokerService }
09-01 23:34:46.233   290  5663 D goldfish-address-space: claimShared: Ask to claim region [0x3f48b1000 0x3f5216000]
09-01 23:34:46.235 10818 10818 D BoundBrokerSvc: onBind: Intent { act=com.google.android.gms.common.BIND_SHARED_PREFS pkg=com.google.android.gms }
09-01 23:34:46.235 10818 10818 D BoundBrokerSvc: Loading bound service for intent: Intent { act=com.google.android.gms.common.BIND_SHARED_PREFS pkg=com.google.android.gms }
09-01 23:34:46.253   290  5663 D goldfish-address-space: claimShared: Ask to claim region [0x3f5216000 0x3f5b7b000]
09-01 23:34:46.273 10239 10239 D UiControllerImpl: Injecting string: "Test1#"
09-01 23:34:46.309 10818 10818 D BoundBrokerSvc: onUnbind: Intent { act=com.google.android.gms.common.BIND_SHARED_PREFS pkg=com.google.android.gms }
09-01 23:34:46.311 10818 10818 D BoundBrokerSvc: onBind: Intent { act=com.google.android.gms.common.BIND_SHARED_PREFS pkg=com.google.android.gms }
09-01 23:34:46.311 10818 10818 D BoundBrokerSvc: Loading bound service for intent: Intent { act=com.google.android.gms.common.BIND_SHARED_PREFS pkg=com.google.android.gms }
09-01 23:34:46.338   290  5663 D goldfish-address-space: claimShared: Ask to claim region [0x3f31ac000 0x3f3b11000]
09-01 23:34:46.369 10818 10818 D BoundBrokerSvc: onUnbind: Intent { act=com.google.android.gms.common.BIND_SHARED_PREFS pkg=com.google.android.gms }
09-01 23:34:46.524 10239 10251 I om.example.app: Background young concurrent copying GC freed 60194(2942KB) AllocSpace objects, 77(2912KB) LOS objects, 33% free, 12MB/18MB, paused 52us total 326.591ms
09-01 23:34:46.611 10239 10253 W System  : A resource failed to call end.
09-01 23:34:46.841 10239 10239 I ViewInteraction: Performing 'type text(password_not_matching)' action on view should return first matching item
09-01 23:34:46.913  1380  1380 I AndroidIME: AbstractIme.onDeactivate():161 PasswordIme.onDeactivate()
09-01 23:34:46.956  1380  1380 I KeyboardViewUtil: KeyboardViewUtil.getKeyboardHeightRatio():128 systemKeyboardHeightRatio:1.000000; userKeyboardHeightRatio:1.000000.
09-01 23:34:46.956  1380  1380 I AndroidIME: AbstractIme.onActivate():84 PasswordIme.onActivate() : EditorInfo = Package = com.example.app1 : Type = Password : Learning = Disable : Suggestion = Hide : AutoCorrection = Disable : Microphone = Hide : NoPersonalizedLearning = Disable : AutoStartVoiceInput = Disable, IncognitoMode = false
09-01 23:34:46.966  1380  1380 W KeyboardModeManager: KeyboardModeManager.setInputView():302 setInputView() : inputView = com.google.android.apps.inputmethod.libs.framework.core.InputView{c127a55 V.E...... .......D 0,0-1080,1977}
09-01 23:34:46.966  1380  1380 I ConversationToQueryExtension: ConversationToQueryExtension.isEnabledForHostApp():252 Conv2Query not enabled due to current app [com.example.app1] not in whitelist
09-01 23:34:46.966  1380  1380 I ConversationToQueryExtension: ConversationToQueryExtension.onActivate():162 onActivate() : Disabled by unsupported host app
09-01 23:34:46.967  1380  1380 I CurrentMicStatusHolder: CurrentMicStatusHolder.onStartInputView():79 Current Mic status = {MicIconHidden-PasswordOrNumberOrDateInputType,}
09-01 23:34:46.967  1380  1380 I VoiceImeExtension: VoiceImeExtension.shouldStartVoiceInputAutomatically():336 No private IME option set to start voice input.
09-01 23:34:47.099 10818 10818 D BoundBrokerSvc: onBind: Intent { act=com.google.android.gms.common.BIND_SHARED_PREFS pkg=com.google.android.gms }
09-01 23:34:47.099 10818 10818 D BoundBrokerSvc: Loading bound service for intent: Intent { act=com.google.android.gms.common.BIND_SHARED_PREFS pkg=com.google.android.gms }
09-01 23:34:47.107 10818 10818 D BoundBrokerSvc: onUnbind: Intent { act=com.google.android.gms.common.BIND_SHARED_PREFS pkg=com.google.android.gms }
09-01 23:34:47.122 10818 10818 D BoundBrokerSvc: onBind: Intent { act=com.google.android.gms.common.BIND_SHARED_PREFS pkg=com.google.android.gms }
09-01 23:34:47.123 10818 10818 D BoundBrokerSvc: Loading bound service for intent: Intent { act=com.google.android.gms.common.BIND_SHARED_PREFS pkg=com.google.android.gms }
09-01 23:34:47.139 10818 10818 D BoundBrokerSvc: onUnbind: Intent { act=com.google.android.gms.common.BIND_SHARED_PREFS pkg=com.google.android.gms }
09-01 23:34:47.169 10239 10239 D UiControllerImpl: Injecting string: "password_not_matching"
09-01 23:34:47.424   338   338 I perfetto: probes_producer.cc:329  Producer stop (id=34)
09-01 23:34:47.432   339   339 I perfetto: ng_service_impl.cc:1948 Tracing session 34 ended, total sessions:1
09-01 23:34:47.501   501  2172 I system_server: oneway function results will be dropped but finished with status OK and parcel size 4
09-01 23:34:48.596 10239 10239 I ViewInteraction: Performing 'type text(different_password)' action on view should return first matching item
09-01 23:34:48.669  1380  1380 I AndroidIME: AbstractIme.onDeactivate():161 PasswordIme.onDeactivate()
09-01 23:34:48.710  1380  1380 I KeyboardViewUtil: KeyboardViewUtil.getKeyboardHeightRatio():128 systemKeyboardHeightRatio:1.000000; userKeyboardHeightRatio:1.000000.
09-01 23:34:48.710  1380  1380 I AndroidIME: AbstractIme.onActivate():84 PasswordIme.onActivate() : EditorInfo = Package = com.example.app1 : Type = Password : Learning = Disable : Suggestion = Hide : AutoCorrection = Disable : Microphone = Hide : NoPersonalizedLearning = Disable : AutoStartVoiceInput = Disable, IncognitoMode = false
09-01 23:34:48.727  1380  1380 W KeyboardModeManager: KeyboardModeManager.setInputView():302 setInputView() : inputView = com.google.android.apps.inputmethod.libs.framework.core.InputView{c127a55 V.E...... ......ID 0,0-1080,1977}
09-01 23:34:48.727  1380  1380 I ConversationToQueryExtension: ConversationToQueryExtension.isEnabledForHostApp():252 Conv2Query not enabled due to current app [com.example.app1] not in whitelist
09-01 23:34:48.727  1380  1380 I ConversationToQueryExtension: ConversationToQueryExtension.onActivate():162 onActivate() : Disabled by unsupported host app
09-01 23:34:48.728  1380  1380 I CurrentMicStatusHolder: CurrentMicStatusHolder.onStartInputView():79 Current Mic status = {MicIconHidden-PasswordOrNumberOrDateInputType,}
09-01 23:34:48.728  1380  1380 I VoiceImeExtension: VoiceImeExtension.shouldStartVoiceInputAutomatically():336 No private IME option set to start voice input.
09-01 23:34:48.818 10818 10818 D BoundBrokerSvc: onBind: Intent { act=com.google.android.gms.common.BIND_SHARED_PREFS pkg=com.google.android.gms }
09-01 23:34:48.818 10818 10818 D BoundBrokerSvc: Loading bound service for intent: Intent { act=com.google.android.gms.common.BIND_SHARED_PREFS pkg=com.google.android.gms }
09-01 23:34:48.827 10818 10818 D BoundBrokerSvc: onUnbind: Intent { act=com.google.android.gms.common.BIND_SHARED_PREFS pkg=com.google.android.gms }
09-01 23:34:48.844 10818 10818 D BoundBrokerSvc: onBind: Intent { act=com.google.android.gms.common.BIND_SHARED_PREFS pkg=com.google.android.gms }
09-01 23:34:48.844 10818 10818 D BoundBrokerSvc: Loading bound service for intent: Intent { act=com.google.android.gms.common.BIND_SHARED_PREFS pkg=com.google.android.gms }
09-01 23:34:48.862 10818 10818 D BoundBrokerSvc: onUnbind: Intent { act=com.google.android.gms.common.BIND_SHARED_PREFS pkg=com.google.android.gms }
09-01 23:34:48.926 10239 10239 D UiControllerImpl: Injecting string: "different_password"
09-01 23:34:49.409   338   338 I perfetto: probes_producer.cc:329  Producer stop (id=35)
09-01 23:34:49.436   339   339 I perfetto: ng_service_impl.cc:1948 Tracing session 35 ended, total sessions:0
09-01 23:34:49.438   338   338 I perfetto: ftrace_procfs.cc:183    disabled ftrace
09-01 23:34:50.021 10239 10239 I ViewInteraction: Performing 'close keyboard' action on view view.getId() is <2131361912/com.example.app1:id/btn_continue>
09-01 23:34:50.039  1380  1380 I AndroidIME: AbstractIme.onDeactivate():161 PasswordIme.onDeactivate()
09-01 23:34:50.388 10239 10239 I ViewInteraction: Performing 'single click' action on view view.getId() is <2131361912/com.example.app1:id/btn_continue>
09-01 23:34:50.452   501  1975 I system_server: oneway function results will be dropped but finished with status OK and parcel size 4
09-01 23:34:50.473   501  1975 I chatty  : uid=1000(system) Binder:501_14 identical 1 line
09-01 23:34:50.474   501  1975 I system_server: oneway function results will be dropped but finished with status OK and parcel size 4
09-01 23:34:50.489 10239 10945 W System  : Ignoring header X-Firebase-Locale because its value was null.
09-01 23:34:50.610   501  2172 I system_server: oneway function results will be dropped but finished with status OK and parcel size 4
09-01 23:34:50.857 10239 10239 I ViewInteraction: Performing 'send keyCode: 4, metaState: 0 key event' action on view view.getRootView() to equal view
09-01 23:34:50.878   290  5663 D goldfish-address-space: claimShared: Ask to claim region [0x3f0603000 0x3f0c06000]
09-01 23:34:50.900 10239 10239 D LifecycleMonitor: Lifecycle status change: com.example.app1.settings.account.PasswordChangeActivity@c65888a in: PAUSED
09-01 23:34:50.909   501   631 W InputReader: Device virtio_input_multi_touch_9 is associated with display ADISPLAY_ID_NONE.
09-01 23:34:50.909   501   631 W InputReader: Device virtio_input_multi_touch_6 is associated with display ADISPLAY_ID_NONE.
09-01 23:34:50.909   501   631 W InputReader: Device virtio_input_multi_touch_3 is associated with display ADISPLAY_ID_NONE.
09-01 23:34:50.909   501   631 W InputReader: Device virtio_input_multi_touch_7 is associated with display ADISPLAY_ID_NONE.
09-01 23:34:50.909   501   631 W InputReader: Device virtio_input_multi_touch_8 is associated with display ADISPLAY_ID_NONE.
09-01 23:34:50.909   501   631 W InputReader: Device virtio_input_multi_touch_10 is associated with display ADISPLAY_ID_NONE.
09-01 23:34:50.909   501   631 W InputReader: Device virtio_input_multi_touch_4 is associated with display ADISPLAY_ID_NONE.
09-01 23:34:50.909   501   631 W InputReader: Device virtio_input_multi_touch_11 is associated with display ADISPLAY_ID_NONE.
09-01 23:34:50.909   501   631 W InputReader: Device virtio_input_multi_touch_5 is associated with display ADISPLAY_ID_NONE.
09-01 23:34:50.909   501   631 W InputReader: Device virtio_input_multi_touch_2 is associated with display ADISPLAY_ID_NONE.
09-01 23:34:50.909   501   631 W InputReader: Device virtio_input_multi_touch_9 is associated with display ADISPLAY_ID_NONE.
09-01 23:34:50.909   501   631 W InputReader: Device virtio_input_multi_touch_6 is associated with display ADISPLAY_ID_NONE.
09-01 23:34:50.909   501   631 W InputReader: Device virtio_input_multi_touch_3 is associated with display ADISPLAY_ID_NONE.
09-01 23:34:50.909   501   631 W InputReader: Device virtio_input_multi_touch_7 is associated with display ADISPLAY_ID_NONE.
09-01 23:34:50.909   501   631 W InputReader: Device virtio_input_multi_touch_8 is associated with display ADISPLAY_ID_NONE.
09-01 23:34:50.909   501   631 W InputReader: Device virtio_input_multi_touch_10 is associated with display ADISPLAY_ID_NONE.
09-01 23:34:50.909   501   631 W InputReader: Device virtio_input_multi_touch_4 is associated with display ADISPLAY_ID_NONE.
09-01 23:34:50.909   501   631 W InputReader: Device virtio_input_multi_touch_11 is associated with display ADISPLAY_ID_NONE.
09-01 23:34:50.909   501   631 W InputReader: Device virtio_input_multi_touch_5 is associated with display ADISPLAY_ID_NONE.
09-01 23:34:50.909   501   631 W InputReader: Device virtio_input_multi_touch_2 is associated with display ADISPLAY_ID_NONE.
09-01 23:34:50.921 10239 10239 D LifecycleMonitor: Lifecycle status change: com.example.app1.settings.account.AccountActivity@1907277 in: RESTARTED
09-01 23:34:50.923 10239 10239 D LifecycleMonitor: Lifecycle status change: com.example.app1.settings.account.AccountActivity@1907277 in: STARTED
09-01 23:34:50.924 10239 10239 D LifecycleMonitor: Lifecycle status change: com.example.app1.settings.account.AccountActivity@1907277 in: RESUMED
09-01 23:34:50.967   290  5663 D goldfish-address-space: claimShared: Ask to claim region [0x3f0c06000 0x3f156b000]
09-01 23:34:50.978   290  5663 D goldfish-address-space: claimShared: Ask to claim region [0x3f156b000 0x3f1ed0000]
09-01 23:34:51.009   290  5663 D goldfish-address-space: claimShared: Ask to claim region [0x3f1ed0000 0x3f2835000]
09-01 23:34:51.038 10239 10945 W System  : Ignoring header X-Firebase-Locale because its value was null.
09-01 23:34:51.140   907   914 I s.nexuslaunche: NativeAlloc concurrent copying GC freed 4425(282KB) AllocSpace objects, 0(0B) LOS objects, 49% free, 3761KB/7523KB, paused 55us total 241.774ms
09-01 23:34:51.141   907   916 W System  : A resource failed to call release.
09-01 23:34:51.141   907   916 I chatty  : uid=10136(com.google.android.apps.nexuslauncher) FinalizerDaemon identical 1 line
09-01 23:34:51.141   907   916 W System  : A resource failed to call release.
09-01 23:34:51.253   705   719 I ndroid.systemu: NativeAlloc concurrent copying GC freed 5818(274KB) AllocSpace objects, 0(0B) LOS objects, 49% free, 7430KB/14MB, paused 76us total 300.722ms
09-01 23:34:51.439 10239 10945 D FirebaseAuth: Notifying id token listeners about user ( bSfSE2fKiiVdyK3RdmEt40uGZ3G3 ).
09-01 23:34:51.460 10239 10239 D LifecycleMonitor: Lifecycle status change: com.example.app1.settings.account.PasswordChangeActivity@c65888a in: STOPPED
09-01 23:34:51.473 10239 10239 D LifecycleMonitor: Lifecycle status change: com.example.app1.settings.account.PasswordChangeActivity@c65888a in: DESTROYED
09-01 23:34:51.474  1400  1400 V InlineSuggestionRenderService: handleDestroySuggestionViews called for 0:842812421
09-01 23:34:51.529   290  5663 D goldfish-address-space: claimShared: Ask to claim region [0x3f3b11000 0x3f3bad000]
09-01 23:34:51.533 10239 10239 I ViewInteraction: Performing 'send keyCode: 4, metaState: 0 key event' action on view view.getRootView() to equal view
09-01 23:34:51.537   290   290 D goldfish-address-space: claimShared: Ask to claim region [0x3f3bad000 0x3f3c49000]
09-01 23:34:51.547   290  5663 D goldfish-address-space: claimShared: Ask to claim region [0x3f3c49000 0x3f3ce5000]
09-01 23:34:51.556   290   400 D goldfish-address-space: claimShared: Ask to claim region [0x3f31ac000 0x3f37af000]
09-01 23:34:51.599 10239 10239 D LifecycleMonitor: Lifecycle status change: com.example.app1.settings.account.AccountActivity@1907277 in: PAUSED
09-01 23:34:51.611   501  1975 W InputReader: Device virtio_input_multi_touch_9 is associated with display ADISPLAY_ID_NONE.
09-01 23:34:51.611   501  1975 W InputReader: Device virtio_input_multi_touch_6 is associated with display ADISPLAY_ID_NONE.
09-01 23:34:51.611   501  1975 W InputReader: Device virtio_input_multi_touch_3 is associated with display ADISPLAY_ID_NONE.
09-01 23:34:51.611   501  1975 W InputReader: Device virtio_input_multi_touch_7 is associated with display ADISPLAY_ID_NONE.
09-01 23:34:51.611   501  1975 W InputReader: Device virtio_input_multi_touch_8 is associated with display ADISPLAY_ID_NONE.
09-01 23:34:51.611   501  1975 W InputReader: Device virtio_input_multi_touch_10 is associated with display ADISPLAY_ID_NONE.
09-01 23:34:51.611   501  1975 W InputReader: Device virtio_input_multi_touch_4 is associated with display ADISPLAY_ID_NONE.
09-01 23:34:51.611   501  1975 W InputReader: Device virtio_input_multi_touch_11 is associated with display ADISPLAY_ID_NONE.
09-01 23:34:51.611   501  1975 W InputReader: Device virtio_input_multi_touch_5 is associated with display ADISPLAY_ID_NONE.
09-01 23:34:51.611   501  1975 W InputReader: Device virtio_input_multi_touch_2 is associated with display ADISPLAY_ID_NONE.
09-01 23:34:51.612   501  1975 W InputReader: Device virtio_input_multi_touch_9 is associated with display ADISPLAY_ID_NONE.
09-01 23:34:51.612   501  1975 W InputReader: Device virtio_input_multi_touch_6 is associated with display ADISPLAY_ID_NONE.
09-01 23:34:51.612   501  1975 W InputReader: Device virtio_input_multi_touch_3 is associated with display ADISPLAY_ID_NONE.
09-01 23:34:51.612   501  1975 W InputReader: Device virtio_input_multi_touch_7 is associated with display ADISPLAY_ID_NONE.
09-01 23:34:51.612   501  1975 W InputReader: Device virtio_input_multi_touch_8 is associated with display ADISPLAY_ID_NONE.
09-01 23:34:51.612   501  1975 W InputReader: Device virtio_input_multi_touch_10 is associated with display ADISPLAY_ID_NONE.
09-01 23:34:51.612   501  1975 W InputReader: Device virtio_input_multi_touch_4 is associated with display ADISPLAY_ID_NONE.
09-01 23:34:51.612   501  1975 W InputReader: Device virtio_input_multi_touch_11 is associated with display ADISPLAY_ID_NONE.
09-01 23:34:51.612   501  1975 W InputReader: Device virtio_input_multi_touch_5 is associated with display ADISPLAY_ID_NONE.
09-01 23:34:51.612   501  1975 W InputReader: Device virtio_input_multi_touch_2 is associated with display ADISPLAY_ID_NONE.
09-01 23:34:51.619 10239 10239 D LifecycleMonitor: Lifecycle status change: com.example.app1.settings.menu.MenuActivity@1bd4230 in: RESTARTED
09-01 23:34:51.626 10239 10239 D LifecycleMonitor: Lifecycle status change: com.example.app1.settings.menu.MenuActivity@1bd4230 in: STARTED
09-01 23:34:51.627 10239 10239 D LifecycleMonitor: Lifecycle status change: com.example.app1.settings.menu.MenuActivity@1bd4230 in: RESUMED
09-01 23:34:51.658   290  5663 D goldfish-address-space: claimShared: Ask to claim region [0x3f4000000 0x3f4965000]
09-01 23:34:51.667   290  5663 D goldfish-address-space: claimShared: Ask to claim region [0x3f4965000 0x3f52ca000]
09-01 23:34:51.676   290   400 D goldfish-address-space: claimShared: Ask to claim region [0x3f52ca000 0x3f5c2f000]
09-01 23:34:51.893   705   719 I ndroid.systemu: NativeAlloc concurrent copying GC freed 841(130KB) AllocSpace objects, 0(0B) LOS objects, 49% free, 7448KB/14MB, paused 47us total 292.378ms
09-01 23:34:52.176 10239 10239 D LifecycleMonitor: Lifecycle status change: com.example.app1.settings.account.AccountActivity@1907277 in: STOPPED
09-01 23:34:52.177 10239 10239 D LifecycleMonitor: Lifecycle status change: com.example.app1.settings.account.AccountActivity@1907277 in: DESTROYED
09-01 23:34:52.267 10239 10239 I ViewInteraction: Checking 'MatchesViewAssertion{viewMatcher=(view has effective visibility <VISIBLE> and view.getGlobalVisibleRect() to return non-empty rectangle)}' assertion on view view.getId() is <2131362288/com.example.app1:id/sv_menu>
09-01 23:34:52.771 10239 10239 I ViewInteraction: Performing 'single click' action on view view.getId() is <2131362095/com.example.app1:id/logout>
09-01 23:34:52.863   501  2382 I system_server: oneway function results will be dropped but finished with status OK and parcel size 4
09-01 23:34:52.992   501  2382 I system_server: oneway function results will be dropped but finished with status OK and parcel size 4
09-01 23:34:52.992   290  5663 D goldfish-address-space: claimShared: Ask to claim region [0x3f0c06000 0x3f0f6e000]
09-01 23:34:53.000   290  5663 D goldfish-address-space: claimShared: Ask to claim region [0x3f0f6e000 0x3f12d6000]
09-01 23:34:53.021   290  5663 D goldfish-address-space: claimShared: Ask to claim region [0x3f12d6000 0x3f163e000]
09-01 23:34:53.671 10239 10239 I ViewInteraction: Checking 'MatchesViewAssertion{viewMatcher=(view has effective visibility <VISIBLE> and view.getGlobalVisibleRect() to return non-empty rectangle)}' assertion on view view.getId() is <2131362094/com.example.app1:id/logo>
09-01 23:34:54.190 10239 10239 I ViewInteraction: Performing 'single click' action on view view.getId() is <16908313/android:id/button1>
09-01 23:34:54.245 10239 10239 D FirebaseAuth: Notifying id token listeners about a sign-out event.
09-01 23:34:54.245 10239 10239 D FirebaseAuth: Notifying auth state listeners about a sign-out event.
09-01 23:34:54.249   501   532 D EventSequenceValidator: inc AccIntentStartedEvents to 2
09-01 23:34:54.251   290  5663 D goldfish-address-space: claimShared: Ask to claim region [0x3f37af000 0x3f3db2000]
09-01 23:34:54.288   501  2172 I system_server: oneway function results will be dropped but finished with status OK and parcel size 4
09-01 23:34:54.303   339   339 I perfetto: ing_service_impl.cc:758 Configured tracing session 36, #sources:1, duration:5000 ms, #buffers:1, total buffer size:4096 KB, total sessions:1, uid:1071 session name: ""
09-01 23:34:54.304   338   338 I perfetto: probes_producer.cc:230  Ftrace setup (target_buf=36)
09-01 23:34:54.318   501   532 D EventSequenceValidator: dec AccIntentStartedEvents to 1
09-01 23:34:54.382   312   466 D AudioFlinger: mixer(0xe8438030) throttle end: throttle time(2)
09-01 23:34:54.389 10239 10277 D OpenGLRenderer: endAllActiveAnimators on 0xecf9abd0 (RippleDrawable) with handle 0xbfb393b0
09-01 23:34:54.391   290  5663 D goldfish-address-space: claimShared: Ask to claim region [0x3f163e000 0x3f1fa3000]
09-01 23:34:54.406   501  2382 I system_server: oneway function results will be dropped but finished with status OK and parcel size 4
09-01 23:34:54.435 10239 10239 D LifecycleMonitor: Lifecycle status change: com.example.app1.settings.menu.MenuActivity@1bd4230 in: PAUSED
09-01 23:34:54.442   501  1975 W InputReader: Device virtio_input_multi_touch_9 is associated with display ADISPLAY_ID_NONE.
09-01 23:34:54.442   501  1975 W InputReader: Device virtio_input_multi_touch_6 is associated with display ADISPLAY_ID_NONE.
09-01 23:34:54.442   501  1975 W InputReader: Device virtio_input_multi_touch_3 is associated with display ADISPLAY_ID_NONE.
09-01 23:34:54.442   501  1975 W InputReader: Device virtio_input_multi_touch_7 is associated with display ADISPLAY_ID_NONE.
09-01 23:34:54.442   501  1975 W InputReader: Device virtio_input_multi_touch_8 is associated with display ADISPLAY_ID_NONE.
09-01 23:34:54.442   501  1975 W InputReader: Device virtio_input_multi_touch_10 is associated with display ADISPLAY_ID_NONE.
09-01 23:34:54.443   501  1975 W InputReader: Device virtio_input_multi_touch_4 is associated with display ADISPLAY_ID_NONE.
09-01 23:34:54.443   501  1975 W InputReader: Device virtio_input_multi_touch_11 is associated with display ADISPLAY_ID_NONE.
09-01 23:34:54.443   501  1975 W InputReader: Device virtio_input_multi_touch_5 is associated with display ADISPLAY_ID_NONE.
09-01 23:34:54.443   501  1975 W InputReader: Device virtio_input_multi_touch_2 is associated with display ADISPLAY_ID_NONE.
09-01 23:34:54.444   501  1975 W InputReader: Device virtio_input_multi_touch_9 is associated with display ADISPLAY_ID_NONE.
09-01 23:34:54.444   501  1975 W InputReader: Device virtio_input_multi_touch_6 is associated with display ADISPLAY_ID_NONE.
09-01 23:34:54.444   501  1975 W InputReader: Device virtio_input_multi_touch_3 is associated with display ADISPLAY_ID_NONE.
09-01 23:34:54.444   501  1975 W InputReader: Device virtio_input_multi_touch_7 is associated with display ADISPLAY_ID_NONE.
09-01 23:34:54.444   501  1975 W InputReader: Device virtio_input_multi_touch_8 is associated with display ADISPLAY_ID_NONE.
09-01 23:34:54.444   501  1975 W InputReader: Device virtio_input_multi_touch_10 is associated with display ADISPLAY_ID_NONE.
09-01 23:34:54.444   501  1975 W InputReader: Device virtio_input_multi_touch_4 is associated with display ADISPLAY_ID_NONE.
09-01 23:34:54.444   501  1975 W InputReader: Device virtio_input_multi_touch_11 is associated with display ADISPLAY_ID_NONE.
09-01 23:34:54.444   501  1975 W InputReader: Device virtio_input_multi_touch_5 is associated with display ADISPLAY_ID_NONE.
09-01 23:34:54.444   501  1975 W InputReader: Device virtio_input_multi_touch_2 is associated with display ADISPLAY_ID_NONE.
09-01 23:34:54.470 10239 10239 D LifecycleMonitor: Lifecycle status change: com.example.app1.MainActivity@dd02089 in: DESTROYED
09-01 23:34:54.493 10239 10239 D LifecycleMonitor: Lifecycle status change: com.example.app1.authentication.LoginActivity@fc36334 in: DESTROYED
09-01 23:34:54.623 10239 10239 D LifecycleMonitor: Lifecycle status change: com.example.app1.authentication.LoginActivity@8972c93 in: PRE_ON_CREATE
09-01 23:34:54.657   338   338 I perfetto: ftrace_procfs.cc:176    enabled ftrace
09-01 23:34:54.736 10239 10239 D LifecycleMonitor: Lifecycle status change: com.example.app1.authentication.LoginActivity@8972c93 in: CREATED
09-01 23:34:54.739 10239 10239 D LifecycleMonitor: Lifecycle status change: com.example.app1.authentication.LoginActivity@8972c93 in: STARTED
09-01 23:34:54.742 10239 10239 D LifecycleMonitor: Lifecycle status change: com.example.app1.authentication.LoginActivity@8972c93 in: RESUMED
09-01 23:34:54.784   290  5663 D goldfish-address-space: claimShared: Ask to claim region [0x3f1fa3000 0x3f2854000]
09-01 23:34:54.791   290  5663 D goldfish-address-space: claimShared: Ask to claim region [0x3f0c06000 0x3f14b7000]
09-01 23:34:54.809   290   400 D goldfish-address-space: claimShared: Ask to claim region [0x3f5c2f000 0x3f64e0000]
09-01 23:34:54.828   290  5663 D goldfish-address-space: claimShared: Ask to claim region [0x3f64e0000 0x3f6e45000]
09-01 23:34:54.991   501   537 I ActivityTaskManager: Displayed com.example.app1/.authentication.LoginActivity: +743ms
09-01 23:34:55.095   705   719 I ndroid.systemu: NativeAlloc concurrent copying GC freed 2294(197KB) AllocSpace objects, 0(0B) LOS objects, 49% free, 7460KB/14MB, paused 64us total 767.250ms
09-01 23:34:55.192 10239 10239 D LifecycleMonitor: Lifecycle status change: com.example.app1.settings.menu.MenuActivity@1bd4230 in: STOPPED
09-01 23:34:55.193 10239 10239 D LifecycleMonitor: Lifecycle status change: com.example.app1.settings.menu.MenuActivity@1bd4230 in: DESTROYED
09-01 23:34:56.224 10239 10239 I ViewInteraction: Checking 'MatchesViewAssertion{viewMatcher=(view has effective visibility <VISIBLE> and view.getGlobalVisibleRect() to return non-empty rectangle)}' assertion on view view.getId() is <2131362094/com.example.app1:id/logo>
09-01 23:34:56.726 10239 10239 I ViewInteraction: Performing 'type text(test@test.com)' action on view should return first matching item
09-01 23:34:56.807 10239 10239 I AssistStructure: Flattened final assist data: 2552 bytes, containing 1 windows, 14 views
09-01 23:34:56.839  1380  1380 I KeyboardViewUtil: KeyboardViewUtil.getKeyboardHeightRatio():128 systemKeyboardHeightRatio:1.000000; userKeyboardHeightRatio:1.000000.
09-01 23:34:56.839  1380  1380 I AndroidIME: AbstractIme.onActivate():84 LatinIme.onActivate() : EditorInfo = Package = com.example.app1 : Type = Email : Learning = Disable : Suggestion = Show : AutoCorrection = Disable : Microphone = DisabledMic : NoPersonalizedLearning = Disable : AutoStartVoiceInput = Disable, IncognitoMode = false
09-01 23:34:56.839  1380  1380 I Delight5Facilitator: Delight5Facilitator.initializeForIme():561 initializeForIme() : Locale = [en_US], layout = qwerty
09-01 23:34:56.840  1380  1380 I VoiceInputManagerWrapper: VoiceInputManagerWrapper.cancelShutdown():55 cancelShutdown()
09-01 23:34:56.840  1380  1380 I VoiceInputManagerWrapper: VoiceInputManagerWrapper.syncLanguagePacks():67 syncLanguagePacks()
09-01 23:34:56.840  1380  3859 I SpeechFactory: SpeechRecognitionFactory.maybeScheduleAutoPackDownloadForFallback():160 maybeScheduleAutoPackDownloadForFallback()
09-01 23:34:56.840  1380  3859 I FallbackOnDeviceRecognitionProvider: FallbackOnDeviceRecognitionProvider.maybeScheduleAutoPackDownload():197 maybeScheduleAutoPackDownload() for language tag en-US
09-01 23:34:56.842  1380  1380 I KeyboardWrapper: KeyboardWrapper.consumeEvent():264 Skip consuming an event as current keyboard is deactivated (state=0, keyboard existence=true)
09-01 23:34:56.854  9030  9030 W qei     : Pending fill request while another request in the same session was triggered. [CONTEXT service_id=177 ]
09-01 23:34:56.881  1380  1380 I KeyboardViewHelper: KeyboardViewHelper.getView():164 Get view with height ratio:1.000000; experiment height ratio:1.000000.
09-01 23:34:56.881  1400  1400 V InlineSuggestionRenderService: handleDestroySuggestionViews called for 0:627479879
09-01 23:34:56.910  1380  1380 W KeyboardModeManager: KeyboardModeManager.setInputView():302 setInputView() : inputView = com.google.android.apps.inputmethod.libs.framework.core.InputView{c127a55 V.E...... ......ID 0,0-1080,1977}
09-01 23:34:56.910  1380  1380 I ConversationToQueryExtension: ConversationToQueryExtension.isEnabledForHostApp():252 Conv2Query not enabled due to current app [com.example.app1] not in whitelist
09-01 23:34:56.910  1380  1380 I ConversationToQueryExtension: ConversationToQueryExtension.onActivate():162 onActivate() : Disabled by unsupported host app
09-01 23:34:56.910  1380  1380 I CurrentMicStatusHolder: CurrentMicStatusHolder.onStartInputView():79 Current Mic status = {MicIconHidden-EmailInputType,}
09-01 23:34:56.910  1380  1380 I VoiceImeExtension: VoiceImeExtension.shouldStartVoiceInputAutomatically():336 No private IME option set to start voice input.
09-01 23:34:56.921 10818 10818 D BoundBrokerSvc: onBind: Intent { act=com.google.android.gms.common.BIND_SHARED_PREFS pkg=com.google.android.gms }
09-01 23:34:56.921 10818 10818 D BoundBrokerSvc: Loading bound service for intent: Intent { act=com.google.android.gms.common.BIND_SHARED_PREFS pkg=com.google.android.gms }
09-01 23:34:56.928   290  5663 D goldfish-address-space: claimShared: Ask to claim region [0x3f64e0000 0x3f6d91000]
09-01 23:34:56.934 10818 10818 D BoundBrokerSvc: onUnbind: Intent { act=com.google.android.gms.common.BIND_SHARED_PREFS pkg=com.google.android.gms }
09-01 23:34:56.945   290  5663 D goldfish-address-space: claimShared: Ask to claim region [0x3f6d91000 0x3f7642000]
09-01 23:34:56.947   290  5663 D goldfish-address-space: claimShared: Ask to claim region [0x3f4000000 0x3f48b1000]
09-01 23:34:56.962 10818 10818 D BoundBrokerSvc: onBind: Intent { act=com.google.android.gms.common.BIND_SHARED_PREFS pkg=com.google.android.gms }
09-01 23:34:56.962 10818 10818 D BoundBrokerSvc: Loading bound service for intent: Intent { act=com.google.android.gms.common.BIND_SHARED_PREFS pkg=com.google.android.gms }
09-01 23:34:56.975 10818 10818 D BoundBrokerSvc: onUnbind: Intent { act=com.google.android.gms.common.BIND_SHARED_PREFS pkg=com.google.android.gms }
09-01 23:34:57.071   290  5663 D goldfish-address-space: claimShared: Ask to claim region [0x3f48b1000 0x3f5162000]
09-01 23:34:57.105   290  5663 D goldfish-address-space: claimShared: Ask to claim region [0x3f14b7000 0x3f1d68000]
09-01 23:34:57.112 10239 10239 D UiControllerImpl: Injecting string: "test@test.com"
09-01 23:34:57.141   290  5663 D goldfish-address-space: claimShared: Ask to claim region [0x3f1d68000 0x3f2619000]
09-01 23:34:57.361  1380  2546 I native  : input-context-store.cc:173 Ignoring stale client request for FetchSuggestions
09-01 23:34:57.390   501  2172 I system_server: oneway function results will be dropped but finished with status OK and parcel size 4
09-01 23:34:57.395  1380  1380 W InputContextProxy: InputContextProxy.applyClientDiffInternal():832 Ignore [FetchSuggestions] diff due to stale request: 414<425, inputStateId=344, lastInputStateId=344
09-01 23:34:57.449  1380  1380 E InputContextLock: InputContextLock.maybeTrackAcquireLockTime():29 Acquire InputContextLock takes 4 ms, mainThreadForSure=true.
09-01 23:34:57.745 10239 10239 I ViewInteraction: Performing 'type text(password_not_matching)' action on view should return first matching item
09-01 23:34:57.792  1380  1380 W TooltipLifecycleManager: TooltipLifecycleManager.dismissTooltip():130 dismissTooltip(): tooltip with id inline_suggestion_tooltip not found in tooltipManager.
09-01 23:34:57.792  1380  1380 W TooltipLifecycleManager: TooltipLifecycleManager.dismissTooltip():130 dismissTooltip(): tooltip with id inline_suggestion_tooltip not found in tooltipManager.
09-01 23:34:57.797  1380  1380 I KeyboardWrapper: KeyboardWrapper.consumeEvent():264 Skip consuming an event as current keyboard is deactivated (state=0, keyboard existence=true)
09-01 23:34:57.797  1380  1380 I VoiceInputManagerWrapper: VoiceInputManagerWrapper.shutdown():77 shutdown()
09-01 23:34:57.798  1380  1380 I AndroidIME: AbstractIme.onDeactivate():161 LatinIme.onDeactivate()
09-01 23:34:57.808 10239 10239 W IInputConnectionWrapper: beginBatchEdit on inactive InputConnection
09-01 23:34:57.808 10239 10239 W IInputConnectionWrapper: endBatchEdit on inactive InputConnection
09-01 23:34:57.830  1380  1380 I KeyboardViewUtil: KeyboardViewUtil.getKeyboardHeightRatio():128 systemKeyboardHeightRatio:1.000000; userKeyboardHeightRatio:1.000000.
09-01 23:34:57.830  1380  1380 I AndroidIME: AbstractIme.onActivate():84 PasswordIme.onActivate() : EditorInfo = Package = com.example.app1 : Type = Password : Learning = Disable : Suggestion = Hide : AutoCorrection = Disable : Microphone = Hide : NoPersonalizedLearning = Disable : AutoStartVoiceInput = Disable, IncognitoMode = false
09-01 23:34:57.847  1380  1380 I KeyboardViewHelper: KeyboardViewHelper.getView():164 Get view with height ratio:1.000000; experiment height ratio:1.000000.
09-01 23:34:57.863  1380  1380 W TooltipLifecycleManager: TooltipLifecycleManager.dismissTooltip():130 dismissTooltip(): tooltip with id inline_suggestion_tooltip not found in tooltipManager.
09-01 23:34:57.865  1380  1380 W KeyboardModeManager: KeyboardModeManager.setInputView():302 setInputView() : inputView = com.google.android.apps.inputmethod.libs.framework.core.InputView{c127a55 V.E...... ......ID 0,0-1080,1977}
09-01 23:34:57.865  1380  1380 I ConversationToQueryExtension: ConversationToQueryExtension.isEnabledForHostApp():252 Conv2Query not enabled due to current app [com.example.app1] not in whitelist
09-01 23:34:57.865  1380  1380 I ConversationToQueryExtension: ConversationToQueryExtension.onActivate():162 onActivate() : Disabled by unsupported host app
09-01 23:34:57.865  1380  1380 I CurrentMicStatusHolder: CurrentMicStatusHolder.onStartInputView():79 Current Mic status = {MicIconHidden-PasswordOrNumberOrDateInputType,}
09-01 23:34:57.865  1380  1380 I VoiceImeExtension: VoiceImeExtension.shouldStartVoiceInputAutomatically():336 No private IME option set to start voice input.
09-01 23:34:57.917 10818 10818 D BoundBrokerSvc: onBind: Intent { act=com.google.android.gms.common.BIND_SHARED_PREFS pkg=com.google.android.gms }
