09-01 23:35:46.727   290  5663 D goldfish-address-space: claimShared: Ask to claim region [0x3f4000000 0x3f4965000]
09-01 23:35:46.853   290  5663 D goldfish-address-space: claimShared: Ask to claim region [0x3f1b7a000 0x3f24df000]
09-01 23:35:46.973 10239 10945 D FirebaseAuth: Notifying id token listeners about user ( aSFkVLKXLwasyKUPJ8G4wYQJS9M2 ).
09-01 23:35:46.973 10239 10945 D FirebaseAuth: Notifying auth state listeners about user ( aSFkVLKXLwasyKUPJ8G4wYQJS9M2 ).
09-01 23:35:47.046   290  5663 D goldfish-address-space: claimShared: Ask to claim region [0x3f2e44000 0x3f3447000]
09-01 23:35:47.119   501   532 D EventSequenceValidator: inc AccIntentStartedEvents to 2
09-01 23:35:47.143   339   339 I perfetto: ing_service_impl.cc:758 Configured tracing session 41, #sources:1, duration:5000 ms, #buffers:1, total buffer size:4096 KB, total sessions:2, uid:1071 session name: ""
09-01 23:35:47.145   338   338 I perfetto: probes_producer.cc:230  Ftrace setup (target_buf=41)
09-01 23:35:47.156   501   532 D EventSequenceValidator: dec AccIntentStartedEvents to 1
09-01 23:35:47.162 10239 10239 D LifecycleMonitor: Lifecycle status change: com.example.app1.authentication.SimpleSignInActivity@d991f4b in: PAUSED
09-01 23:35:47.182   501   631 W InputReader: Device virtio_input_multi_touch_9 is associated with display ADISPLAY_ID_NONE.
09-01 23:35:47.182   501   631 W InputReader: Device virtio_input_multi_touch_6 is associated with display ADISPLAY_ID_NONE.
09-01 23:35:47.182   501   631 W InputReader: Device virtio_input_multi_touch_3 is associated with display ADISPLAY_ID_NONE.
09-01 23:35:47.182   501   631 W InputReader: Device virtio_input_multi_touch_7 is associated with display ADISPLAY_ID_NONE.
09-01 23:35:47.182   501   631 W InputReader: Device virtio_input_multi_touch_8 is associated with display ADISPLAY_ID_NONE.
09-01 23:35:47.183   501   631 W InputReader: Device virtio_input_multi_touch_10 is associated with display ADISPLAY_ID_NONE.
09-01 23:35:47.183   501   631 W InputReader: Device virtio_input_multi_touch_4 is associated with display ADISPLAY_ID_NONE.
09-01 23:35:47.183   501   631 W InputReader: Device virtio_input_multi_touch_11 is associated with display ADISPLAY_ID_NONE.
09-01 23:35:47.183   501   631 W InputReader: Device virtio_input_multi_touch_5 is associated with display ADISPLAY_ID_NONE.
09-01 23:35:47.183   501   631 W InputReader: Device virtio_input_multi_touch_2 is associated with display ADISPLAY_ID_NONE.
09-01 23:35:47.197   501   631 W InputReader: Device virtio_input_multi_touch_9 is associated with display ADISPLAY_ID_NONE.
09-01 23:35:47.197   501   631 W InputReader: Device virtio_input_multi_touch_6 is associated with display ADISPLAY_ID_NONE.
09-01 23:35:47.197   501   631 W InputReader: Device virtio_input_multi_touch_3 is associated with display ADISPLAY_ID_NONE.
09-01 23:35:47.197   501   631 W InputReader: Device virtio_input_multi_touch_7 is associated with display ADISPLAY_ID_NONE.
09-01 23:35:47.197   501   631 W InputReader: Device virtio_input_multi_touch_8 is associated with display ADISPLAY_ID_NONE.
09-01 23:35:47.197   501   631 W InputReader: Device virtio_input_multi_touch_10 is associated with display ADISPLAY_ID_NONE.
09-01 23:35:47.197   501   631 W InputReader: Device virtio_input_multi_touch_4 is associated with display ADISPLAY_ID_NONE.
09-01 23:35:47.197   501   631 W InputReader: Device virtio_input_multi_touch_11 is associated with display ADISPLAY_ID_NONE.
09-01 23:35:47.197   501   631 W InputReader: Device virtio_input_multi_touch_5 is associated with display ADISPLAY_ID_NONE.
09-01 23:35:47.197   501   631 W InputReader: Device virtio_input_multi_touch_2 is associated with display ADISPLAY_ID_NONE.
09-01 23:35:47.277   290  5663 D goldfish-address-space: claimShared: Ask to claim region [0x3f3447000 0x3f3480000]
09-01 23:35:47.312   290  5663 D goldfish-address-space: claimShared: Ask to claim region [0x3f3480000 0x3f34b9000]
09-01 23:35:47.365 10239 10239 D LifecycleMonitor: Lifecycle status change: com.example.app1.MainActivity@f7f60c9 in: PRE_ON_CREATE
09-01 23:35:47.365   290  5663 D goldfish-address-space: claimShared: Ask to claim region [0x3f34b9000 0x3f34f2000]
09-01 23:35:47.496 10239 10351 W SyncTree: Listen at /users/aSFkVLKXLwasyKUPJ8G4wYQJS9M2/topics failed: DatabaseError: Permission denied
09-01 23:35:47.540 10239 10239 D LifecycleMonitor: Lifecycle status change: com.example.app1.MainActivity@f7f60c9 in: CREATED
09-01 23:35:47.560 10239 10239 D LifecycleMonitor: Lifecycle status change: com.example.app1.MainActivity@f7f60c9 in: STARTED
09-01 23:35:47.563 10239 10239 D LifecycleMonitor: Lifecycle status change: com.example.app1.MainActivity@f7f60c9 in: RESUMED
09-01 23:35:47.574 10239 10239 W ERROR UPDATING DATA: Failed to read value.
09-01 23:35:47.574 10239 10239 W ERROR UPDATING DATA: com.google.firebase.database.DatabaseException: Firebase Database error: Permission denied
09-01 23:35:47.574 10239 10239 W ERROR UPDATING DATA: 	at com.google.firebase.database.DatabaseError.toException(DatabaseError.java:230)
09-01 23:35:47.574 10239 10239 W ERROR UPDATING DATA: 	at com.example.app1.MainActivity$onCreate$3.onCancelled(MainActivity.kt:107)
09-01 23:35:47.574 10239 10239 W ERROR UPDATING DATA: 	at com.google.firebase.database.core.ValueEventRegistration.fireCancelEvent(ValueEventRegistration.java:80)
09-01 23:35:47.574 10239 10239 W ERROR UPDATING DATA: 	at com.google.firebase.database.core.view.CancelEvent.fire(CancelEvent.java:40)
09-01 23:35:47.574 10239 10239 W ERROR UPDATING DATA: 	at com.google.firebase.database.core.view.EventRaiser$1.run(EventRaiser.java:55)
09-01 23:35:47.574 10239 10239 W ERROR UPDATING DATA: 	at android.os.Handler.handleCallback(Handler.java:938)
09-01 23:35:47.574 10239 10239 W ERROR UPDATING DATA: 	at android.os.Handler.dispatchMessage(Handler.java:99)
09-01 23:35:47.574 10239 10239 W ERROR UPDATING DATA: 	at androidx.test.espresso.base.Interrogator.loopAndInterrogate(Interrogator.java:14)
09-01 23:35:47.574 10239 10239 W ERROR UPDATING DATA: 	at androidx.test.espresso.base.UiControllerImpl.loopUntil(UiControllerImpl.java:8)
09-01 23:35:47.574 10239 10239 W ERROR UPDATING DATA: 	at androidx.test.espresso.base.UiControllerImpl.loopUntil(UiControllerImpl.java:1)
09-01 23:35:47.574 10239 10239 W ERROR UPDATING DATA: 	at androidx.test.espresso.base.UiControllerImpl.loopMainThreadForAtLeast(UiControllerImpl.java:8)
09-01 23:35:47.574 10239 10239 W ERROR UPDATING DATA: 	at androidx.test.espresso.action.GeneralClickAction.perform(GeneralClickAction.java:18)
09-01 23:35:47.574 10239 10239 W ERROR UPDATING DATA: 	at androidx.test.espresso.ViewInteraction$SingleExecutionViewAction.perform(ViewInteraction.java:2)
09-01 23:35:47.574 10239 10239 W ERROR UPDATING DATA: 	at androidx.test.espresso.ViewInteraction.doPerform(ViewInteraction.java:22)
09-01 23:35:47.574 10239 10239 W ERROR UPDATING DATA: 	at androidx.test.espresso.ViewInteraction.access$100(ViewInteraction.java:1)
09-01 23:35:47.574 10239 10239 W ERROR UPDATING DATA: 	at androidx.test.espresso.ViewInteraction$1.call(ViewInteraction.java:2)
09-01 23:35:47.574 10239 10239 W ERROR UPDATING DATA: 	at androidx.test.espresso.ViewInteraction$1.call(ViewInteraction.java:1)
09-01 23:35:47.574 10239 10239 W ERROR UPDATING DATA: 	at java.util.concurrent.FutureTask.run(FutureTask.java:266)
09-01 23:35:47.574 10239 10239 W ERROR UPDATING DATA: 	at android.os.Handler.handleCallback(Handler.java:938)
09-01 23:35:47.574 10239 10239 W ERROR UPDATING DATA: 	at android.os.Handler.dispatchMessage(Handler.java:99)
09-01 23:35:47.574 10239 10239 W ERROR UPDATING DATA: 	at android.os.Looper.loop(Looper.java:223)
09-01 23:35:47.574 10239 10239 W ERROR UPDATING DATA: 	at android.app.ActivityThread.main(ActivityThread.java:7656)
09-01 23:35:47.574 10239 10239 W ERROR UPDATING DATA: 	at java.lang.reflect.Method.invoke(Native Method)
09-01 23:35:47.574 10239 10239 W ERROR UPDATING DATA: 	at com.android.internal.os.RuntimeInit$MethodAndArgsCaller.run(RuntimeInit.java:592)
09-01 23:35:47.574 10239 10239 W ERROR UPDATING DATA: 	at com.android.internal.os.ZygoteInit.main(ZygoteInit.java:947)
09-01 23:35:47.602 10239 10239 E RecyclerView: No adapter attached; skipping layout
09-01 23:35:47.605   290  5663 D goldfish-address-space: claimShared: Ask to claim region [0x3f34f2000 0x3f3e57000]
09-01 23:35:47.609   290  5663 D goldfish-address-space: claimShared: Ask to claim region [0x3f4965000 0x3f52ca000]
09-01 23:35:47.610   290  5663 D goldfish-address-space: claimShared: Ask to claim region [0x3f52ca000 0x3f5c2f000]
09-01 23:35:47.680   501   537 I ActivityTaskManager: Displayed com.example.app1/.MainActivity: +560ms
09-01 23:35:47.719   705   719 I ndroid.systemu: NativeAlloc concurrent copying GC freed 4491(226KB) AllocSpace objects, 0(0B) LOS objects, 49% free, 7513KB/14MB, paused 1.570ms total 597.020ms
09-01 23:35:48.251 10239 10239 D LifecycleMonitor: Lifecycle status change: com.example.app1.authentication.LoginActivity@2a77f84 in: STOPPED
09-01 23:35:48.386 10239 10239 D LifecycleMonitor: Lifecycle status change: com.example.app1.authentication.SimpleSignInActivity@d991f4b in: STOPPED
09-01 23:35:48.391 10239 10239 D LifecycleMonitor: Lifecycle status change: com.example.app1.authentication.SimpleSignInActivity@d991f4b in: DESTROYED
09-01 23:35:48.991   501  2382 I system_server: oneway function results will be dropped but finished with status OK and parcel size 4
09-01 23:35:49.273 10239 10251 I om.example.app: Background young concurrent copying GC freed 92898(4510KB) AllocSpace objects, 50(4512KB) LOS objects, 45% free, 10MB/19MB, paused 22us total 124.196ms
09-01 23:35:49.310 10239 10253 W System  : A resource failed to call end.
09-01 23:35:49.667 10239 10816 W System.err: java.io.FileNotFoundException: https://st.ilfattoquotidiano.it/wp-content/themes/ifq-2019/assets/img/ifq-logo-squared.png
09-01 23:35:49.667 10239 10816 W System.err: 	at com.android.okhttp.internal.huc.HttpURLConnectionImpl.getInputStream(HttpURLConnectionImpl.java:255)
09-01 23:35:49.667 10239 10816 W System.err: 	at com.android.okhttp.internal.huc.DelegatingHttpsURLConnection.getInputStream(DelegatingHttpsURLConnection.java:211)
09-01 23:35:49.694 10239 10816 W System.err: 	at com.android.okhttp.internal.huc.HttpsURLConnectionImpl.getInputStream(HttpsURLConnectionImpl.java:30)
09-01 23:35:49.694 10239 10816 W System.err: 	at com.example.app1.CustomFeeder.getIcon(CustomFeeder.kt:173)
09-01 23:35:49.694 10239 10816 W System.err: 	at com.example.app1.CustomFeeder$setFeed$1.invokeSuspend(CustomFeeder.kt:112)
09-01 23:35:49.701 10239 10816 W System.err: 	at kotlin.coroutines.jvm.internal.BaseContinuationImpl.resumeWith(ContinuationImpl.kt:33)
09-01 23:35:49.701 10239 10816 W System.err: 	at kotlinx.coroutines.DispatchedTask.run(DispatchedTask.kt:106)
09-01 23:35:49.701 10239 10816 W System.err: 	at kotlinx.coroutines.internal.LimitedDispatcher.run(LimitedDispatcher.kt:42)
09-01 23:35:49.701 10239 10816 W System.err: 	at kotlinx.coroutines.scheduling.TaskImpl.run(Tasks.kt:95)
09-01 23:35:49.701 10239 10816 W System.err: 	at kotlinx.coroutines.scheduling.CoroutineScheduler.runSafely(CoroutineScheduler.kt:570)
09-01 23:35:49.701 10239 10816 W System.err: 	at kotlinx.coroutines.scheduling.CoroutineScheduler$Worker.executeTask(CoroutineScheduler.kt:749)
09-01 23:35:49.701 10239 10816 W System.err: 	at kotlinx.coroutines.scheduling.CoroutineScheduler$Worker.runWorker(CoroutineScheduler.kt:677)
09-01 23:35:49.701 10239 10816 W System.err: 	at kotlinx.coroutines.scheduling.CoroutineScheduler$Worker.run(CoroutineScheduler.kt:664)
09-01 23:35:50.490 10239 10251 I om.example.app: Background concurrent copying GC freed 93066(4496KB) AllocSpace objects, 53(8436KB) LOS objects, 49% free, 13MB/27MB, paused 60us total 347.829ms
09-01 23:35:50.924   338   338 I perfetto: probes_producer.cc:329  Producer stop (id=40)
09-01 23:35:50.930   339   339 I perfetto: ng_service_impl.cc:1948 Tracing session 40 ended, total sessions:1
09-01 23:35:52.146   338   338 I perfetto: probes_producer.cc:329  Producer stop (id=41)
09-01 23:35:52.152   339   339 I perfetto: ng_service_impl.cc:1948 Tracing session 41 ended, total sessions:0
09-01 23:35:52.158   338   338 I perfetto: ftrace_procfs.cc:183    disabled ftrace
09-01 23:35:52.882 10239 10816 W System.err: java.io.FileNotFoundException: https://api-msfnews.mediaset.net/tgcom24/redirect/27493679
09-01 23:35:52.885 10239 10816 W System.err: 	at com.android.okhttp.internal.huc.HttpURLConnectionImpl.getInputStream(HttpURLConnectionImpl.java:255)
09-01 23:35:52.885 10239 10816 W System.err: 	at com.android.okhttp.internal.huc.DelegatingHttpsURLConnection.getInputStream(DelegatingHttpsURLConnection.java:211)
09-01 23:35:52.885 10239 10816 W System.err: 	at com.android.okhttp.internal.huc.HttpsURLConnectionImpl.getInputStream(HttpsURLConnectionImpl.java:30)
09-01 23:35:52.885 10239 10816 W System.err: 	at java.net.URL.openStream(URL.java:1072)
09-01 23:35:52.885 10239 10816 W System.err: 	at kotlin.io.TextStreamsKt.readBytes(ReadWrite.kt:150)
09-01 23:35:52.885 10239 10816 W System.err: 	at com.example.app1.CustomFeeder.getIcon(CustomFeeder.kt:148)
09-01 23:35:52.885 10239 10816 W System.err: 	at com.example.app1.CustomFeeder$setFeed$1.invokeSuspend(CustomFeeder.kt:112)
09-01 23:35:52.885 10239 10816 W System.err: 	at kotlin.coroutines.jvm.internal.BaseContinuationImpl.resumeWith(ContinuationImpl.kt:33)
09-01 23:35:52.885 10239 10816 W System.err: 	at kotlinx.coroutines.DispatchedTask.run(DispatchedTask.kt:106)
09-01 23:35:52.885 10239 10816 W System.err: 	at kotlinx.coroutines.internal.LimitedDispatcher.run(LimitedDispatcher.kt:42)
09-01 23:35:52.885 10239 10816 W System.err: 	at kotlinx.coroutines.scheduling.TaskImpl.run(Tasks.kt:95)
09-01 23:35:52.885 10239 10816 W System.err: 	at kotlinx.coroutines.scheduling.CoroutineScheduler.runSafely(CoroutineScheduler.kt:570)
09-01 23:35:52.885 10239 10816 W System.err: 	at kotlinx.coroutines.scheduling.CoroutineScheduler$Worker.executeTask(CoroutineScheduler.kt:749)
09-01 23:35:52.885 10239 10816 W System.err: 	at kotlinx.coroutines.scheduling.CoroutineScheduler$Worker.runWorker(CoroutineScheduler.kt:677)
09-01 23:35:52.885 10239 10816 W System.err: 	at kotlinx.coroutines.scheduling.CoroutineScheduler$Worker.run(CoroutineScheduler.kt:664)
09-01 23:35:53.578 10239 10251 I om.example.app: Background young concurrent copying GC freed 114564(4994KB) AllocSpace objects, 57(9048KB) LOS objects, 48% free, 13MB/27MB, paused 13.425ms total 71.153ms
09-01 23:35:54.580 10239 10816 W om.example.app: JNI critical lock held for 19.028ms on Thread[46,tid=10816,Runnable,Thread*=0xe5580010,peer=0x13700a48,"DefaultDispatcher-worker-2"]
09-01 23:35:55.043 10239 10251 I om.example.app: Background concurrent copying GC freed 128078(4860KB) AllocSpace objects, 98(13MB) LOS objects, 49% free, 9539KB/18MB, paused 42us total 148.412ms
09-01 23:35:55.152 10239 10253 W System  : A resource failed to call end.
09-01 23:35:55.152 10239 10253 I chatty  : uid=10155(com.example.app1) FinalizerDaemon identical 1 line
09-01 23:35:55.168 10239 10253 W System  : A resource failed to call end.
09-01 23:35:55.912 10239 10251 I om.example.app: Background young concurrent copying GC freed 2933(259KB) AllocSpace objects, 24(5708KB) LOS objects, 25% free, 13MB/18MB, paused 29.147ms total 235.892ms
09-01 23:35:57.961 10818 10818 D BoundBrokerSvc: onUnbind: Intent { act=com.google.android.gms.measurement.START pkg=com.google.android.gms }
09-01 23:35:58.440 10239 10251 I om.example.app: Background concurrent copying GC freed 75066(2996KB) AllocSpace objects, 66(7260KB) LOS objects, 49% free, 8464KB/16MB, paused 24us total 163.442ms
09-01 23:35:58.443 10239 10253 W System  : A resource failed to call end.
09-01 23:35:58.443 10239 10253 W System  : A resource failed to call end.
09-01 23:35:58.798 10818 10818 D BoundBrokerSvc: onUnbind: Intent { act=com.google.android.mdd.service.START dat=chimera-action:com.google.android.mdd.service.START cmp=com.google.android.gms/.chimera.GmsBoundBrokerService }
09-01 23:35:58.825 10239 10816 W System.err: org.xmlpull.v1.XmlPullParserException: name expected (position:START_TAG <a.length>@48:85 in java.io.InputStreamReader@3fd67db)
09-01 23:35:58.829 10239 10816 W System.err: 	at com.android.org.kxml2.io.KXmlParser.checkRelaxed(KXmlParser.java:305)
09-01 23:35:58.830 10239 10816 W System.err: 	at com.android.org.kxml2.io.KXmlParser.readName(KXmlParser.java:1548)
09-01 23:35:58.830 10239 10816 W System.err: 	at com.android.org.kxml2.io.KXmlParser.parseStartTag(KXmlParser.java:1091)
09-01 23:35:58.830 10239 10816 W System.err: 	at com.android.org.kxml2.io.KXmlParser.next(KXmlParser.java:372)
09-01 23:35:58.830 10239 10816 W System.err: 	at com.android.org.kxml2.io.KXmlParser.next(KXmlParser.java:313)
09-01 23:35:58.830 10239 10816 W System.err: 	at tw.ktrssreader.parser.AndroidParserBase.skip(AndroidParserBase.kt:145)
09-01 23:35:58.830 10239 10816 W System.err: 	at tw.ktrssreader.parser.AndroidParserBase.access$skip(AndroidParserBase.kt:69)
09-01 23:35:58.830 10239 10816 W System.err: 	at tw.ktrssreader.parser.AndroidParserBase.parseStandardChannel(AndroidParserBase.kt:466)
09-01 23:35:58.830 10239 10816 W System.err: 	at tw.ktrssreader.parser.AndroidRssStandardParser.parse(AndroidRssStandardParser.kt:27)
09-01 23:35:58.830 10239 10816 W System.err: 	at tw.ktrssreader.parser.AndroidRssStandardParser.parse(AndroidRssStandardParser.kt:22)
09-01 23:35:58.830 10239 10816 W System.err: 	at com.example.app1.CustomFeeder$setFeed$1.invokeSuspend(CustomFeeder.kt:255)
09-01 23:35:58.830 10239 10816 W System.err: 	at kotlin.coroutines.jvm.internal.BaseContinuationImpl.resumeWith(ContinuationImpl.kt:33)
09-01 23:35:58.830 10239 10816 W System.err: 	at kotlinx.coroutines.DispatchedTask.run(DispatchedTask.kt:106)
09-01 23:35:58.830 10239 10816 W System.err: 	at kotlinx.coroutines.internal.LimitedDispatcher.run(LimitedDispatcher.kt:42)
09-01 23:35:58.830 10239 10816 W System.err: 	at kotlinx.coroutines.scheduling.TaskImpl.run(Tasks.kt:95)
09-01 23:35:58.830 10239 10816 W System.err: 	at kotlinx.coroutines.scheduling.CoroutineScheduler.runSafely(CoroutineScheduler.kt:570)
09-01 23:35:58.830 10239 10816 W System.err: 	at kotlinx.coroutines.scheduling.CoroutineScheduler$Worker.executeTask(CoroutineScheduler.kt:749)
09-01 23:35:58.831 10239 10816 W System.err: 	at kotlinx.coroutines.scheduling.CoroutineScheduler$Worker.runWorker(CoroutineScheduler.kt:677)
09-01 23:35:58.831 10239 10816 W System.err: 	at kotlinx.coroutines.scheduling.CoroutineScheduler$Worker.run(CoroutineScheduler.kt:664)
09-01 23:35:59.760   411   411 E wifi_forwarder: qemu_pipe_open_ns:62: Could not connect to the 'pipe:qemud:wififorward' service: Invalid argument
09-01 23:35:59.761   411   411 E wifi_forwarder: RemoteConnection failed to initialize: RemoteConnection failed to open pipe
09-01 23:35:59.798 10818 10818 D BoundBrokerSvc: onUnbind: Intent { act=com.google.firebase.dynamiclinks.service.START pkg=com.google.android.gms }
09-01 23:35:59.885   409   409 E netmgr  : qemu_pipe_open_ns:62: Could not connect to the 'pipe:qemud:network' service: Invalid argument
09-01 23:35:59.885   409   409 E netmgr  : Failed to open QEMU pipe 'qemud:network': Invalid argument
09-01 23:36:00.563 10239 10277 I OpenGLRenderer: Davey! duration=1653ms; Flags=0, IntendedVsync=1895445863994, Vsync=1895445863994, OldestInputEvent=9223372036854775807, NewestInputEvent=0, HandleInputStart=1895448096217, AnimationStart=1895448097942, PerformTraversalsStart=1895448098483, DrawStart=1896806167895, SyncQueued=1897045004275, SyncStart=1897074834223, IssueDrawCommandsStart=1897091350545, SwapBuffers=1897108157025, FrameCompleted=1897129609977, DequeueBufferDuration=15216640, QueueBufferDuration=2125673, GpuCompleted=1892955162293,
09-01 23:36:04.617  1380  1459 I VoiceInputManagerWrapper: VoiceInputManagerWrapper.shutdownVoiceInternal():95 shutdownVoiceInternal()
09-01 23:36:26.649   197   215 E android.system.suspend@1.0-service: Error opening kernel wakelock stats for: wakeup34: Permission denied
09-01 23:36:26.648   197   197 W Binder:197_1: type=1400 audit(0.0:316): avc: denied { read } for name="wakeup34" dev="sysfs" ino=18627 scontext=u:r:system_suspend:s0 tcontext=u:object_r:sysfs:s0 tclass=dir permissive=0
09-01 23:36:26.656   197   197 W Binder:197_1: type=1400 audit(0.0:317): avc: denied { read } for name="wakeup35" dev="sysfs" ino=18690 scontext=u:r:system_suspend:s0 tcontext=u:object_r:sysfs:s0 tclass=dir permissive=0
09-01 23:36:26.659   197   215 E android.system.suspend@1.0-service: Error opening kernel wakelock stats for: wakeup35: Permission denied
09-01 23:36:27.882 10239 10239 I ViewInteraction: Checking 'MatchesViewAssertion{viewMatcher=(view has effective visibility <VISIBLE> and view.getGlobalVisibleRect() to return non-empty rectangle)}' assertion on view view.getId() is <2131362216/com.example.app1:id/rv>
09-01 23:36:32.512   197   197 W Binder:197_1: type=1400 audit(0.0:318): avc: denied { read } for name="wakeup34" dev="sysfs" ino=18627 scontext=u:r:system_suspend:s0 tcontext=u:object_r:sysfs:s0 tclass=dir permissive=0
09-01 23:36:32.514   197   215 E android.system.suspend@1.0-service: Error opening kernel wakelock stats for: wakeup34: Permission denied
09-01 23:36:32.525   197   215 E android.system.suspend@1.0-service: Error opening kernel wakelock stats for: wakeup35: Permission denied
09-01 23:36:32.524   197   197 W Binder:197_1: type=1400 audit(0.0:319): avc: denied { read } for name="wakeup35" dev="sysfs" ino=18690 scontext=u:r:system_suspend:s0 tcontext=u:object_r:sysfs:s0 tclass=dir permissive=0
09-01 23:36:50.697 10818 10850 I GMS_MM_Logger: Memory Metric Logging not allowed. Stopping.
09-01 23:36:59.771   411   411 E wifi_forwarder: qemu_pipe_open_ns:62: Could not connect to the 'pipe:qemud:wififorward' service: Invalid argument
09-01 23:36:59.771   411   411 E wifi_forwarder: RemoteConnection failed to initialize: RemoteConnection failed to open pipe
09-01 23:36:59.897   409   409 E netmgr  : qemu_pipe_open_ns:62: Could not connect to the 'pipe:qemud:network' service: Invalid argument
09-01 23:36:59.897   409   409 E netmgr  : Failed to open QEMU pipe 'qemud:network': Invalid argument
09-01 23:37:05.036   155   155 E SELinux : avc:  denied  { find } for interface=android.hardware.memtrack::IMemtrack sid=u:r:gmscore_app:s0:c512,c768 pid=10818 scontext=u:r:gmscore_app:s0:c512,c768 tcontext=u:object_r:hal_memtrack_hwservice:s0 tclass=hwservice_manager permissive=0
09-01 23:37:05.036 10818 11133 E memtrack: Couldn't load memtrack module
09-01 23:37:08.389 10239 10239 I ViewInteraction: Checking 'MatchesViewAssertion{viewMatcher=(view has effective visibility <VISIBLE> and view.getGlobalVisibleRect() to return non-empty rectangle)}' assertion on view view.getId() is <2131362216/com.example.app1:id/rv>
09-01 23:37:08.392 10239 10267 I TestRunner: finished: signUpAndSignInSuccessfully(com.example.app1.AuthenticationTests)
