08-10 00:09:04.129 21282 21309 I TestRunner: started: signUpAndSignInSuccessful(com.example.app1.AuthenticationTest)
08-10 00:09:04.136 21282 21309 D FirebaseAuth: Notifying id token listeners about a sign-out event.
08-10 00:09:04.136 21282 21309 D FirebaseAuth: Notifying auth state listeners about a sign-out event.
08-10 00:09:04.144   496   527 D EventSequenceValidator: Transition from INTENT_FAILED to INTENT_STARTED
08-10 00:09:04.175   496  2269 W InputReader: Device virtio_input_multi_touch_10 is associated with display ADISPLAY_ID_NONE.
08-10 00:09:04.175   496  2269 W InputReader: Device virtio_input_multi_touch_4 is associated with display ADISPLAY_ID_NONE.
08-10 00:09:04.175   496  2269 W InputReader: Device virtio_input_multi_touch_11 is associated with display ADISPLAY_ID_NONE.
08-10 00:09:04.175   496  2269 W InputReader: Device virtio_input_multi_touch_5 is associated with display ADISPLAY_ID_NONE.
08-10 00:09:04.175   496  2269 W InputReader: Device virtio_input_multi_touch_2 is associated with display ADISPLAY_ID_NONE.
08-10 00:09:04.175   496  2269 W InputReader: Device virtio_input_multi_touch_9 is associated with display ADISPLAY_ID_NONE.
08-10 00:09:04.175   496  2269 W InputReader: Device virtio_input_multi_touch_6 is associated with display ADISPLAY_ID_NONE.
08-10 00:09:04.175   496  2269 W InputReader: Device virtio_input_multi_touch_3 is associated with display ADISPLAY_ID_NONE.
08-10 00:09:04.175   496  2269 W InputReader: Device virtio_input_multi_touch_7 is associated with display ADISPLAY_ID_NONE.
08-10 00:09:04.175   496  2269 W InputReader: Device virtio_input_multi_touch_8 is associated with display ADISPLAY_ID_NONE.
08-10 00:09:04.176   496  2269 W InputReader: Device virtio_input_multi_touch_10 is associated with display ADISPLAY_ID_NONE.
08-10 00:09:04.176   496  2269 W InputReader: Device virtio_input_multi_touch_4 is associated with display ADISPLAY_ID_NONE.
08-10 00:09:04.176   496  2269 W InputReader: Device virtio_input_multi_touch_11 is associated with display ADISPLAY_ID_NONE.
08-10 00:09:04.176   496  2269 W InputReader: Device virtio_input_multi_touch_5 is associated with display ADISPLAY_ID_NONE.
08-10 00:09:04.176   496  2269 W InputReader: Device virtio_input_multi_touch_2 is associated with display ADISPLAY_ID_NONE.
08-10 00:09:04.176   496  2269 W InputReader: Device virtio_input_multi_touch_9 is associated with display ADISPLAY_ID_NONE.
08-10 00:09:04.176   496  2269 W InputReader: Device virtio_input_multi_touch_6 is associated with display ADISPLAY_ID_NONE.
08-10 00:09:04.176   496  2269 W InputReader: Device virtio_input_multi_touch_3 is associated with display ADISPLAY_ID_NONE.
08-10 00:09:04.176   496  2269 W InputReader: Device virtio_input_multi_touch_7 is associated with display ADISPLAY_ID_NONE.
08-10 00:09:04.176   496  2269 W InputReader: Device virtio_input_multi_touch_8 is associated with display ADISPLAY_ID_NONE.
08-10 00:09:04.178   496   527 D EventSequenceValidator: Transition from INTENT_STARTED to ACTIVITY_LAUNCHED
08-10 00:09:04.185   377   377 I perfetto: ing_service_impl.cc:758 Configured tracing session 92, #sources:1, duration:5000 ms, #buffers:1, total buffer size:4096 KB, total sessions:1, uid:1071 session name: ""
08-10 00:09:04.186   375   375 I perfetto: probes_producer.cc:230  Ftrace setup (target_buf=92)
08-10 00:09:04.224 21282 21311 V FA      : App measurement collection enabled
08-10 00:09:04.225 21282 21311 V FA      : App measurement enabled for app package, google app id: com.example.app1, 1:170761880293:android:00392cc91ea95a1ec18a0c
08-10 00:09:04.229   294   294 D goldfish-address-space: claimShared: Ask to claim region [0x3f2987000 0x3f32ec000]
08-10 00:09:04.272   426   426 E wifi_forwarder: qemu_pipe_open_ns:62: Could not connect to the 'pipe:qemud:wififorward' service: Invalid argument
08-10 00:09:04.272   426   426 E wifi_forwarder: RemoteConnection failed to initialize: RemoteConnection failed to open pipe
08-10 00:09:04.314   375   375 I perfetto: ftrace_procfs.cc:176    enabled ftrace
08-10 00:09:04.369 21282 21321 D libEGL  : loaded /vendor/lib/egl/libEGL_emulation.so
08-10 00:09:04.373 21282 21311 I FA      : App measurement initialized, version: 68000
08-10 00:09:04.373 21282 21311 I FA      : To enable debug logging run: adb shell setprop log.tag.FA VERBOSE
08-10 00:09:04.376 21282 21311 I FA      : To enable faster debug mode event logging run:
08-10 00:09:04.376 21282 21311 I FA      :   adb shell setprop debug.firebase.analytics.app com.example.app1
08-10 00:09:04.377 21282 21311 D FA      : Debug-level message logging enabled
08-10 00:09:04.379 21282 21321 D libEGL  : loaded /vendor/lib/egl/libGLESv1_CM_emulation.so
08-10 00:09:04.432 21282 21282 D LifecycleMonitor: Lifecycle status change: com.example.app1.authentication.LoginActivity@74fa122 in: PRE_ON_CREATE
08-10 00:09:04.446 21282 21321 D libEGL  : loaded /vendor/lib/egl/libGLESv2_emulation.so
08-10 00:09:04.497 21282 21305 V FA      : onActivityCreated
08-10 00:09:04.595 21282 21282 W om.example.app: Accessing hidden method Landroid/view/View;->computeFitSystemWindows(Landroid/graphics/Rect;Landroid/graphics/Rect;)Z (greylist, reflection, allowed)
08-10 00:09:04.612 21282 21282 W om.example.app: Accessing hidden method Landroid/view/ViewGroup;->makeOptionalFitsSystemWindows()V (greylist, reflection, allowed)
08-10 00:09:04.863 21282 21311 W om.example.app: Verification of com.google.firebase.installations.local.PersistedInstallationEntry com.google.firebase.installations.local.PersistedInstallation.insertOrUpdatePersistedInstallationEntry(com.google.firebase.installations.local.PersistedInstallationEntry) took 217.044ms (617.38 bytecodes/s) (2368B approximate peak alloc)
08-10 00:09:05.066 21282 21282 D LifecycleMonitor: Lifecycle status change: com.example.app1.authentication.LoginActivity@74fa122 in: CREATED
08-10 00:09:05.071  8857  9166 I FontLog : Received query Asap, URI content://com.google.android.gms.fonts [CONTEXT service_id=132 ]
08-10 00:09:05.071  8857  9166 I FontLog : Query [Asap] resolved to {Asap, wdth 100.0, wght 400, ital 0.0, bestEffort false} [CONTEXT service_id=132 ]
08-10 00:09:05.073 21282 21282 D LifecycleMonitor: Lifecycle status change: com.example.app1.authentication.LoginActivity@74fa122 in: STARTED
08-10 00:09:05.079 21282 21282 D LifecycleMonitor: Lifecycle status change: com.example.app1.authentication.LoginActivity@74fa122 in: RESUMED
08-10 00:09:05.106  8857  9166 I FontLog : Fetch {Asap, wdth 100.0, wght 400, ital 0.0, bestEffort false} end status Status{statusCode=SUCCESS, resolution=null} [CONTEXT service_id=132 ]
08-10 00:09:05.144 21282 21309 D EventInjectionStrategy: Creating injection strategy with input manager.
08-10 00:09:05.148 21282 21309 W om.example.app: Accessing hidden method Landroid/hardware/input/InputManager;->getInstance()Landroid/hardware/input/InputManager; (greylist, reflection, allowed)
08-10 00:09:05.149 21282 21309 W om.example.app: Accessing hidden method Landroid/hardware/input/InputManager;->injectInputEvent(Landroid/view/InputEvent;I)Z (greylist, reflection, allowed)
08-10 00:09:05.149 21282 21309 W om.example.app: Accessing hidden field Landroid/hardware/input/InputManager;->INJECT_INPUT_EVENT_MODE_WAIT_FOR_FINISH:I (greylist, reflection, allowed)
08-10 00:09:05.228  8857  9166 I FontLog : Pulling font file for id = 248, cache size = 8 [CONTEXT service_id=132 ]
08-10 00:09:05.326   294   294 D goldfish-address-space: claimShared: Ask to claim region [0x3f0000000 0x3f0965000]
08-10 00:09:05.336 21282 21319 D HostConnection: HostConnection::get() New Host Connection established 0xf6536f00, tid 21319
08-10 00:09:05.357 21282 21319 D HostConnection: HostComposition ext ANDROID_EMU_CHECKSUM_HELPER_v1 ANDROID_EMU_native_sync_v2 ANDROID_EMU_native_sync_v3 ANDROID_EMU_native_sync_v4 ANDROID_EMU_dma_v1 ANDROID_EMU_direct_mem ANDROID_EMU_host_composition_v1 ANDROID_EMU_host_composition_v2 ANDROID_EMU_vulkan ANDROID_EMU_deferred_vulkan_commands ANDROID_EMU_vulkan_null_optional_strings ANDROID_EMU_vulkan_create_resources_with_requirements ANDROID_EMU_YUV_Cache ANDROID_EMU_vulkan_ignored_handles ANDROID_EMU_has_shared_slots_host_memory_allocator ANDROID_EMU_vulkan_free_memory_sync ANDROID_EMU_vulkan_shader_float16_int8 ANDROID_EMU_vulkan_async_queue_submit ANDROID_EMU_sync_buffer_data ANDROID_EMU_read_color_buffer_dma GL_OES_EGL_image_external_essl3 GL_OES_vertex_array_object GL_KHR_texture_compression_astc_ldr ANDROID_EMU_host_side_tracing ANDROID_EMU_gles_max_version_3_0
08-10 00:09:05.365   155   155 I hwservicemanager: getTransport: Cannot find entry android.hardware.configstore@1.0::ISurfaceFlingerConfigs/default in either framework or device manifest.
08-10 00:09:05.366 21282 21319 W OpenGLRenderer: Failed to choose config with EGL_SWAP_BEHAVIOR_PRESERVED, retrying without...
08-10 00:09:05.367 21282 21319 D EGL_emulation: eglCreateContext: 0xf65371a0: maj 3 min 0 rcv 3
08-10 00:09:05.370 21282 21319 D EGL_emulation: eglMakeCurrent: 0xf65371a0: ver 3 0 (tinfo 0xf687f8b0) (first time)
08-10 00:09:05.382   294   294 D goldfish-address-space: claimShared: Ask to claim region [0x3f12ca000 0x3f1b7b000]
08-10 00:09:05.384   155   155 I hwservicemanager: getTransport: Cannot find entry android.hardware.graphics.mapper@4.0::IMapper/default in either framework or device manifest.
08-10 00:09:05.384 21282 21319 I Gralloc4: mapper 4.x is not supported
08-10 00:09:05.385 21282 21319 D HostConnection: createUnique: call
08-10 00:09:05.385 21282 21319 D HostConnection: HostConnection::get() New Host Connection established 0xf6536410, tid 21319
08-10 00:09:05.385 21282 21319 D goldfish-address-space: allocate: Ask for block of size 0x100
08-10 00:09:05.385 21282 21319 D goldfish-address-space: allocate: ioctl allocate returned offset 0x3efffe000 size 0x2000
08-10 00:09:05.492 21282 21319 D HostConnection: HostComposition ext ANDROID_EMU_CHECKSUM_HELPER_v1 ANDROID_EMU_native_sync_v2 ANDROID_EMU_native_sync_v3 ANDROID_EMU_native_sync_v4 ANDROID_EMU_dma_v1 ANDROID_EMU_direct_mem ANDROID_EMU_host_composition_v1 ANDROID_EMU_host_composition_v2 ANDROID_EMU_vulkan ANDROID_EMU_deferred_vulkan_commands ANDROID_EMU_vulkan_null_optional_strings ANDROID_EMU_vulkan_create_resources_with_requirements ANDROID_EMU_YUV_Cache ANDROID_EMU_vulkan_ignored_handles ANDROID_EMU_has_shared_slots_host_memory_allocator ANDROID_EMU_vulkan_free_memory_sync ANDROID_EMU_vulkan_shader_float16_int8 ANDROID_EMU_vulkan_async_queue_submit ANDROID_EMU_sync_buffer_data ANDROID_EMU_read_color_buffer_dma GL_OES_EGL_image_external_essl3 GL_OES_vertex_array_object GL_KHR_texture_compression_astc_ldr ANDROID_EMU_host_side_tracing ANDROID_EMU_gles_max_version_3_0
08-10 00:09:05.519   294   294 D goldfish-address-space: claimShared: Ask to claim region [0x3f7287000 0x3f7b38000]
08-10 00:09:05.545   294   294 D goldfish-address-space: claimShared: Ask to claim region [0x3f551c000 0x3f5dcd000]
08-10 00:09:05.814 21282 21282 I Choreographer: Skipped 37 frames!  The application may be doing too much work on its main thread.
08-10 00:09:05.839   496   528 I Choreographer: Skipped 30 frames!  The application may be doing too much work on its main thread.
08-10 00:09:05.854   496   532 D ArtManagerInternalImpl: /data/misc/iorapd/com.example.app1/1/com.example.app1.authentication.LoginActivity/compiled_traces/compiled_trace.pb doesn't exist
08-10 00:09:05.857   496   532 I ActivityTaskManager: Displayed com.example.app1/.authentication.LoginActivity: +1s710ms
08-10 00:09:05.864   496   527 D EventSequenceValidator: Transition from ACTIVITY_LAUNCHED to ACTIVITY_FINISHED
08-10 00:09:05.890  8857  9166 I FontLog : Received query Noto Color Emoji Compat, URI content://com.google.android.gms.fonts [CONTEXT service_id=132 ]
08-10 00:09:05.891  8857  9166 I FontLog : Query [emojicompat-emoji-font] resolved to {Noto Color Emoji Compat, wdth 100.0, wght 400, ital 0.0, bestEffort false} [CONTEXT service_id=132 ]
08-10 00:09:05.895  8857  9166 I FontLog : Fetch {Noto Color Emoji Compat, wdth 100.0, wght 400, ital 0.0, bestEffort false} end status Status{statusCode=SUCCESS, resolution=null} [CONTEXT service_id=132 ]
08-10 00:09:05.907  8857  9166 I FontLog : Pulling font file for id = 249, cache size = 6 [CONTEXT service_id=132 ]
08-10 00:09:05.912  8857  9166 I FontLog : Pulling font file for id = 249, cache size = 6 [CONTEXT service_id=132 ]
08-10 00:09:05.979 21282 21282 W om.example.app: Accessing hidden method Landroid/os/MessageQueue;->next()Landroid/os/Message; (greylist, reflection, allowed)
08-10 00:09:05.979 21282 21282 W om.example.app: Accessing hidden field Landroid/os/MessageQueue;->mMessages:Landroid/os/Message; (greylist, reflection, allowed)
08-10 00:09:05.979 21282 21282 W om.example.app: Accessing hidden method Landroid/os/Message;->recycleUnchecked()V (greylist, reflection, allowed)
08-10 00:09:06.044 21282 21282 W om.example.app: Accessing hidden method Landroid/view/WindowManagerGlobal;->getInstance()Landroid/view/WindowManagerGlobal; (greylist, reflection, allowed)
08-10 00:09:06.044 21282 21282 W om.example.app: Accessing hidden field Landroid/view/WindowManagerGlobal;->mViews:Ljava/util/ArrayList; (greylist, reflection, allowed)
08-10 00:09:06.044 21282 21282 W om.example.app: Accessing hidden field Landroid/view/WindowManagerGlobal;->mParams:Ljava/util/ArrayList; (greylist, reflection, allowed)
08-10 00:09:06.063 21282 21282 I ViewInteraction: Checking 'MatchesViewAssertion{viewMatcher=(view has effective visibility <VISIBLE> and view.getGlobalVisibleRect() to return non-empty rectangle)}' assertion on view view.getId() is <2131361971/com.example.app1:id/decoration_useSocial>
08-10 00:09:06.111  8992 19795 I PBSessionCacheImpl: Deleted sessionId[39548894299070154] from persistence.
08-10 00:09:06.189  8857  9019 I FontLog : Received query name=Quicksand&weight=700, URI content://com.google.android.gms.fonts [CONTEXT service_id=132 ]
08-10 00:09:06.190  8857  9019 I FontLog : Query [name=Quicksand&weight=700] resolved to {Quicksand, wdth 100.0, wght 700, ital 0.0, bestEffort false} [CONTEXT service_id=132 ]
08-10 00:09:06.228   384   594 E IPCThreadState: binder thread pool (1 threads) starved for 364 ms
08-10 00:09:06.241 21282 21294 I om.example.app: Background young concurrent copying GC freed 58801(4171KB) AllocSpace objects, 13(260KB) LOS objects, 85% free, 4287KB/28MB, paused 5.976ms total 1.142s
08-10 00:09:06.256  8857  9019 I FontLog : Fetch {Quicksand, wdth 100.0, wght 700, ital 0.0, bestEffort false} end status Status{statusCode=SUCCESS, resolution=null} [CONTEXT service_id=132 ]
08-10 00:09:06.379  8992  9060 W SearchServiceCore: Abort, client detached.
08-10 00:09:06.405  8857  9733 I FontLog : Pulling font file for id = 250, cache size = 7 [CONTEXT service_id=132 ]
08-10 00:09:06.477 21282 21311 V FA      : Connecting to remote service
08-10 00:09:06.485  8857  9733 I FontLog : Received query Rock Salt, URI content://com.google.android.gms.fonts [CONTEXT service_id=132 ]
08-10 00:09:06.485  8857  9733 I FontLog : Query [Rock Salt] resolved to {Rock Salt, wdth 100.0, wght 400, ital 0.0, bestEffort false} [CONTEXT service_id=132 ]
08-10 00:09:06.486  8857  9733 I FontLog : Fetch {Rock Salt, wdth 100.0, wght 400, ital 0.0, bestEffort false} end status Status{statusCode=SUCCESS, resolution=null} [CONTEXT service_id=132 ]
08-10 00:09:06.515  8857  9733 I FontLog : Pulling font file for id = 251, cache size = 6 [CONTEXT service_id=132 ]
08-10 00:09:06.533 10668 10668 D BoundBrokerSvc: onBind: Intent { act=com.google.android.gms.measurement.START pkg=com.google.android.gms }
08-10 00:09:06.533 10668 10668 D BoundBrokerSvc: Loading bound service for intent: Intent { act=com.google.android.gms.measurement.START pkg=com.google.android.gms }
08-10 00:09:06.549  8857  9733 I FontLog : Received query Asap, URI content://com.google.android.gms.fonts [CONTEXT service_id=132 ]
08-10 00:09:06.550  8857  9733 I FontLog : Query [Asap] resolved to {Asap, wdth 100.0, wght 400, ital 0.0, bestEffort false} [CONTEXT service_id=132 ]
08-10 00:09:06.552  8857  9733 I FontLog : Fetch {Asap, wdth 100.0, wght 400, ital 0.0, bestEffort false} end status Status{statusCode=SUCCESS, resolution=null} [CONTEXT service_id=132 ]
08-10 00:09:06.559  8857  9019 I FontLog : Pulling font file for id = 252, cache size = 7 [CONTEXT service_id=132 ]
08-10 00:09:06.568 21282 21309 W om.example.app: Accessing hidden method Landroid/view/ViewConfiguration;->getDoubleTapMinTime()I (greylist, reflection, allowed)
08-10 00:09:06.591 21282 21282 I ViewInteraction: Performing 'single click' action on view should return first matching item
08-10 00:09:06.599 21282 21311 V FA      : Connection attempt already in progress
08-10 00:09:06.610 21282 21311 V FA      : Connection attempt already in progress
08-10 00:09:06.610 21282 21311 V FA      : Activity resumed, time: 12686576
08-10 00:09:06.616 21282 21311 I FA      : Tag Manager is not found and thus will not be used
08-10 00:09:06.661   496   527 D EventSequenceValidator: Transition from ACTIVITY_FINISHED to INTENT_STARTED
08-10 00:09:06.680   496  1915 I system_server: oneway function results will be dropped but finished with status OK and parcel size 4
08-10 00:09:06.680   496  1915 I chatty  : uid=1000(system) Binder:496_17 identical 1 line
08-10 00:09:06.683   496  1915 I system_server: oneway function results will be dropped but finished with status OK and parcel size 4
08-10 00:09:06.701   496   527 D EventSequenceValidator: Transition from INTENT_STARTED to INTENT_FAILED
08-10 00:09:06.704 21282 21282 D LifecycleMonitor: Lifecycle status change: com.example.app1.authentication.LoginActivity@74fa122 in: PAUSED
08-10 00:09:06.707   496  1694 W InputReader: Device virtio_input_multi_touch_10 is associated with display ADISPLAY_ID_NONE.
08-10 00:09:06.707   496  1694 W InputReader: Device virtio_input_multi_touch_4 is associated with display ADISPLAY_ID_NONE.
08-10 00:09:06.707   496  1694 W InputReader: Device virtio_input_multi_touch_11 is associated with display ADISPLAY_ID_NONE.
08-10 00:09:06.707   496  1694 W InputReader: Device virtio_input_multi_touch_5 is associated with display ADISPLAY_ID_NONE.
08-10 00:09:06.707   496  1694 W InputReader: Device virtio_input_multi_touch_2 is associated with display ADISPLAY_ID_NONE.
08-10 00:09:06.707   496  1694 W InputReader: Device virtio_input_multi_touch_9 is associated with display ADISPLAY_ID_NONE.
08-10 00:09:06.707   496  1694 W InputReader: Device virtio_input_multi_touch_6 is associated with display ADISPLAY_ID_NONE.
08-10 00:09:06.707   496  1694 W InputReader: Device virtio_input_multi_touch_3 is associated with display ADISPLAY_ID_NONE.
08-10 00:09:06.707   496  1694 W InputReader: Device virtio_input_multi_touch_7 is associated with display ADISPLAY_ID_NONE.
08-10 00:09:06.707   496  1694 W InputReader: Device virtio_input_multi_touch_8 is associated with display ADISPLAY_ID_NONE.
08-10 00:09:06.707   496  1694 W InputReader: Device virtio_input_multi_touch_10 is associated with display ADISPLAY_ID_NONE.
08-10 00:09:06.708   496  1694 W InputReader: Device virtio_input_multi_touch_4 is associated with display ADISPLAY_ID_NONE.
08-10 00:09:06.708   496  1694 W InputReader: Device virtio_input_multi_touch_11 is associated with display ADISPLAY_ID_NONE.
08-10 00:09:06.708   496  1694 W InputReader: Device virtio_input_multi_touch_5 is associated with display ADISPLAY_ID_NONE.
08-10 00:09:06.708   496  1694 W InputReader: Device virtio_input_multi_touch_2 is associated with display ADISPLAY_ID_NONE.
08-10 00:09:06.708   496  1694 W InputReader: Device virtio_input_multi_touch_9 is associated with display ADISPLAY_ID_NONE.
08-10 00:09:06.708   496  1694 W InputReader: Device virtio_input_multi_touch_6 is associated with display ADISPLAY_ID_NONE.
08-10 00:09:06.708   496  1694 W InputReader: Device virtio_input_multi_touch_3 is associated with display ADISPLAY_ID_NONE.
08-10 00:09:06.708   496  1694 W InputReader: Device virtio_input_multi_touch_7 is associated with display ADISPLAY_ID_NONE.
08-10 00:09:06.708   496  1694 W InputReader: Device virtio_input_multi_touch_8 is associated with display ADISPLAY_ID_NONE.
08-10 00:09:06.756 21282 21282 D LifecycleMonitor: Lifecycle status change: com.example.app1.authentication.SignUpActivity@8dc4660 in: PRE_ON_CREATE
08-10 00:09:06.765 21282 21305 V FA      : onActivityCreated
08-10 00:09:06.811 21282 21311 V FA      : Connection attempt already in progress
08-10 00:09:06.812 21282 21311 V FA      : Connection attempt already in progress
08-10 00:09:06.812 21282 21311 D FA      : Connected to remote service
08-10 00:09:06.820 21282 21311 V FA      : Processing queued up service tasks: 5
08-10 00:09:06.828   496  3101 I system_server: oneway function results will be dropped but finished with status OK and parcel size 4
08-10 00:09:06.830   384   594 E IPCThreadState: binder thread pool (1 threads) starved for 129 ms
08-10 00:09:06.837   377   377 I perfetto: ing_service_impl.cc:758 Configured tracing session 93, #sources:1, duration:5000 ms, #buffers:1, total buffer size:4096 KB, total sessions:2, uid:1071 session name: ""
08-10 00:09:06.837   375   375 I perfetto: probes_producer.cc:230  Ftrace setup (target_buf=93)
08-10 00:09:07.057 21282 21282 D LifecycleMonitor: Lifecycle status change: com.example.app1.authentication.SignUpActivity@8dc4660 in: CREATED
08-10 00:09:07.061 21282 21282 D LifecycleMonitor: Lifecycle status change: com.example.app1.authentication.SignUpActivity@8dc4660 in: STARTED
08-10 00:09:07.062 21282 21282 D LifecycleMonitor: Lifecycle status change: com.example.app1.authentication.SignUpActivity@8dc4660 in: RESUMED
08-10 00:09:07.066 10668 21339 V FA-SVC  : Logging event: origin=auto,name=screen_view(_vs),params=Bundle[{ga_event_origin(_o)=auto, ga_screen_class(_sc)=LoginActivity, ga_screen_id(_si)=4854840915442702872}]
08-10 00:09:07.088 10668 21339 V FA-SVC  : Upload scheduled in approximately ms: 3083306
08-10 00:09:07.089 10668 21339 V FA-SVC  : Unscheduling upload
08-10 00:09:07.096 10668 21339 V FA-SVC  : Scheduling upload, millis: 3083306
08-10 00:09:07.097 10668 21339 V FA-SVC  : Background event processing time, ms: 32
08-10 00:09:07.112   294   294 D goldfish-address-space: claimShared: Ask to claim region [0x3f1b7b000 0x3f242c000]
08-10 00:09:07.126   294   294 D goldfish-address-space: claimShared: Ask to claim region [0x3f242c000 0x3f2cdd000]
08-10 00:09:07.131   294   294 D goldfish-address-space: claimShared: Ask to claim region [0x3f2cdd000 0x3f358e000]
08-10 00:09:07.157  8857 21232 W NetworkScheduler: Error inserting flex_time=3083000 job_id=-1 period=6167000 source=16 requires_charging=0 preferred_network_type=1 target_class=com.google.android.gms.measurement.PackageMeasurementTaskService user_id=0 target_package=com.google.android.gms tag=Measurement.PackageMeasurementTaskService.UPLOAD_TASK_TAG task_type=0 required_idleness_state=0 service_kind=0 source_version=222615000 persistence_level=1 preferred_charging_state=1 required_network_type=0 runtime=1660082947151 retry_strategy={"maximum_backoff_seconds":{"3600":0},"initial_backoff_seconds":{"30":0},"retry_policy":{"0":0}} last_runtime=0 [CONTEXT service_id=218 ]
08-10 00:09:07.157  8857 21232 W NetworkScheduler: android.database.sqlite.SQLiteConstraintException: UNIQUE constraint failed: pending_ops.tag, pending_ops.target_class, pending_ops.target_package, pending_ops.user_id (code 2067 SQLITE_CONSTRAINT_UNIQUE)
08-10 00:09:07.157  8857 21232 W NetworkScheduler: 	at android.database.sqlite.SQLiteConnection.nativeExecuteForLastInsertedRowId(Native Method)
08-10 00:09:07.157  8857 21232 W NetworkScheduler: 	at android.database.sqlite.SQLiteConnection.executeForLastInsertedRowId(SQLiteConnection.java:938)
08-10 00:09:07.157  8857 21232 W NetworkScheduler: 	at android.database.sqlite.SQLiteSession.executeForLastInsertedRowId(SQLiteSession.java:790)
08-10 00:09:07.157  8857 21232 W NetworkScheduler: 	at android.database.sqlite.SQLiteStatement.executeInsert(SQLiteStatement.java:88)
08-10 00:09:07.157  8857 21232 W NetworkScheduler: 	at android.database.sqlite.SQLiteDatabase.insertWithOnConflict(SQLiteDatabase.java:1701)
08-10 00:09:07.157  8857 21232 W NetworkScheduler: 	at android.database.sqlite.SQLiteDatabase.insertOrThrow(SQLiteDatabase.java:1596)
08-10 00:09:07.157  8857 21232 W NetworkScheduler: 	at bexn.g(:com.google.android.gms@222615040@22.26.15 (150700-461192076):52)
08-10 00:09:07.157  8857 21232 W NetworkScheduler: 	at bewg.n(:com.google.android.gms@222615040@22.26.15 (150700-461192076):3)
08-10 00:09:07.157  8857 21232 W NetworkScheduler: 	at bewg.u(:com.google.android.gms@222615040@22.26.15 (150700-461192076):20)
08-10 00:09:07.157  8857 21232 W NetworkScheduler: 	at bewg.h(:com.google.android.gms@222615040@22.26.15 (150700-461192076):3)
08-10 00:09:07.157  8857 21232 W NetworkScheduler: 	at berx.run(:com.google.android.gms@222615040@22.26.15 (150700-461192076):9)
08-10 00:09:07.157  8857 21232 W NetworkScheduler: 	at xoc.c(:com.google.android.gms@222615040@22.26.15 (150700-461192076):6)
08-10 00:09:07.157  8857 21232 W NetworkScheduler: 	at xoc.run(:com.google.android.gms@222615040@22.26.15 (150700-461192076):7)
08-10 00:09:07.157  8857 21232 W NetworkScheduler: 	at java.util.concurrent.ThreadPoolExecutor.runWorker(ThreadPoolExecutor.java:1167)
08-10 00:09:07.157  8857 21232 W NetworkScheduler: 	at java.util.concurrent.ThreadPoolExecutor$Worker.run(ThreadPoolExecutor.java:641)
08-10 00:09:07.157  8857 21232 W NetworkScheduler: 	at xth.run(:com.google.android.gms@222615040@22.26.15 (150700-461192076):0)
08-10 00:09:07.157  8857 21232 W NetworkScheduler: 	at java.lang.Thread.run(Thread.java:923)
08-10 00:09:07.159 10668 21339 V FA-SVC  : Saving default event parameters, appId, data size: com.example.app1, 2
08-10 00:09:07.184   496   532 I ActivityTaskManager: Displayed com.example.app1/.authentication.SignUpActivity: +518ms
08-10 00:09:07.275 21282 21311 V FA      : Recording user engagement, ms: 1624
08-10 00:09:07.338 10668 21339 V FA-SVC  : Logging event: origin=auto,name=user_engagement(_e),params=Bundle[{ga_event_origin(_o)=auto, engagement_time_msec(_et)=1624, ga_screen_class(_sc)=LoginActivity, ga_screen_id(_si)=4854840915442702872}]
08-10 00:09:07.355 10668 21339 V FA-SVC  : Upload scheduled in approximately ms: 3083039
08-10 00:09:07.355 10668 21339 V FA-SVC  : Unscheduling upload
08-10 00:09:07.358 21282 21311 V FA      : Activity paused, time: 12688204
08-10 00:09:07.369 21282 21311 V FA      : Activity resumed, time: 12688558
08-10 00:09:07.391 10668 21339 V FA-SVC  : Scheduling upload, millis: 3083039
08-10 00:09:07.406 10668 21339 V FA-SVC  : Background event processing time, ms: 69
08-10 00:09:07.424  8857 21027 W NetworkScheduler: Error inserting flex_time=3083000 job_id=-1 period=6167000 source=16 requires_charging=0 preferred_network_type=1 target_class=com.google.android.gms.measurement.PackageMeasurementTaskService user_id=0 target_package=com.google.android.gms tag=Measurement.PackageMeasurementTaskService.UPLOAD_TASK_TAG task_type=0 required_idleness_state=0 service_kind=0 source_version=222615000 persistence_level=1 preferred_charging_state=1 required_network_type=0 runtime=1660082947408 retry_strategy={"maximum_backoff_seconds":{"3600":0},"initial_backoff_seconds":{"30":0},"retry_policy":{"0":0}} last_runtime=0 [CONTEXT service_id=218 ]
08-10 00:09:07.424  8857 21027 W NetworkScheduler: android.database.sqlite.SQLiteConstraintException: UNIQUE constraint failed: pending_ops.tag, pending_ops.target_class, pending_ops.target_package, pending_ops.user_id (code 2067 SQLITE_CONSTRAINT_UNIQUE)
08-10 00:09:07.424  8857 21027 W NetworkScheduler: 	at android.database.sqlite.SQLiteConnection.nativeExecuteForLastInsertedRowId(Native Method)
08-10 00:09:07.424  8857 21027 W NetworkScheduler: 	at android.database.sqlite.SQLiteConnection.executeForLastInsertedRowId(SQLiteConnection.java:938)
08-10 00:09:07.424  8857 21027 W NetworkScheduler: 	at android.database.sqlite.SQLiteSession.executeForLastInsertedRowId(SQLiteSession.java:790)
08-10 00:09:07.424  8857 21027 W NetworkScheduler: 	at android.database.sqlite.SQLiteStatement.executeInsert(SQLiteStatement.java:88)
08-10 00:09:07.424  8857 21027 W NetworkScheduler: 	at android.database.sqlite.SQLiteDatabase.insertWithOnConflict(SQLiteDatabase.java:1701)
08-10 00:09:07.424  8857 21027 W NetworkScheduler: 	at android.database.sqlite.SQLiteDatabase.insertOrThrow(SQLiteDatabase.java:1596)
08-10 00:09:07.424  8857 21027 W NetworkScheduler: 	at bexn.g(:com.google.android.gms@222615040@22.26.15 (150700-461192076):52)
08-10 00:09:07.424  8857 21027 W NetworkScheduler: 	at bewg.n(:com.google.android.gms@222615040@22.26.15 (150700-461192076):3)
08-10 00:09:07.424  8857 21027 W NetworkScheduler: 	at bewg.u(:com.google.android.gms@222615040@22.26.15 (150700-461192076):20)
08-10 00:09:07.424  8857 21027 W NetworkScheduler: 	at bewg.h(:com.google.android.gms@222615040@22.26.15 (150700-461192076):3)
08-10 00:09:07.424  8857 21027 W NetworkScheduler: 	at berx.run(:com.google.android.gms@222615040@22.26.15 (150700-461192076):9)
08-10 00:09:07.424  8857 21027 W NetworkScheduler: 	at xoc.c(:com.google.android.gms@222615040@22.26.15 (150700-461192076):6)
08-10 00:09:07.424  8857 21027 W NetworkScheduler: 	at xoc.run(:com.google.android.gms@222615040@22.26.15 (150700-461192076):7)
08-10 00:09:07.424  8857 21027 W NetworkScheduler: 	at java.util.concurrent.ThreadPoolExecutor.runWorker(ThreadPoolExecutor.java:1167)
08-10 00:09:07.424  8857 21027 W NetworkScheduler: 	at java.util.concurrent.ThreadPoolExecutor$Worker.run(ThreadPoolExecutor.java:641)
08-10 00:09:07.424  8857 21027 W NetworkScheduler: 	at xth.run(:com.google.android.gms@222615040@22.26.15 (150700-461192076):0)
08-10 00:09:07.424  8857 21027 W NetworkScheduler: 	at java.lang.Thread.run(Thread.java:923)
08-10 00:09:07.459 21282 21282 I ViewInteraction: Checking 'MatchesViewAssertion{viewMatcher=(view has effective visibility <VISIBLE> and view.getGlobalVisibleRect() to return non-empty rectangle)}' assertion on view view.getId() is <2131362251/com.example.app1:id/sign_up>
08-10 00:09:07.492 10668 21339 V FA-SVC  : Logging event: origin=auto,name=screen_view(_vs),params=Bundle[{ga_event_origin(_o)=auto, ga_previous_class(_pc)=LoginActivity, ga_previous_id(_pi)=4854840915442702872, ga_screen_class(_sc)=SignUpActivity, ga_screen_id(_si)=4854840915442702873}]
08-10 00:09:07.544 10668 21339 V FA-SVC  : Upload scheduled in approximately ms: 3082850
08-10 00:09:07.544 10668 21339 V FA-SVC  : Unscheduling upload
08-10 00:09:07.548 10668 21339 V FA-SVC  : Scheduling upload, millis: 3082850
08-10 00:09:07.560 10668 21339 V FA-SVC  : Background event processing time, ms: 69
08-10 00:09:07.565  8857 21027 W NetworkScheduler: Error inserting flex_time=3082000 job_id=-1 period=6166000 source=16 requires_charging=0 preferred_network_type=1 target_class=com.google.android.gms.measurement.PackageMeasurementTaskService user_id=0 target_package=com.google.android.gms tag=Measurement.PackageMeasurementTaskService.UPLOAD_TASK_TAG task_type=0 required_idleness_state=0 service_kind=0 source_version=222615000 persistence_level=1 preferred_charging_state=1 required_network_type=0 runtime=1660082947562 retry_strategy={"maximum_backoff_seconds":{"3600":0},"initial_backoff_seconds":{"30":0},"retry_policy":{"0":0}} last_runtime=0 [CONTEXT service_id=218 ]
08-10 00:09:07.565  8857 21027 W NetworkScheduler: android.database.sqlite.SQLiteConstraintException: UNIQUE constraint failed: pending_ops.tag, pending_ops.target_class, pending_ops.target_package, pending_ops.user_id (code 2067 SQLITE_CONSTRAINT_UNIQUE)
08-10 00:09:07.565  8857 21027 W NetworkScheduler: 	at android.database.sqlite.SQLiteConnection.nativeExecuteForLastInsertedRowId(Native Method)
08-10 00:09:07.565  8857 21027 W NetworkScheduler: 	at android.database.sqlite.SQLiteConnection.executeForLastInsertedRowId(SQLiteConnection.java:938)
08-10 00:09:07.565  8857 21027 W NetworkScheduler: 	at android.database.sqlite.SQLiteSession.executeForLastInsertedRowId(SQLiteSession.java:790)
08-10 00:09:07.565  8857 21027 W NetworkScheduler: 	at android.database.sqlite.SQLiteStatement.executeInsert(SQLiteStatement.java:88)
08-10 00:09:07.565  8857 21027 W NetworkScheduler: 	at android.database.sqlite.SQLiteDatabase.insertWithOnConflict(SQLiteDatabase.java:1701)
08-10 00:09:07.565  8857 21027 W NetworkScheduler: 	at android.database.sqlite.SQLiteDatabase.insertOrThrow(SQLiteDatabase.java:1596)
08-10 00:09:07.565  8857 21027 W NetworkScheduler: 	at bexn.g(:com.google.android.gms@222615040@22.26.15 (150700-461192076):52)
08-10 00:09:07.565  8857 21027 W NetworkScheduler: 	at bewg.n(:com.google.android.gms@222615040@22.26.15 (150700-461192076):3)
08-10 00:09:07.565  8857 21027 W NetworkScheduler: 	at bewg.u(:com.google.android.gms@222615040@22.26.15 (150700-461192076):20)
08-10 00:09:07.565  8857 21027 W NetworkScheduler: 	at bewg.h(:com.google.android.gms@222615040@22.26.15 (150700-461192076):3)
08-10 00:09:07.565  8857 21027 W NetworkScheduler: 	at berx.run(:com.google.android.gms@222615040@22.26.15 (150700-461192076):9)
08-10 00:09:07.565  8857 21027 W NetworkScheduler: 	at xoc.c(:com.google.android.gms@222615040@22.26.15 (150700-461192076):6)
08-10 00:09:07.565  8857 21027 W NetworkScheduler: 	at xoc.run(:com.google.android.gms@222615040@22.26.15 (150700-461192076):7)
08-10 00:09:07.565  8857 21027 W NetworkScheduler: 	at java.util.concurrent.ThreadPoolExecutor.runWorker(ThreadPoolExecutor.java:1167)
08-10 00:09:07.565  8857 21027 W NetworkScheduler: 	at java.util.concurrent.ThreadPoolExecutor$Worker.run(ThreadPoolExecutor.java:641)
08-10 00:09:07.565  8857 21027 W NetworkScheduler: 	at xth.run(:com.google.android.gms@222615040@22.26.15 (150700-461192076):0)
08-10 00:09:07.565  8857 21027 W NetworkScheduler: 	at java.lang.Thread.run(Thread.java:923)
08-10 00:09:07.639 21282 21282 D LifecycleMonitor: Lifecycle status change: com.example.app1.authentication.LoginActivity@74fa122 in: STOPPED
08-10 00:09:07.967 21282 21282 I ViewInteraction: Performing 'type text(newuser@mail.com)' action on view should return first matching item
08-10 00:09:08.041 21282 21282 I AssistStructure: Flattened final assist data: 2492 bytes, containing 1 windows, 13 views
08-10 00:09:08.073  3654  3654 I KeyboardViewUtil: KeyboardViewUtil.getKeyboardHeightRatio():128 systemKeyboardHeightRatio:1.000000; userKeyboardHeightRatio:1.000000.
08-10 00:09:08.073  3654  3654 I AndroidIME: AbstractIme.onActivate():84 LatinIme.onActivate() : EditorInfo = Package = com.example.app1 : Type = Email : Learning = Disable : Suggestion = Show : AutoCorrection = Disable : Microphone = DisabledMic : NoPersonalizedLearning = Disable : AutoStartVoiceInput = Disable, IncognitoMode = false
08-10 00:09:08.074  3654  3654 I Delight5Facilitator: Delight5Facilitator.initializeForIme():561 initializeForIme() : Locale = [en_US], layout = qwerty
08-10 00:09:08.074  3654  3654 I VoiceInputManagerWrapper: VoiceInputManagerWrapper.cancelShutdown():55 cancelShutdown()
08-10 00:09:08.074  3654  3654 I VoiceInputManagerWrapper: VoiceInputManagerWrapper.syncLanguagePacks():67 syncLanguagePacks()
08-10 00:09:08.075  3654  4305 I SpeechFactory: SpeechRecognitionFactory.maybeScheduleAutoPackDownloadForFallback():160 maybeScheduleAutoPackDownloadForFallback()
08-10 00:09:08.075  3654  4305 I FallbackOnDeviceRecognitionProvider: FallbackOnDeviceRecognitionProvider.maybeScheduleAutoPackDownload():197 maybeScheduleAutoPackDownload() for language tag en-US
08-10 00:09:08.083  8857  8857 W qei     : Pending fill request while another request in the same session was triggered. [CONTEXT service_id=177 ]
08-10 00:09:08.088  3654  3654 I KeyboardWrapper: KeyboardWrapper.consumeEvent():264 Skip consuming an event as current keyboard is deactivated (state=0, keyboard existence=true)
08-10 00:09:08.097 10668 10668 D BoundBrokerSvc: onBind: Intent { act=com.google.android.mdd.service.START dat=chimera-action:com.google.android.mdd.service.START cmp=com.google.android.gms/.chimera.GmsBoundBrokerService }
08-10 00:09:08.097 10668 10668 D BoundBrokerSvc: Loading bound service for intent: Intent { act=com.google.android.mdd.service.START dat=chimera-action:com.google.android.mdd.service.START cmp=com.google.android.gms/.chimera.GmsBoundBrokerService }
08-10 00:09:08.118  1300  1300 V InlineSuggestionRenderService: handleDestroySuggestionViews called for 0:116615123
08-10 00:09:08.134  3654  3654 I KeyboardViewHelper: KeyboardViewHelper.getView():164 Get view with height ratio:1.000000; experiment height ratio:1.000000.
08-10 00:09:08.163  3654  3654 W KeyboardModeManager: KeyboardModeManager.setInputView():302 setInputView() : inputView = com.google.android.apps.inputmethod.libs.framework.core.InputView{18c81fa V.E...... ......ID 0,0-1080,1977}
08-10 00:09:08.163  3654  3654 I ConversationToQueryExtension: ConversationToQueryExtension.isEnabledForHostApp():252 Conv2Query not enabled due to current app [com.example.app1] not in whitelist
08-10 00:09:08.163  3654  3654 I ConversationToQueryExtension: ConversationToQueryExtension.onActivate():162 onActivate() : Disabled by unsupported host app
08-10 00:09:08.164  3654  3654 I CurrentMicStatusHolder: CurrentMicStatusHolder.onStartInputView():79 Current Mic status = {MicIconHidden-EmailInputType,}
08-10 00:09:08.164  3654  3654 I VoiceImeExtension: VoiceImeExtension.shouldStartVoiceInputAutomatically():336 No private IME option set to start voice input.
08-10 00:09:08.172 10668 10668 D BoundBrokerSvc: onBind: Intent { act=com.google.firebase.dynamiclinks.service.START pkg=com.google.android.gms }
08-10 00:09:08.172 10668 10668 D BoundBrokerSvc: Loading bound service for intent: Intent { act=com.google.firebase.dynamiclinks.service.START pkg=com.google.android.gms }
08-10 00:09:08.178   294   294 D goldfish-address-space: claimShared: Ask to claim region [0x3f358e000 0x3f3e3f000]
08-10 00:09:08.193   294   294 D goldfish-address-space: claimShared: Ask to claim region [0x3f0000000 0x3f08b1000]
08-10 00:09:08.197   294   294 D goldfish-address-space: claimShared: Ask to claim region [0x3f08b1000 0x3f1162000]
08-10 00:09:08.307   294   294 D goldfish-address-space: claimShared: Ask to claim region [0x3f1162000 0x3f1a13000]
08-10 00:09:08.356   294   294 D goldfish-address-space: claimShared: Ask to claim region [0x3f7287000 0x3f7b38000]
08-10 00:09:08.387 21282 21282 D UiControllerImpl: Injecting string: "newuser@mail.com"
08-10 00:09:08.441 10668 10668 D BoundBrokerSvc: onBind: Intent { act=com.google.android.gms.common.BIND_SHARED_PREFS pkg=com.google.android.gms }
08-10 00:09:08.457 10668 10668 D BoundBrokerSvc: Loading bound service for intent: Intent { act=com.google.android.gms.common.BIND_SHARED_PREFS pkg=com.google.android.gms }
08-10 00:09:08.461   294   294 D goldfish-address-space: claimShared: Ask to claim region [0x3f1a13000 0x3f22c4000]
08-10 00:09:08.531 10668 10668 D BoundBrokerSvc: onUnbind: Intent { act=com.google.android.gms.common.BIND_SHARED_PREFS pkg=com.google.android.gms }
08-10 00:09:08.532 10668 10668 D BoundBrokerSvc: onBind: Intent { act=com.google.android.gms.common.BIND_SHARED_PREFS pkg=com.google.android.gms }
08-10 00:09:08.532 10668 10668 D BoundBrokerSvc: Loading bound service for intent: Intent { act=com.google.android.gms.common.BIND_SHARED_PREFS pkg=com.google.android.gms }
08-10 00:09:08.576 10668 10668 D BoundBrokerSvc: onUnbind: Intent { act=com.google.android.gms.common.BIND_SHARED_PREFS pkg=com.google.android.gms }
08-10 00:09:08.687  3654  3873 I native  : input-context-store.cc:173 Ignoring stale client request for FetchSuggestions
08-10 00:09:08.729  3654  3654 W InputContextProxy: InputContextProxy.applyClientDiffInternal():832 Ignore [FetchSuggestions] diff due to stale request: 2146<2154, inputStateId=1720, lastInputStateId=1721
08-10 00:09:08.731  3654  3873 I native  : input-context-store.cc:173 Ignoring stale client request for FetchSuggestions
08-10 00:09:08.740  3654  3654 E InputContextLock: InputContextLock.maybeTrackAcquireLockTime():29 Acquire InputContextLock takes 9 ms, mainThreadForSure=true.
08-10 00:09:08.740  3654  3654 W InputContextProxy: InputContextProxy.applyClientDiffInternal():832 Ignore [FetchSuggestions] diff due to stale request: 2153<2155, inputStateId=1721, lastInputStateId=1721
08-10 00:09:08.795  3654  3873 I native  : input-context-store.cc:173 Ignoring stale client request for FetchSuggestions
08-10 00:09:08.800  3654  3654 W InputContextProxy: InputContextProxy.applyClientDiffInternal():832 Ignore [FetchSuggestions] diff due to stale request: 2155<2157, inputStateId=1722, lastInputStateId=1722
08-10 00:09:08.852  3654  3873 I native  : input-context-store.cc:173 Ignoring stale client request for FetchSuggestions
08-10 00:09:08.853  3654  3654 W InputContextProxy: InputContextProxy.applyClientDiffInternal():832 Ignore [FetchSuggestions] diff due to stale request: 2157<2158, inputStateId=1723, lastInputStateId=1723
08-10 00:09:08.946  3654  3654 W InputContextProxy: InputContextProxy.applyClientDiffInternal():832 Ignore [FetchSuggestions] diff due to stale request: 2159<2162, inputStateId=1724, lastInputStateId=1725
08-10 00:09:09.075  3654  3873 I native  : input-context-store.cc:173 Ignoring stale client request for FetchSuggestions
08-10 00:09:09.086  3654  3654 W InputContextProxy: InputContextProxy.applyClientDiffInternal():832 Ignore [FetchSuggestions] diff due to stale request: 2162<2165, inputStateId=1726, lastInputStateId=1726
08-10 00:09:09.193   375   375 I perfetto: probes_producer.cc:329  Producer stop (id=92)
08-10 00:09:09.196   377   377 I perfetto: ng_service_impl.cc:1948 Tracing session 92 ended, total sessions:1
08-10 00:09:09.338  3654  3654 E InputContextLock: InputContextLock.maybeTrackAcquireLockTime():29 Acquire InputContextLock takes 3 ms, mainThreadForSure=true.
08-10 00:09:09.374 21282 21282 I ViewInteraction: Performing 'type text(Passw0rd#)' action on view should return first matching item
08-10 00:09:09.435  3654  3654 W TooltipLifecycleManager: TooltipLifecycleManager.dismissTooltip():130 dismissTooltip(): tooltip with id inline_suggestion_tooltip not found in tooltipManager.
08-10 00:09:09.435  3654  3654 W TooltipLifecycleManager: TooltipLifecycleManager.dismissTooltip():130 dismissTooltip(): tooltip with id inline_suggestion_tooltip not found in tooltipManager.
08-10 00:09:09.439  3654  3654 I KeyboardWrapper: KeyboardWrapper.consumeEvent():264 Skip consuming an event as current keyboard is deactivated (state=0, keyboard existence=true)
08-10 00:09:09.439  3654  3654 I VoiceInputManagerWrapper: VoiceInputManagerWrapper.shutdown():77 shutdown()
08-10 00:09:09.439  3654  3654 I AndroidIME: AbstractIme.onDeactivate():161 LatinIme.onDeactivate()
08-10 00:09:09.453 21282 21282 W IInputConnectionWrapper: beginBatchEdit on inactive InputConnection
08-10 00:09:09.453 21282 21282 W IInputConnectionWrapper: endBatchEdit on inactive InputConnection
08-10 00:09:09.505  3654  3654 I KeyboardViewUtil: KeyboardViewUtil.getKeyboardHeightRatio():128 systemKeyboardHeightRatio:1.000000; userKeyboardHeightRatio:1.000000.
08-10 00:09:09.505  3654  3654 I AndroidIME: AbstractIme.onActivate():84 PasswordIme.onActivate() : EditorInfo = Package = com.example.app1 : Type = Password : Learning = Disable : Suggestion = Hide : AutoCorrection = Disable : Microphone = Hide : NoPersonalizedLearning = Disable : AutoStartVoiceInput = Disable, IncognitoMode = false
08-10 00:09:09.512  3654  3654 I KeyboardViewHelper: KeyboardViewHelper.getView():164 Get view with height ratio:1.000000; experiment height ratio:1.000000.
08-10 00:09:09.570  3654  3654 W TooltipLifecycleManager: TooltipLifecycleManager.dismissTooltip():130 dismissTooltip(): tooltip with id inline_suggestion_tooltip not found in tooltipManager.
08-10 00:09:09.583  3654  3654 W KeyboardModeManager: KeyboardModeManager.setInputView():302 setInputView() : inputView = com.google.android.apps.inputmethod.libs.framework.core.InputView{18c81fa V.E...... ......ID 0,0-1080,1977}
08-10 00:09:09.584  3654  3654 I ConversationToQueryExtension: ConversationToQueryExtension.isEnabledForHostApp():252 Conv2Query not enabled due to current app [com.example.app1] not in whitelist
08-10 00:09:09.584  3654  3654 I ConversationToQueryExtension: ConversationToQueryExtension.onActivate():162 onActivate() : Disabled by unsupported host app
08-10 00:09:09.585  3654  3654 I CurrentMicStatusHolder: CurrentMicStatusHolder.onStartInputView():79 Current Mic status = {MicIconHidden-PasswordOrNumberOrDateInputType,}
08-10 00:09:09.585  3654  3654 I VoiceImeExtension: VoiceImeExtension.shouldStartVoiceInputAutomatically():336 No private IME option set to start voice input.
08-10 00:09:09.651 10668 10668 D BoundBrokerSvc: onBind: Intent { act=com.google.android.gms.common.BIND_SHARED_PREFS pkg=com.google.android.gms }
08-10 00:09:09.651 10668 10668 D BoundBrokerSvc: Loading bound service for intent: Intent { act=com.google.android.gms.common.BIND_SHARED_PREFS pkg=com.google.android.gms }
08-10 00:09:09.664 10668 10668 D BoundBrokerSvc: onUnbind: Intent { act=com.google.android.gms.common.BIND_SHARED_PREFS pkg=com.google.android.gms }
08-10 00:09:09.688 10668 10668 D BoundBrokerSvc: onBind: Intent { act=com.google.android.gms.common.BIND_SHARED_PREFS pkg=com.google.android.gms }
08-10 00:09:09.688 10668 10668 D BoundBrokerSvc: Loading bound service for intent: Intent { act=com.google.android.gms.common.BIND_SHARED_PREFS pkg=com.google.android.gms }
08-10 00:09:09.731 10668 10668 D BoundBrokerSvc: onUnbind: Intent { act=com.google.android.gms.common.BIND_SHARED_PREFS pkg=com.google.android.gms }
08-10 00:09:09.745 21282 21282 D UiControllerImpl: Injecting string: "Passw0rd#"
08-10 00:09:09.782   496  1694 I system_server: oneway function results will be dropped but finished with status OK and parcel size 4
08-10 00:09:10.287 21282 21282 I ViewInteraction: Performing 'close keyboard' action on view view.getId() is <2131362305/com.example.app1:id/terms_policy>
08-10 00:09:10.293  3654  3654 I AndroidIME: AbstractIme.onDeactivate():161 PasswordIme.onDeactivate()
08-10 00:09:10.602 21282 21282 I ViewInteraction: Performing 'single click' action on view should return first matching item
08-10 00:09:10.654   496  3101 I system_server: oneway function results will be dropped but finished with status OK and parcel size 4
08-10 00:09:10.655   496  3101 I system_server: oneway function results will be dropped but finished with status OK and parcel size 4
08-10 00:09:10.788   496  1915 I system_server: oneway function results will be dropped but finished with status OK and parcel size 4
08-10 00:09:10.951 21282 21282 I ViewInteraction: Performing 'close keyboard' action on view view.getId() is <2131362251/com.example.app1:id/sign_up>
08-10 00:09:10.953 21282 21282 W CloseKeyboardAction: Attempting to close soft keyboard, while it is not shown.
08-10 00:09:10.962 21282 21282 I ViewInteraction: Performing 'single click' action on view should return first matching item
08-10 00:09:11.127   496  1915 I system_server: oneway function results will be dropped but finished with status OK and parcel size 4
08-10 00:09:11.179 21282 21343 W System  : Ignoring header X-Firebase-Locale because its value was null.
08-10 00:09:11.255   496  1915 I system_server: oneway function results will be dropped but finished with status OK and parcel size 4
08-10 00:09:11.604 21282 21282 I ViewInteraction: Performing 'single click' action on view should return first matching item
08-10 00:09:11.662   294   294 D goldfish-address-space: claimShared: Ask to claim region [0x3f22c4000 0x3f28c7000]
08-10 00:09:11.672   496  1694 I system_server: oneway function results will be dropped but finished with status OK and parcel size 4
08-10 00:09:11.703   496  4386 D HostConnection: HostConnection::get() New Host Connection established 0xf6539f20, tid 4386
08-10 00:09:11.722   496  4386 D HostConnection: HostComposition ext ANDROID_EMU_CHECKSUM_HELPER_v1 ANDROID_EMU_native_sync_v2 ANDROID_EMU_native_sync_v3 ANDROID_EMU_native_sync_v4 ANDROID_EMU_dma_v1 ANDROID_EMU_direct_mem ANDROID_EMU_host_composition_v1 ANDROID_EMU_host_composition_v2 ANDROID_EMU_vulkan ANDROID_EMU_deferred_vulkan_commands ANDROID_EMU_vulkan_null_optional_strings ANDROID_EMU_vulkan_create_resources_with_requirements ANDROID_EMU_YUV_Cache ANDROID_EMU_vulkan_ignored_handles ANDROID_EMU_has_shared_slots_host_memory_allocator ANDROID_EMU_vulkan_free_memory_sync ANDROID_EMU_vulkan_shader_float16_int8 ANDROID_EMU_vulkan_async_queue_submit ANDROID_EMU_sync_buffer_data ANDROID_EMU_read_color_buffer_dma GL_OES_EGL_image_external_essl3 GL_OES_vertex_array_object GL_KHR_texture_compression_astc_ldr ANDROID_EMU_host_side_tracing ANDROID_EMU_gles_max_version_3_0
08-10 00:09:11.724   496  4386 W OpenGLRenderer: Failed to choose config with EGL_SWAP_BEHAVIOR_PRESERVED, retrying without...
08-10 00:09:11.725   496  4386 D EGL_emulation: eglCreateContext: 0xa7f423f0: maj 3 min 0 rcv 3
08-10 00:09:11.753   496  4386 D EGL_emulation: eglMakeCurrent: 0xa7f423f0: ver 3 0 (tinfo 0xbe06e5d0) (first time)
08-10 00:09:11.766 21282 21282 D LifecycleMonitor: Lifecycle status change: com.example.app1.authentication.SignUpActivity@8dc4660 in: PAUSED
08-10 00:09:11.774   496  1915 W InputReader: Device virtio_input_multi_touch_10 is associated with display ADISPLAY_ID_NONE.
08-10 00:09:11.774   496  1915 W InputReader: Device virtio_input_multi_touch_4 is associated with display ADISPLAY_ID_NONE.
08-10 00:09:11.774   496  1915 W InputReader: Device virtio_input_multi_touch_11 is associated with display ADISPLAY_ID_NONE.
08-10 00:09:11.774   496  1915 W InputReader: Device virtio_input_multi_touch_5 is associated with display ADISPLAY_ID_NONE.
