09-01 23:32:26.383 10818 10818 D BoundBrokerSvc: onBind: Intent { act=com.google.android.gms.common.BIND_SHARED_PREFS pkg=com.google.android.gms }
09-01 23:32:26.383 10818 10818 D BoundBrokerSvc: Loading bound service for intent: Intent { act=com.google.android.gms.common.BIND_SHARED_PREFS pkg=com.google.android.gms }
09-01 23:32:26.550 10818 10818 D BoundBrokerSvc: onUnbind: Intent { act=com.google.android.gms.common.BIND_SHARED_PREFS pkg=com.google.android.gms }
09-01 23:32:26.627 10818 10818 D BoundBrokerSvc: onBind: Intent { act=com.google.android.gms.common.BIND_SHARED_PREFS pkg=com.google.android.gms }
09-01 23:32:26.627 10818 10818 D BoundBrokerSvc: Loading bound service for intent: Intent { act=com.google.android.gms.common.BIND_SHARED_PREFS pkg=com.google.android.gms }
09-01 23:32:26.652 10818 10818 D BoundBrokerSvc: onUnbind: Intent { act=com.google.android.gms.common.BIND_SHARED_PREFS pkg=com.google.android.gms }
09-01 23:32:26.671   290   290 D goldfish-address-space: claimShared: Ask to claim region [0x3f48b1000 0x3f5162000]
09-01 23:32:26.697   290   290 D goldfish-address-space: claimShared: Ask to claim region [0x3f9c80000 0x3fa531000]
09-01 23:32:26.801 10239 10251 I om.example.app: Background young concurrent copying GC freed 107714(4942KB) AllocSpace objects, 72(2592KB) LOS objects, 40% free, 11MB/18MB, paused 76us total 634.993ms
09-01 23:32:26.874  1380  2546 I native  : input-context-store.cc:173 Ignoring stale client request for FetchSuggestions
09-01 23:32:26.905  1380  1380 E InputContextLock: InputContextLock.maybeTrackAcquireLockTime():29 Acquire InputContextLock takes 22 ms, mainThreadForSure=true.
09-01 23:32:26.905  1380  1380 W InputContextProxy: InputContextProxy.applyClientDiffInternal():832 Ignore [FetchSuggestions] diff due to stale request: 351<354, inputStateId=287, lastInputStateId=287
09-01 23:32:26.911   290   290 D goldfish-address-space: claimShared: Ask to claim region [0x3f1b6e000 0x3f241f000]
09-01 23:32:26.970  1380  2546 I native  : input-context-store.cc:173 Ignoring stale client request for FetchSuggestions
09-01 23:32:26.975  1380  1380 W InputContextProxy: InputContextProxy.applyClientDiffInternal():832 Ignore [FetchSuggestions] diff due to stale request: 354<356, inputStateId=288, lastInputStateId=288
09-01 23:32:27.174  1380  2546 I native  : input-context-store.cc:173 Ignoring stale client request for FetchSuggestions
09-01 23:32:27.177  1380  1380 W InputContextProxy: InputContextProxy.applyClientDiffInternal():832 Ignore [FetchSuggestions] diff due to stale request: 356<359, inputStateId=290, lastInputStateId=290
09-01 23:32:27.321  1380  1380 W InputContextProxy: InputContextProxy.applyClientDiffInternal():832 Ignore [FetchSuggestions] diff due to stale request: 361<362, inputStateId=291, lastInputStateId=290
09-01 23:32:27.833   338   338 I perfetto: probes_producer.cc:329  Producer stop (id=29)
09-01 23:32:27.835   338   338 I perfetto: ftrace_procfs.cc:183    disabled ftrace
09-01 23:32:27.841   339   339 I perfetto: ng_service_impl.cc:1948 Tracing session 29 ended, total sessions:0
09-01 23:32:27.889 10239 10239 I ViewInteraction: Performing 'type text(NewP@ssw0rd)' action on view should return first matching item
09-01 23:32:27.943  1380  1380 W TooltipLifecycleManager: TooltipLifecycleManager.dismissTooltip():130 dismissTooltip(): tooltip with id inline_suggestion_tooltip not found in tooltipManager.
09-01 23:32:27.943  1380  1380 W TooltipLifecycleManager: TooltipLifecycleManager.dismissTooltip():130 dismissTooltip(): tooltip with id inline_suggestion_tooltip not found in tooltipManager.
09-01 23:32:27.948  1380  1380 I KeyboardWrapper: KeyboardWrapper.consumeEvent():264 Skip consuming an event as current keyboard is deactivated (state=0, keyboard existence=true)
09-01 23:32:27.948  1380  1380 I VoiceInputManagerWrapper: VoiceInputManagerWrapper.shutdown():77 shutdown()
09-01 23:32:27.949  1380  1380 I AndroidIME: AbstractIme.onDeactivate():161 LatinIme.onDeactivate()
09-01 23:32:27.962 10239 10239 W IInputConnectionWrapper: beginBatchEdit on inactive InputConnection
09-01 23:32:27.962 10239 10239 W IInputConnectionWrapper: endBatchEdit on inactive InputConnection
09-01 23:32:27.995  1380  1380 I KeyboardViewUtil: KeyboardViewUtil.getKeyboardHeightRatio():128 systemKeyboardHeightRatio:1.000000; userKeyboardHeightRatio:1.000000.
09-01 23:32:27.995  1380  1380 I AndroidIME: AbstractIme.onActivate():84 PasswordIme.onActivate() : EditorInfo = Package = com.example.app1 : Type = Password : Learning = Disable : Suggestion = Hide : AutoCorrection = Disable : Microphone = Hide : NoPersonalizedLearning = Disable : AutoStartVoiceInput = Disable, IncognitoMode = false
09-01 23:32:28.016  1380  1380 I KeyboardViewHelper: KeyboardViewHelper.getView():164 Get view with height ratio:1.000000; experiment height ratio:1.000000.
09-01 23:32:28.037  1380  1380 W TooltipLifecycleManager: TooltipLifecycleManager.dismissTooltip():130 dismissTooltip(): tooltip with id inline_suggestion_tooltip not found in tooltipManager.
09-01 23:32:28.045  1380  1380 W KeyboardModeManager: KeyboardModeManager.setInputView():302 setInputView() : inputView = com.google.android.apps.inputmethod.libs.framework.core.InputView{c127a55 V.E...... ......ID 0,0-1080,1977}
09-01 23:32:28.045  1380  1380 I ConversationToQueryExtension: ConversationToQueryExtension.isEnabledForHostApp():252 Conv2Query not enabled due to current app [com.example.app1] not in whitelist
09-01 23:32:28.045  1380  1380 I ConversationToQueryExtension: ConversationToQueryExtension.onActivate():162 onActivate() : Disabled by unsupported host app
09-01 23:32:28.046  1380  1380 I CurrentMicStatusHolder: CurrentMicStatusHolder.onStartInputView():79 Current Mic status = {MicIconHidden-PasswordOrNumberOrDateInputType,}
09-01 23:32:28.046  1380  1380 I VoiceImeExtension: VoiceImeExtension.shouldStartVoiceInputAutomatically():336 No private IME option set to start voice input.
09-01 23:32:28.110 10818 10818 D BoundBrokerSvc: onBind: Intent { act=com.google.android.gms.common.BIND_SHARED_PREFS pkg=com.google.android.gms }
09-01 23:32:28.110 10818 10818 D BoundBrokerSvc: Loading bound service for intent: Intent { act=com.google.android.gms.common.BIND_SHARED_PREFS pkg=com.google.android.gms }
09-01 23:32:28.212 10818 10818 D BoundBrokerSvc: onUnbind: Intent { act=com.google.android.gms.common.BIND_SHARED_PREFS pkg=com.google.android.gms }
09-01 23:32:28.213 10239 10239 D UiControllerImpl: Injecting string: "NewP@ssw0rd"
09-01 23:32:28.229 10818 10818 D BoundBrokerSvc: onBind: Intent { act=com.google.android.gms.common.BIND_SHARED_PREFS pkg=com.google.android.gms }
09-01 23:32:28.237 10818 10818 D BoundBrokerSvc: Loading bound service for intent: Intent { act=com.google.android.gms.common.BIND_SHARED_PREFS pkg=com.google.android.gms }
09-01 23:32:28.292 10818 10818 D BoundBrokerSvc: onUnbind: Intent { act=com.google.android.gms.common.BIND_SHARED_PREFS pkg=com.google.android.gms }
09-01 23:32:29.117 10239 10239 I ViewInteraction: Performing 'close keyboard' action on view view.getId() is <2131362250/com.example.app1:id/sign_in>
09-01 23:32:29.146  1380  1380 I AndroidIME: AbstractIme.onDeactivate():161 PasswordIme.onDeactivate()
09-01 23:32:29.459 10239 10239 I ViewInteraction: Performing 'single click' action on view view.getId() is <2131362250/com.example.app1:id/sign_in>
09-01 23:32:29.511   501   532 D EventSequenceValidator: inc AccIntentStartedEvents to 2
09-01 23:32:29.521   339   339 I perfetto: ing_service_impl.cc:758 Configured tracing session 30, #sources:1, duration:5000 ms, #buffers:1, total buffer size:4096 KB, total sessions:1, uid:1071 session name: ""
09-01 23:32:29.523   338   338 I perfetto: probes_producer.cc:230  Ftrace setup (target_buf=30)
09-01 23:32:29.551   501   532 D EventSequenceValidator: dec AccIntentStartedEvents to 1
09-01 23:32:29.558   501  1975 I system_server: oneway function results will be dropped but finished with status OK and parcel size 4
09-01 23:32:29.559   501  1975 I system_server: oneway function results will be dropped but finished with status OK and parcel size 4
09-01 23:32:29.564   338   338 I perfetto: ftrace_procfs.cc:176    enabled ftrace
09-01 23:32:29.574 10239 10239 D LifecycleMonitor: Lifecycle status change: com.example.app1.authentication.LoginActivity@926fbac in: PAUSED
09-01 23:32:29.576   501  1952 W InputReader: Device virtio_input_multi_touch_9 is associated with display ADISPLAY_ID_NONE.
09-01 23:32:29.576   501  1952 W InputReader: Device virtio_input_multi_touch_6 is associated with display ADISPLAY_ID_NONE.
09-01 23:32:29.576   501  1952 W InputReader: Device virtio_input_multi_touch_3 is associated with display ADISPLAY_ID_NONE.
09-01 23:32:29.576   501  1952 W InputReader: Device virtio_input_multi_touch_7 is associated with display ADISPLAY_ID_NONE.
09-01 23:32:29.576   501  1952 W InputReader: Device virtio_input_multi_touch_8 is associated with display ADISPLAY_ID_NONE.
09-01 23:32:29.576   501  1952 W InputReader: Device virtio_input_multi_touch_10 is associated with display ADISPLAY_ID_NONE.
09-01 23:32:29.576   501  1952 W InputReader: Device virtio_input_multi_touch_4 is associated with display ADISPLAY_ID_NONE.
09-01 23:32:29.576   501  1952 W InputReader: Device virtio_input_multi_touch_11 is associated with display ADISPLAY_ID_NONE.
09-01 23:32:29.576   501  1952 W InputReader: Device virtio_input_multi_touch_5 is associated with display ADISPLAY_ID_NONE.
09-01 23:32:29.576   501  1952 W InputReader: Device virtio_input_multi_touch_2 is associated with display ADISPLAY_ID_NONE.
09-01 23:32:29.578   501  1952 W InputReader: Device virtio_input_multi_touch_9 is associated with display ADISPLAY_ID_NONE.
09-01 23:32:29.578   501  1952 W InputReader: Device virtio_input_multi_touch_6 is associated with display ADISPLAY_ID_NONE.
09-01 23:32:29.578   501  1952 W InputReader: Device virtio_input_multi_touch_3 is associated with display ADISPLAY_ID_NONE.
09-01 23:32:29.578   501  1952 W InputReader: Device virtio_input_multi_touch_7 is associated with display ADISPLAY_ID_NONE.
09-01 23:32:29.578   501  1952 W InputReader: Device virtio_input_multi_touch_8 is associated with display ADISPLAY_ID_NONE.
09-01 23:32:29.578   501  1952 W InputReader: Device virtio_input_multi_touch_10 is associated with display ADISPLAY_ID_NONE.
09-01 23:32:29.578   501  1952 W InputReader: Device virtio_input_multi_touch_4 is associated with display ADISPLAY_ID_NONE.
09-01 23:32:29.578   501  1952 W InputReader: Device virtio_input_multi_touch_11 is associated with display ADISPLAY_ID_NONE.
09-01 23:32:29.578   501  1952 W InputReader: Device virtio_input_multi_touch_5 is associated with display ADISPLAY_ID_NONE.
09-01 23:32:29.578   501  1952 W InputReader: Device virtio_input_multi_touch_2 is associated with display ADISPLAY_ID_NONE.
09-01 23:32:29.623 10239 10239 D LifecycleMonitor: Lifecycle status change: com.example.app1.authentication.SimpleSignInActivity@15fb54b in: PRE_ON_CREATE
09-01 23:32:29.629 10239 10899 W System  : Ignoring header X-Firebase-Locale because its value was null.
09-01 23:32:29.651 10239 10239 D LifecycleMonitor: Lifecycle status change: com.example.app1.authentication.SimpleSignInActivity@15fb54b in: CREATED
09-01 23:32:29.660 10239 10239 D LifecycleMonitor: Lifecycle status change: com.example.app1.authentication.SimpleSignInActivity@15fb54b in: STARTED
09-01 23:32:29.677 10239 10239 D LifecycleMonitor: Lifecycle status change: com.example.app1.authentication.SimpleSignInActivity@15fb54b in: RESUMED
09-01 23:32:29.678   501  1172 I system_server: oneway function results will be dropped but finished with status OK and parcel size 4
09-01 23:32:29.790   290   290 D goldfish-address-space: claimShared: Ask to claim region [0x3f5162000 0x3f5ac7000]
09-01 23:32:29.806   290   290 D goldfish-address-space: claimShared: Ask to claim region [0x3f5ac7000 0x3f642c000]
09-01 23:32:29.829   290  5663 D goldfish-address-space: claimShared: Ask to claim region [0x3f642c000 0x3f6d91000]
09-01 23:32:29.910   501   537 I ActivityTaskManager: Displayed com.example.app1/.authentication.SimpleSignInActivity: +367ms
09-01 23:32:29.962 10239 10899 W System  : Ignoring header X-Firebase-Locale because its value was null.
09-01 23:32:30.063   290   290 D goldfish-address-space: claimShared: Ask to claim region [0x3f5ac7000 0x3f642c000]
09-01 23:32:30.086   290   290 D goldfish-address-space: claimShared: Ask to claim region [0x3f6d91000 0x3f76f6000]
09-01 23:32:30.118   290   290 D goldfish-address-space: claimShared: Ask to claim region [0x3f5162000 0x3f5ac7000]
09-01 23:32:30.248 10239 10899 D FirebaseAuth: Notifying id token listeners about user ( jUMwGPPUP5g7wH0TmJQZzg6pvJt1 ).
09-01 23:32:30.249 10239 10899 D FirebaseAuth: Notifying auth state listeners about user ( jUMwGPPUP5g7wH0TmJQZzg6pvJt1 ).
09-01 23:32:30.278   290   290 D goldfish-address-space: claimShared: Ask to claim region [0x3f76f6000 0x3f7cf9000]
09-01 23:32:30.312   501  4011 D HostConnection: HostConnection::get() New Host Connection established 0xf32f90b0, tid 4011
09-01 23:32:30.322   501   532 D EventSequenceValidator: inc AccIntentStartedEvents to 2
09-01 23:32:30.329 10239 10239 D LifecycleMonitor: Lifecycle status change: com.example.app1.authentication.SimpleSignInActivity@15fb54b in: PAUSED
09-01 23:32:30.340   501  1172 W InputReader: Device virtio_input_multi_touch_9 is associated with display ADISPLAY_ID_NONE.
09-01 23:32:30.340   501  1172 W InputReader: Device virtio_input_multi_touch_6 is associated with display ADISPLAY_ID_NONE.
09-01 23:32:30.340   501  1172 W InputReader: Device virtio_input_multi_touch_3 is associated with display ADISPLAY_ID_NONE.
09-01 23:32:30.340   501  1172 W InputReader: Device virtio_input_multi_touch_7 is associated with display ADISPLAY_ID_NONE.
09-01 23:32:30.341   501  1172 W InputReader: Device virtio_input_multi_touch_8 is associated with display ADISPLAY_ID_NONE.
09-01 23:32:30.341   501  1172 W InputReader: Device virtio_input_multi_touch_10 is associated with display ADISPLAY_ID_NONE.
09-01 23:32:30.341   501  1172 W InputReader: Device virtio_input_multi_touch_4 is associated with display ADISPLAY_ID_NONE.
09-01 23:32:30.341   501  1172 W InputReader: Device virtio_input_multi_touch_11 is associated with display ADISPLAY_ID_NONE.
09-01 23:32:30.341   501  1172 W InputReader: Device virtio_input_multi_touch_5 is associated with display ADISPLAY_ID_NONE.
09-01 23:32:30.341   501  1172 W InputReader: Device virtio_input_multi_touch_2 is associated with display ADISPLAY_ID_NONE.
09-01 23:32:30.342   501  1172 W InputReader: Device virtio_input_multi_touch_9 is associated with display ADISPLAY_ID_NONE.
09-01 23:32:30.342   501  1172 W InputReader: Device virtio_input_multi_touch_6 is associated with display ADISPLAY_ID_NONE.
09-01 23:32:30.342   501  1172 W InputReader: Device virtio_input_multi_touch_3 is associated with display ADISPLAY_ID_NONE.
09-01 23:32:30.342   501  1172 W InputReader: Device virtio_input_multi_touch_7 is associated with display ADISPLAY_ID_NONE.
09-01 23:32:30.342   501  1172 W InputReader: Device virtio_input_multi_touch_8 is associated with display ADISPLAY_ID_NONE.
09-01 23:32:30.342   501  1172 W InputReader: Device virtio_input_multi_touch_10 is associated with display ADISPLAY_ID_NONE.
09-01 23:32:30.342   501  1172 W InputReader: Device virtio_input_multi_touch_4 is associated with display ADISPLAY_ID_NONE.
09-01 23:32:30.342   501  1172 W InputReader: Device virtio_input_multi_touch_11 is associated with display ADISPLAY_ID_NONE.
09-01 23:32:30.342   501  1172 W InputReader: Device virtio_input_multi_touch_5 is associated with display ADISPLAY_ID_NONE.
09-01 23:32:30.343   501  1172 W InputReader: Device virtio_input_multi_touch_2 is associated with display ADISPLAY_ID_NONE.
09-01 23:32:30.353   339   339 I perfetto: ing_service_impl.cc:758 Configured tracing session 31, #sources:1, duration:5000 ms, #buffers:1, total buffer size:4096 KB, total sessions:2, uid:1071 session name: ""
09-01 23:32:30.354   338   338 I perfetto: probes_producer.cc:230  Ftrace setup (target_buf=31)
09-01 23:32:30.355   501   532 D EventSequenceValidator: dec AccIntentStartedEvents to 1
09-01 23:32:30.360   501  4011 D HostConnection: HostComposition ext ANDROID_EMU_CHECKSUM_HELPER_v1 ANDROID_EMU_native_sync_v2 ANDROID_EMU_native_sync_v3 ANDROID_EMU_native_sync_v4 ANDROID_EMU_dma_v1 ANDROID_EMU_direct_mem ANDROID_EMU_host_composition_v1 ANDROID_EMU_host_composition_v2 ANDROID_EMU_vulkan ANDROID_EMU_deferred_vulkan_commands ANDROID_EMU_vulkan_null_optional_strings ANDROID_EMU_vulkan_create_resources_with_requirements ANDROID_EMU_YUV_Cache ANDROID_EMU_vulkan_ignored_handles ANDROID_EMU_has_shared_slots_host_memory_allocator ANDROID_EMU_vulkan_free_memory_sync ANDROID_EMU_vulkan_shader_float16_int8 ANDROID_EMU_vulkan_async_queue_submit ANDROID_EMU_sync_buffer_data ANDROID_EMU_read_color_buffer_dma GL_OES_EGL_image_external_essl3 GL_OES_vertex_array_object GL_KHR_texture_compression_astc_ldr ANDROID_EMU_host_side_tracing ANDROID_EMU_gles_max_version_3_0
09-01 23:32:30.361   501  4011 W OpenGLRenderer: Failed to choose config with EGL_SWAP_BEHAVIOR_PRESERVED, retrying without...
09-01 23:32:30.362   501  4011 D EGL_emulation: eglCreateContext: 0xb0ed3bf0: maj 3 min 0 rcv 3
09-01 23:32:30.390   501  4011 D EGL_emulation: eglMakeCurrent: 0xb0ed3bf0: ver 3 0 (tinfo 0xbac6f8f0) (first time)
09-01 23:32:30.393 10239 10239 D LifecycleMonitor: Lifecycle status change: com.example.app1.MainActivity@df1250b in: PRE_ON_CREATE
09-01 23:32:30.491 10239 10351 W SyncTree: Listen at /users/jUMwGPPUP5g7wH0TmJQZzg6pvJt1/topics failed: DatabaseError: Permission denied
09-01 23:32:30.523   290   290 D goldfish-address-space: claimShared: Ask to claim region [0x3f3d7e000 0x3f3db7000]
09-01 23:32:30.527   290   290 D goldfish-address-space: claimShared: Ask to claim region [0x3f3db7000 0x3f3df0000]
09-01 23:32:30.530   290   290 D goldfish-address-space: claimShared: Ask to claim region [0x3f3df0000 0x3f3e29000]
09-01 23:32:30.595 10239 10239 D LifecycleMonitor: Lifecycle status change: com.example.app1.MainActivity@df1250b in: CREATED
09-01 23:32:30.643 10239 10239 D LifecycleMonitor: Lifecycle status change: com.example.app1.MainActivity@df1250b in: STARTED
09-01 23:32:30.645 10239 10239 D LifecycleMonitor: Lifecycle status change: com.example.app1.MainActivity@df1250b in: RESUMED
09-01 23:32:30.674 10239 10239 W ERROR UPDATING DATA: Failed to read value.
09-01 23:32:30.674 10239 10239 W ERROR UPDATING DATA: com.google.firebase.database.DatabaseException: Firebase Database error: Permission denied
09-01 23:32:30.674 10239 10239 W ERROR UPDATING DATA: 	at com.google.firebase.database.DatabaseError.toException(DatabaseError.java:230)
09-01 23:32:30.674 10239 10239 W ERROR UPDATING DATA: 	at com.example.app1.MainActivity$onCreate$3.onCancelled(MainActivity.kt:107)
09-01 23:32:30.674 10239 10239 W ERROR UPDATING DATA: 	at com.google.firebase.database.core.ValueEventRegistration.fireCancelEvent(ValueEventRegistration.java:80)
09-01 23:32:30.674 10239 10239 W ERROR UPDATING DATA: 	at com.google.firebase.database.core.view.CancelEvent.fire(CancelEvent.java:40)
09-01 23:32:30.674 10239 10239 W ERROR UPDATING DATA: 	at com.google.firebase.database.core.view.EventRaiser$1.run(EventRaiser.java:55)
09-01 23:32:30.674 10239 10239 W ERROR UPDATING DATA: 	at android.os.Handler.handleCallback(Handler.java:938)
09-01 23:32:30.674 10239 10239 W ERROR UPDATING DATA: 	at android.os.Handler.dispatchMessage(Handler.java:99)
09-01 23:32:30.674 10239 10239 W ERROR UPDATING DATA: 	at androidx.test.espresso.base.Interrogator.loopAndInterrogate(Interrogator.java:14)
09-01 23:32:30.674 10239 10239 W ERROR UPDATING DATA: 	at androidx.test.espresso.base.UiControllerImpl.loopUntil(UiControllerImpl.java:8)
09-01 23:32:30.674 10239 10239 W ERROR UPDATING DATA: 	at androidx.test.espresso.base.UiControllerImpl.loopUntil(UiControllerImpl.java:1)
09-01 23:32:30.674 10239 10239 W ERROR UPDATING DATA: 	at androidx.test.espresso.base.UiControllerImpl.loopMainThreadForAtLeast(UiControllerImpl.java:8)
09-01 23:32:30.674 10239 10239 W ERROR UPDATING DATA: 	at androidx.test.espresso.action.GeneralClickAction.perform(GeneralClickAction.java:18)
09-01 23:32:30.674 10239 10239 W ERROR UPDATING DATA: 	at androidx.test.espresso.ViewInteraction$SingleExecutionViewAction.perform(ViewInteraction.java:2)
09-01 23:32:30.674 10239 10239 W ERROR UPDATING DATA: 	at androidx.test.espresso.ViewInteraction.doPerform(ViewInteraction.java:22)
09-01 23:32:30.674 10239 10239 W ERROR UPDATING DATA: 	at androidx.test.espresso.ViewInteraction.access$100(ViewInteraction.java:1)
09-01 23:32:30.674 10239 10239 W ERROR UPDATING DATA: 	at androidx.test.espresso.ViewInteraction$1.call(ViewInteraction.java:2)
09-01 23:32:30.674 10239 10239 W ERROR UPDATING DATA: 	at androidx.test.espresso.ViewInteraction$1.call(ViewInteraction.java:1)
09-01 23:32:30.674 10239 10239 W ERROR UPDATING DATA: 	at java.util.concurrent.FutureTask.run(FutureTask.java:266)
09-01 23:32:30.674 10239 10239 W ERROR UPDATING DATA: 	at android.os.Handler.handleCallback(Handler.java:938)
09-01 23:32:30.674 10239 10239 W ERROR UPDATING DATA: 	at android.os.Handler.dispatchMessage(Handler.java:99)
09-01 23:32:30.674 10239 10239 W ERROR UPDATING DATA: 	at android.os.Looper.loop(Looper.java:223)
09-01 23:32:30.674 10239 10239 W ERROR UPDATING DATA: 	at android.app.ActivityThread.main(ActivityThread.java:7656)
09-01 23:32:30.674 10239 10239 W ERROR UPDATING DATA: 	at java.lang.reflect.Method.invoke(Native Method)
09-01 23:32:30.674 10239 10239 W ERROR UPDATING DATA: 	at com.android.internal.os.RuntimeInit$MethodAndArgsCaller.run(RuntimeInit.java:592)
09-01 23:32:30.674 10239 10239 W ERROR UPDATING DATA: 	at com.android.internal.os.ZygoteInit.main(ZygoteInit.java:947)
09-01 23:32:30.712   290   290 D goldfish-address-space: claimShared: Ask to claim region [0x3f642c000 0x3f6d91000]
09-01 23:32:30.723   290   290 D goldfish-address-space: claimShared: Ask to claim region [0x3fafba000 0x3fb91f000]
09-01 23:32:30.724 10239 10239 E RecyclerView: No adapter attached; skipping layout
09-01 23:32:30.743   290   290 D goldfish-address-space: claimShared: Ask to claim region [0x3f8000000 0x3f8965000]
09-01 23:32:30.929   501   537 I ActivityTaskManager: Displayed com.example.app1/.MainActivity: +610ms
09-01 23:32:31.011   705   719 I ndroid.systemu: NativeAlloc concurrent copying GC freed 4965(288KB) AllocSpace objects, 0(0B) LOS objects, 49% free, 7493KB/14MB, paused 60us total 695.946ms
09-01 23:32:31.491 10239 10239 D LifecycleMonitor: Lifecycle status change: com.example.app1.authentication.LoginActivity@926fbac in: STOPPED
09-01 23:32:31.573 10239 10239 D LifecycleMonitor: Lifecycle status change: com.example.app1.authentication.SimpleSignInActivity@15fb54b in: STOPPED
09-01 23:32:31.576 10239 10239 D LifecycleMonitor: Lifecycle status change: com.example.app1.authentication.SimpleSignInActivity@15fb54b in: DESTROYED
09-01 23:32:32.805   501  1952 I system_server: oneway function results will be dropped but finished with status OK and parcel size 4
09-01 23:32:33.287   501   510 I system_server: NativeAlloc concurrent copying GC freed 141791(5561KB) AllocSpace objects, 47(1708KB) LOS objects, 49% free, 16MB/32MB, paused 178us total 2.388s
09-01 23:32:33.431   501   511 W JavaBinder: BinderProxy is being destroyed but the application did not call unlinkToDeath to unlink all of its death recipients beforehand.  Releasing leaked death recipient: com.android.server.AlarmManagerService$2
09-01 23:32:33.431   501   511 I BpBinder: onLastStrongRef automatically unlinking death recipients: <uncached descriptor>
09-01 23:32:33.435   501   511 W JavaBinder: BinderProxy is being destroyed but the application did not call unlinkToDeath to unlink all of its death recipients beforehand.  Releasing leaked death recipient: com.android.server.AlarmManagerService$2
09-01 23:32:33.436   501   511 I BpBinder: onLastStrongRef automatically unlinking death recipients: <uncached descriptor>
09-01 23:32:33.561   501   512 W System  : A resource failed to call release.
09-01 23:32:33.679   501   512 I chatty  : uid=1000(system) FinalizerDaemon identical 22 lines
09-01 23:32:33.679   501   512 W System  : A resource failed to call release.
09-01 23:32:34.061 10239 10251 I om.example.app: Background concurrent copying GC freed 101876(5316KB) AllocSpace objects, 60(3388KB) LOS objects, 49% free, 12MB/25MB, paused 134us total 1.675s
09-01 23:32:34.531   338   338 I perfetto: probes_producer.cc:329  Producer stop (id=30)
09-01 23:32:34.562   339   339 I perfetto: ng_service_impl.cc:1948 Tracing session 30 ended, total sessions:1
09-01 23:32:34.731 10239 10816 W System.err: java.io.FileNotFoundException: https://st.ilfattoquotidiano.it/wp-content/themes/ifq-2019/assets/img/ifq-logo-squared.png
09-01 23:32:34.734 10239 10816 W System.err: 	at com.android.okhttp.internal.huc.HttpURLConnectionImpl.getInputStream(HttpURLConnectionImpl.java:255)
09-01 23:32:34.734 10239 10816 W System.err: 	at com.android.okhttp.internal.huc.DelegatingHttpsURLConnection.getInputStream(DelegatingHttpsURLConnection.java:211)
09-01 23:32:34.745 10239 10816 W System.err: 	at com.android.okhttp.internal.huc.HttpsURLConnectionImpl.getInputStream(HttpsURLConnectionImpl.java:30)
09-01 23:32:34.748 10239 10816 W System.err: 	at com.example.app1.CustomFeeder.getIcon(CustomFeeder.kt:173)
09-01 23:32:34.748 10239 10816 W System.err: 	at com.example.app1.CustomFeeder$setFeed$1.invokeSuspend(CustomFeeder.kt:112)
09-01 23:32:34.749 10239 10816 W System.err: 	at kotlin.coroutines.jvm.internal.BaseContinuationImpl.resumeWith(ContinuationImpl.kt:33)
09-01 23:32:34.749 10239 10816 W System.err: 	at kotlinx.coroutines.DispatchedTask.run(DispatchedTask.kt:106)
09-01 23:32:34.749 10239 10816 W System.err: 	at kotlinx.coroutines.internal.LimitedDispatcher.run(LimitedDispatcher.kt:42)
09-01 23:32:34.749 10239 10816 W System.err: 	at kotlinx.coroutines.scheduling.TaskImpl.run(Tasks.kt:95)
09-01 23:32:34.749 10239 10816 W System.err: 	at kotlinx.coroutines.scheduling.CoroutineScheduler.runSafely(CoroutineScheduler.kt:570)
09-01 23:32:34.749 10239 10816 W System.err: 	at kotlinx.coroutines.scheduling.CoroutineScheduler$Worker.executeTask(CoroutineScheduler.kt:749)
09-01 23:32:34.749 10239 10816 W System.err: 	at kotlinx.coroutines.scheduling.CoroutineScheduler$Worker.runWorker(CoroutineScheduler.kt:677)
09-01 23:32:34.750 10239 10816 W System.err: 	at kotlinx.coroutines.scheduling.CoroutineScheduler$Worker.run(CoroutineScheduler.kt:664)
09-01 23:32:35.372   338   338 I perfetto: probes_producer.cc:329  Producer stop (id=31)
09-01 23:32:35.399   338   338 I perfetto: ftrace_procfs.cc:183    disabled ftrace
09-01 23:32:35.406   339   339 I perfetto: ng_service_impl.cc:1948 Tracing session 31 ended, total sessions:0
09-01 23:32:35.738 10239 10251 I om.example.app: Background young concurrent copying GC freed 58912(2490KB) AllocSpace objects, 51(9464KB) LOS objects, 41% free, 15MB/25MB, paused 645us total 233.262ms
09-01 23:32:35.743 10239 10253 W System  : A resource failed to call end.
09-01 23:32:35.744 10239 10253 W System  : A resource failed to call end.
09-01 23:32:38.243 10239 10251 I om.example.app: Background concurrent copying GC freed 142517(6794KB) AllocSpace objects, 71(11MB) LOS objects, 49% free, 9453KB/18MB, paused 72us total 531.107ms
09-01 23:32:38.637 10239 10253 W System  : A resource failed to call end.
09-01 23:32:38.773 10239 10816 W System.err: java.io.FileNotFoundException: https://api-msfnews.mediaset.net/tgcom24/redirect/27493679
09-01 23:32:38.773 10239 10816 W System.err: 	at com.android.okhttp.internal.huc.HttpURLConnectionImpl.getInputStream(HttpURLConnectionImpl.java:255)
09-01 23:32:38.773 10239 10816 W System.err: 	at com.android.okhttp.internal.huc.DelegatingHttpsURLConnection.getInputStream(DelegatingHttpsURLConnection.java:211)
09-01 23:32:38.773 10239 10816 W System.err: 	at com.android.okhttp.internal.huc.HttpsURLConnectionImpl.getInputStream(HttpsURLConnectionImpl.java:30)
09-01 23:32:38.773 10239 10816 W System.err: 	at java.net.URL.openStream(URL.java:1072)
09-01 23:32:38.773 10239 10816 W System.err: 	at kotlin.io.TextStreamsKt.readBytes(ReadWrite.kt:150)
09-01 23:32:38.773 10239 10816 W System.err: 	at com.example.app1.CustomFeeder.getIcon(CustomFeeder.kt:148)
09-01 23:32:38.773 10239 10816 W System.err: 	at com.example.app1.CustomFeeder$setFeed$1.invokeSuspend(CustomFeeder.kt:112)
09-01 23:32:38.774 10239 10816 W System.err: 	at kotlin.coroutines.jvm.internal.BaseContinuationImpl.resumeWith(ContinuationImpl.kt:33)
09-01 23:32:38.774 10239 10816 W System.err: 	at kotlinx.coroutines.DispatchedTask.run(DispatchedTask.kt:106)
09-01 23:32:38.774 10239 10816 W System.err: 	at kotlinx.coroutines.internal.LimitedDispatcher.run(LimitedDispatcher.kt:42)
09-01 23:32:38.774 10239 10816 W System.err: 	at kotlinx.coroutines.scheduling.TaskImpl.run(Tasks.kt:95)
09-01 23:32:38.774 10239 10816 W System.err: 	at kotlinx.coroutines.scheduling.CoroutineScheduler.runSafely(CoroutineScheduler.kt:570)
09-01 23:32:38.774 10239 10816 W System.err: 	at kotlinx.coroutines.scheduling.CoroutineScheduler$Worker.executeTask(CoroutineScheduler.kt:749)
09-01 23:32:38.774 10239 10816 W System.err: 	at kotlinx.coroutines.scheduling.CoroutineScheduler$Worker.runWorker(CoroutineScheduler.kt:677)
09-01 23:32:38.774 10239 10816 W System.err: 	at kotlinx.coroutines.scheduling.CoroutineScheduler$Worker.run(CoroutineScheduler.kt:664)
09-01 23:32:40.539 10239 10251 I om.example.app: Background young concurrent copying GC freed 81897(3344KB) AllocSpace objects, 43(5424KB) LOS objects, 35% free, 11MB/18MB, paused 30us total 160.220ms
09-01 23:32:41.235 10818 10818 D BoundBrokerSvc: onUnbind: Intent { act=com.google.android.mdd.service.START dat=chimera-action:com.google.android.mdd.service.START cmp=com.google.android.gms/.chimera.GmsBoundBrokerService }
09-01 23:32:41.321 10818 10818 D BoundBrokerSvc: onUnbind: Intent { act=com.google.android.gms.measurement.START pkg=com.google.android.gms }
09-01 23:32:41.690 10239 10251 I om.example.app: Background concurrent copying GC freed 80590(3055KB) AllocSpace objects, 93(10MB) LOS objects, 49% free, 12MB/25MB, paused 3.885ms total 192.756ms
09-01 23:32:41.713 10239 10253 W System  : A resource failed to call end.
09-01 23:32:43.245 10818 10818 D BoundBrokerSvc: onUnbind: Intent { act=com.google.firebase.dynamiclinks.service.START pkg=com.google.android.gms }
09-01 23:32:44.519 10239 10816 W System.err: org.xmlpull.v1.XmlPullParserException: name expected (position:START_TAG <a.length>@48:85 in java.io.InputStreamReader@f165df4)
09-01 23:32:44.520 10239 10816 W System.err: 	at com.android.org.kxml2.io.KXmlParser.checkRelaxed(KXmlParser.java:305)
09-01 23:32:44.520 10239 10816 W System.err: 	at com.android.org.kxml2.io.KXmlParser.readName(KXmlParser.java:1548)
09-01 23:32:44.520 10239 10816 W System.err: 	at com.android.org.kxml2.io.KXmlParser.parseStartTag(KXmlParser.java:1091)
09-01 23:32:44.520 10239 10816 W System.err: 	at com.android.org.kxml2.io.KXmlParser.next(KXmlParser.java:372)
09-01 23:32:44.520 10239 10816 W System.err: 	at com.android.org.kxml2.io.KXmlParser.next(KXmlParser.java:313)
09-01 23:32:44.521 10239 10816 W System.err: 	at tw.ktrssreader.parser.AndroidParserBase.skip(AndroidParserBase.kt:145)
09-01 23:32:44.521 10239 10816 W System.err: 	at tw.ktrssreader.parser.AndroidParserBase.access$skip(AndroidParserBase.kt:69)
09-01 23:32:44.521 10239 10816 W System.err: 	at tw.ktrssreader.parser.AndroidParserBase.parseStandardChannel(AndroidParserBase.kt:466)
09-01 23:32:44.521 10239 10816 W System.err: 	at tw.ktrssreader.parser.AndroidRssStandardParser.parse(AndroidRssStandardParser.kt:27)
09-01 23:32:44.521 10239 10816 W System.err: 	at tw.ktrssreader.parser.AndroidRssStandardParser.parse(AndroidRssStandardParser.kt:22)
09-01 23:32:44.521 10239 10816 W System.err: 	at com.example.app1.CustomFeeder$setFeed$1.invokeSuspend(CustomFeeder.kt:255)
09-01 23:32:44.521 10239 10816 W System.err: 	at kotlin.coroutines.jvm.internal.BaseContinuationImpl.resumeWith(ContinuationImpl.kt:33)
09-01 23:32:44.521 10239 10816 W System.err: 	at kotlinx.coroutines.DispatchedTask.run(DispatchedTask.kt:106)
09-01 23:32:44.522 10239 10816 W System.err: 	at kotlinx.coroutines.internal.LimitedDispatcher.run(LimitedDispatcher.kt:42)
09-01 23:32:44.522 10239 10816 W System.err: 	at kotlinx.coroutines.scheduling.TaskImpl.run(Tasks.kt:95)
09-01 23:32:44.522 10239 10816 W System.err: 	at kotlinx.coroutines.scheduling.CoroutineScheduler.runSafely(CoroutineScheduler.kt:570)
09-01 23:32:44.522 10239 10816 W System.err: 	at kotlinx.coroutines.scheduling.CoroutineScheduler$Worker.executeTask(CoroutineScheduler.kt:749)
09-01 23:32:44.522 10239 10816 W System.err: 	at kotlinx.coroutines.scheduling.CoroutineScheduler$Worker.runWorker(CoroutineScheduler.kt:677)
09-01 23:32:44.522 10239 10816 W System.err: 	at kotlinx.coroutines.scheduling.CoroutineScheduler$Worker.run(CoroutineScheduler.kt:664)
09-01 23:32:47.972  1380  1459 I VoiceInputManagerWrapper: VoiceInputManagerWrapper.shutdownVoiceInternal():95 shutdownVoiceInternal()
09-01 23:32:59.582   411   411 E wifi_forwarder: qemu_pipe_open_ns:62: Could not connect to the 'pipe:qemud:wififorward' service: Invalid argument
09-01 23:32:59.582   411   411 E wifi_forwarder: RemoteConnection failed to initialize: RemoteConnection failed to open pipe
09-01 23:32:59.733   409   409 E netmgr  : qemu_pipe_open_ns:62: Could not connect to the 'pipe:qemud:network' service: Invalid argument
09-01 23:32:59.733   409   409 E netmgr  : Failed to open QEMU pipe 'qemud:network': Invalid argument
09-01 23:33:06.456   197   197 W Binder:197_1: type=1400 audit(0.0:310): avc: denied { read } for name="wakeup34" dev="sysfs" ino=18627 scontext=u:r:system_suspend:s0 tcontext=u:object_r:sysfs:s0 tclass=dir permissive=0
09-01 23:33:06.456   197   215 E android.system.suspend@1.0-service: Error opening kernel wakelock stats for: wakeup34: Permission denied
09-01 23:33:06.469   197   215 E android.system.suspend@1.0-service: Error opening kernel wakelock stats for: wakeup35: Permission denied
09-01 23:33:06.468   197   197 W Binder:197_1: type=1400 audit(0.0:311): avc: denied { read } for name="wakeup35" dev="sysfs" ino=18690 scontext=u:r:system_suspend:s0 tcontext=u:object_r:sysfs:s0 tclass=dir permissive=0
09-01 23:33:10.980 10239 10239 I ViewInteraction: Checking 'MatchesViewAssertion{viewMatcher=(view has effective visibility <VISIBLE> and view.getGlobalVisibleRect() to return non-empty rectangle)}' assertion on view view.getId() is <2131362216/com.example.app1:id/rv>
09-01 23:33:15.566   197   215 E android.system.suspend@1.0-service: Error opening kernel wakelock stats for: wakeup34: Permission denied
09-01 23:33:15.593   197   215 E android.system.suspend@1.0-service: Error opening kernel wakelock stats for: wakeup35: Permission denied
09-01 23:33:15.540   197   197 W Binder:197_1: type=1400 audit(0.0:312): avc: denied { read } for name="wakeup34" dev="sysfs" ino=18627 scontext=u:r:system_suspend:s0 tcontext=u:object_r:sysfs:s0 tclass=dir permissive=0
09-01 23:33:15.592   197   197 W Binder:197_1: type=1400 audit(0.0:313): avc: denied { read } for name="wakeup35" dev="sysfs" ino=18690 scontext=u:r:system_suspend:s0 tcontext=u:object_r:sysfs:s0 tclass=dir permissive=0
09-01 23:33:51.486 10239 10239 I ViewInteraction: Checking 'MatchesViewAssertion{viewMatcher=(view has effective visibility <VISIBLE> and view.getGlobalVisibleRect() to return non-empty rectangle)}' assertion on view view.getId() is <2131362216/com.example.app1:id/rv>
09-01 23:33:51.489 10239 10267 I TestRunner: finished: signInAndChangePasswordSuccessfully(com.example.app1.AuthenticationTests)
