09-01 23:32:06.004 10818 10845 I Icing   : Usage reports ok 0, Failed Usage reports 0, indexed 0, rejected 0
09-01 23:32:06.006 10818 10845 W Icing   : No valid account for uploading user actions
09-01 23:32:06.013 10818 10845 I Icing   : Usage reports ok 0, Failed Usage reports 0, indexed 0, rejected 0
09-01 23:32:08.652 10818 10857 I Icing   : IndexChimeraService.getServiceInterface callingPackage=com.google.android.googlequicksearchbox componentName=null serviceId=36
09-01 23:32:08.658 10818 10845 W Icing   : No valid account for uploading user actions
09-01 23:32:08.664 10818 10845 I Icing   : Usage reports ok 0, Failed Usage reports 0, indexed 0, rejected 0
09-01 23:32:09.636 10239 10239 I ViewInteraction: Checking 'MatchesViewAssertion{viewMatcher=(view has effective visibility <VISIBLE> and view.getGlobalVisibleRect() to return non-empty rectangle)}' assertion on view view.getId() is <2131362216/com.example.app1:id/rv>
09-01 23:32:10.168 10239 10239 I ViewInteraction: Checking 'MatchesViewAssertion{viewMatcher=(view has effective visibility <VISIBLE> and view.getGlobalVisibleRect() to return non-empty rectangle)}' assertion on view view.getId() is <2131361885/com.example.app1:id/app_bar_search>
09-01 23:32:10.673 10239 10239 I ViewInteraction: Performing 'single click' action on view view.getContentDescription() is "btn_menu"
09-01 23:32:10.751   501   532 D EventSequenceValidator: inc AccIntentStartedEvents to 2
09-01 23:32:10.759   501  2172 I system_server: oneway function results will be dropped but finished with status OK and parcel size 4
09-01 23:32:10.805   501  2172 I system_server: oneway function results will be dropped but finished with status OK and parcel size 4
09-01 23:32:10.812   501   532 D EventSequenceValidator: dec AccIntentStartedEvents to 1
09-01 23:32:10.860 10239 10239 D LifecycleMonitor: Lifecycle status change: com.example.app1.MainActivity@1dc62ad in: PAUSED
09-01 23:32:10.861   501  1952 W InputReader: Device virtio_input_multi_touch_9 is associated with display ADISPLAY_ID_NONE.
09-01 23:32:10.862   501  1952 W InputReader: Device virtio_input_multi_touch_6 is associated with display ADISPLAY_ID_NONE.
09-01 23:32:10.862   501  1952 W InputReader: Device virtio_input_multi_touch_3 is associated with display ADISPLAY_ID_NONE.
09-01 23:32:10.862   501  1952 W InputReader: Device virtio_input_multi_touch_7 is associated with display ADISPLAY_ID_NONE.
09-01 23:32:10.862   501  1952 W InputReader: Device virtio_input_multi_touch_8 is associated with display ADISPLAY_ID_NONE.
09-01 23:32:10.862   501  1952 W InputReader: Device virtio_input_multi_touch_10 is associated with display ADISPLAY_ID_NONE.
09-01 23:32:10.862   501  1952 W InputReader: Device virtio_input_multi_touch_4 is associated with display ADISPLAY_ID_NONE.
09-01 23:32:10.862   501  1952 W InputReader: Device virtio_input_multi_touch_11 is associated with display ADISPLAY_ID_NONE.
09-01 23:32:10.862   501  1952 W InputReader: Device virtio_input_multi_touch_5 is associated with display ADISPLAY_ID_NONE.
09-01 23:32:10.862   501  1952 W InputReader: Device virtio_input_multi_touch_2 is associated with display ADISPLAY_ID_NONE.
09-01 23:32:10.868   501  1952 W InputReader: Device virtio_input_multi_touch_9 is associated with display ADISPLAY_ID_NONE.
09-01 23:32:10.868   501  1952 W InputReader: Device virtio_input_multi_touch_6 is associated with display ADISPLAY_ID_NONE.
09-01 23:32:10.868   501  1952 W InputReader: Device virtio_input_multi_touch_3 is associated with display ADISPLAY_ID_NONE.
09-01 23:32:10.868   501  1952 W InputReader: Device virtio_input_multi_touch_7 is associated with display ADISPLAY_ID_NONE.
09-01 23:32:10.868   501  1952 W InputReader: Device virtio_input_multi_touch_8 is associated with display ADISPLAY_ID_NONE.
09-01 23:32:10.868   501  1952 W InputReader: Device virtio_input_multi_touch_10 is associated with display ADISPLAY_ID_NONE.
09-01 23:32:10.868   501  1952 W InputReader: Device virtio_input_multi_touch_4 is associated with display ADISPLAY_ID_NONE.
09-01 23:32:10.868   501  1952 W InputReader: Device virtio_input_multi_touch_11 is associated with display ADISPLAY_ID_NONE.
09-01 23:32:10.868   501  1952 W InputReader: Device virtio_input_multi_touch_5 is associated with display ADISPLAY_ID_NONE.
09-01 23:32:10.868   501  1952 W InputReader: Device virtio_input_multi_touch_2 is associated with display ADISPLAY_ID_NONE.
09-01 23:32:10.931   501  2172 I system_server: oneway function results will be dropped but finished with status OK and parcel size 4
09-01 23:32:10.949   348   583 E IPCThreadState: binder thread pool (1 threads) starved for 198 ms
09-01 23:32:10.961 10239 10239 D LifecycleMonitor: Lifecycle status change: com.example.app1.settings.menu.MenuActivity@63322a3 in: PRE_ON_CREATE
09-01 23:32:11.159 10239 10239 D LifecycleMonitor: Lifecycle status change: com.example.app1.settings.menu.MenuActivity@63322a3 in: CREATED
09-01 23:32:11.168 10239 10239 D LifecycleMonitor: Lifecycle status change: com.example.app1.settings.menu.MenuActivity@63322a3 in: STARTED
09-01 23:32:11.174 10239 10239 D LifecycleMonitor: Lifecycle status change: com.example.app1.settings.menu.MenuActivity@63322a3 in: RESUMED
09-01 23:32:11.260 10818 10818 D BoundBrokerSvc: onBind: Intent { act=com.google.android.gms.measurement.START pkg=com.google.android.gms }
09-01 23:32:11.260 10818 10818 D BoundBrokerSvc: Loading bound service for intent: Intent { act=com.google.android.gms.measurement.START pkg=com.google.android.gms }
09-01 23:32:11.293   290   290 D goldfish-address-space: claimShared: Ask to claim region [0x3f0c06000 0x3f156b000]
09-01 23:32:11.307   290   290 D goldfish-address-space: claimShared: Ask to claim region [0x3f1ed0000 0x3f2835000]
09-01 23:32:11.309   290   290 D goldfish-address-space: claimShared: Ask to claim region [0x3f6594000 0x3f6ef9000]
09-01 23:32:11.383   501   537 I ActivityTaskManager: Displayed com.example.app1/.settings.menu.MenuActivity: +626ms
09-01 23:32:11.562 10818 10875 I FA-SVC  : App measurement initialized, version: 222615
09-01 23:32:11.643 10239 10239 I ViewInteraction: Checking 'MatchesViewAssertion{viewMatcher=(view has effective visibility <VISIBLE> and view.getGlobalVisibleRect() to return non-empty rectangle)}' assertion on view view.getId() is <2131362288/com.example.app1:id/sv_menu>
09-01 23:32:11.873 10818 10875 I TetheringManager: registerTetheringEventCallback:com.google.android.gms
09-01 23:32:11.880 10239 10239 D LifecycleMonitor: Lifecycle status change: com.example.app1.MainActivity@1dc62ad in: STOPPED
09-01 23:32:12.149 10239 10239 I ViewInteraction: Performing 'single click' action on view view.getId() is <2131361843/com.example.app1:id/account_settings>
09-01 23:32:12.202   501   532 D EventSequenceValidator: inc AccIntentStartedEvents to 2
09-01 23:32:12.211   501  1652 I system_server: oneway function results will be dropped but finished with status OK and parcel size 4
09-01 23:32:12.224 10239 10239 D LifecycleMonitor: Lifecycle status change: com.example.app1.settings.menu.MenuActivity@63322a3 in: PAUSED
09-01 23:32:12.226   501   532 D EventSequenceValidator: dec AccIntentStartedEvents to 1
09-01 23:32:12.232   501  1952 W InputReader: Device virtio_input_multi_touch_9 is associated with display ADISPLAY_ID_NONE.
09-01 23:32:12.232   501  1952 W InputReader: Device virtio_input_multi_touch_6 is associated with display ADISPLAY_ID_NONE.
09-01 23:32:12.233   501  1952 W InputReader: Device virtio_input_multi_touch_3 is associated with display ADISPLAY_ID_NONE.
09-01 23:32:12.233   501  1952 W InputReader: Device virtio_input_multi_touch_7 is associated with display ADISPLAY_ID_NONE.
09-01 23:32:12.233   501  1952 W InputReader: Device virtio_input_multi_touch_8 is associated with display ADISPLAY_ID_NONE.
09-01 23:32:12.233   501  1952 W InputReader: Device virtio_input_multi_touch_10 is associated with display ADISPLAY_ID_NONE.
09-01 23:32:12.233   501  1952 W InputReader: Device virtio_input_multi_touch_4 is associated with display ADISPLAY_ID_NONE.
09-01 23:32:12.233   501  1952 W InputReader: Device virtio_input_multi_touch_11 is associated with display ADISPLAY_ID_NONE.
09-01 23:32:12.233   501  1952 W InputReader: Device virtio_input_multi_touch_5 is associated with display ADISPLAY_ID_NONE.
09-01 23:32:12.233   501  1952 W InputReader: Device virtio_input_multi_touch_2 is associated with display ADISPLAY_ID_NONE.
09-01 23:32:12.233   501  1952 W InputReader: Device virtio_input_multi_touch_9 is associated with display ADISPLAY_ID_NONE.
09-01 23:32:12.233   501  1952 W InputReader: Device virtio_input_multi_touch_6 is associated with display ADISPLAY_ID_NONE.
09-01 23:32:12.233   501  1952 W InputReader: Device virtio_input_multi_touch_3 is associated with display ADISPLAY_ID_NONE.
09-01 23:32:12.233   501  1952 W InputReader: Device virtio_input_multi_touch_7 is associated with display ADISPLAY_ID_NONE.
09-01 23:32:12.233   501  1952 W InputReader: Device virtio_input_multi_touch_8 is associated with display ADISPLAY_ID_NONE.
09-01 23:32:12.233   501  1952 W InputReader: Device virtio_input_multi_touch_10 is associated with display ADISPLAY_ID_NONE.
09-01 23:32:12.233   501  1952 W InputReader: Device virtio_input_multi_touch_4 is associated with display ADISPLAY_ID_NONE.
09-01 23:32:12.233   501  1952 W InputReader: Device virtio_input_multi_touch_11 is associated with display ADISPLAY_ID_NONE.
09-01 23:32:12.233   501  1952 W InputReader: Device virtio_input_multi_touch_5 is associated with display ADISPLAY_ID_NONE.
09-01 23:32:12.233   501  1952 W InputReader: Device virtio_input_multi_touch_2 is associated with display ADISPLAY_ID_NONE.
09-01 23:32:12.243   339   339 I perfetto: ing_service_impl.cc:758 Configured tracing session 28, #sources:1, duration:5000 ms, #buffers:1, total buffer size:4096 KB, total sessions:1, uid:1071 session name: ""
09-01 23:32:12.245   338   338 I perfetto: probes_producer.cc:230  Ftrace setup (target_buf=28)
09-01 23:32:12.267 10239 10239 D LifecycleMonitor: Lifecycle status change: com.example.app1.settings.account.AccountActivity@db81643 in: PRE_ON_CREATE
09-01 23:32:12.341   501  1952 I system_server: oneway function results will be dropped but finished with status OK and parcel size 4
09-01 23:32:12.513 10239 10239 D LifecycleMonitor: Lifecycle status change: com.example.app1.settings.account.AccountActivity@db81643 in: CREATED
09-01 23:32:12.518 10239 10239 D LifecycleMonitor: Lifecycle status change: com.example.app1.settings.account.AccountActivity@db81643 in: STARTED
09-01 23:32:12.521 10239 10239 D LifecycleMonitor: Lifecycle status change: com.example.app1.settings.account.AccountActivity@db81643 in: RESUMED
09-01 23:32:12.530   338   338 I perfetto: ftrace_procfs.cc:176    enabled ftrace
09-01 23:32:12.608   290   290 D goldfish-address-space: claimShared: Ask to claim region [0x3f156b000 0x3f1ed0000]
09-01 23:32:12.625   290   290 D goldfish-address-space: claimShared: Ask to claim region [0x3f6ef9000 0x3f785e000]
09-01 23:32:12.689   290  5663 D goldfish-address-space: claimShared: Ask to claim region [0x3f4000000 0x3f4965000]
09-01 23:32:12.837   197   215 E android.system.suspend@1.0-service: Error opening kernel wakelock stats for: wakeup34: Permission denied
09-01 23:32:12.844   501   537 I ActivityTaskManager: Displayed com.example.app1/.settings.account.AccountActivity: +567ms
09-01 23:32:12.776   197   197 W Binder:197_1: type=1400 audit(0.0:308): avc: denied { read } for name="wakeup34" dev="sysfs" ino=18627 scontext=u:r:system_suspend:s0 tcontext=u:object_r:sysfs:s0 tclass=dir permissive=0
09-01 23:32:12.986   197   215 E android.system.suspend@1.0-service: Error opening kernel wakelock stats for: wakeup35: Permission denied
09-01 23:32:12.972   197   197 W Binder:197_1: type=1400 audit(0.0:309): avc: denied { read } for name="wakeup35" dev="sysfs" ino=18690 scontext=u:r:system_suspend:s0 tcontext=u:object_r:sysfs:s0 tclass=dir permissive=0
09-01 23:32:13.297 10239 10239 D LifecycleMonitor: Lifecycle status change: com.example.app1.settings.menu.MenuActivity@63322a3 in: STOPPED
09-01 23:32:14.415 10239 10239 I ViewInteraction: Checking 'MatchesViewAssertion{viewMatcher=(view has effective visibility <VISIBLE> and view.getGlobalVisibleRect() to return non-empty rectangle)}' assertion on view view.getId() is <2131361970/com.example.app1:id/decoration>
09-01 23:32:14.918 10239 10239 I ViewInteraction: Performing 'single click' action on view view.getId() is <2131361912/com.example.app1:id/btn_continue>
09-01 23:32:15.005 10239 10239 D LifecycleMonitor: Lifecycle status change: com.example.app1.settings.account.AccountActivity@db81643 in: PAUSED
09-01 23:32:15.008   501  1652 W InputReader: Device virtio_input_multi_touch_9 is associated with display ADISPLAY_ID_NONE.
09-01 23:32:15.008   501  1652 W InputReader: Device virtio_input_multi_touch_6 is associated with display ADISPLAY_ID_NONE.
09-01 23:32:15.008   501  1652 W InputReader: Device virtio_input_multi_touch_3 is associated with display ADISPLAY_ID_NONE.
09-01 23:32:15.008   501  1652 W InputReader: Device virtio_input_multi_touch_7 is associated with display ADISPLAY_ID_NONE.
09-01 23:32:15.008   501  1652 W InputReader: Device virtio_input_multi_touch_8 is associated with display ADISPLAY_ID_NONE.
09-01 23:32:15.008   501  1652 W InputReader: Device virtio_input_multi_touch_10 is associated with display ADISPLAY_ID_NONE.
09-01 23:32:15.008   501  1652 W InputReader: Device virtio_input_multi_touch_4 is associated with display ADISPLAY_ID_NONE.
09-01 23:32:15.008   501  1652 W InputReader: Device virtio_input_multi_touch_11 is associated with display ADISPLAY_ID_NONE.
09-01 23:32:15.008   501  1652 W InputReader: Device virtio_input_multi_touch_5 is associated with display ADISPLAY_ID_NONE.
09-01 23:32:15.008   501  1652 W InputReader: Device virtio_input_multi_touch_2 is associated with display ADISPLAY_ID_NONE.
09-01 23:32:15.009   501  1652 W InputReader: Device virtio_input_multi_touch_9 is associated with display ADISPLAY_ID_NONE.
09-01 23:32:15.009   501  1652 W InputReader: Device virtio_input_multi_touch_6 is associated with display ADISPLAY_ID_NONE.
09-01 23:32:15.010   501  1652 W InputReader: Device virtio_input_multi_touch_3 is associated with display ADISPLAY_ID_NONE.
09-01 23:32:15.010   501  1652 W InputReader: Device virtio_input_multi_touch_7 is associated with display ADISPLAY_ID_NONE.
09-01 23:32:15.010   501  1652 W InputReader: Device virtio_input_multi_touch_8 is associated with display ADISPLAY_ID_NONE.
09-01 23:32:15.010   501  1652 W InputReader: Device virtio_input_multi_touch_10 is associated with display ADISPLAY_ID_NONE.
09-01 23:32:15.010   501  1652 W InputReader: Device virtio_input_multi_touch_4 is associated with display ADISPLAY_ID_NONE.
09-01 23:32:15.010   501  1652 W InputReader: Device virtio_input_multi_touch_11 is associated with display ADISPLAY_ID_NONE.
09-01 23:32:15.010   501  1652 W InputReader: Device virtio_input_multi_touch_5 is associated with display ADISPLAY_ID_NONE.
09-01 23:32:15.010   501  1652 W InputReader: Device virtio_input_multi_touch_2 is associated with display ADISPLAY_ID_NONE.
09-01 23:32:15.013   501   532 D EventSequenceValidator: inc AccIntentStartedEvents to 2
09-01 23:32:15.051   501   532 D EventSequenceValidator: dec AccIntentStartedEvents to 1
09-01 23:32:15.060 10239 10239 D LifecycleMonitor: Lifecycle status change: com.example.app1.settings.account.PasswordChangeActivity@f52c41e in: PRE_ON_CREATE
09-01 23:32:15.120   501  1952 I system_server: oneway function results will be dropped but finished with status OK and parcel size 4
09-01 23:32:15.139   312   466 D AudioFlinger: mixer(0xe8438030) throttle end: throttle time(7)
09-01 23:32:15.243   501  1975 I system_server: oneway function results will be dropped but finished with status OK and parcel size 4
09-01 23:32:15.388 10239 10239 D LifecycleMonitor: Lifecycle status change: com.example.app1.settings.account.PasswordChangeActivity@f52c41e in: CREATED
09-01 23:32:15.392 10239 10239 D LifecycleMonitor: Lifecycle status change: com.example.app1.settings.account.PasswordChangeActivity@f52c41e in: STARTED
09-01 23:32:15.395 10239 10239 D LifecycleMonitor: Lifecycle status change: com.example.app1.settings.account.PasswordChangeActivity@f52c41e in: RESUMED
09-01 23:32:15.445   290   290 D goldfish-address-space: claimShared: Ask to claim region [0x3f0c06000 0x3f156b000]
09-01 23:32:15.463   290   290 D goldfish-address-space: claimShared: Ask to claim region [0x3f1ed0000 0x3f2835000]
09-01 23:32:15.473   290   290 D goldfish-address-space: claimShared: Ask to claim region [0x3f4965000 0x3f52ca000]
09-01 23:32:15.500   501   537 I ActivityTaskManager: Displayed com.example.app1/.settings.account.PasswordChangeActivity: +508ms
09-01 23:32:15.818 10239 10239 I ViewInteraction: Checking 'MatchesViewAssertion{viewMatcher=(view has effective visibility <VISIBLE> and view.getGlobalVisibleRect() to return non-empty rectangle)}' assertion on view view.getId() is <2131361912/com.example.app1:id/btn_continue>
09-01 23:32:15.958 10239 10239 D LifecycleMonitor: Lifecycle status change: com.example.app1.settings.account.AccountActivity@db81643 in: STOPPED
09-01 23:32:16.323 10239 10239 I ViewInteraction: Performing 'type text(Test1#)' action on view should return first matching item
09-01 23:32:16.387 10239 10239 I AssistStructure: Flattened final assist data: 2360 bytes, containing 1 windows, 11 views
09-01 23:32:16.412  1380  1380 I KeyboardViewUtil: KeyboardViewUtil.getKeyboardHeightRatio():128 systemKeyboardHeightRatio:1.000000; userKeyboardHeightRatio:1.000000.
09-01 23:32:16.412  1380  1380 I AndroidIME: AbstractIme.onActivate():84 PasswordIme.onActivate() : EditorInfo = Package = com.example.app1 : Type = Password : Learning = Disable : Suggestion = Hide : AutoCorrection = Disable : Microphone = Hide : NoPersonalizedLearning = Disable : AutoStartVoiceInput = Disable, IncognitoMode = false
09-01 23:32:16.431  9030  9030 W qei     : Pending fill request while another request in the same session was triggered. [CONTEXT service_id=177 ]
09-01 23:32:16.437 10818 10818 D BoundBrokerSvc: onBind: Intent { act=com.google.android.mdd.service.START dat=chimera-action:com.google.android.mdd.service.START cmp=com.google.android.gms/.chimera.GmsBoundBrokerService }
09-01 23:32:16.437 10818 10818 D BoundBrokerSvc: Loading bound service for intent: Intent { act=com.google.android.mdd.service.START dat=chimera-action:com.google.android.mdd.service.START cmp=com.google.android.gms/.chimera.GmsBoundBrokerService }
09-01 23:32:16.440  1380  1380 W KeyboardModeManager: KeyboardModeManager.setInputView():302 setInputView() : inputView = com.google.android.apps.inputmethod.libs.framework.core.InputView{c127a55 V.E...... ......ID 0,0-1080,1977}
09-01 23:32:16.440  1380  1380 I ConversationToQueryExtension: ConversationToQueryExtension.isEnabledForHostApp():252 Conv2Query not enabled due to current app [com.example.app1] not in whitelist
09-01 23:32:16.440  1380  1380 I ConversationToQueryExtension: ConversationToQueryExtension.onActivate():162 onActivate() : Disabled by unsupported host app
09-01 23:32:16.441  1380  1380 I CurrentMicStatusHolder: CurrentMicStatusHolder.onStartInputView():79 Current Mic status = {MicIconHidden-PasswordOrNumberOrDateInputType,}
09-01 23:32:16.441  1380  1380 I VoiceImeExtension: VoiceImeExtension.shouldStartVoiceInputAutomatically():336 No private IME option set to start voice input.
09-01 23:32:16.456   290   290 D goldfish-address-space: claimShared: Ask to claim region [0x3f156b000 0x3f1e1c000]
09-01 23:32:16.475   290   290 D goldfish-address-space: claimShared: Ask to claim region [0x3f52ca000 0x3f5b7b000]
09-01 23:32:16.485   290   290 D goldfish-address-space: claimShared: Ask to claim region [0x3f5b7b000 0x3f642c000]
09-01 23:32:16.560   290   290 D goldfish-address-space: claimShared: Ask to claim region [0x3f4000000 0x3f4965000]
09-01 23:32:16.592   290   290 D goldfish-address-space: claimShared: Ask to claim region [0x3f642c000 0x3f6d91000]
09-01 23:32:16.654 10818 10818 D BoundBrokerSvc: onBind: Intent { act=com.google.firebase.dynamiclinks.service.START pkg=com.google.android.gms }
09-01 23:32:16.654 10818 10818 D BoundBrokerSvc: Loading bound service for intent: Intent { act=com.google.firebase.dynamiclinks.service.START pkg=com.google.android.gms }
09-01 23:32:16.671 10239 10239 D UiControllerImpl: Injecting string: "Test1#"
09-01 23:32:16.751   290   290 D goldfish-address-space: claimShared: Ask to claim region [0x3f0c06000 0x3f156b000]
09-01 23:32:16.907 10818 10818 D BoundBrokerSvc: onBind: Intent { act=com.google.android.gms.common.BIND_SHARED_PREFS pkg=com.google.android.gms }
09-01 23:32:16.907 10818 10818 D BoundBrokerSvc: Loading bound service for intent: Intent { act=com.google.android.gms.common.BIND_SHARED_PREFS pkg=com.google.android.gms }
09-01 23:32:16.938 10818 10818 D BoundBrokerSvc: onUnbind: Intent { act=com.google.android.gms.common.BIND_SHARED_PREFS pkg=com.google.android.gms }
09-01 23:32:16.947 10818 10818 D BoundBrokerSvc: onBind: Intent { act=com.google.android.gms.common.BIND_SHARED_PREFS pkg=com.google.android.gms }
09-01 23:32:16.947 10818 10818 D BoundBrokerSvc: Loading bound service for intent: Intent { act=com.google.android.gms.common.BIND_SHARED_PREFS pkg=com.google.android.gms }
09-01 23:32:16.966 10818 10818 D BoundBrokerSvc: onUnbind: Intent { act=com.google.android.gms.common.BIND_SHARED_PREFS pkg=com.google.android.gms }
09-01 23:32:17.112 10239 10239 I ViewInteraction: Performing 'type text(NewP@ssw0rd)' action on view should return first matching item
09-01 23:32:17.165  1380  1380 I AndroidIME: AbstractIme.onDeactivate():161 PasswordIme.onDeactivate()
09-01 23:32:17.196  1380  1380 I KeyboardViewUtil: KeyboardViewUtil.getKeyboardHeightRatio():128 systemKeyboardHeightRatio:1.000000; userKeyboardHeightRatio:1.000000.
09-01 23:32:17.196  1380  1380 I AndroidIME: AbstractIme.onActivate():84 PasswordIme.onActivate() : EditorInfo = Package = com.example.app1 : Type = Password : Learning = Disable : Suggestion = Hide : AutoCorrection = Disable : Microphone = Hide : NoPersonalizedLearning = Disable : AutoStartVoiceInput = Disable, IncognitoMode = false
09-01 23:32:17.212  1380  1380 W KeyboardModeManager: KeyboardModeManager.setInputView():302 setInputView() : inputView = com.google.android.apps.inputmethod.libs.framework.core.InputView{c127a55 V.E...... .......D 0,0-1080,1977}
09-01 23:32:17.212  1380  1380 I ConversationToQueryExtension: ConversationToQueryExtension.isEnabledForHostApp():252 Conv2Query not enabled due to current app [com.example.app1] not in whitelist
09-01 23:32:17.213  1380  1380 I ConversationToQueryExtension: ConversationToQueryExtension.onActivate():162 onActivate() : Disabled by unsupported host app
09-01 23:32:17.213  1380  1380 I CurrentMicStatusHolder: CurrentMicStatusHolder.onStartInputView():79 Current Mic status = {MicIconHidden-PasswordOrNumberOrDateInputType,}
09-01 23:32:17.214  1380  1380 I VoiceImeExtension: VoiceImeExtension.shouldStartVoiceInputAutomatically():336 No private IME option set to start voice input.
09-01 23:32:17.242 10818 10818 D BoundBrokerSvc: onBind: Intent { act=com.google.android.gms.common.BIND_SHARED_PREFS pkg=com.google.android.gms }
09-01 23:32:17.242 10818 10818 D BoundBrokerSvc: Loading bound service for intent: Intent { act=com.google.android.gms.common.BIND_SHARED_PREFS pkg=com.google.android.gms }
09-01 23:32:17.246 10818 10818 D BoundBrokerSvc: onUnbind: Intent { act=com.google.android.gms.common.BIND_SHARED_PREFS pkg=com.google.android.gms }
09-01 23:32:17.249   338   338 I perfetto: probes_producer.cc:329  Producer stop (id=28)
09-01 23:32:17.251   338   338 I perfetto: ftrace_procfs.cc:183    disabled ftrace
09-01 23:32:17.256   339   339 I perfetto: ng_service_impl.cc:1948 Tracing session 28 ended, total sessions:0
09-01 23:32:17.261 10818 10818 D BoundBrokerSvc: onBind: Intent { act=com.google.android.gms.common.BIND_SHARED_PREFS pkg=com.google.android.gms }
09-01 23:32:17.261 10818 10818 D BoundBrokerSvc: Loading bound service for intent: Intent { act=com.google.android.gms.common.BIND_SHARED_PREFS pkg=com.google.android.gms }
09-01 23:32:17.277 10818 10818 D BoundBrokerSvc: onUnbind: Intent { act=com.google.android.gms.common.BIND_SHARED_PREFS pkg=com.google.android.gms }
09-01 23:32:17.407 10239 10239 D UiControllerImpl: Injecting string: "NewP@ssw0rd"
09-01 23:32:17.930 10239 10239 I ViewInteraction: Performing 'type text(NewP@ssw0rd)' action on view should return first matching item
09-01 23:32:17.981  1380  1380 I AndroidIME: AbstractIme.onDeactivate():161 PasswordIme.onDeactivate()
09-01 23:32:18.017  1380  1380 I KeyboardViewUtil: KeyboardViewUtil.getKeyboardHeightRatio():128 systemKeyboardHeightRatio:1.000000; userKeyboardHeightRatio:1.000000.
09-01 23:32:18.017  1380  1380 I AndroidIME: AbstractIme.onActivate():84 PasswordIme.onActivate() : EditorInfo = Package = com.example.app1 : Type = Password : Learning = Disable : Suggestion = Hide : AutoCorrection = Disable : Microphone = Hide : NoPersonalizedLearning = Disable : AutoStartVoiceInput = Disable, IncognitoMode = false
09-01 23:32:18.024  1380  1380 W KeyboardModeManager: KeyboardModeManager.setInputView():302 setInputView() : inputView = com.google.android.apps.inputmethod.libs.framework.core.InputView{c127a55 V.E...... ......ID 0,0-1080,1977}
09-01 23:32:18.025  1380  1380 I ConversationToQueryExtension: ConversationToQueryExtension.isEnabledForHostApp():252 Conv2Query not enabled due to current app [com.example.app1] not in whitelist
09-01 23:32:18.025  1380  1380 I ConversationToQueryExtension: ConversationToQueryExtension.onActivate():162 onActivate() : Disabled by unsupported host app
09-01 23:32:18.025  1380  1380 I CurrentMicStatusHolder: CurrentMicStatusHolder.onStartInputView():79 Current Mic status = {MicIconHidden-PasswordOrNumberOrDateInputType,}
09-01 23:32:18.026  1380  1380 I VoiceImeExtension: VoiceImeExtension.shouldStartVoiceInputAutomatically():336 No private IME option set to start voice input.
09-01 23:32:18.079 10818 10818 D BoundBrokerSvc: onBind: Intent { act=com.google.android.gms.common.BIND_SHARED_PREFS pkg=com.google.android.gms }
09-01 23:32:18.079 10818 10818 D BoundBrokerSvc: Loading bound service for intent: Intent { act=com.google.android.gms.common.BIND_SHARED_PREFS pkg=com.google.android.gms }
09-01 23:32:18.086 10818 10818 D BoundBrokerSvc: onUnbind: Intent { act=com.google.android.gms.common.BIND_SHARED_PREFS pkg=com.google.android.gms }
09-01 23:32:18.090 10818 10818 D BoundBrokerSvc: onBind: Intent { act=com.google.android.gms.common.BIND_SHARED_PREFS pkg=com.google.android.gms }
09-01 23:32:18.090 10818 10818 D BoundBrokerSvc: Loading bound service for intent: Intent { act=com.google.android.gms.common.BIND_SHARED_PREFS pkg=com.google.android.gms }
09-01 23:32:18.104 10818 10818 D BoundBrokerSvc: onUnbind: Intent { act=com.google.android.gms.common.BIND_SHARED_PREFS pkg=com.google.android.gms }
09-01 23:32:18.173   501  1652 I system_server: oneway function results will be dropped but finished with status OK and parcel size 4
09-01 23:32:18.226 10239 10239 D UiControllerImpl: Injecting string: "NewP@ssw0rd"
09-01 23:32:18.777 10239 10239 I ViewInteraction: Performing 'close keyboard' action on view view.getId() is <2131361912/com.example.app1:id/btn_continue>
09-01 23:32:18.781  1380  1380 I AndroidIME: AbstractIme.onDeactivate():161 PasswordIme.onDeactivate()
09-01 23:32:19.107 10239 10239 I ViewInteraction: Performing 'single click' action on view view.getId() is <2131361912/com.example.app1:id/btn_continue>
09-01 23:32:19.160   501  1652 I system_server: oneway function results will be dropped but finished with status OK and parcel size 4
09-01 23:32:19.160   501  1652 I system_server: oneway function results will be dropped but finished with status OK and parcel size 4
09-01 23:32:19.160 10239 10431 W System  : Ignoring header X-Firebase-Locale because its value was null.
09-01 23:32:19.161   501  1952 I system_server: oneway function results will be dropped but finished with status OK and parcel size 4
09-01 23:32:19.300   501  1652 I system_server: oneway function results will be dropped but finished with status OK and parcel size 4
09-01 23:32:19.410 10239 10239 I ViewInteraction: Performing 'send keyCode: 4, metaState: 0 key event' action on view view.getRootView() to equal view
09-01 23:32:19.439   290   290 D goldfish-address-space: claimShared: Ask to claim region [0x3f156b000 0x3f1b6e000]
09-01 23:32:19.475 10239 10239 D LifecycleMonitor: Lifecycle status change: com.example.app1.settings.account.PasswordChangeActivity@f52c41e in: PAUSED
09-01 23:32:19.486   501  1952 W InputReader: Device virtio_input_multi_touch_9 is associated with display ADISPLAY_ID_NONE.
09-01 23:32:19.486   501  1952 W InputReader: Device virtio_input_multi_touch_6 is associated with display ADISPLAY_ID_NONE.
09-01 23:32:19.486   501  1952 W InputReader: Device virtio_input_multi_touch_3 is associated with display ADISPLAY_ID_NONE.
09-01 23:32:19.486   501  1952 W InputReader: Device virtio_input_multi_touch_7 is associated with display ADISPLAY_ID_NONE.
09-01 23:32:19.486   501  1952 W InputReader: Device virtio_input_multi_touch_8 is associated with display ADISPLAY_ID_NONE.
09-01 23:32:19.486   501  1952 W InputReader: Device virtio_input_multi_touch_10 is associated with display ADISPLAY_ID_NONE.
09-01 23:32:19.486   501  1952 W InputReader: Device virtio_input_multi_touch_4 is associated with display ADISPLAY_ID_NONE.
09-01 23:32:19.486   501  1952 W InputReader: Device virtio_input_multi_touch_11 is associated with display ADISPLAY_ID_NONE.
09-01 23:32:19.486   501  1952 W InputReader: Device virtio_input_multi_touch_5 is associated with display ADISPLAY_ID_NONE.
09-01 23:32:19.486   501  1952 W InputReader: Device virtio_input_multi_touch_2 is associated with display ADISPLAY_ID_NONE.
09-01 23:32:19.486   501  1952 W InputReader: Device virtio_input_multi_touch_9 is associated with display ADISPLAY_ID_NONE.
09-01 23:32:19.487   501  1952 W InputReader: Device virtio_input_multi_touch_6 is associated with display ADISPLAY_ID_NONE.
09-01 23:32:19.487   501  1952 W InputReader: Device virtio_input_multi_touch_3 is associated with display ADISPLAY_ID_NONE.
09-01 23:32:19.487   501  1952 W InputReader: Device virtio_input_multi_touch_7 is associated with display ADISPLAY_ID_NONE.
09-01 23:32:19.487   501  1952 W InputReader: Device virtio_input_multi_touch_8 is associated with display ADISPLAY_ID_NONE.
09-01 23:32:19.487   501  1952 W InputReader: Device virtio_input_multi_touch_10 is associated with display ADISPLAY_ID_NONE.
09-01 23:32:19.487   501  1952 W InputReader: Device virtio_input_multi_touch_4 is associated with display ADISPLAY_ID_NONE.
09-01 23:32:19.487   501  1952 W InputReader: Device virtio_input_multi_touch_11 is associated with display ADISPLAY_ID_NONE.
09-01 23:32:19.487   501  1952 W InputReader: Device virtio_input_multi_touch_5 is associated with display ADISPLAY_ID_NONE.
09-01 23:32:19.487   501  1952 W InputReader: Device virtio_input_multi_touch_2 is associated with display ADISPLAY_ID_NONE.
09-01 23:32:19.516 10239 10239 D LifecycleMonitor: Lifecycle status change: com.example.app1.settings.account.AccountActivity@db81643 in: RESTARTED
09-01 23:32:19.530 10239 10239 D LifecycleMonitor: Lifecycle status change: com.example.app1.settings.account.AccountActivity@db81643 in: STARTED
09-01 23:32:19.540 10239 10239 D LifecycleMonitor: Lifecycle status change: com.example.app1.settings.account.AccountActivity@db81643 in: RESUMED
09-01 23:32:19.570   290   290 D goldfish-address-space: claimShared: Ask to claim region [0x3f1b6e000 0x3f24d3000]
09-01 23:32:19.571   290   290 D goldfish-address-space: claimShared: Ask to claim region [0x3f24d3000 0x3f2e38000]
09-01 23:32:19.573   290   290 D goldfish-address-space: claimShared: Ask to claim region [0x3f6d91000 0x3f76f6000]
09-01 23:32:19.755 10239 10431 W System  : Ignoring header X-Firebase-Locale because its value was null.
09-01 23:32:19.817   705   719 I ndroid.systemu: NativeAlloc concurrent copying GC freed 7112(355KB) AllocSpace objects, 0(0B) LOS objects, 49% free, 7477KB/14MB, paused 78us total 341.006ms
09-01 23:32:20.010 10239 10431 D FirebaseAuth: Notifying id token listeners about user ( jUMwGPPUP5g7wH0TmJQZzg6pvJt1 ).
09-01 23:32:20.037 10239 10899 W System  : Ignoring header X-Firebase-Locale because its value was null.
09-01 23:32:20.106 10239 10239 D LifecycleMonitor: Lifecycle status change: com.example.app1.settings.account.PasswordChangeActivity@f52c41e in: STOPPED
09-01 23:32:20.114 10239 10239 D LifecycleMonitor: Lifecycle status change: com.example.app1.settings.account.PasswordChangeActivity@f52c41e in: DESTROYED
09-01 23:32:20.126  9030  9320 I .gms.persisten: oneway function results will be dropped but finished with status UNKNOWN_TRANSACTION and parcel size 80
09-01 23:32:20.126  1400  1400 V InlineSuggestionRenderService: handleDestroySuggestionViews called for 0:688074465
09-01 23:32:20.169 10239 10239 I ViewInteraction: Performing 'send keyCode: 4, metaState: 0 key event' action on view view.getRootView() to equal view
09-01 23:32:20.195   290   290 D goldfish-address-space: claimShared: Ask to claim region [0x3f0c06000 0x3f1209000]
09-01 23:32:20.212 10239 10239 D LifecycleMonitor: Lifecycle status change: com.example.app1.settings.account.AccountActivity@db81643 in: PAUSED
09-01 23:32:20.215   501  2172 W InputReader: Device virtio_input_multi_touch_9 is associated with display ADISPLAY_ID_NONE.
09-01 23:32:20.215   501  2172 W InputReader: Device virtio_input_multi_touch_6 is associated with display ADISPLAY_ID_NONE.
09-01 23:32:20.215   501  2172 W InputReader: Device virtio_input_multi_touch_3 is associated with display ADISPLAY_ID_NONE.
09-01 23:32:20.215   501  2172 W InputReader: Device virtio_input_multi_touch_7 is associated with display ADISPLAY_ID_NONE.
09-01 23:32:20.215   501  2172 W InputReader: Device virtio_input_multi_touch_8 is associated with display ADISPLAY_ID_NONE.
09-01 23:32:20.215   501  2172 W InputReader: Device virtio_input_multi_touch_10 is associated with display ADISPLAY_ID_NONE.
09-01 23:32:20.215   501  2172 W InputReader: Device virtio_input_multi_touch_4 is associated with display ADISPLAY_ID_NONE.
09-01 23:32:20.215   501  2172 W InputReader: Device virtio_input_multi_touch_11 is associated with display ADISPLAY_ID_NONE.
09-01 23:32:20.215   501  2172 W InputReader: Device virtio_input_multi_touch_5 is associated with display ADISPLAY_ID_NONE.
09-01 23:32:20.215   501  2172 W InputReader: Device virtio_input_multi_touch_2 is associated with display ADISPLAY_ID_NONE.
09-01 23:32:20.215   501  2172 W InputReader: Device virtio_input_multi_touch_9 is associated with display ADISPLAY_ID_NONE.
09-01 23:32:20.215   501  2172 W InputReader: Device virtio_input_multi_touch_6 is associated with display ADISPLAY_ID_NONE.
09-01 23:32:20.215   501  2172 W InputReader: Device virtio_input_multi_touch_3 is associated with display ADISPLAY_ID_NONE.
09-01 23:32:20.215   501  2172 W InputReader: Device virtio_input_multi_touch_7 is associated with display ADISPLAY_ID_NONE.
09-01 23:32:20.215   501  2172 W InputReader: Device virtio_input_multi_touch_8 is associated with display ADISPLAY_ID_NONE.
09-01 23:32:20.215   501  2172 W InputReader: Device virtio_input_multi_touch_10 is associated with display ADISPLAY_ID_NONE.
09-01 23:32:20.215   501  2172 W InputReader: Device virtio_input_multi_touch_4 is associated with display ADISPLAY_ID_NONE.
09-01 23:32:20.215   501  2172 W InputReader: Device virtio_input_multi_touch_11 is associated with display ADISPLAY_ID_NONE.
09-01 23:32:20.215   501  2172 W InputReader: Device virtio_input_multi_touch_5 is associated with display ADISPLAY_ID_NONE.
09-01 23:32:20.215   501  2172 W InputReader: Device virtio_input_multi_touch_2 is associated with display ADISPLAY_ID_NONE.
09-01 23:32:20.242 10239 10239 D LifecycleMonitor: Lifecycle status change: com.example.app1.settings.menu.MenuActivity@63322a3 in: RESTARTED
09-01 23:32:20.244 10239 10239 D LifecycleMonitor: Lifecycle status change: com.example.app1.settings.menu.MenuActivity@63322a3 in: STARTED
09-01 23:32:20.245 10239 10239 D LifecycleMonitor: Lifecycle status change: com.example.app1.settings.menu.MenuActivity@63322a3 in: RESUMED
09-01 23:32:20.279   290   290 D goldfish-address-space: claimShared: Ask to claim region [0x3f4000000 0x3f4965000]
09-01 23:32:20.300   290   290 D goldfish-address-space: claimShared: Ask to claim region [0x3f4965000 0x3f52ca000]
09-01 23:32:20.306   290  5663 D goldfish-address-space: claimShared: Ask to claim region [0x3f52ca000 0x3f5c2f000]
09-01 23:32:20.314 10239 10899 W System  : Ignoring header X-Firebase-Locale because its value was null.
09-01 23:32:20.474   907   914 I s.nexuslaunche: NativeAlloc concurrent copying GC freed 1144(102KB) AllocSpace objects, 0(0B) LOS objects, 49% free, 3754KB/7508KB, paused 71us total 261.596ms
09-01 23:32:20.521   705   719 I ndroid.systemu: NativeAlloc concurrent copying GC freed 1220(123KB) AllocSpace objects, 0(0B) LOS objects, 49% free, 7402KB/14MB, paused 45us total 301.833ms
09-01 23:32:20.778 10239 10239 D LifecycleMonitor: Lifecycle status change: com.example.app1.settings.account.AccountActivity@db81643 in: STOPPED
09-01 23:32:20.780 10239 10239 D LifecycleMonitor: Lifecycle status change: com.example.app1.settings.account.AccountActivity@db81643 in: DESTROYED
09-01 23:32:20.809 10239 10899 D FirebaseAuth: Notifying id token listeners about user ( jUMwGPPUP5g7wH0TmJQZzg6pvJt1 ).
09-01 23:32:20.849 10818 10818 D BoundBrokerSvc: onUnbind: Intent { act=com.google.android.gms.feedback.internal.IFeedbackService dat=chimera-action:com.google.android.gms.feedback.internal.IFeedbackService cmp=com.google.android.gms/.chimera.GmsBoundBrokerService }
09-01 23:32:20.855   290   290 D goldfish-address-space: claimShared: Ask to claim region [0x3f3d7e000 0x3f3ddb000]
09-01 23:32:20.862   290   290 D goldfish-address-space: claimShared: Ask to claim region [0x3f3ddb000 0x3f3e38000]
09-01 23:32:20.872   290   290 D goldfish-address-space: claimShared: Ask to claim region [0x3f3e38000 0x3f3e95000]
09-01 23:32:20.878 10239 10239 I ViewInteraction: Checking 'MatchesViewAssertion{viewMatcher=(view has effective visibility <VISIBLE> and view.getGlobalVisibleRect() to return non-empty rectangle)}' assertion on view view.getId() is <2131362288/com.example.app1:id/sv_menu>
09-01 23:32:21.384 10239 10239 I ViewInteraction: Performing 'single click' action on view view.getId() is <2131362095/com.example.app1:id/logout>
09-01 23:32:21.532   501   631 I system_server: oneway function results will be dropped but finished with status OK and parcel size 4
09-01 23:32:21.660   290   290 D goldfish-address-space: claimShared: Ask to claim region [0x3f1b6e000 0x3f1ed6000]
09-01 23:32:21.670   501   631 I system_server: oneway function results will be dropped but finished with status OK and parcel size 4
09-01 23:32:21.677   290   290 D goldfish-address-space: claimShared: Ask to claim region [0x3f1ed6000 0x3f223e000]
09-01 23:32:21.689   290   290 D goldfish-address-space: claimShared: Ask to claim region [0x3f223e000 0x3f25a6000]
09-01 23:32:22.230 10239 10239 I ViewInteraction: Checking 'MatchesViewAssertion{viewMatcher=(view has effective visibility <VISIBLE> and view.getGlobalVisibleRect() to return non-empty rectangle)}' assertion on view view.getId() is <2131362094/com.example.app1:id/logo>
09-01 23:32:22.733 10239 10239 I ViewInteraction: Performing 'single click' action on view view.getId() is <16908313/android:id/button1>
09-01 23:32:22.786 10239 10239 D FirebaseAuth: Notifying id token listeners about a sign-out event.
09-01 23:32:22.787 10239 10239 D FirebaseAuth: Notifying auth state listeners about a sign-out event.
09-01 23:32:22.788   501   532 D EventSequenceValidator: inc AccIntentStartedEvents to 2
09-01 23:32:22.792   290   290 D goldfish-address-space: claimShared: Ask to claim region [0x3f25a6000 0x3f2ba9000]
09-01 23:32:22.794   501  1652 I system_server: oneway function results will be dropped but finished with status OK and parcel size 4
09-01 23:32:22.828   339   339 I perfetto: ing_service_impl.cc:758 Configured tracing session 29, #sources:1, duration:5000 ms, #buffers:1, total buffer size:4096 KB, total sessions:1, uid:1071 session name: ""
09-01 23:32:22.828   338   338 I perfetto: probes_producer.cc:230  Ftrace setup (target_buf=29)
09-01 23:32:22.893   501   532 D EventSequenceValidator: dec AccIntentStartedEvents to 1
09-01 23:32:22.914 10239 10277 D OpenGLRenderer: endAllActiveAnimators on 0xecf97910 (RippleDrawable) with handle 0xbfb27250
09-01 23:32:22.930   501  1652 I system_server: oneway function results will be dropped but finished with status OK and parcel size 4
09-01 23:32:22.937 10239 10239 D LifecycleMonitor: Lifecycle status change: com.example.app1.settings.menu.MenuActivity@63322a3 in: PAUSED
09-01 23:32:22.946   338   338 I perfetto: ftrace_procfs.cc:176    enabled ftrace
09-01 23:32:22.967   501  2172 W InputReader: Device virtio_input_multi_touch_9 is associated with display ADISPLAY_ID_NONE.
09-01 23:32:22.967   501  2172 W InputReader: Device virtio_input_multi_touch_6 is associated with display ADISPLAY_ID_NONE.
09-01 23:32:22.968   501  2172 W InputReader: Device virtio_input_multi_touch_3 is associated with display ADISPLAY_ID_NONE.
09-01 23:32:22.968   501  2172 W InputReader: Device virtio_input_multi_touch_7 is associated with display ADISPLAY_ID_NONE.
09-01 23:32:22.968   501  2172 W InputReader: Device virtio_input_multi_touch_8 is associated with display ADISPLAY_ID_NONE.
09-01 23:32:22.968   501  2172 W InputReader: Device virtio_input_multi_touch_10 is associated with display ADISPLAY_ID_NONE.
09-01 23:32:22.968   501  2172 W InputReader: Device virtio_input_multi_touch_4 is associated with display ADISPLAY_ID_NONE.
09-01 23:32:22.968   501  2172 W InputReader: Device virtio_input_multi_touch_11 is associated with display ADISPLAY_ID_NONE.
09-01 23:32:22.968   501  2172 W InputReader: Device virtio_input_multi_touch_5 is associated with display ADISPLAY_ID_NONE.
09-01 23:32:22.968   501  2172 W InputReader: Device virtio_input_multi_touch_2 is associated with display ADISPLAY_ID_NONE.
09-01 23:32:22.968   501  2172 W InputReader: Device virtio_input_multi_touch_9 is associated with display ADISPLAY_ID_NONE.
09-01 23:32:22.970   501  2172 W InputReader: Device virtio_input_multi_touch_6 is associated with display ADISPLAY_ID_NONE.
09-01 23:32:22.970   501  2172 W InputReader: Device virtio_input_multi_touch_3 is associated with display ADISPLAY_ID_NONE.
09-01 23:32:22.970   501  2172 W InputReader: Device virtio_input_multi_touch_7 is associated with display ADISPLAY_ID_NONE.
09-01 23:32:22.970   501  2172 W InputReader: Device virtio_input_multi_touch_8 is associated with display ADISPLAY_ID_NONE.
09-01 23:32:22.970   501  2172 W InputReader: Device virtio_input_multi_touch_10 is associated with display ADISPLAY_ID_NONE.
09-01 23:32:22.970   501  2172 W InputReader: Device virtio_input_multi_touch_4 is associated with display ADISPLAY_ID_NONE.
09-01 23:32:22.970   501  2172 W InputReader: Device virtio_input_multi_touch_11 is associated with display ADISPLAY_ID_NONE.
09-01 23:32:22.970   501  2172 W InputReader: Device virtio_input_multi_touch_5 is associated with display ADISPLAY_ID_NONE.
09-01 23:32:22.970   501  2172 W InputReader: Device virtio_input_multi_touch_2 is associated with display ADISPLAY_ID_NONE.
09-01 23:32:23.008 10239 10239 D LifecycleMonitor: Lifecycle status change: com.example.app1.MainActivity@1dc62ad in: DESTROYED
09-01 23:32:23.031   290   290 D goldfish-address-space: claimShared: Ask to claim region [0x3f5c2f000 0x3f6594000]
09-01 23:32:23.064 10239 10239 D LifecycleMonitor: Lifecycle status change: com.example.app1.authentication.LoginActivity@3b85935 in: DESTROYED
09-01 23:32:23.123 10239 10239 D LifecycleMonitor: Lifecycle status change: com.example.app1.authentication.LoginActivity@926fbac in: PRE_ON_CREATE
09-01 23:32:23.297 10239 10239 D LifecycleMonitor: Lifecycle status change: com.example.app1.authentication.LoginActivity@926fbac in: CREATED
09-01 23:32:23.323 10239 10239 D LifecycleMonitor: Lifecycle status change: com.example.app1.authentication.LoginActivity@926fbac in: STARTED
09-01 23:32:23.324 10239 10239 D LifecycleMonitor: Lifecycle status change: com.example.app1.authentication.LoginActivity@926fbac in: RESUMED
09-01 23:32:23.467   705   719 I ndroid.systemu: NativeAlloc concurrent copying GC freed 1573(173KB) AllocSpace objects, 0(0B) LOS objects, 49% free, 7473KB/14MB, paused 80us total 566.849ms
09-01 23:32:23.537   290   290 D goldfish-address-space: claimShared: Ask to claim region [0x3f1b6e000 0x3f241f000]
09-01 23:32:23.585   290   290 D goldfish-address-space: claimShared: Ask to claim region [0x3f6594000 0x3f6ef9000]
09-01 23:32:23.617   290  5663 D goldfish-address-space: claimShared: Ask to claim region [0x3f6ef9000 0x3f77aa000]
09-01 23:32:23.756   290   290 D goldfish-address-space: claimShared: Ask to claim region [0x3fafba000 0x3fb86b000]
09-01 23:32:23.872   290   290 D goldfish-address-space: claimShared: Ask to claim region [0x3f9c80000 0x3fa5e5000]
09-01 23:32:23.872   501   537 I ActivityTaskManager: Displayed com.example.app1/.authentication.LoginActivity: +1s82ms
09-01 23:32:24.191 10239 10239 D LifecycleMonitor: Lifecycle status change: com.example.app1.settings.menu.MenuActivity@63322a3 in: STOPPED
09-01 23:32:24.192 10239 10239 D LifecycleMonitor: Lifecycle status change: com.example.app1.settings.menu.MenuActivity@63322a3 in: DESTROYED
09-01 23:32:25.161 10239 10239 I ViewInteraction: Checking 'MatchesViewAssertion{viewMatcher=(view has effective visibility <VISIBLE> and view.getGlobalVisibleRect() to return non-empty rectangle)}' assertion on view view.getId() is <2131362094/com.example.app1:id/logo>
09-01 23:32:25.664 10239 10239 I ViewInteraction: Performing 'type text(test@test.com)' action on view should return first matching item
09-01 23:32:25.866 10239 10239 I AssistStructure: Flattened final assist data: 2552 bytes, containing 1 windows, 14 views
09-01 23:32:25.918   501  1952 I system_server: oneway function results will be dropped but finished with status OK and parcel size 4
09-01 23:32:25.936  1380  1380 W InputConnectionWrapper: InputConnectionWrapper.recordDuration():1447 IPC IC_GET_TEXT_BEFORE_CURSOR_AND_FIX_SELECTION_INDICES took 145 ms
09-01 23:32:25.947  9030  9030 W qei     : Pending fill request while another request in the same session was triggered. [CONTEXT service_id=177 ]
09-01 23:32:25.966  1380  1380 I KeyboardViewUtil: KeyboardViewUtil.getKeyboardHeightRatio():128 systemKeyboardHeightRatio:1.000000; userKeyboardHeightRatio:1.000000.
09-01 23:32:25.967  1380  1380 I AndroidIME: AbstractIme.onActivate():84 LatinIme.onActivate() : EditorInfo = Package = com.example.app1 : Type = Email : Learning = Disable : Suggestion = Show : AutoCorrection = Disable : Microphone = DisabledMic : NoPersonalizedLearning = Disable : AutoStartVoiceInput = Disable, IncognitoMode = false
09-01 23:32:25.967  1380  1380 I Delight5Facilitator: Delight5Facilitator.initializeForIme():561 initializeForIme() : Locale = [en_US], layout = qwerty
09-01 23:32:25.968  1380  1380 I VoiceInputManagerWrapper: VoiceInputManagerWrapper.cancelShutdown():55 cancelShutdown()
09-01 23:32:25.968  1380  1380 I VoiceInputManagerWrapper: VoiceInputManagerWrapper.syncLanguagePacks():67 syncLanguagePacks()
09-01 23:32:25.983  1380  3859 I SpeechFactory: SpeechRecognitionFactory.maybeScheduleAutoPackDownloadForFallback():160 maybeScheduleAutoPackDownloadForFallback()
09-01 23:32:25.983  1380  3859 I FallbackOnDeviceRecognitionProvider: FallbackOnDeviceRecognitionProvider.maybeScheduleAutoPackDownload():197 maybeScheduleAutoPackDownload() for language tag en-US
09-01 23:32:25.985  1380  1380 I KeyboardWrapper: KeyboardWrapper.consumeEvent():264 Skip consuming an event as current keyboard is deactivated (state=0, keyboard existence=true)
09-01 23:32:26.014  1400  1400 V InlineSuggestionRenderService: handleDestroySuggestionViews called for 0:1122683904
09-01 23:32:26.082  1380  1380 I KeyboardViewHelper: KeyboardViewHelper.getView():164 Get view with height ratio:1.000000; experiment height ratio:1.000000.
09-01 23:32:26.165 10239 10239 D UiControllerImpl: Injecting string: "test@test.com"
09-01 23:32:26.178  1380  1380 W KeyboardModeManager: KeyboardModeManager.setInputView():302 setInputView() : inputView = com.google.android.apps.inputmethod.libs.framework.core.InputView{c127a55 V.E...... ......ID 0,0-1080,1977}
09-01 23:32:26.179  1380  1380 I ConversationToQueryExtension: ConversationToQueryExtension.isEnabledForHostApp():252 Conv2Query not enabled due to current app [com.example.app1] not in whitelist
09-01 23:32:26.179  1380  1380 I ConversationToQueryExtension: ConversationToQueryExtension.onActivate():162 onActivate() : Disabled by unsupported host app
09-01 23:32:26.180  1380  1380 I CurrentMicStatusHolder: CurrentMicStatusHolder.onStartInputView():79 Current Mic status = {MicIconHidden-EmailInputType,}
09-01 23:32:26.180  1380  1380 I VoiceImeExtension: VoiceImeExtension.shouldStartVoiceInputAutomatically():336 No private IME option set to start voice input.
09-01 23:32:26.212   290   290 D goldfish-address-space: claimShared: Ask to claim region [0x3f5c2f000 0x3f64e0000]
09-01 23:32:26.259   290   290 D goldfish-address-space: claimShared: Ask to claim region [0x3f64e0000 0x3f6d91000]
09-01 23:32:26.283   290   290 D goldfish-address-space: claimShared: Ask to claim region [0x3f4000000 0x3f48b1000]
