08-10 00:09:11.774   496  1915 W InputReader: Device virtio_input_multi_touch_2 is associated with display ADISPLAY_ID_NONE.
08-10 00:09:11.774   496  1915 W InputReader: Device virtio_input_multi_touch_9 is associated with display ADISPLAY_ID_NONE.
08-10 00:09:11.774   496  1915 W InputReader: Device virtio_input_multi_touch_6 is associated with display ADISPLAY_ID_NONE.
08-10 00:09:11.774   496  1915 W InputReader: Device virtio_input_multi_touch_3 is associated with display ADISPLAY_ID_NONE.
08-10 00:09:11.774   496  1915 W InputReader: Device virtio_input_multi_touch_7 is associated with display ADISPLAY_ID_NONE.
08-10 00:09:11.774   496  1915 W InputReader: Device virtio_input_multi_touch_8 is associated with display ADISPLAY_ID_NONE.
08-10 00:09:11.774   496  1915 W InputReader: Device virtio_input_multi_touch_10 is associated with display ADISPLAY_ID_NONE.
08-10 00:09:11.774   496  1915 W InputReader: Device virtio_input_multi_touch_4 is associated with display ADISPLAY_ID_NONE.
08-10 00:09:11.774   496  1915 W InputReader: Device virtio_input_multi_touch_11 is associated with display ADISPLAY_ID_NONE.
08-10 00:09:11.774   496  1915 W InputReader: Device virtio_input_multi_touch_5 is associated with display ADISPLAY_ID_NONE.
08-10 00:09:11.774   496  1915 W InputReader: Device virtio_input_multi_touch_2 is associated with display ADISPLAY_ID_NONE.
08-10 00:09:11.774   496  1915 W InputReader: Device virtio_input_multi_touch_9 is associated with display ADISPLAY_ID_NONE.
08-10 00:09:11.774   496  1915 W InputReader: Device virtio_input_multi_touch_6 is associated with display ADISPLAY_ID_NONE.
08-10 00:09:11.774   496  1915 W InputReader: Device virtio_input_multi_touch_3 is associated with display ADISPLAY_ID_NONE.
08-10 00:09:11.774   496  1915 W InputReader: Device virtio_input_multi_touch_7 is associated with display ADISPLAY_ID_NONE.
08-10 00:09:11.774   496  1915 W InputReader: Device virtio_input_multi_touch_8 is associated with display ADISPLAY_ID_NONE.
08-10 00:09:11.781   313   459 D AudioFlinger: mixer(0xea8a5030) throttle end: throttle time(3)
08-10 00:09:11.786 21282 21282 D LifecycleMonitor: Lifecycle status change: com.example.app1.authentication.LoginActivity@74fa122 in: RESTARTED
08-10 00:09:11.789 21282 21282 D LifecycleMonitor: Lifecycle status change: com.example.app1.authentication.LoginActivity@74fa122 in: STARTED
08-10 00:09:11.800 21282 21282 D LifecycleMonitor: Lifecycle status change: com.example.app1.authentication.LoginActivity@74fa122 in: RESUMED
08-10 00:09:11.818   496  1915 I system_server: oneway function results will be dropped but finished with status OK and parcel size 4
08-10 00:09:11.842   375   375 I perfetto: probes_producer.cc:329  Producer stop (id=93)
08-10 00:09:11.843   375   375 I perfetto: ftrace_procfs.cc:183    disabled ftrace
08-10 00:09:11.845   377   377 I perfetto: ng_service_impl.cc:1948 Tracing session 93 ended, total sessions:0
08-10 00:09:11.911 21282 21311 V FA      : Recording user engagement, ms: 4698
08-10 00:09:11.993   294   294 D goldfish-address-space: claimShared: Ask to claim region [0x3f28c7000 0x3f3178000]
08-10 00:09:12.010   294   294 D goldfish-address-space: claimShared: Ask to claim region [0x3f3178000 0x3f3a29000]
08-10 00:09:12.020   294   294 D goldfish-address-space: claimShared: Ask to claim region [0x3f0000000 0x3f08b1000]
08-10 00:09:12.041 21282 21343 W System  : Ignoring header X-Firebase-Locale because its value was null.
08-10 00:09:12.245   696   710 I ndroid.systemu: NativeAlloc concurrent copying GC freed 12227(612KB) AllocSpace objects, 0(0B) LOS objects, 49% free, 7587KB/14MB, paused 177us total 539.116ms
08-10 00:09:12.279 21282 21311 V FA      : Activity paused, time: 12693257
08-10 00:09:12.286 21282 21311 V FA      : Activity resumed, time: 12693292
08-10 00:09:12.287 10668 21339 V FA-SVC  : Logging event: origin=auto,name=user_engagement(_e),params=Bundle[{ga_event_origin(_o)=auto, engagement_time_msec(_et)=4698, ga_screen_class(_sc)=SignUpActivity, ga_screen_id(_si)=4854840915442702873}]
08-10 00:09:12.327 21282 21282 I ViewInteraction: Checking 'MatchesViewAssertion{viewMatcher=(view has effective visibility <VISIBLE> and view.getGlobalVisibleRect() to return non-empty rectangle)}' assertion on view view.getId() is <2131361971/com.example.app1:id/decoration_useSocial>
08-10 00:09:12.339 10668 21339 V FA-SVC  : Upload scheduled in approximately ms: 3078055
08-10 00:09:12.340 10668 21339 V FA-SVC  : Unscheduling upload
08-10 00:09:12.347 10668 21339 V FA-SVC  : Scheduling upload, millis: 3078055
08-10 00:09:12.363 10668 21339 V FA-SVC  : Background event processing time, ms: 80
08-10 00:09:12.379  8857 20792 W NetworkScheduler: Error inserting flex_time=3078000 job_id=-1 period=6157000 source=16 requires_charging=0 preferred_network_type=1 target_class=com.google.android.gms.measurement.PackageMeasurementTaskService user_id=0 target_package=com.google.android.gms tag=Measurement.PackageMeasurementTaskService.UPLOAD_TASK_TAG task_type=0 required_idleness_state=0 service_kind=0 source_version=222615000 persistence_level=1 preferred_charging_state=1 required_network_type=0 runtime=1660082952374 retry_strategy={"maximum_backoff_seconds":{"3600":0},"initial_backoff_seconds":{"30":0},"retry_policy":{"0":0}} last_runtime=0 [CONTEXT service_id=218 ]
08-10 00:09:12.379  8857 20792 W NetworkScheduler: android.database.sqlite.SQLiteConstraintException: UNIQUE constraint failed: pending_ops.tag, pending_ops.target_class, pending_ops.target_package, pending_ops.user_id (code 2067 SQLITE_CONSTRAINT_UNIQUE)
08-10 00:09:12.379  8857 20792 W NetworkScheduler: 	at android.database.sqlite.SQLiteConnection.nativeExecuteForLastInsertedRowId(Native Method)
08-10 00:09:12.379  8857 20792 W NetworkScheduler: 	at android.database.sqlite.SQLiteConnection.executeForLastInsertedRowId(SQLiteConnection.java:938)
08-10 00:09:12.379  8857 20792 W NetworkScheduler: 	at android.database.sqlite.SQLiteSession.executeForLastInsertedRowId(SQLiteSession.java:790)
08-10 00:09:12.379  8857 20792 W NetworkScheduler: 	at android.database.sqlite.SQLiteStatement.executeInsert(SQLiteStatement.java:88)
08-10 00:09:12.379  8857 20792 W NetworkScheduler: 	at android.database.sqlite.SQLiteDatabase.insertWithOnConflict(SQLiteDatabase.java:1701)
08-10 00:09:12.379  8857 20792 W NetworkScheduler: 	at android.database.sqlite.SQLiteDatabase.insertOrThrow(SQLiteDatabase.java:1596)
08-10 00:09:12.379  8857 20792 W NetworkScheduler: 	at bexn.g(:com.google.android.gms@222615040@22.26.15 (150700-461192076):52)
08-10 00:09:12.379  8857 20792 W NetworkScheduler: 	at bewg.n(:com.google.android.gms@222615040@22.26.15 (150700-461192076):3)
08-10 00:09:12.379  8857 20792 W NetworkScheduler: 	at bewg.u(:com.google.android.gms@222615040@22.26.15 (150700-461192076):20)
08-10 00:09:12.379  8857 20792 W NetworkScheduler: 	at bewg.h(:com.google.android.gms@222615040@22.26.15 (150700-461192076):3)
08-10 00:09:12.379  8857 20792 W NetworkScheduler: 	at berx.run(:com.google.android.gms@222615040@22.26.15 (150700-461192076):9)
08-10 00:09:12.379  8857 20792 W NetworkScheduler: 	at xoc.c(:com.google.android.gms@222615040@22.26.15 (150700-461192076):6)
08-10 00:09:12.379  8857 20792 W NetworkScheduler: 	at xoc.run(:com.google.android.gms@222615040@22.26.15 (150700-461192076):7)
08-10 00:09:12.379  8857 20792 W NetworkScheduler: 	at java.util.concurrent.ThreadPoolExecutor.runWorker(ThreadPoolExecutor.java:1167)
08-10 00:09:12.379  8857 20792 W NetworkScheduler: 	at java.util.concurrent.ThreadPoolExecutor$Worker.run(ThreadPoolExecutor.java:641)
08-10 00:09:12.379  8857 20792 W NetworkScheduler: 	at xth.run(:com.google.android.gms@222615040@22.26.15 (150700-461192076):0)
08-10 00:09:12.379  8857 20792 W NetworkScheduler: 	at java.lang.Thread.run(Thread.java:923)
08-10 00:09:12.429 10668 21339 V FA-SVC  : Logging event: origin=auto,name=screen_view(_vs),params=Bundle[{ga_event_origin(_o)=auto, ga_previous_class(_pc)=SignUpActivity, ga_previous_id(_pi)=4854840915442702873, ga_screen_class(_sc)=LoginActivity, ga_screen_id(_si)=4854840915442702872}]
08-10 00:09:12.437 21282 21343 D FirebaseAuth: Notifying id token listeners about user ( R9Qraon5SWfAOpoM6eOp72SvJJU2 ).
08-10 00:09:12.439 21282 21343 D FirebaseAuth: Notifying auth state listeners about user ( R9Qraon5SWfAOpoM6eOp72SvJJU2 ).
08-10 00:09:12.444 21282 21282 D CompatibilityChangeReporter: Compat change id reported: 147798919; UID 10155; state: ENABLED
08-10 00:09:12.468 10668 21339 V FA-SVC  : Upload scheduled in approximately ms: 3077926
08-10 00:09:12.468 10668 21339 V FA-SVC  : Unscheduling upload
08-10 00:09:12.493 10668 21339 V FA-SVC  : Scheduling upload, millis: 3077926
08-10 00:09:12.496 10668 21339 V FA-SVC  : Background event processing time, ms: 67
08-10 00:09:12.514  8857 21027 W NetworkScheduler: Error inserting flex_time=3077000 job_id=-1 period=6156000 source=16 requires_charging=0 preferred_network_type=1 target_class=com.google.android.gms.measurement.PackageMeasurementTaskService user_id=0 target_package=com.google.android.gms tag=Measurement.PackageMeasurementTaskService.UPLOAD_TASK_TAG task_type=0 required_idleness_state=0 service_kind=0 source_version=222615000 persistence_level=1 preferred_charging_state=1 required_network_type=0 runtime=1660082952498 retry_strategy={"maximum_backoff_seconds":{"3600":0},"initial_backoff_seconds":{"30":0},"retry_policy":{"0":0}} last_runtime=0 [CONTEXT service_id=218 ]
08-10 00:09:12.514  8857 21027 W NetworkScheduler: android.database.sqlite.SQLiteConstraintException: UNIQUE constraint failed: pending_ops.tag, pending_ops.target_class, pending_ops.target_package, pending_ops.user_id (code 2067 SQLITE_CONSTRAINT_UNIQUE)
08-10 00:09:12.514  8857 21027 W NetworkScheduler: 	at android.database.sqlite.SQLiteConnection.nativeExecuteForLastInsertedRowId(Native Method)
08-10 00:09:12.514  8857 21027 W NetworkScheduler: 	at android.database.sqlite.SQLiteConnection.executeForLastInsertedRowId(SQLiteConnection.java:938)
08-10 00:09:12.514  8857 21027 W NetworkScheduler: 	at android.database.sqlite.SQLiteSession.executeForLastInsertedRowId(SQLiteSession.java:790)
08-10 00:09:12.514  8857 21027 W NetworkScheduler: 	at android.database.sqlite.SQLiteStatement.executeInsert(SQLiteStatement.java:88)
08-10 00:09:12.514  8857 21027 W NetworkScheduler: 	at android.database.sqlite.SQLiteDatabase.insertWithOnConflict(SQLiteDatabase.java:1701)
08-10 00:09:12.514  8857 21027 W NetworkScheduler: 	at android.database.sqlite.SQLiteDatabase.insertOrThrow(SQLiteDatabase.java:1596)
08-10 00:09:12.514  8857 21027 W NetworkScheduler: 	at bexn.g(:com.google.android.gms@222615040@22.26.15 (150700-461192076):52)
08-10 00:09:12.514  8857 21027 W NetworkScheduler: 	at bewg.n(:com.google.android.gms@222615040@22.26.15 (150700-461192076):3)
08-10 00:09:12.514  8857 21027 W NetworkScheduler: 	at bewg.u(:com.google.android.gms@222615040@22.26.15 (150700-461192076):20)
08-10 00:09:12.514  8857 21027 W NetworkScheduler: 	at bewg.h(:com.google.android.gms@222615040@22.26.15 (150700-461192076):3)
08-10 00:09:12.514  8857 21027 W NetworkScheduler: 	at berx.run(:com.google.android.gms@222615040@22.26.15 (150700-461192076):9)
08-10 00:09:12.514  8857 21027 W NetworkScheduler: 	at xoc.c(:com.google.android.gms@222615040@22.26.15 (150700-461192076):6)
08-10 00:09:12.514  8857 21027 W NetworkScheduler: 	at xoc.run(:com.google.android.gms@222615040@22.26.15 (150700-461192076):7)
08-10 00:09:12.514  8857 21027 W NetworkScheduler: 	at java.util.concurrent.ThreadPoolExecutor.runWorker(ThreadPoolExecutor.java:1167)
08-10 00:09:12.514  8857 21027 W NetworkScheduler: 	at java.util.concurrent.ThreadPoolExecutor$Worker.run(ThreadPoolExecutor.java:641)
08-10 00:09:12.514  8857 21027 W NetworkScheduler: 	at xth.run(:com.google.android.gms@222615040@22.26.15 (150700-461192076):0)
08-10 00:09:12.514  8857 21027 W NetworkScheduler: 	at java.lang.Thread.run(Thread.java:923)
08-10 00:09:12.538   294   294 D goldfish-address-space: claimShared: Ask to claim region [0x3f3a29000 0x3f3a7f000]
08-10 00:09:12.555 21282 21282 D LifecycleMonitor: Lifecycle status change: com.example.app1.authentication.SignUpActivity@8dc4660 in: STOPPED
08-10 00:09:12.560   294   294 D goldfish-address-space: claimShared: Ask to claim region [0x3f3a7f000 0x3f3ad5000]
08-10 00:09:12.563   294   361 D goldfish-address-space: claimShared: Ask to claim region [0x3f3ad5000 0x3f3b2b000]
08-10 00:09:12.576 21282 21282 D LifecycleMonitor: Lifecycle status change: com.example.app1.authentication.SignUpActivity@8dc4660 in: DESTROYED
08-10 00:09:12.843 21282 21282 I ViewInteraction: Performing 'type text(newuser@mail.com)' action on view should return first matching item
08-10 00:09:12.949 21282 21282 I AssistStructure: Flattened final assist data: 2552 bytes, containing 1 windows, 14 views
08-10 00:09:12.995  3654  3654 I KeyboardViewUtil: KeyboardViewUtil.getKeyboardHeightRatio():128 systemKeyboardHeightRatio:1.000000; userKeyboardHeightRatio:1.000000.
08-10 00:09:12.995  3654  3654 I AndroidIME: AbstractIme.onActivate():84 LatinIme.onActivate() : EditorInfo = Package = com.example.app1 : Type = Email : Learning = Disable : Suggestion = Show : AutoCorrection = Disable : Microphone = DisabledMic : NoPersonalizedLearning = Disable : AutoStartVoiceInput = Disable, IncognitoMode = false
08-10 00:09:12.995  3654  3654 I Delight5Facilitator: Delight5Facilitator.initializeForIme():561 initializeForIme() : Locale = [en_US], layout = qwerty
08-10 00:09:12.995  3654  3654 I VoiceInputManagerWrapper: VoiceInputManagerWrapper.cancelShutdown():55 cancelShutdown()
08-10 00:09:12.995  3654  3654 I VoiceInputManagerWrapper: VoiceInputManagerWrapper.syncLanguagePacks():67 syncLanguagePacks()
08-10 00:09:12.997  3654  3654 I KeyboardWrapper: KeyboardWrapper.consumeEvent():264 Skip consuming an event as current keyboard is deactivated (state=0, keyboard existence=true)
08-10 00:09:12.998  3654  4305 I SpeechFactory: SpeechRecognitionFactory.maybeScheduleAutoPackDownloadForFallback():160 maybeScheduleAutoPackDownloadForFallback()
08-10 00:09:13.010  3654  4305 I FallbackOnDeviceRecognitionProvider: FallbackOnDeviceRecognitionProvider.maybeScheduleAutoPackDownload():197 maybeScheduleAutoPackDownload() for language tag en-US
08-10 00:09:13.024  8857  8857 W qei     : Pending fill request while another request in the same session was triggered. [CONTEXT service_id=177 ]
08-10 00:09:13.043  1300  1300 V InlineSuggestionRenderService: handleDestroySuggestionViews called for 0:1184467306
08-10 00:09:13.055  3654  3654 I KeyboardViewHelper: KeyboardViewHelper.getView():164 Get view with height ratio:1.000000; experiment height ratio:1.000000.
08-10 00:09:13.076  3654  3654 W KeyboardModeManager: KeyboardModeManager.setInputView():302 setInputView() : inputView = com.google.android.apps.inputmethod.libs.framework.core.InputView{18c81fa V.E...... ......ID 0,0-1080,1977}
08-10 00:09:13.076  3654  3654 I ConversationToQueryExtension: ConversationToQueryExtension.isEnabledForHostApp():252 Conv2Query not enabled due to current app [com.example.app1] not in whitelist
08-10 00:09:13.077  3654  3654 I ConversationToQueryExtension: ConversationToQueryExtension.onActivate():162 onActivate() : Disabled by unsupported host app
08-10 00:09:13.078  3654  3654 I CurrentMicStatusHolder: CurrentMicStatusHolder.onStartInputView():79 Current Mic status = {MicIconHidden-EmailInputType,}
08-10 00:09:13.080  3654  3654 I VoiceImeExtension: VoiceImeExtension.shouldStartVoiceInputAutomatically():336 No private IME option set to start voice input.
08-10 00:09:13.126   294   294 D goldfish-address-space: claimShared: Ask to claim region [0x3f08b1000 0x3f1162000]
08-10 00:09:13.142   294   294 D goldfish-address-space: claimShared: Ask to claim region [0x3f1162000 0x3f1a13000]
08-10 00:09:13.143   294   294 D goldfish-address-space: claimShared: Ask to claim region [0x3f1a13000 0x3f22c4000]
08-10 00:09:13.209 10668 10668 D BoundBrokerSvc: onBind: Intent { act=com.google.android.gms.common.BIND_SHARED_PREFS pkg=com.google.android.gms }
08-10 00:09:13.209 10668 10668 D BoundBrokerSvc: Loading bound service for intent: Intent { act=com.google.android.gms.common.BIND_SHARED_PREFS pkg=com.google.android.gms }
08-10 00:09:13.237 10668 10668 D BoundBrokerSvc: onUnbind: Intent { act=com.google.android.gms.common.BIND_SHARED_PREFS pkg=com.google.android.gms }
08-10 00:09:13.242 10668 10668 D BoundBrokerSvc: onBind: Intent { act=com.google.android.gms.common.BIND_SHARED_PREFS pkg=com.google.android.gms }
08-10 00:09:13.243 10668 10668 D BoundBrokerSvc: Loading bound service for intent: Intent { act=com.google.android.gms.common.BIND_SHARED_PREFS pkg=com.google.android.gms }
08-10 00:09:13.274 10668 10668 D BoundBrokerSvc: onUnbind: Intent { act=com.google.android.gms.common.BIND_SHARED_PREFS pkg=com.google.android.gms }
08-10 00:09:13.283   294   294 D goldfish-address-space: claimShared: Ask to claim region [0x3f7287000 0x3f7b38000]
08-10 00:09:13.302   294   294 D goldfish-address-space: claimShared: Ask to claim region [0x3f28c7000 0x3f3178000]
08-10 00:09:13.320 21282 21282 D UiControllerImpl: Injecting string: "newuser@mail.com"
08-10 00:09:13.341   294   294 D goldfish-address-space: claimShared: Ask to claim region [0x3f551c000 0x3f5dcd000]
08-10 00:09:13.784  3654  3873 I native  : input-context-store.cc:173 Ignoring stale client request for FetchSuggestions
08-10 00:09:13.789  3654  3654 W InputContextProxy: InputContextProxy.applyClientDiffInternal():832 Ignore [FetchSuggestions] diff due to stale request: 2185<2201, inputStateId=1754, lastInputStateId=1754
08-10 00:09:13.864  3654  3873 I native  : input-context-store.cc:173 Ignoring stale client request for FetchSuggestions
08-10 00:09:13.871  3654  3654 W InputContextProxy: InputContextProxy.applyClientDiffInternal():832 Ignore [FetchSuggestions] diff due to stale request: 2201<2204, inputStateId=1755, lastInputStateId=1755
08-10 00:09:13.904   496   505 I system_server: Background concurrent copying GC freed 311479(14MB) AllocSpace objects, 45(2324KB) LOS objects, 49% free, 17MB/35MB, paused 60us total 708.720ms
08-10 00:09:13.946   496   506 W JavaBinder: BinderProxy is being destroyed but the application did not call unlinkToDeath to unlink all of its death recipients beforehand.  Releasing leaked death recipient: com.android.server.AlarmManagerService$2
08-10 00:09:13.946   496   506 I BpBinder: onLastStrongRef automatically unlinking death recipients: <uncached descriptor>
08-10 00:09:13.954   496   507 W System  : A resource failed to call release.
08-10 00:09:13.958   496   507 I chatty  : uid=1000(system) FinalizerDaemon identical 5 lines
08-10 00:09:13.961   496   507 W System  : A resource failed to call release.
08-10 00:09:14.164 21282 21282 I ViewInteraction: Performing 'type text(Passw0rd#)' action on view should return first matching item
08-10 00:09:14.222  3654  3654 W TooltipLifecycleManager: TooltipLifecycleManager.dismissTooltip():130 dismissTooltip(): tooltip with id inline_suggestion_tooltip not found in tooltipManager.
08-10 00:09:14.222  3654  3654 W TooltipLifecycleManager: TooltipLifecycleManager.dismissTooltip():130 dismissTooltip(): tooltip with id inline_suggestion_tooltip not found in tooltipManager.
08-10 00:09:14.224  3654  3654 I KeyboardWrapper: KeyboardWrapper.consumeEvent():264 Skip consuming an event as current keyboard is deactivated (state=0, keyboard existence=true)
08-10 00:09:14.224  3654  3654 I VoiceInputManagerWrapper: VoiceInputManagerWrapper.shutdown():77 shutdown()
08-10 00:09:14.224  3654  3654 I AndroidIME: AbstractIme.onDeactivate():161 LatinIme.onDeactivate()
08-10 00:09:14.241 21282 21282 W IInputConnectionWrapper: beginBatchEdit on inactive InputConnection
08-10 00:09:14.241 21282 21282 W IInputConnectionWrapper: endBatchEdit on inactive InputConnection
08-10 00:09:14.268  3654  3654 I KeyboardViewUtil: KeyboardViewUtil.getKeyboardHeightRatio():128 systemKeyboardHeightRatio:1.000000; userKeyboardHeightRatio:1.000000.
08-10 00:09:14.269  3654  3654 I AndroidIME: AbstractIme.onActivate():84 PasswordIme.onActivate() : EditorInfo = Package = com.example.app1 : Type = Password : Learning = Disable : Suggestion = Hide : AutoCorrection = Disable : Microphone = Hide : NoPersonalizedLearning = Disable : AutoStartVoiceInput = Disable, IncognitoMode = false
08-10 00:09:14.273  3654  3654 I KeyboardViewHelper: KeyboardViewHelper.getView():164 Get view with height ratio:1.000000; experiment height ratio:1.000000.
08-10 00:09:14.296  3654  3654 W TooltipLifecycleManager: TooltipLifecycleManager.dismissTooltip():130 dismissTooltip(): tooltip with id inline_suggestion_tooltip not found in tooltipManager.
08-10 00:09:14.297  3654  3654 W KeyboardModeManager: KeyboardModeManager.setInputView():302 setInputView() : inputView = com.google.android.apps.inputmethod.libs.framework.core.InputView{18c81fa V.E...... ......ID 0,0-1080,1977}
08-10 00:09:14.297  3654  3654 I ConversationToQueryExtension: ConversationToQueryExtension.isEnabledForHostApp():252 Conv2Query not enabled due to current app [com.example.app1] not in whitelist
08-10 00:09:14.297  3654  3654 I ConversationToQueryExtension: ConversationToQueryExtension.onActivate():162 onActivate() : Disabled by unsupported host app
08-10 00:09:14.298  3654  3654 I CurrentMicStatusHolder: CurrentMicStatusHolder.onStartInputView():79 Current Mic status = {MicIconHidden-PasswordOrNumberOrDateInputType,}
08-10 00:09:14.298  3654  3654 I VoiceImeExtension: VoiceImeExtension.shouldStartVoiceInputAutomatically():336 No private IME option set to start voice input.
08-10 00:09:14.360 10668 10668 D BoundBrokerSvc: onBind: Intent { act=com.google.android.gms.common.BIND_SHARED_PREFS pkg=com.google.android.gms }
08-10 00:09:14.360 10668 10668 D BoundBrokerSvc: Loading bound service for intent: Intent { act=com.google.android.gms.common.BIND_SHARED_PREFS pkg=com.google.android.gms }
08-10 00:09:14.363 10668 10668 D BoundBrokerSvc: onUnbind: Intent { act=com.google.android.gms.common.BIND_SHARED_PREFS pkg=com.google.android.gms }
08-10 00:09:14.370 10668 10668 D BoundBrokerSvc: onBind: Intent { act=com.google.android.gms.common.BIND_SHARED_PREFS pkg=com.google.android.gms }
08-10 00:09:14.370 10668 10668 D BoundBrokerSvc: Loading bound service for intent: Intent { act=com.google.android.gms.common.BIND_SHARED_PREFS pkg=com.google.android.gms }
08-10 00:09:14.375 10668 10668 D BoundBrokerSvc: onUnbind: Intent { act=com.google.android.gms.common.BIND_SHARED_PREFS pkg=com.google.android.gms }
08-10 00:09:14.484 21282 21282 D UiControllerImpl: Injecting string: "Passw0rd#"
08-10 00:09:14.794   496  1921 I system_server: oneway function results will be dropped but finished with status OK and parcel size 4
08-10 00:09:15.142 21282 21282 I ViewInteraction: Performing 'close keyboard' action on view view.getId() is <2131362250/com.example.app1:id/sign_in>
08-10 00:09:15.168  3654  3654 I AndroidIME: AbstractIme.onDeactivate():161 PasswordIme.onDeactivate()
08-10 00:09:15.505 21282 21282 I ViewInteraction: Performing 'single click' action on view view.getId() is <2131362250/com.example.app1:id/sign_in>
08-10 00:09:15.563   496   527 D EventSequenceValidator: Transition from INTENT_FAILED to INTENT_STARTED
08-10 00:09:15.574   496  3101 I system_server: oneway function results will be dropped but finished with status OK and parcel size 4
08-10 00:09:15.589   377   377 I perfetto: ing_service_impl.cc:758 Configured tracing session 94, #sources:1, duration:5000 ms, #buffers:1, total buffer size:4096 KB, total sessions:1, uid:1071 session name: ""
08-10 00:09:15.589   375   375 I perfetto: probes_producer.cc:230  Ftrace setup (target_buf=94)
08-10 00:09:15.610   496  3101 I system_server: oneway function results will be dropped but finished with status OK and parcel size 4
08-10 00:09:15.611   496  2269 I system_server: oneway function results will be dropped but finished with status OK and parcel size 4
08-10 00:09:15.627   496   527 D EventSequenceValidator: Transition from INTENT_STARTED to INTENT_FAILED
08-10 00:09:15.639 21282 21282 D LifecycleMonitor: Lifecycle status change: com.example.app1.authentication.LoginActivity@74fa122 in: PAUSED
08-10 00:09:15.643   496  1921 W InputReader: Device virtio_input_multi_touch_10 is associated with display ADISPLAY_ID_NONE.
08-10 00:09:15.644   496  1921 W InputReader: Device virtio_input_multi_touch_4 is associated with display ADISPLAY_ID_NONE.
08-10 00:09:15.644   496  1921 W InputReader: Device virtio_input_multi_touch_11 is associated with display ADISPLAY_ID_NONE.
08-10 00:09:15.644   496  1921 W InputReader: Device virtio_input_multi_touch_5 is associated with display ADISPLAY_ID_NONE.
08-10 00:09:15.644   496  1921 W InputReader: Device virtio_input_multi_touch_2 is associated with display ADISPLAY_ID_NONE.
08-10 00:09:15.644   496  1921 W InputReader: Device virtio_input_multi_touch_9 is associated with display ADISPLAY_ID_NONE.
08-10 00:09:15.644   496  1921 W InputReader: Device virtio_input_multi_touch_6 is associated with display ADISPLAY_ID_NONE.
08-10 00:09:15.644   496  1921 W InputReader: Device virtio_input_multi_touch_3 is associated with display ADISPLAY_ID_NONE.
08-10 00:09:15.644   496  1921 W InputReader: Device virtio_input_multi_touch_7 is associated with display ADISPLAY_ID_NONE.
08-10 00:09:15.644   496  1921 W InputReader: Device virtio_input_multi_touch_8 is associated with display ADISPLAY_ID_NONE.
08-10 00:09:15.644   496  1921 W InputReader: Device virtio_input_multi_touch_10 is associated with display ADISPLAY_ID_NONE.
08-10 00:09:15.644   496  1921 W InputReader: Device virtio_input_multi_touch_4 is associated with display ADISPLAY_ID_NONE.
08-10 00:09:15.644   496  1921 W InputReader: Device virtio_input_multi_touch_11 is associated with display ADISPLAY_ID_NONE.
08-10 00:09:15.644   496  1921 W InputReader: Device virtio_input_multi_touch_5 is associated with display ADISPLAY_ID_NONE.
08-10 00:09:15.644   496  1921 W InputReader: Device virtio_input_multi_touch_2 is associated with display ADISPLAY_ID_NONE.
08-10 00:09:15.644   496  1921 W InputReader: Device virtio_input_multi_touch_9 is associated with display ADISPLAY_ID_NONE.
08-10 00:09:15.644   496  1921 W InputReader: Device virtio_input_multi_touch_6 is associated with display ADISPLAY_ID_NONE.
08-10 00:09:15.644   496  1921 W InputReader: Device virtio_input_multi_touch_3 is associated with display ADISPLAY_ID_NONE.
08-10 00:09:15.644   496  1921 W InputReader: Device virtio_input_multi_touch_7 is associated with display ADISPLAY_ID_NONE.
08-10 00:09:15.645   496  1921 W InputReader: Device virtio_input_multi_touch_8 is associated with display ADISPLAY_ID_NONE.
08-10 00:09:15.681 21282 21311 V FA      : Recording user engagement, ms: 3840
08-10 00:09:15.726   496  1921 I system_server: oneway function results will be dropped but finished with status OK and parcel size 4
08-10 00:09:15.731   375   375 I perfetto: ftrace_procfs.cc:176    enabled ftrace
08-10 00:09:15.741 21282 21282 D LifecycleMonitor: Lifecycle status change: com.example.app1.authentication.SimpleSignInActivity@cca5907 in: PRE_ON_CREATE
08-10 00:09:15.776 21282 21305 V FA      : onActivityCreated
08-10 00:09:15.785 21282 21343 W System  : Ignoring header X-Firebase-Locale because its value was null.
08-10 00:09:15.809 21282 21282 D LifecycleMonitor: Lifecycle status change: com.example.app1.authentication.SimpleSignInActivity@cca5907 in: CREATED
08-10 00:09:15.822 21282 21282 D LifecycleMonitor: Lifecycle status change: com.example.app1.authentication.SimpleSignInActivity@cca5907 in: STARTED
08-10 00:09:15.840 21282 21282 D LifecycleMonitor: Lifecycle status change: com.example.app1.authentication.SimpleSignInActivity@cca5907 in: RESUMED
08-10 00:09:15.878 10668 21339 V FA-SVC  : Logging event: origin=auto,name=user_engagement(_e),params=Bundle[{ga_event_origin(_o)=auto, engagement_time_msec(_et)=3840, ga_screen_class(_sc)=LoginActivity, ga_screen_id(_si)=4854840915442702872}]
08-10 00:09:15.893 10668 21339 V FA-SVC  : Upload scheduled in approximately ms: 3074501
08-10 00:09:15.893 10668 21339 V FA-SVC  : Unscheduling upload
08-10 00:09:15.922 10668 21339 V FA-SVC  : Scheduling upload, millis: 3074501
08-10 00:09:15.926 10668 21339 V FA-SVC  : Background event processing time, ms: 47
08-10 00:09:15.928 21282 21311 V FA      : Activity paused, time: 12697146
08-10 00:09:15.933 21282 21311 V FA      : Activity resumed, time: 12697336
08-10 00:09:15.973   294   294 D goldfish-address-space: claimShared: Ask to claim region [0x3f3178000 0x3f3add000]
08-10 00:09:15.994   294   294 D goldfish-address-space: claimShared: Ask to claim region [0x3f0000000 0x3f0965000]
08-10 00:09:16.011  8857 20791 W NetworkScheduler: Error inserting flex_time=3074000 job_id=-1 period=6150000 source=16 requires_charging=0 preferred_network_type=1 target_class=com.google.android.gms.measurement.PackageMeasurementTaskService user_id=0 target_package=com.google.android.gms tag=Measurement.PackageMeasurementTaskService.UPLOAD_TASK_TAG task_type=0 required_idleness_state=0 service_kind=0 source_version=222615000 persistence_level=1 preferred_charging_state=1 required_network_type=0 runtime=1660082955983 retry_strategy={"maximum_backoff_seconds":{"3600":0},"initial_backoff_seconds":{"30":0},"retry_policy":{"0":0}} last_runtime=0 [CONTEXT service_id=218 ]
08-10 00:09:16.011  8857 20791 W NetworkScheduler: android.database.sqlite.SQLiteConstraintException: UNIQUE constraint failed: pending_ops.tag, pending_ops.target_class, pending_ops.target_package, pending_ops.user_id (code 2067 SQLITE_CONSTRAINT_UNIQUE)
08-10 00:09:16.011  8857 20791 W NetworkScheduler: 	at android.database.sqlite.SQLiteConnection.nativeExecuteForLastInsertedRowId(Native Method)
08-10 00:09:16.011  8857 20791 W NetworkScheduler: 	at android.database.sqlite.SQLiteConnection.executeForLastInsertedRowId(SQLiteConnection.java:938)
08-10 00:09:16.011  8857 20791 W NetworkScheduler: 	at android.database.sqlite.SQLiteSession.executeForLastInsertedRowId(SQLiteSession.java:790)
08-10 00:09:16.011  8857 20791 W NetworkScheduler: 	at android.database.sqlite.SQLiteStatement.executeInsert(SQLiteStatement.java:88)
08-10 00:09:16.011  8857 20791 W NetworkScheduler: 	at android.database.sqlite.SQLiteDatabase.insertWithOnConflict(SQLiteDatabase.java:1701)
08-10 00:09:16.011  8857 20791 W NetworkScheduler: 	at android.database.sqlite.SQLiteDatabase.insertOrThrow(SQLiteDatabase.java:1596)
08-10 00:09:16.011  8857 20791 W NetworkScheduler: 	at bexn.g(:com.google.android.gms@222615040@22.26.15 (150700-461192076):52)
08-10 00:09:16.011  8857 20791 W NetworkScheduler: 	at bewg.n(:com.google.android.gms@222615040@22.26.15 (150700-461192076):3)
08-10 00:09:16.011  8857 20791 W NetworkScheduler: 	at bewg.u(:com.google.android.gms@222615040@22.26.15 (150700-461192076):20)
08-10 00:09:16.011  8857 20791 W NetworkScheduler: 	at bewg.h(:com.google.android.gms@222615040@22.26.15 (150700-461192076):3)
08-10 00:09:16.011  8857 20791 W NetworkScheduler: 	at berx.run(:com.google.android.gms@222615040@22.26.15 (150700-461192076):9)
08-10 00:09:16.011  8857 20791 W NetworkScheduler: 	at xoc.c(:com.google.android.gms@222615040@22.26.15 (150700-461192076):6)
08-10 00:09:16.011  8857 20791 W NetworkScheduler: 	at xoc.run(:com.google.android.gms@222615040@22.26.15 (150700-461192076):7)
08-10 00:09:16.011  8857 20791 W NetworkScheduler: 	at java.util.concurrent.ThreadPoolExecutor.runWorker(ThreadPoolExecutor.java:1167)
08-10 00:09:16.011  8857 20791 W NetworkScheduler: 	at java.util.concurrent.ThreadPoolExecutor$Worker.run(ThreadPoolExecutor.java:641)
08-10 00:09:16.011  8857 20791 W NetworkScheduler: 	at xth.run(:com.google.android.gms@222615040@22.26.15 (150700-461192076):0)
08-10 00:09:16.011  8857 20791 W NetworkScheduler: 	at java.lang.Thread.run(Thread.java:923)
08-10 00:09:16.015   294   294 D goldfish-address-space: claimShared: Ask to claim region [0x3f0965000 0x3f12ca000]
08-10 00:09:16.060   496   532 I ActivityTaskManager: Displayed com.example.app1/.authentication.SimpleSignInActivity: +495ms
08-10 00:09:16.120 21282 21343 W System  : Ignoring header X-Firebase-Locale because its value was null.
08-10 00:09:16.223   294   294 D goldfish-address-space: claimShared: Ask to claim region [0x3f0000000 0x3f0965000]
08-10 00:09:16.238 10668 21359 E LoadManifestTask: Unable to find action: .chimera.GmsIntentOperationService:.matchstick.register_intent_action
08-10 00:09:16.260   294   294 D goldfish-address-space: claimShared: Ask to claim region [0x3f12ca000 0x3f1c2f000]
08-10 00:09:16.315   294   294 D goldfish-address-space: claimShared: Ask to claim region [0x3f3178000 0x3f3add000]
08-10 00:09:16.441  8504  8504 I Finsky  : [2] abyu.onStartJob(3): SCH: onJobSchedulerWakeup with jobId 9001
08-10 00:09:16.477 10668 21339 V FA-SVC  : Logging event: origin=auto,name=screen_view(_vs),params=Bundle[{ga_event_origin(_o)=auto, ga_previous_class(_pc)=LoginActivity, ga_previous_id(_pi)=4854840915442702872, ga_screen_class(_sc)=SimpleSignInActivity, ga_screen_id(_si)=4854840915442702874}]
08-10 00:09:16.556  8504  8504 I Finsky  : [2] abtz.a(9): SCH: Scheduling fallback job with id: 9034, and delay: 43200000 ms
08-10 00:09:16.560 10668 21339 V FA-SVC  : Upload scheduled in approximately ms: 3073834
08-10 00:09:16.560 10668 21339 V FA-SVC  : Unscheduling upload
08-10 00:09:16.576 21282 21343 D FirebaseAuth: Notifying id token listeners about user ( R9Qraon5SWfAOpoM6eOp72SvJJU2 ).
08-10 00:09:16.585   294   294 D goldfish-address-space: claimShared: Ask to claim region [0x3f1c2f000 0x3f2232000]
08-10 00:09:16.625  8504  8504 I Finsky  : [2] abtz.b(9): SCH: Scheduling fallback in 64799988 (absolute: 77498097)
08-10 00:09:16.628   496   527 D EventSequenceValidator: Transition from INTENT_FAILED to INTENT_STARTED
08-10 00:09:16.645 10668 21339 V FA-SVC  : Scheduling upload, millis: 3073834
08-10 00:09:16.657   496   527 D EventSequenceValidator: Transition from INTENT_STARTED to INTENT_FAILED
08-10 00:09:16.685 21282 21282 D LifecycleMonitor: Lifecycle status change: com.example.app1.authentication.SimpleSignInActivity@cca5907 in: PAUSED
08-10 00:09:16.687 21282 21311 V FA      : Screen exposed for less than 1000 ms. Event not sent. time: 825
08-10 00:09:16.688   496  1921 W InputReader: Device virtio_input_multi_touch_10 is associated with display ADISPLAY_ID_NONE.
08-10 00:09:16.688   496  1921 W InputReader: Device virtio_input_multi_touch_4 is associated with display ADISPLAY_ID_NONE.
08-10 00:09:16.688   496  1921 W InputReader: Device virtio_input_multi_touch_11 is associated with display ADISPLAY_ID_NONE.
08-10 00:09:16.688   496  1921 W InputReader: Device virtio_input_multi_touch_5 is associated with display ADISPLAY_ID_NONE.
08-10 00:09:16.688   496  1921 W InputReader: Device virtio_input_multi_touch_2 is associated with display ADISPLAY_ID_NONE.
08-10 00:09:16.688   496  1921 W InputReader: Device virtio_input_multi_touch_9 is associated with display ADISPLAY_ID_NONE.
08-10 00:09:16.688   496  1921 W InputReader: Device virtio_input_multi_touch_6 is associated with display ADISPLAY_ID_NONE.
08-10 00:09:16.688   496  1921 W InputReader: Device virtio_input_multi_touch_3 is associated with display ADISPLAY_ID_NONE.
08-10 00:09:16.688   496  1921 W InputReader: Device virtio_input_multi_touch_7 is associated with display ADISPLAY_ID_NONE.
08-10 00:09:16.689   496  1921 W InputReader: Device virtio_input_multi_touch_8 is associated with display ADISPLAY_ID_NONE.
08-10 00:09:16.689   496  1921 W InputReader: Device virtio_input_multi_touch_10 is associated with display ADISPLAY_ID_NONE.
08-10 00:09:16.689   496  1921 W InputReader: Device virtio_input_multi_touch_4 is associated with display ADISPLAY_ID_NONE.
08-10 00:09:16.689   496  1921 W InputReader: Device virtio_input_multi_touch_11 is associated with display ADISPLAY_ID_NONE.
08-10 00:09:16.689   496  1921 W InputReader: Device virtio_input_multi_touch_5 is associated with display ADISPLAY_ID_NONE.
08-10 00:09:16.689   496  1921 W InputReader: Device virtio_input_multi_touch_2 is associated with display ADISPLAY_ID_NONE.
08-10 00:09:16.689   496  1921 W InputReader: Device virtio_input_multi_touch_9 is associated with display ADISPLAY_ID_NONE.
08-10 00:09:16.689   496  1921 W InputReader: Device virtio_input_multi_touch_6 is associated with display ADISPLAY_ID_NONE.
08-10 00:09:16.689   496  1921 W InputReader: Device virtio_input_multi_touch_3 is associated with display ADISPLAY_ID_NONE.
08-10 00:09:16.689   496  1921 W InputReader: Device virtio_input_multi_touch_7 is associated with display ADISPLAY_ID_NONE.
08-10 00:09:16.689   496  1921 W InputReader: Device virtio_input_multi_touch_8 is associated with display ADISPLAY_ID_NONE.
08-10 00:09:16.714 10668 21339 V FA-SVC  : Background event processing time, ms: 208
08-10 00:09:16.729 21282 21311 V FA      : Activity paused, time: 12698161
08-10 00:09:16.829  8504  8504 I Finsky  : [2] abui.handleMessage(8): SCH: DeviceState: DeviceState{currentTime=1660082956712, isCharging=false, isIdle=false, netAny=true, netNotRoaming=true, netUnmetered=true, batteryPercent=100.0}
08-10 00:09:16.832   294   294 D goldfish-address-space: claimShared: Ask to claim region [0x3f3add000 0x3f3b16000]
08-10 00:09:16.838   294   294 D goldfish-address-space: claimShared: Ask to claim region [0x3f3b16000 0x3f3b4f000]
08-10 00:09:16.846  8857 20792 W NetworkScheduler: Error inserting flex_time=3073000 job_id=-1 period=6148000 source=16 requires_charging=0 preferred_network_type=1 target_class=com.google.android.gms.measurement.PackageMeasurementTaskService user_id=0 target_package=com.google.android.gms tag=Measurement.PackageMeasurementTaskService.UPLOAD_TASK_TAG task_type=0 required_idleness_state=0 service_kind=0 source_version=222615000 persistence_level=1 preferred_charging_state=1 required_network_type=0 runtime=1660082956843 retry_strategy={"maximum_backoff_seconds":{"3600":0},"initial_backoff_seconds":{"30":0},"retry_policy":{"0":0}} last_runtime=0 [CONTEXT service_id=218 ]
08-10 00:09:16.846  8857 20792 W NetworkScheduler: android.database.sqlite.SQLiteConstraintException: UNIQUE constraint failed: pending_ops.tag, pending_ops.target_class, pending_ops.target_package, pending_ops.user_id (code 2067 SQLITE_CONSTRAINT_UNIQUE)
08-10 00:09:16.846  8857 20792 W NetworkScheduler: 	at android.database.sqlite.SQLiteConnection.nativeExecuteForLastInsertedRowId(Native Method)
08-10 00:09:16.846  8857 20792 W NetworkScheduler: 	at android.database.sqlite.SQLiteConnection.executeForLastInsertedRowId(SQLiteConnection.java:938)
08-10 00:09:16.846  8857 20792 W NetworkScheduler: 	at android.database.sqlite.SQLiteSession.executeForLastInsertedRowId(SQLiteSession.java:790)
08-10 00:09:16.846  8857 20792 W NetworkScheduler: 	at android.database.sqlite.SQLiteStatement.executeInsert(SQLiteStatement.java:88)
08-10 00:09:16.846  8857 20792 W NetworkScheduler: 	at android.database.sqlite.SQLiteDatabase.insertWithOnConflict(SQLiteDatabase.java:1701)
08-10 00:09:16.846  8857 20792 W NetworkScheduler: 	at android.database.sqlite.SQLiteDatabase.insertOrThrow(SQLiteDatabase.java:1596)
08-10 00:09:16.846  8857 20792 W NetworkScheduler: 	at bexn.g(:com.google.android.gms@222615040@22.26.15 (150700-461192076):52)
08-10 00:09:16.846  8857 20792 W NetworkScheduler: 	at bewg.n(:com.google.android.gms@222615040@22.26.15 (150700-461192076):3)
08-10 00:09:16.846  8857 20792 W NetworkScheduler: 	at bewg.u(:com.google.android.gms@222615040@22.26.15 (150700-461192076):20)
08-10 00:09:16.846  8857 20792 W NetworkScheduler: 	at bewg.h(:com.google.android.gms@222615040@22.26.15 (150700-461192076):3)
08-10 00:09:16.846  8857 20792 W NetworkScheduler: 	at berx.run(:com.google.android.gms@222615040@22.26.15 (150700-461192076):9)
08-10 00:09:16.846  8857 20792 W NetworkScheduler: 	at xoc.c(:com.google.android.gms@222615040@22.26.15 (150700-461192076):6)
08-10 00:09:16.846  8857 20792 W NetworkScheduler: 	at xoc.run(:com.google.android.gms@222615040@22.26.15 (150700-461192076):7)
08-10 00:09:16.846  8857 20792 W NetworkScheduler: 	at java.util.concurrent.ThreadPoolExecutor.runWorker(ThreadPoolExecutor.java:1167)
08-10 00:09:16.846  8857 20792 W NetworkScheduler: 	at java.util.concurrent.ThreadPoolExecutor$Worker.run(ThreadPoolExecutor.java:641)
08-10 00:09:16.846  8857 20792 W NetworkScheduler: 	at xth.run(:com.google.android.gms@222615040@22.26.15 (150700-461192076):0)
08-10 00:09:16.846  8857 20792 W NetworkScheduler: 	at java.lang.Thread.run(Thread.java:923)
08-10 00:09:16.864   294   294 D goldfish-address-space: claimShared: Ask to claim region [0x3f3b4f000 0x3f3b88000]
08-10 00:09:16.868 21282 21282 D LifecycleMonitor: Lifecycle status change: com.example.app1.MainActivity@d0c4248 in: PRE_ON_CREATE
08-10 00:09:16.880 21282 21305 V FA      : onActivityCreated
08-10 00:09:16.958  8504 21193 I Finsky  : [1252] abwt.b(5): SCH: Jobs in database: 1-1337 2-48879 3-1 10-78 12-1 24-77777777 26-1414141414 31-305419896
08-10 00:09:16.973 10668 10668 D BoundBrokerSvc: onUnbind: Intent { act=com.google.android.gms.feedback.internal.IFeedbackService dat=chimera-action:com.google.android.gms.feedback.internal.IFeedbackService cmp=com.google.android.gms/.chimera.GmsBoundBrokerService }
08-10 00:09:17.159   951   960 I s.nexuslaunche: NativeAlloc concurrent copying GC freed 3950(266KB) AllocSpace objects, 2(124KB) LOS objects, 49% free, 4023KB/8046KB, paused 204us total 548.882ms
08-10 00:09:17.190  8504  8504 I Finsky  : [2] abuj.b(10): SCH: Running job: 12-1
08-10 00:09:17.190  8504  8504 I Finsky  : [2] ContentSyncJob.r(1): [ContentSync] job started
08-10 00:09:17.191  8504  8504 I Finsky  : [2] abui.handleMessage(68): SCH: RunningQueue size: 1, PendingQueue size: 0
08-10 00:09:17.191  8504  8504 I Finsky  : [2] abuj.p(3): SCH: Running queue: 12-1
08-10 00:09:17.295  8857  8930 I FontLog : Received query Rock Salt, URI content://com.google.android.gms.fonts [CONTEXT service_id=132 ]
08-10 00:09:17.295  8857  8930 I FontLog : Query [Rock Salt] resolved to {Rock Salt, wdth 100.0, wght 400, ital 0.0, bestEffort false} [CONTEXT service_id=132 ]
08-10 00:09:17.381  8857  8930 I FontLog : Fetch {Rock Salt, wdth 100.0, wght 400, ital 0.0, bestEffort false} end status Status{statusCode=SUCCESS, resolution=null} [CONTEXT service_id=132 ]
08-10 00:09:17.451   696   710 I ndroid.systemu: NativeAlloc concurrent copying GC freed 6116(338KB) AllocSpace objects, 0(0B) LOS objects, 49% free, 7658KB/14MB, paused 105us total 734.976ms
08-10 00:09:17.481  8857  8930 I FontLog : Pulling font file for id = 253, cache size = 6 [CONTEXT service_id=132 ]
08-10 00:09:17.530   496   527 W InputReader: Device virtio_input_multi_touch_10 is associated with display ADISPLAY_ID_NONE.
08-10 00:09:17.530   496   527 W InputReader: Device virtio_input_multi_touch_4 is associated with display ADISPLAY_ID_NONE.
08-10 00:09:17.530   496   527 W InputReader: Device virtio_input_multi_touch_11 is associated with display ADISPLAY_ID_NONE.
08-10 00:09:17.530   496   527 W InputReader: Device virtio_input_multi_touch_5 is associated with display ADISPLAY_ID_NONE.
08-10 00:09:17.530   496   527 W InputReader: Device virtio_input_multi_touch_2 is associated with display ADISPLAY_ID_NONE.
08-10 00:09:17.530   496   527 W InputReader: Device virtio_input_multi_touch_9 is associated with display ADISPLAY_ID_NONE.
08-10 00:09:17.530   496   527 W InputReader: Device virtio_input_multi_touch_6 is associated with display ADISPLAY_ID_NONE.
08-10 00:09:17.530   496   527 W InputReader: Device virtio_input_multi_touch_3 is associated with display ADISPLAY_ID_NONE.
08-10 00:09:17.530   496   527 W InputReader: Device virtio_input_multi_touch_7 is associated with display ADISPLAY_ID_NONE.
08-10 00:09:17.530   496   527 W InputReader: Device virtio_input_multi_touch_8 is associated with display ADISPLAY_ID_NONE.
08-10 00:09:17.531   496   527 W InputReader: Device virtio_input_multi_touch_10 is associated with display ADISPLAY_ID_NONE.
08-10 00:09:17.531   496   527 W InputReader: Device virtio_input_multi_touch_4 is associated with display ADISPLAY_ID_NONE.
08-10 00:09:17.531   496   527 W InputReader: Device virtio_input_multi_touch_11 is associated with display ADISPLAY_ID_NONE.
08-10 00:09:17.531   496   527 W InputReader: Device virtio_input_multi_touch_5 is associated with display ADISPLAY_ID_NONE.
08-10 00:09:17.531   496   527 W InputReader: Device virtio_input_multi_touch_2 is associated with display ADISPLAY_ID_NONE.
08-10 00:09:17.531   496   527 W InputReader: Device virtio_input_multi_touch_9 is associated with display ADISPLAY_ID_NONE.
08-10 00:09:17.531   496   527 W InputReader: Device virtio_input_multi_touch_6 is associated with display ADISPLAY_ID_NONE.
08-10 00:09:17.531   496   527 W InputReader: Device virtio_input_multi_touch_3 is associated with display ADISPLAY_ID_NONE.
08-10 00:09:17.531   496   527 W InputReader: Device virtio_input_multi_touch_7 is associated with display ADISPLAY_ID_NONE.
08-10 00:09:17.531   496   527 W InputReader: Device virtio_input_multi_touch_8 is associated with display ADISPLAY_ID_NONE.
08-10 00:09:17.539 21282 21282 D LifecycleMonitor: Lifecycle status change: com.example.app1.MainActivity@d0c4248 in: CREATED
08-10 00:09:17.546 21282 21282 D LifecycleMonitor: Lifecycle status change: com.example.app1.MainActivity@d0c4248 in: STARTED
08-10 00:09:17.547 21282 21282 D LifecycleMonitor: Lifecycle status change: com.example.app1.MainActivity@d0c4248 in: RESUMED
08-10 00:09:17.548 21282 21311 V FA      : Activity resumed, time: 12699043
08-10 00:09:17.559 21282 21282 D LifecycleMonitor: Lifecycle status change: com.example.app1.MainActivity@d0c4248 in: PAUSED
08-10 00:09:17.637   294   294 D goldfish-address-space: claimShared: Ask to claim region [0x3f0965000 0x3f12ca000]
08-10 00:09:17.641 21282 21282 E RecyclerView: No adapter attached; skipping layout
08-10 00:09:17.647   294   361 D goldfish-address-space: claimShared: Ask to claim region [0x3f4000000 0x3f4965000]
08-10 00:09:17.668   294   361 D goldfish-address-space: claimShared: Ask to claim region [0x3fb2c7000 0x3fbc2c000]
08-10 00:09:17.808 21282 21282 D LifecycleMonitor: Lifecycle status change: com.example.app1.PreferenceActivity@d2350d6 in: PRE_ON_CREATE
08-10 00:09:17.823 21282 21305 V FA      : onActivityCreated
08-10 00:09:17.967 21282 21282 D LifecycleMonitor: Lifecycle status change: com.example.app1.PreferenceActivity@d2350d6 in: CREATED
08-10 00:09:18.107 21282 21282 D LifecycleMonitor: Lifecycle status change: com.example.app1.PreferenceActivity@d2350d6 in: STARTED
08-10 00:09:18.111 21282 21282 D LifecycleMonitor: Lifecycle status change: com.example.app1.PreferenceActivity@d2350d6 in: RESUMED
08-10 00:09:18.196 21282 21282 I Choreographer: Skipped 36 frames!  The application may be doing too much work on its main thread.
08-10 00:09:18.256 10668 21339 V FA-SVC  : Logging event: origin=auto,name=screen_view(_vs),params=Bundle[{ga_event_origin(_o)=auto, ga_previous_class(_pc)=SimpleSignInActivity, ga_previous_id(_pi)=4854840915442702874, ga_screen_class(_sc)=MainActivity, ga_screen_id(_si)=4854840915442702875}]
08-10 00:09:18.366   294   361 D goldfish-address-space: claimShared: Ask to claim region [0x3f8965000 0x3f92ca000]
08-10 00:09:18.412   294   361 D goldfish-address-space: claimShared: Ask to claim region [0x3f92ca000 0x3f9c2f000]
08-10 00:09:18.477 10668 21339 V FA-SVC  : Upload scheduled in approximately ms: 3071917
08-10 00:09:18.477 10668 21339 V FA-SVC  : Unscheduling upload
08-10 00:09:18.490 10668 21339 V FA-SVC  : Scheduling upload, millis: 3071917
08-10 00:09:18.496 10668 21339 V FA-SVC  : Background event processing time, ms: 241
08-10 00:09:18.522   294   294 D goldfish-address-space: claimShared: Ask to claim region [0x3fc965000 0x3fd2ca000]
08-10 00:09:18.523 21282 21319 I OpenGLRenderer: Davey! duration=875ms; Flags=1, IntendedVsync=12699076544501, Vsync=12699676544477, OldestInputEvent=9223372036854775807, NewestInputEvent=0, HandleInputStart=12699692421146, AnimationStart=12699692427025, PerformTraversalsStart=12699692625384, DrawStart=12699911964791, SyncQueued=12699927592665, SyncStart=12699994000768, IssueDrawCommandsStart=12699994209457, SwapBuffers=12700010511418, FrameCompleted=12700018387707, DequeueBufferDuration=5497640, QueueBufferDuration=511501, GpuCompleted=5473387806100301068,
08-10 00:09:18.623 21282 21311 V FA      : Screen exposed for less than 1000 ms. Event not sent. time: 12
08-10 00:09:18.627 21282 21311 V FA      : Activity paused, time: 12699055
08-10 00:09:18.655   496   532 I ActivityTaskManager: Displayed com.example.app1/.PreferenceActivity: +2s27ms
08-10 00:09:18.671   496  1921 I system_server: oneway function results will be dropped but finished with status OK and parcel size 4
08-10 00:09:18.707  8857 20792 W NetworkScheduler: Error inserting flex_time=3071000 job_id=-1 period=6144000 source=16 requires_charging=0 preferred_network_type=1 target_class=com.google.android.gms.measurement.PackageMeasurementTaskService user_id=0 target_package=com.google.android.gms tag=Measurement.PackageMeasurementTaskService.UPLOAD_TASK_TAG task_type=0 required_idleness_state=0 service_kind=0 source_version=222615000 persistence_level=1 preferred_charging_state=1 required_network_type=0 runtime=1660082958505 retry_strategy={"maximum_backoff_seconds":{"3600":0},"initial_backoff_seconds":{"30":0},"retry_policy":{"0":0}} last_runtime=0 [CONTEXT service_id=218 ]
08-10 00:09:18.707  8857 20792 W NetworkScheduler: android.database.sqlite.SQLiteConstraintException: UNIQUE constraint failed: pending_ops.tag, pending_ops.target_class, pending_ops.target_package, pending_ops.user_id (code 2067 SQLITE_CONSTRAINT_UNIQUE)
