08-10 11:08:13.402  5713  5740 I TestRunner: started: signInAndChangePasswordSuccessfully(com.example.app1.AuthenticationTest)
08-10 11:08:13.406  5713  5740 D FirebaseAuth: Notifying id token listeners about a sign-out event.
08-10 11:08:13.406  5713  5740 D FirebaseAuth: Notifying auth state listeners about a sign-out event.
08-10 11:08:13.408   522   547 D EventSequenceValidator: Transition from INTENT_FAILED to INTENT_STARTED
08-10 11:08:13.417   522  1396 W InputReader: Device virtio_input_multi_touch_10 is associated with display ADISPLAY_ID_NONE.
08-10 11:08:13.417   522  1396 W InputReader: Device virtio_input_multi_touch_4 is associated with display ADISPLAY_ID_NONE.
08-10 11:08:13.417   522  1396 W InputReader: Device virtio_input_multi_touch_11 is associated with display ADISPLAY_ID_NONE.
08-10 11:08:13.417   522  1396 W InputReader: Device virtio_input_multi_touch_5 is associated with display ADISPLAY_ID_NONE.
08-10 11:08:13.417   522  1396 W InputReader: Device virtio_input_multi_touch_2 is associated with display ADISPLAY_ID_NONE.
08-10 11:08:13.417   522  1396 W InputReader: Device virtio_input_multi_touch_9 is associated with display ADISPLAY_ID_NONE.
08-10 11:08:13.417   522  1396 W InputReader: Device virtio_input_multi_touch_6 is associated with display ADISPLAY_ID_NONE.
08-10 11:08:13.417   522  1396 W InputReader: Device virtio_input_multi_touch_3 is associated with display ADISPLAY_ID_NONE.
08-10 11:08:13.417   522  1396 W InputReader: Device virtio_input_multi_touch_7 is associated with display ADISPLAY_ID_NONE.
08-10 11:08:13.417   522  1396 W InputReader: Device virtio_input_multi_touch_8 is associated with display ADISPLAY_ID_NONE.
08-10 11:08:13.417   522  1396 W InputReader: Device virtio_input_multi_touch_10 is associated with display ADISPLAY_ID_NONE.
08-10 11:08:13.417   522  1396 W InputReader: Device virtio_input_multi_touch_4 is associated with display ADISPLAY_ID_NONE.
08-10 11:08:13.417   522  1396 W InputReader: Device virtio_input_multi_touch_11 is associated with display ADISPLAY_ID_NONE.
08-10 11:08:13.417   522  1396 W InputReader: Device virtio_input_multi_touch_5 is associated with display ADISPLAY_ID_NONE.
08-10 11:08:13.417   522  1396 W InputReader: Device virtio_input_multi_touch_2 is associated with display ADISPLAY_ID_NONE.
08-10 11:08:13.417   522  1396 W InputReader: Device virtio_input_multi_touch_9 is associated with display ADISPLAY_ID_NONE.
08-10 11:08:13.417   522  1396 W InputReader: Device virtio_input_multi_touch_6 is associated with display ADISPLAY_ID_NONE.
08-10 11:08:13.417   522  1396 W InputReader: Device virtio_input_multi_touch_3 is associated with display ADISPLAY_ID_NONE.
08-10 11:08:13.417   522  1396 W InputReader: Device virtio_input_multi_touch_7 is associated with display ADISPLAY_ID_NONE.
08-10 11:08:13.417   522  1396 W InputReader: Device virtio_input_multi_touch_8 is associated with display ADISPLAY_ID_NONE.
08-10 11:08:13.433  5713  5747 W System  : Ignoring header X-Firebase-Locale because its value was null.
08-10 11:08:13.436   522   547 D EventSequenceValidator: Transition from INTENT_STARTED to ACTIVITY_LAUNCHED
08-10 11:08:13.448   283   283 D goldfish-address-space: claimShared: Ask to claim region [0x3f4000000 0x3f4965000]
08-10 11:08:13.509  5713  5713 D LifecycleMonitor: Lifecycle status change: com.example.app1.authentication.LoginActivity@4c06411 in: PRE_ON_CREATE
08-10 11:08:13.581  5713  5713 D LifecycleMonitor: Lifecycle status change: com.example.app1.authentication.LoginActivity@4c06411 in: CREATED
08-10 11:08:13.584  5713  5713 D LifecycleMonitor: Lifecycle status change: com.example.app1.authentication.LoginActivity@4c06411 in: STARTED
08-10 11:08:13.585  5713  5713 D LifecycleMonitor: Lifecycle status change: com.example.app1.authentication.LoginActivity@4c06411 in: RESUMED
08-10 11:08:13.616   283   283 D goldfish-address-space: claimShared: Ask to claim region [0x3f26c4000 0x3f2f75000]
08-10 11:08:13.635   283  1733 D goldfish-address-space: claimShared: Ask to claim region [0x3f1765000 0x3f2016000]
08-10 11:08:13.638   283   283 D goldfish-address-space: claimShared: Ask to claim region [0x3f4965000 0x3f52ca000]
08-10 11:08:13.645   283  1733 D goldfish-address-space: claimShared: Ask to claim region [0x3f92ca000 0x3f9b7b000]
08-10 11:08:13.773   522   554 D ArtManagerInternalImpl: /data/misc/iorapd/com.example.app1/1/com.example.app1.authentication.LoginActivity/compiled_traces/compiled_trace.pb doesn't exist
08-10 11:08:13.774   283  1733 D goldfish-address-space: claimShared: Ask to claim region [0x3f9b7b000 0x3fa4e0000]
08-10 11:08:13.775   522   554 I ActivityTaskManager: Displayed com.example.app1/.authentication.LoginActivity: +365ms
08-10 11:08:13.789   522   547 D EventSequenceValidator: Transition from ACTIVITY_LAUNCHED to ACTIVITY_FINISHED
08-10 11:08:13.913  2590  2858 I PBSessionCacheImpl: Deleted sessionId[11392600585725299] from persistence.
08-10 11:08:13.944  2590  2702 W SearchServiceCore: Abort, client detached.
08-10 11:08:14.417  5713  5713 I ViewInteraction: Checking 'MatchesViewAssertion{viewMatcher=(view has effective visibility <VISIBLE> and view.getGlobalVisibleRect() to return non-empty rectangle)}' assertion on view view.getId() is <2131362094/com.example.app1:id/logo>
08-10 11:08:14.921  5713  5713 I ViewInteraction: Performing 'type text(test@test.com)' action on view should return first matching item
08-10 11:08:15.001  5713  5713 I AssistStructure: Flattened final assist data: 2552 bytes, containing 1 windows, 14 views
08-10 11:08:15.039  1228  1228 I KeyboardViewUtil: KeyboardViewUtil.getKeyboardHeightRatio():128 systemKeyboardHeightRatio:1.000000; userKeyboardHeightRatio:1.000000.
08-10 11:08:15.039  1228  1228 I AndroidIME: AbstractIme.onActivate():84 LatinIme.onActivate() : EditorInfo = Package = com.example.app1 : Type = Email : Learning = Disable : Suggestion = Show : AutoCorrection = Disable : Microphone = DisabledMic : NoPersonalizedLearning = Disable : AutoStartVoiceInput = Disable, IncognitoMode = false
08-10 11:08:15.040  1228  1228 I Delight5Facilitator: Delight5Facilitator.initializeForIme():561 initializeForIme() : Locale = [en_US], layout = qwerty
08-10 11:08:15.041  1228  1228 I VoiceInputManagerWrapper: VoiceInputManagerWrapper.cancelShutdown():55 cancelShutdown()
08-10 11:08:15.041  1228  1228 I VoiceInputManagerWrapper: VoiceInputManagerWrapper.syncLanguagePacks():67 syncLanguagePacks()
08-10 11:08:15.047  1228  5346 I SpeechFactory: SpeechRecognitionFactory.maybeScheduleAutoPackDownloadForFallback():160 maybeScheduleAutoPackDownloadForFallback()
08-10 11:08:15.047  1228  5346 I FallbackOnDeviceRecognitionProvider: FallbackOnDeviceRecognitionProvider.maybeScheduleAutoPackDownload():197 maybeScheduleAutoPackDownload() for language tag en-US
08-10 11:08:15.052  1228  1228 I KeyboardWrapper: KeyboardWrapper.consumeEvent():264 Skip consuming an event as current keyboard is deactivated (state=0, keyboard existence=true)
08-10 11:08:15.056  1191  1191 W qei     : Pending fill request while another request in the same session was triggered. [CONTEXT service_id=177 ]
08-10 11:08:15.096  1228  1228 I KeyboardViewHelper: KeyboardViewHelper.getView():164 Get view with height ratio:1.000000; experiment height ratio:1.000000.
08-10 11:08:15.133  1228  1228 W KeyboardModeManager: KeyboardModeManager.setInputView():302 setInputView() : inputView = com.google.android.apps.inputmethod.libs.framework.core.InputView{41301d3 V.E...... ......ID 0,0-1080,1977}
08-10 11:08:15.134  1228  1228 I ConversationToQueryExtension: ConversationToQueryExtension.isEnabledForHostApp():252 Conv2Query not enabled due to current app [com.example.app1] not in whitelist
08-10 11:08:15.134  1228  1228 I ConversationToQueryExtension: ConversationToQueryExtension.onActivate():162 onActivate() : Disabled by unsupported host app
08-10 11:08:15.134  1228  1228 I CurrentMicStatusHolder: CurrentMicStatusHolder.onStartInputView():79 Current Mic status = {MicIconHidden-EmailInputType,}
08-10 11:08:15.134  1228  1228 I VoiceImeExtension: VoiceImeExtension.shouldStartVoiceInputAutomatically():336 No private IME option set to start voice input.
08-10 11:08:15.153   283  1733 D goldfish-address-space: claimShared: Ask to claim region [0x3f0603000 0x3f0eb4000]
08-10 11:08:15.164   283  1733 D goldfish-address-space: claimShared: Ask to claim region [0x3f7320000 0x3f7bd1000]
08-10 11:08:15.168   283   283 D goldfish-address-space: claimShared: Ask to claim region [0x3f4000000 0x3f48b1000]
08-10 11:08:15.240  1340  1340 D BoundBrokerSvc: onBind: Intent { act=com.google.android.gms.common.BIND_SHARED_PREFS pkg=com.google.android.gms }
08-10 11:08:15.240  1340  1340 D BoundBrokerSvc: Loading bound service for intent: Intent { act=com.google.android.gms.common.BIND_SHARED_PREFS pkg=com.google.android.gms }
08-10 11:08:15.255   283   283 D goldfish-address-space: claimShared: Ask to claim region [0x3f48b1000 0x3f5162000]
08-10 11:08:15.277  1015  1015 V InlineSuggestionRenderService: handleDestroySuggestionViews called for 0:1783928361
08-10 11:08:15.281   283   283 D goldfish-address-space: claimShared: Ask to claim region [0x3f5162000 0x3f5a13000]
08-10 11:08:15.297  1340  1340 D BoundBrokerSvc: onUnbind: Intent { act=com.google.android.gms.common.BIND_SHARED_PREFS pkg=com.google.android.gms }
08-10 11:08:15.301  5713  5713 D UiControllerImpl: Injecting string: "test@test.com"
08-10 11:08:15.353   283   283 D goldfish-address-space: claimShared: Ask to claim region [0x3f26c4000 0x3f2f75000]
08-10 11:08:15.357  1340  1340 D BoundBrokerSvc: onBind: Intent { act=com.google.android.gms.common.BIND_SHARED_PREFS pkg=com.google.android.gms }
08-10 11:08:15.357  1340  1340 D BoundBrokerSvc: Loading bound service for intent: Intent { act=com.google.android.gms.common.BIND_SHARED_PREFS pkg=com.google.android.gms }
08-10 11:08:15.389  1340  1340 D BoundBrokerSvc: onUnbind: Intent { act=com.google.android.gms.common.BIND_SHARED_PREFS pkg=com.google.android.gms }
08-10 11:08:15.453  1228  2196 I native  : input-context-store.cc:173 Ignoring stale client request for FetchSuggestions
08-10 11:08:15.484  1228  1228 W InputContextProxy: InputContextProxy.applyClientDiffInternal():832 Ignore [FetchSuggestions] diff due to stale request: 621<626, inputStateId=503, lastInputStateId=503
08-10 11:08:15.498  1228  2196 I native  : input-context-store.cc:173 Ignoring stale client request for FetchSuggestions
08-10 11:08:15.499  1228  1228 W InputContextProxy: InputContextProxy.applyClientDiffInternal():832 Ignore [FetchSuggestions] diff due to stale request: 626<627, inputStateId=504, lastInputStateId=504
08-10 11:08:15.600  1228  2196 I native  : input-context-store.cc:173 Ignoring stale client request for FetchSuggestions
08-10 11:08:15.632  1228  1228 W InputContextProxy: InputContextProxy.applyClientDiffInternal():832 Ignore [FetchSuggestions] diff due to stale request: 628<631, inputStateId=505, lastInputStateId=505
08-10 11:08:15.699  1228  2196 E InputContextLock: InputContextLock.maybeTrackAcquireLockTime():29 Acquire InputContextLock takes 12 ms, mainThreadForSure=false.
08-10 11:08:15.703  1228  2196 I native  : input-context-store.cc:173 Ignoring stale client request for FetchSuggestions
08-10 11:08:15.727  1228  1228 W InputContextProxy: InputContextProxy.applyClientDiffInternal():832 Ignore [FetchSuggestions] diff due to stale request: 632<634, inputStateId=507, lastInputStateId=507
08-10 11:08:16.020  5713  5713 I ViewInteraction: Performing 'type text(Test1#)' action on view should return first matching item
08-10 11:08:16.077  1228  1228 W TooltipLifecycleManager: TooltipLifecycleManager.dismissTooltip():130 dismissTooltip(): tooltip with id inline_suggestion_tooltip not found in tooltipManager.
08-10 11:08:16.077  1228  1228 W TooltipLifecycleManager: TooltipLifecycleManager.dismissTooltip():130 dismissTooltip(): tooltip with id inline_suggestion_tooltip not found in tooltipManager.
08-10 11:08:16.082  5713  5713 W IInputConnectionWrapper: beginBatchEdit on inactive InputConnection
08-10 11:08:16.082  5713  5713 W IInputConnectionWrapper: endBatchEdit on inactive InputConnection
08-10 11:08:16.085  1228  1228 I KeyboardWrapper: KeyboardWrapper.consumeEvent():264 Skip consuming an event as current keyboard is deactivated (state=0, keyboard existence=true)
08-10 11:08:16.086  1228  1228 I VoiceInputManagerWrapper: VoiceInputManagerWrapper.shutdown():77 shutdown()
08-10 11:08:16.086  1228  1228 I AndroidIME: AbstractIme.onDeactivate():161 LatinIme.onDeactivate()
08-10 11:08:16.113  1228  1228 I KeyboardViewUtil: KeyboardViewUtil.getKeyboardHeightRatio():128 systemKeyboardHeightRatio:1.000000; userKeyboardHeightRatio:1.000000.
08-10 11:08:16.113  1228  1228 I AndroidIME: AbstractIme.onActivate():84 PasswordIme.onActivate() : EditorInfo = Package = com.example.app1 : Type = Password : Learning = Disable : Suggestion = Hide : AutoCorrection = Disable : Microphone = Hide : NoPersonalizedLearning = Disable : AutoStartVoiceInput = Disable, IncognitoMode = false
08-10 11:08:16.118  1228  1228 I KeyboardViewHelper: KeyboardViewHelper.getView():164 Get view with height ratio:1.000000; experiment height ratio:1.000000.
08-10 11:08:16.142  1228  1228 W TooltipLifecycleManager: TooltipLifecycleManager.dismissTooltip():130 dismissTooltip(): tooltip with id inline_suggestion_tooltip not found in tooltipManager.
08-10 11:08:16.149  1228  1228 W KeyboardModeManager: KeyboardModeManager.setInputView():302 setInputView() : inputView = com.google.android.apps.inputmethod.libs.framework.core.InputView{41301d3 V.E...... ......ID 0,0-1080,1977}
08-10 11:08:16.149  1228  1228 I ConversationToQueryExtension: ConversationToQueryExtension.isEnabledForHostApp():252 Conv2Query not enabled due to current app [com.example.app1] not in whitelist
08-10 11:08:16.150  1228  1228 I ConversationToQueryExtension: ConversationToQueryExtension.onActivate():162 onActivate() : Disabled by unsupported host app
08-10 11:08:16.151  1228  1228 I CurrentMicStatusHolder: CurrentMicStatusHolder.onStartInputView():79 Current Mic status = {MicIconHidden-PasswordOrNumberOrDateInputType,}
08-10 11:08:16.151  1228  1228 I VoiceImeExtension: VoiceImeExtension.shouldStartVoiceInputAutomatically():336 No private IME option set to start voice input.
08-10 11:08:16.205  1340  1340 D BoundBrokerSvc: onBind: Intent { act=com.google.android.gms.common.BIND_SHARED_PREFS pkg=com.google.android.gms }
08-10 11:08:16.205  1340  1340 D BoundBrokerSvc: Loading bound service for intent: Intent { act=com.google.android.gms.common.BIND_SHARED_PREFS pkg=com.google.android.gms }
08-10 11:08:16.210  1340  1340 D BoundBrokerSvc: onUnbind: Intent { act=com.google.android.gms.common.BIND_SHARED_PREFS pkg=com.google.android.gms }
08-10 11:08:16.226  1340  1340 D BoundBrokerSvc: onBind: Intent { act=com.google.android.gms.common.BIND_SHARED_PREFS pkg=com.google.android.gms }
08-10 11:08:16.226  1340  1340 D BoundBrokerSvc: Loading bound service for intent: Intent { act=com.google.android.gms.common.BIND_SHARED_PREFS pkg=com.google.android.gms }
08-10 11:08:16.234  1340  1340 D BoundBrokerSvc: onUnbind: Intent { act=com.google.android.gms.common.BIND_SHARED_PREFS pkg=com.google.android.gms }
08-10 11:08:16.325  5713  5713 D UiControllerImpl: Injecting string: "Test1#"
08-10 11:08:16.656  5713  5713 I ViewInteraction: Performing 'close keyboard' action on view view.getId() is <2131362250/com.example.app1:id/sign_in>
08-10 11:08:16.670  1228  1228 I AndroidIME: AbstractIme.onDeactivate():161 PasswordIme.onDeactivate()
08-10 11:08:16.995  5713  5713 I ViewInteraction: Performing 'single click' action on view view.getId() is <2131362250/com.example.app1:id/sign_in>
08-10 11:08:17.043   522   547 D EventSequenceValidator: Transition from ACTIVITY_FINISHED to INTENT_STARTED
08-10 11:08:17.050   522   923 I system_server: oneway function results will be dropped but finished with status OK and parcel size 4
08-10 11:08:17.050   522   923 I chatty  : uid=1000(system) Binder:522_9 identical 1 line
08-10 11:08:17.051   522   923 I system_server: oneway function results will be dropped but finished with status OK and parcel size 4
08-10 11:08:17.060   522   547 D EventSequenceValidator: Transition from INTENT_STARTED to INTENT_FAILED
08-10 11:08:17.069  5713  5713 D LifecycleMonitor: Lifecycle status change: com.example.app1.authentication.LoginActivity@4c06411 in: PAUSED
08-10 11:08:17.071   522  1680 W InputReader: Device virtio_input_multi_touch_10 is associated with display ADISPLAY_ID_NONE.
08-10 11:08:17.071   522  1680 W InputReader: Device virtio_input_multi_touch_4 is associated with display ADISPLAY_ID_NONE.
08-10 11:08:17.071   522  1680 W InputReader: Device virtio_input_multi_touch_11 is associated with display ADISPLAY_ID_NONE.
08-10 11:08:17.071   522  1680 W InputReader: Device virtio_input_multi_touch_5 is associated with display ADISPLAY_ID_NONE.
08-10 11:08:17.071   522  1680 W InputReader: Device virtio_input_multi_touch_2 is associated with display ADISPLAY_ID_NONE.
08-10 11:08:17.071   522  1680 W InputReader: Device virtio_input_multi_touch_9 is associated with display ADISPLAY_ID_NONE.
08-10 11:08:17.071   522  1680 W InputReader: Device virtio_input_multi_touch_6 is associated with display ADISPLAY_ID_NONE.
08-10 11:08:17.071   522  1680 W InputReader: Device virtio_input_multi_touch_3 is associated with display ADISPLAY_ID_NONE.
08-10 11:08:17.071   522  1680 W InputReader: Device virtio_input_multi_touch_7 is associated with display ADISPLAY_ID_NONE.
08-10 11:08:17.071   522  1680 W InputReader: Device virtio_input_multi_touch_8 is associated with display ADISPLAY_ID_NONE.
08-10 11:08:17.072   522  1680 W InputReader: Device virtio_input_multi_touch_10 is associated with display ADISPLAY_ID_NONE.
08-10 11:08:17.072   522  1680 W InputReader: Device virtio_input_multi_touch_4 is associated with display ADISPLAY_ID_NONE.
08-10 11:08:17.072   522  1680 W InputReader: Device virtio_input_multi_touch_11 is associated with display ADISPLAY_ID_NONE.
08-10 11:08:17.073   522  1680 W InputReader: Device virtio_input_multi_touch_5 is associated with display ADISPLAY_ID_NONE.
08-10 11:08:17.073   522  1680 W InputReader: Device virtio_input_multi_touch_2 is associated with display ADISPLAY_ID_NONE.
08-10 11:08:17.073   522  1680 W InputReader: Device virtio_input_multi_touch_9 is associated with display ADISPLAY_ID_NONE.
08-10 11:08:17.073   522  1680 W InputReader: Device virtio_input_multi_touch_6 is associated with display ADISPLAY_ID_NONE.
08-10 11:08:17.073   522  1680 W InputReader: Device virtio_input_multi_touch_3 is associated with display ADISPLAY_ID_NONE.
08-10 11:08:17.073   522  1680 W InputReader: Device virtio_input_multi_touch_7 is associated with display ADISPLAY_ID_NONE.
08-10 11:08:17.073   522  1680 W InputReader: Device virtio_input_multi_touch_8 is associated with display ADISPLAY_ID_NONE.
08-10 11:08:17.128  5713  5713 D LifecycleMonitor: Lifecycle status change: com.example.app1.authentication.SimpleSignInActivity@1129114 in: PRE_ON_CREATE
08-10 11:08:17.133  5713  5747 W System  : Ignoring header X-Firebase-Locale because its value was null.
08-10 11:08:17.141  5713  5713 D LifecycleMonitor: Lifecycle status change: com.example.app1.authentication.SimpleSignInActivity@1129114 in: CREATED
08-10 11:08:17.152  5713  5713 D LifecycleMonitor: Lifecycle status change: com.example.app1.authentication.SimpleSignInActivity@1129114 in: STARTED
08-10 11:08:17.157  5713  5713 D LifecycleMonitor: Lifecycle status change: com.example.app1.authentication.SimpleSignInActivity@1129114 in: RESUMED
08-10 11:08:17.186   522  1680 I system_server: oneway function results will be dropped but finished with status OK and parcel size 4
08-10 11:08:17.289   283   283 D goldfish-address-space: claimShared: Ask to claim region [0x3f0603000 0x3f0f68000]
08-10 11:08:17.293   283   283 D goldfish-address-space: claimShared: Ask to claim region [0x3f7320000 0x3f7c85000]
08-10 11:08:17.298   283   283 D goldfish-address-space: claimShared: Ask to claim region [0x3f5a13000 0x3f6378000]
08-10 11:08:17.395   522   554 I ActivityTaskManager: Displayed com.example.app1/.authentication.SimpleSignInActivity: +352ms
08-10 11:08:17.476   283   283 D goldfish-address-space: claimShared: Ask to claim region [0x3f7320000 0x3f7c85000]
08-10 11:08:17.490   283   283 D goldfish-address-space: claimShared: Ask to claim region [0x3f6378000 0x3f6cdd000]
08-10 11:08:17.498  5713  5747 W System  : Ignoring header X-Firebase-Locale because its value was null.
08-10 11:08:17.519   283   283 D goldfish-address-space: claimShared: Ask to claim region [0x3f0603000 0x3f0f68000]
08-10 11:08:17.797  5713  5747 D FirebaseAuth: Notifying id token listeners about user ( j31qI9IcTMOEVBO0pnWhhKXdy612 ).
08-10 11:08:17.799  5713  5747 D FirebaseAuth: Notifying auth state listeners about user ( j31qI9IcTMOEVBO0pnWhhKXdy612 ).
08-10 11:08:17.801   283   283 D goldfish-address-space: claimShared: Ask to claim region [0x3f1765000 0x3f1d68000]
08-10 11:08:17.830   522  5379 D HostConnection: HostConnection::get() New Host Connection established 0xb8141970, tid 5379
08-10 11:08:17.837   522   547 D EventSequenceValidator: Transition from INTENT_FAILED to INTENT_STARTED
08-10 11:08:17.855   522   547 D EventSequenceValidator: Transition from INTENT_STARTED to INTENT_FAILED
08-10 11:08:17.857  5713  5713 D LifecycleMonitor: Lifecycle status change: com.example.app1.authentication.SimpleSignInActivity@1129114 in: PAUSED
08-10 11:08:17.861   522  1401 W InputReader: Device virtio_input_multi_touch_10 is associated with display ADISPLAY_ID_NONE.
08-10 11:08:17.861   522  1401 W InputReader: Device virtio_input_multi_touch_4 is associated with display ADISPLAY_ID_NONE.
08-10 11:08:17.861   522  1401 W InputReader: Device virtio_input_multi_touch_11 is associated with display ADISPLAY_ID_NONE.
08-10 11:08:17.861   522  1401 W InputReader: Device virtio_input_multi_touch_5 is associated with display ADISPLAY_ID_NONE.
08-10 11:08:17.861   522  1401 W InputReader: Device virtio_input_multi_touch_2 is associated with display ADISPLAY_ID_NONE.
08-10 11:08:17.861   522  1401 W InputReader: Device virtio_input_multi_touch_9 is associated with display ADISPLAY_ID_NONE.
08-10 11:08:17.862   522  1401 W InputReader: Device virtio_input_multi_touch_6 is associated with display ADISPLAY_ID_NONE.
08-10 11:08:17.862   522  1401 W InputReader: Device virtio_input_multi_touch_3 is associated with display ADISPLAY_ID_NONE.
08-10 11:08:17.862   522  1401 W InputReader: Device virtio_input_multi_touch_7 is associated with display ADISPLAY_ID_NONE.
08-10 11:08:17.862   522  1401 W InputReader: Device virtio_input_multi_touch_8 is associated with display ADISPLAY_ID_NONE.
08-10 11:08:17.862   522  1401 W InputReader: Device virtio_input_multi_touch_10 is associated with display ADISPLAY_ID_NONE.
08-10 11:08:17.862   522  1401 W InputReader: Device virtio_input_multi_touch_4 is associated with display ADISPLAY_ID_NONE.
08-10 11:08:17.862   522  1401 W InputReader: Device virtio_input_multi_touch_11 is associated with display ADISPLAY_ID_NONE.
08-10 11:08:17.862   522  1401 W InputReader: Device virtio_input_multi_touch_5 is associated with display ADISPLAY_ID_NONE.
08-10 11:08:17.862   522  1401 W InputReader: Device virtio_input_multi_touch_2 is associated with display ADISPLAY_ID_NONE.
08-10 11:08:17.862   522  1401 W InputReader: Device virtio_input_multi_touch_9 is associated with display ADISPLAY_ID_NONE.
08-10 11:08:17.862   522  1401 W InputReader: Device virtio_input_multi_touch_6 is associated with display ADISPLAY_ID_NONE.
08-10 11:08:17.862   522  1401 W InputReader: Device virtio_input_multi_touch_3 is associated with display ADISPLAY_ID_NONE.
08-10 11:08:17.862   522  1401 W InputReader: Device virtio_input_multi_touch_7 is associated with display ADISPLAY_ID_NONE.
08-10 11:08:17.862   522  1401 W InputReader: Device virtio_input_multi_touch_8 is associated with display ADISPLAY_ID_NONE.
08-10 11:08:17.871  5713  5713 D LifecycleMonitor: Lifecycle status change: com.example.app1.MainActivity@69e1909 in: PRE_ON_CREATE
08-10 11:08:17.894   283   283 D goldfish-address-space: claimShared: Ask to claim region [0x3f3b7b000 0x3f3bb4000]
08-10 11:08:17.902   283   283 D goldfish-address-space: claimShared: Ask to claim region [0x3f3bb4000 0x3f3bed000]
08-10 11:08:17.909   283   283 D goldfish-address-space: claimShared: Ask to claim region [0x3f3bed000 0x3f3c26000]
08-10 11:08:17.955   522  5379 D HostConnection: HostComposition ext ANDROID_EMU_CHECKSUM_HELPER_v1 ANDROID_EMU_native_sync_v2 ANDROID_EMU_native_sync_v3 ANDROID_EMU_native_sync_v4 ANDROID_EMU_dma_v1 ANDROID_EMU_direct_mem ANDROID_EMU_host_composition_v1 ANDROID_EMU_host_composition_v2 ANDROID_EMU_vulkan ANDROID_EMU_deferred_vulkan_commands ANDROID_EMU_vulkan_null_optional_strings ANDROID_EMU_vulkan_create_resources_with_requirements ANDROID_EMU_YUV_Cache ANDROID_EMU_vulkan_ignored_handles ANDROID_EMU_has_shared_slots_host_memory_allocator ANDROID_EMU_vulkan_free_memory_sync ANDROID_EMU_vulkan_shader_float16_int8 ANDROID_EMU_vulkan_async_queue_submit ANDROID_EMU_sync_buffer_data ANDROID_EMU_read_color_buffer_dma GL_OES_EGL_image_external_essl3 GL_OES_vertex_array_object GL_KHR_texture_compression_astc_ldr ANDROID_EMU_host_side_tracing ANDROID_EMU_gles_max_version_3_0
08-10 11:08:17.969   522  5379 W OpenGLRenderer: Failed to choose config with EGL_SWAP_BEHAVIOR_PRESERVED, retrying without...
08-10 11:08:17.970   522  5379 D EGL_emulation: eglCreateContext: 0xf457e440: maj 3 min 0 rcv 3
08-10 11:08:17.988   742   753 I ndroid.systemu: NativeAlloc concurrent copying GC freed 6313(320KB) AllocSpace objects, 0(0B) LOS objects, 49% free, 6781KB/13MB, paused 56us total 155.684ms
08-10 11:08:17.997   522  5379 D EGL_emulation: eglMakeCurrent: 0xf457e440: ver 3 0 (tinfo 0xbfafbdd0) (first time)
08-10 11:08:17.998  5713  5713 D LifecycleMonitor: Lifecycle status change: com.example.app1.MainActivity@69e1909 in: CREATED
08-10 11:08:18.003  5713  5713 D LifecycleMonitor: Lifecycle status change: com.example.app1.MainActivity@69e1909 in: STARTED
08-10 11:08:18.005  5713  5713 D LifecycleMonitor: Lifecycle status change: com.example.app1.MainActivity@69e1909 in: RESUMED
08-10 11:08:18.054   283   283 D goldfish-address-space: claimShared: Ask to claim region [0x3f5a13000 0x3f6378000]
08-10 11:08:18.054  5713  5713 E RecyclerView: No adapter attached; skipping layout
08-10 11:08:18.058   283   283 D goldfish-address-space: claimShared: Ask to claim region [0x3f8000000 0x3f8965000]
08-10 11:08:18.061   283   283 D goldfish-address-space: claimShared: Ask to claim region [0x3f8965000 0x3f92ca000]
08-10 11:08:18.169   522   554 I ActivityTaskManager: Displayed com.example.app1/.MainActivity: +321ms
08-10 11:08:18.514  5713  5725 I om.example.app: Background concurrent copying GC freed 128174(6235KB) AllocSpace objects, 83(3576KB) LOS objects, 49% free, 11MB/22MB, paused 145us total 179.417ms
08-10 11:08:18.772  5713  5727 W System  : A resource failed to call release.
08-10 11:08:18.773  5713  5713 D LifecycleMonitor: Lifecycle status change: com.example.app1.authentication.LoginActivity@4c06411 in: STOPPED
08-10 11:08:18.804  5713  5727 W System  : A resource failed to call dispose.
08-10 11:08:18.831  5713  5713 D LifecycleMonitor: Lifecycle status change: com.example.app1.authentication.SimpleSignInActivity@1129114 in: STOPPED
08-10 11:08:18.832  5713  5713 D LifecycleMonitor: Lifecycle status change: com.example.app1.authentication.SimpleSignInActivity@1129114 in: DESTROYED
08-10 11:08:18.879  5713  5727 W System  : A resource failed to call dispose.
08-10 11:08:20.145   522  1401 I system_server: oneway function results will be dropped but finished with status OK and parcel size 4
08-10 11:08:20.666  5713  5725 I om.example.app: Background young concurrent copying GC freed 14586(684KB) AllocSpace objects, 50(10MB) LOS objects, 46% free, 11MB/22MB, paused 6.959ms total 61.071ms
08-10 11:08:20.667  5713  5727 W System  : A resource failed to call end.
08-10 11:08:21.828  5713  5773 W System.err: org.xmlpull.v1.XmlPullParserException: name expected (position:START_TAG <a.length>@48:85 in java.io.InputStreamReader@65bd53e)
08-10 11:08:21.828  5713  5773 W System.err: 	at com.android.org.kxml2.io.KXmlParser.checkRelaxed(KXmlParser.java:305)
08-10 11:08:21.828  5713  5773 W System.err: 	at com.android.org.kxml2.io.KXmlParser.readName(KXmlParser.java:1548)
08-10 11:08:21.828  5713  5773 W System.err: 	at com.android.org.kxml2.io.KXmlParser.parseStartTag(KXmlParser.java:1091)
08-10 11:08:21.828  5713  5773 W System.err: 	at com.android.org.kxml2.io.KXmlParser.next(KXmlParser.java:372)
08-10 11:08:21.828  5713  5773 W System.err: 	at com.android.org.kxml2.io.KXmlParser.next(KXmlParser.java:313)
08-10 11:08:21.828  5713  5773 W System.err: 	at tw.ktrssreader.parser.AndroidParserBase.skip(AndroidParserBase.kt:145)
08-10 11:08:21.828  5713  5773 W System.err: 	at tw.ktrssreader.parser.AndroidParserBase.access$skip(AndroidParserBase.kt:69)
08-10 11:08:21.828  5713  5773 W System.err: 	at tw.ktrssreader.parser.AndroidParserBase.parseStandardChannel(AndroidParserBase.kt:466)
08-10 11:08:21.829  5713  5773 W System.err: 	at tw.ktrssreader.parser.AndroidRssStandardParser.parse(AndroidRssStandardParser.kt:27)
08-10 11:08:21.829  5713  5773 W System.err: 	at tw.ktrssreader.parser.AndroidRssStandardParser.parse(AndroidRssStandardParser.kt:22)
08-10 11:08:21.829  5713  5773 W System.err: 	at com.example.app1.CustomFeeder$setFeed$1.invokeSuspend(CustomFeeder.kt:255)
08-10 11:08:21.829  5713  5773 W System.err: 	at kotlin.coroutines.jvm.internal.BaseContinuationImpl.resumeWith(ContinuationImpl.kt:33)
08-10 11:08:21.829  5713  5773 W System.err: 	at kotlinx.coroutines.DispatchedTask.run(DispatchedTask.kt:106)
08-10 11:08:21.829  5713  5773 W System.err: 	at kotlinx.coroutines.internal.LimitedDispatcher.run(LimitedDispatcher.kt:42)
08-10 11:08:21.829  5713  5773 W System.err: 	at kotlinx.coroutines.scheduling.TaskImpl.run(Tasks.kt:95)
08-10 11:08:21.829  5713  5773 W System.err: 	at kotlinx.coroutines.scheduling.CoroutineScheduler.runSafely(CoroutineScheduler.kt:570)
08-10 11:08:21.829  5713  5773 W System.err: 	at kotlinx.coroutines.scheduling.CoroutineScheduler$Worker.executeTask(CoroutineScheduler.kt:749)
08-10 11:08:21.829  5713  5773 W System.err: 	at kotlinx.coroutines.scheduling.CoroutineScheduler$Worker.runWorker(CoroutineScheduler.kt:677)
08-10 11:08:21.829  5713  5773 W System.err: 	at kotlinx.coroutines.scheduling.CoroutineScheduler$Worker.run(CoroutineScheduler.kt:664)
08-10 11:08:28.255  1340  1340 D BoundBrokerSvc: onUnbind: Intent { act=com.google.android.gms.measurement.START pkg=com.google.android.gms }
08-10 11:08:30.351  1340  1340 D BoundBrokerSvc: onUnbind: Intent { act=com.google.android.mdd.service.START dat=chimera-action:com.google.android.mdd.service.START cmp=com.google.android.gms/.chimera.GmsBoundBrokerService }
08-10 11:08:31.261  1340  1340 D BoundBrokerSvc: onUnbind: Intent { act=com.google.firebase.dynamiclinks.service.START pkg=com.google.android.gms }
08-10 11:08:33.323  5713  5713 I ViewInteraction: Checking 'MatchesViewAssertion{viewMatcher=(view has effective visibility <VISIBLE> and view.getGlobalVisibleRect() to return non-empty rectangle)}' assertion on view view.getId() is <2131362216/com.example.app1:id/rv>
08-10 11:08:33.836  5713  5713 I ViewInteraction: Checking 'MatchesViewAssertion{viewMatcher=(view has effective visibility <VISIBLE> and view.getGlobalVisibleRect() to return non-empty rectangle)}' assertion on view view.getId() is <2131361885/com.example.app1:id/app_bar_search>
08-10 11:08:34.341  5713  5713 I ViewInteraction: Performing 'single click' action on view view.getContentDescription() is "btn_menu"
08-10 11:08:34.398   522   547 D EventSequenceValidator: Transition from INTENT_FAILED to INTENT_STARTED
08-10 11:08:34.416   522   547 D EventSequenceValidator: Transition from INTENT_STARTED to INTENT_FAILED
08-10 11:08:34.418   522  1680 I system_server: oneway function results will be dropped but finished with status OK and parcel size 4
08-10 11:08:34.418   522  1680 I chatty  : uid=1000(system) Binder:522_18 identical 1 line
08-10 11:08:34.420   522  1680 I system_server: oneway function results will be dropped but finished with status OK and parcel size 4
08-10 11:08:34.432  5713  5713 D LifecycleMonitor: Lifecycle status change: com.example.app1.MainActivity@69e1909 in: PAUSED
08-10 11:08:34.433   522  1401 W InputReader: Device virtio_input_multi_touch_10 is associated with display ADISPLAY_ID_NONE.
08-10 11:08:34.433   522  1401 W InputReader: Device virtio_input_multi_touch_4 is associated with display ADISPLAY_ID_NONE.
08-10 11:08:34.434   522  1401 W InputReader: Device virtio_input_multi_touch_11 is associated with display ADISPLAY_ID_NONE.
08-10 11:08:34.434   522  1401 W InputReader: Device virtio_input_multi_touch_5 is associated with display ADISPLAY_ID_NONE.
08-10 11:08:34.434   522  1401 W InputReader: Device virtio_input_multi_touch_2 is associated with display ADISPLAY_ID_NONE.
08-10 11:08:34.434   522  1401 W InputReader: Device virtio_input_multi_touch_9 is associated with display ADISPLAY_ID_NONE.
08-10 11:08:34.434   522  1401 W InputReader: Device virtio_input_multi_touch_6 is associated with display ADISPLAY_ID_NONE.
08-10 11:08:34.434   522  1401 W InputReader: Device virtio_input_multi_touch_3 is associated with display ADISPLAY_ID_NONE.
08-10 11:08:34.434   522  1401 W InputReader: Device virtio_input_multi_touch_7 is associated with display ADISPLAY_ID_NONE.
08-10 11:08:34.434   522  1401 W InputReader: Device virtio_input_multi_touch_8 is associated with display ADISPLAY_ID_NONE.
08-10 11:08:34.434   522  1401 W InputReader: Device virtio_input_multi_touch_10 is associated with display ADISPLAY_ID_NONE.
08-10 11:08:34.434   522  1401 W InputReader: Device virtio_input_multi_touch_4 is associated with display ADISPLAY_ID_NONE.
08-10 11:08:34.434   522  1401 W InputReader: Device virtio_input_multi_touch_11 is associated with display ADISPLAY_ID_NONE.
08-10 11:08:34.435   522  1401 W InputReader: Device virtio_input_multi_touch_5 is associated with display ADISPLAY_ID_NONE.
08-10 11:08:34.435   522  1401 W InputReader: Device virtio_input_multi_touch_2 is associated with display ADISPLAY_ID_NONE.
08-10 11:08:34.435   522  1401 W InputReader: Device virtio_input_multi_touch_9 is associated with display ADISPLAY_ID_NONE.
08-10 11:08:34.435   522  1401 W InputReader: Device virtio_input_multi_touch_6 is associated with display ADISPLAY_ID_NONE.
08-10 11:08:34.435   522  1401 W InputReader: Device virtio_input_multi_touch_3 is associated with display ADISPLAY_ID_NONE.
08-10 11:08:34.435   522  1401 W InputReader: Device virtio_input_multi_touch_7 is associated with display ADISPLAY_ID_NONE.
08-10 11:08:34.435   522  1401 W InputReader: Device virtio_input_multi_touch_8 is associated with display ADISPLAY_ID_NONE.
08-10 11:08:34.473  5713  5713 D LifecycleMonitor: Lifecycle status change: com.example.app1.settings.menu.MenuActivity@75a563b in: PRE_ON_CREATE
08-10 11:08:34.537  1340  1340 D BoundBrokerSvc: onBind: Intent { act=com.google.android.gms.measurement.START pkg=com.google.android.gms }
08-10 11:08:34.537  1340  1340 D BoundBrokerSvc: Loading bound service for intent: Intent { act=com.google.android.gms.measurement.START pkg=com.google.android.gms }
08-10 11:08:34.566   522  1401 I system_server: oneway function results will be dropped but finished with status OK and parcel size 4
08-10 11:08:34.628  5713  5713 D LifecycleMonitor: Lifecycle status change: com.example.app1.settings.menu.MenuActivity@75a563b in: CREATED
08-10 11:08:34.640  5713  5713 D LifecycleMonitor: Lifecycle status change: com.example.app1.settings.menu.MenuActivity@75a563b in: STARTED
08-10 11:08:34.642  5713  5713 D LifecycleMonitor: Lifecycle status change: com.example.app1.settings.menu.MenuActivity@75a563b in: RESUMED
08-10 11:08:34.706   283   283 D goldfish-address-space: claimShared: Ask to claim region [0x3f0603000 0x3f0f68000]
08-10 11:08:34.725   283   283 D goldfish-address-space: claimShared: Ask to claim region [0x3f7320000 0x3f7c85000]
08-10 11:08:34.736   283   283 D goldfish-address-space: claimShared: Ask to claim region [0x3f6378000 0x3f6cdd000]
08-10 11:08:34.824   522   554 I ActivityTaskManager: Displayed com.example.app1/.settings.menu.MenuActivity: +407ms
08-10 11:08:35.186  5713  5713 I ViewInteraction: Checking 'MatchesViewAssertion{viewMatcher=(view has effective visibility <VISIBLE> and view.getGlobalVisibleRect() to return non-empty rectangle)}' assertion on view view.getId() is <2131362288/com.example.app1:id/sv_menu>
08-10 11:08:35.335  5713  5713 D LifecycleMonitor: Lifecycle status change: com.example.app1.MainActivity@69e1909 in: STOPPED
08-10 11:08:35.691  5713  5713 I ViewInteraction: Performing 'single click' action on view view.getId() is <2131361843/com.example.app1:id/account_settings>
08-10 11:08:35.747   522   547 D EventSequenceValidator: Transition from INTENT_FAILED to INTENT_STARTED
08-10 11:08:35.755   522   547 D EventSequenceValidator: Transition from INTENT_STARTED to INTENT_FAILED
08-10 11:08:35.756  5713  5713 D LifecycleMonitor: Lifecycle status change: com.example.app1.settings.menu.MenuActivity@75a563b in: PAUSED
08-10 11:08:35.757   522  1401 W InputReader: Device virtio_input_multi_touch_10 is associated with display ADISPLAY_ID_NONE.
08-10 11:08:35.757   522  1401 W InputReader: Device virtio_input_multi_touch_4 is associated with display ADISPLAY_ID_NONE.
08-10 11:08:35.757   522  1401 W InputReader: Device virtio_input_multi_touch_11 is associated with display ADISPLAY_ID_NONE.
08-10 11:08:35.757   522  1401 W InputReader: Device virtio_input_multi_touch_5 is associated with display ADISPLAY_ID_NONE.
08-10 11:08:35.758   522  1401 W InputReader: Device virtio_input_multi_touch_2 is associated with display ADISPLAY_ID_NONE.
08-10 11:08:35.758   522  1401 W InputReader: Device virtio_input_multi_touch_9 is associated with display ADISPLAY_ID_NONE.
08-10 11:08:35.758   522  1401 W InputReader: Device virtio_input_multi_touch_6 is associated with display ADISPLAY_ID_NONE.
08-10 11:08:35.758   522  1401 W InputReader: Device virtio_input_multi_touch_3 is associated with display ADISPLAY_ID_NONE.
08-10 11:08:35.758   522  1401 W InputReader: Device virtio_input_multi_touch_7 is associated with display ADISPLAY_ID_NONE.
08-10 11:08:35.758   522  1401 W InputReader: Device virtio_input_multi_touch_8 is associated with display ADISPLAY_ID_NONE.
08-10 11:08:35.758   522  1401 W InputReader: Device virtio_input_multi_touch_10 is associated with display ADISPLAY_ID_NONE.
08-10 11:08:35.758   522  1401 W InputReader: Device virtio_input_multi_touch_4 is associated with display ADISPLAY_ID_NONE.
08-10 11:08:35.759   522  1401 W InputReader: Device virtio_input_multi_touch_11 is associated with display ADISPLAY_ID_NONE.
08-10 11:08:35.759   522  1401 W InputReader: Device virtio_input_multi_touch_5 is associated with display ADISPLAY_ID_NONE.
08-10 11:08:35.759   522  1401 W InputReader: Device virtio_input_multi_touch_2 is associated with display ADISPLAY_ID_NONE.
08-10 11:08:35.759   522  1401 W InputReader: Device virtio_input_multi_touch_9 is associated with display ADISPLAY_ID_NONE.
08-10 11:08:35.759   522  1401 W InputReader: Device virtio_input_multi_touch_6 is associated with display ADISPLAY_ID_NONE.
08-10 11:08:35.759   522  1401 W InputReader: Device virtio_input_multi_touch_3 is associated with display ADISPLAY_ID_NONE.
08-10 11:08:35.759   522  1401 W InputReader: Device virtio_input_multi_touch_7 is associated with display ADISPLAY_ID_NONE.
08-10 11:08:35.759   522  1401 W InputReader: Device virtio_input_multi_touch_8 is associated with display ADISPLAY_ID_NONE.
08-10 11:08:35.775   522  1680 I system_server: oneway function results will be dropped but finished with status OK and parcel size 4
08-10 11:08:35.798  5713  5713 D LifecycleMonitor: Lifecycle status change: com.example.app1.settings.account.AccountActivity@faef560 in: PRE_ON_CREATE
08-10 11:08:35.905   522   923 I system_server: oneway function results will be dropped but finished with status OK and parcel size 4
08-10 11:08:35.936  5713  5713 D LifecycleMonitor: Lifecycle status change: com.example.app1.settings.account.AccountActivity@faef560 in: CREATED
08-10 11:08:35.942  5713  5713 D LifecycleMonitor: Lifecycle status change: com.example.app1.settings.account.AccountActivity@faef560 in: STARTED
08-10 11:08:35.945  5713  5713 D LifecycleMonitor: Lifecycle status change: com.example.app1.settings.account.AccountActivity@faef560 in: RESUMED
08-10 11:08:36.040   283   283 D goldfish-address-space: claimShared: Ask to claim region [0x3f4000000 0x3f4965000]
08-10 11:08:36.046   283   283 D goldfish-address-space: claimShared: Ask to claim region [0x3f4965000 0x3f52ca000]
08-10 11:08:36.048   283   283 D goldfish-address-space: claimShared: Ask to claim region [0x3f52ca000 0x3f5c2f000]
08-10 11:08:36.084   522   554 I ActivityTaskManager: Displayed com.example.app1/.settings.account.AccountActivity: +334ms
08-10 11:08:36.124  1228  1291 I VoiceInputManagerWrapper: VoiceInputManagerWrapper.shutdownVoiceInternal():95 shutdownVoiceInternal()
08-10 11:08:36.217  5713  5713 I ViewInteraction: Checking 'MatchesViewAssertion{viewMatcher=(view has effective visibility <VISIBLE> and view.getGlobalVisibleRect() to return non-empty rectangle)}' assertion on view view.getId() is <2131361970/com.example.app1:id/decoration>
08-10 11:08:36.555  5713  5713 D LifecycleMonitor: Lifecycle status change: com.example.app1.settings.menu.MenuActivity@75a563b in: STOPPED
08-10 11:08:36.721  5713  5713 I ViewInteraction: Performing 'single click' action on view view.getId() is <2131361912/com.example.app1:id/btn_continue>
08-10 11:08:36.773   522   547 D EventSequenceValidator: Transition from INTENT_FAILED to INTENT_STARTED
08-10 11:08:36.774   522  1680 I system_server: oneway function results will be dropped but finished with status OK and parcel size 4
08-10 11:08:36.786   522   547 D EventSequenceValidator: Transition from INTENT_STARTED to INTENT_FAILED
08-10 11:08:36.805  5713  5713 D LifecycleMonitor: Lifecycle status change: com.example.app1.settings.account.AccountActivity@faef560 in: PAUSED
08-10 11:08:36.808   522   923 W InputReader: Device virtio_input_multi_touch_10 is associated with display ADISPLAY_ID_NONE.
08-10 11:08:36.808   522   923 W InputReader: Device virtio_input_multi_touch_4 is associated with display ADISPLAY_ID_NONE.
08-10 11:08:36.808   522   923 W InputReader: Device virtio_input_multi_touch_11 is associated with display ADISPLAY_ID_NONE.
08-10 11:08:36.808   522   923 W InputReader: Device virtio_input_multi_touch_5 is associated with display ADISPLAY_ID_NONE.
08-10 11:08:36.808   522   923 W InputReader: Device virtio_input_multi_touch_2 is associated with display ADISPLAY_ID_NONE.
08-10 11:08:36.808   522   923 W InputReader: Device virtio_input_multi_touch_9 is associated with display ADISPLAY_ID_NONE.
08-10 11:08:36.808   522   923 W InputReader: Device virtio_input_multi_touch_6 is associated with display ADISPLAY_ID_NONE.
08-10 11:08:36.808   522   923 W InputReader: Device virtio_input_multi_touch_3 is associated with display ADISPLAY_ID_NONE.
08-10 11:08:36.808   522   923 W InputReader: Device virtio_input_multi_touch_7 is associated with display ADISPLAY_ID_NONE.
08-10 11:08:36.808   522   923 W InputReader: Device virtio_input_multi_touch_8 is associated with display ADISPLAY_ID_NONE.
08-10 11:08:36.808   522   923 W InputReader: Device virtio_input_multi_touch_10 is associated with display ADISPLAY_ID_NONE.
08-10 11:08:36.808   522   923 W InputReader: Device virtio_input_multi_touch_4 is associated with display ADISPLAY_ID_NONE.
08-10 11:08:36.808   522   923 W InputReader: Device virtio_input_multi_touch_11 is associated with display ADISPLAY_ID_NONE.
08-10 11:08:36.808   522   923 W InputReader: Device virtio_input_multi_touch_5 is associated with display ADISPLAY_ID_NONE.
08-10 11:08:36.808   522   923 W InputReader: Device virtio_input_multi_touch_2 is associated with display ADISPLAY_ID_NONE.
08-10 11:08:36.808   522   923 W InputReader: Device virtio_input_multi_touch_9 is associated with display ADISPLAY_ID_NONE.
08-10 11:08:36.808   522   923 W InputReader: Device virtio_input_multi_touch_6 is associated with display ADISPLAY_ID_NONE.
08-10 11:08:36.808   522   923 W InputReader: Device virtio_input_multi_touch_3 is associated with display ADISPLAY_ID_NONE.
08-10 11:08:36.808   522   923 W InputReader: Device virtio_input_multi_touch_7 is associated with display ADISPLAY_ID_NONE.
08-10 11:08:36.808   522   923 W InputReader: Device virtio_input_multi_touch_8 is associated with display ADISPLAY_ID_NONE.
08-10 11:08:36.819  5713  5713 D LifecycleMonitor: Lifecycle status change: com.example.app1.settings.account.PasswordChangeActivity@8cc761f in: PRE_ON_CREATE
08-10 11:08:36.901   522  1680 I system_server: oneway function results will be dropped but finished with status OK and parcel size 4
08-10 11:08:36.906  5713  5713 D LifecycleMonitor: Lifecycle status change: com.example.app1.settings.account.PasswordChangeActivity@8cc761f in: CREATED
08-10 11:08:36.913  5713  5713 D LifecycleMonitor: Lifecycle status change: com.example.app1.settings.account.PasswordChangeActivity@8cc761f in: STARTED
08-10 11:08:36.915  5713  5713 D LifecycleMonitor: Lifecycle status change: com.example.app1.settings.account.PasswordChangeActivity@8cc761f in: RESUMED
08-10 11:08:37.051   283   283 D goldfish-address-space: claimShared: Ask to claim region [0x3f0603000 0x3f0f68000]
08-10 11:08:37.062   283   283 D goldfish-address-space: claimShared: Ask to claim region [0x3f7320000 0x3f7c85000]
08-10 11:08:37.064   283   283 D goldfish-address-space: claimShared: Ask to claim region [0x3f5c2f000 0x3f6594000]
08-10 11:08:37.125   522   554 I ActivityTaskManager: Displayed com.example.app1/.settings.account.PasswordChangeActivity: +351ms
08-10 11:08:37.358   461   461 E netmgr  : qemu_pipe_open_ns:62: Could not connect to the 'pipe:qemud:network' service: Invalid argument
08-10 11:08:37.359   461   461 E netmgr  : Failed to open QEMU pipe 'qemud:network': Invalid argument
08-10 11:08:37.422  5713  5713 I ViewInteraction: Checking 'MatchesViewAssertion{viewMatcher=(view has effective visibility <VISIBLE> and view.getGlobalVisibleRect() to return non-empty rectangle)}' assertion on view view.getId() is <2131361912/com.example.app1:id/btn_continue>
08-10 11:08:37.606  5713  5713 D LifecycleMonitor: Lifecycle status change: com.example.app1.settings.account.AccountActivity@faef560 in: STOPPED
08-10 11:08:37.797   465   465 E wifi_forwarder: qemu_pipe_open_ns:62: Could not connect to the 'pipe:qemud:wififorward' service: Invalid argument
08-10 11:08:37.797   465   465 E wifi_forwarder: RemoteConnection failed to initialize: RemoteConnection failed to open pipe
08-10 11:08:37.931  5713  5713 I ViewInteraction: Performing 'type text(Test1#)' action on view should return first matching item
08-10 11:08:38.017  5713  5713 I AssistStructure: Flattened final assist data: 2360 bytes, containing 1 windows, 11 views
08-10 11:08:38.053  1228  1228 I KeyboardViewUtil: KeyboardViewUtil.getKeyboardHeightRatio():128 systemKeyboardHeightRatio:1.000000; userKeyboardHeightRatio:1.000000.
08-10 11:08:38.054  1228  1228 I AndroidIME: AbstractIme.onActivate():84 PasswordIme.onActivate() : EditorInfo = Package = com.example.app1 : Type = Password : Learning = Disable : Suggestion = Hide : AutoCorrection = Disable : Microphone = Hide : NoPersonalizedLearning = Disable : AutoStartVoiceInput = Disable, IncognitoMode = false
08-10 11:08:38.079  1191  1191 W qei     : Pending fill request while another request in the same session was triggered. [CONTEXT service_id=177 ]
08-10 11:08:38.097  1340  1340 D BoundBrokerSvc: onBind: Intent { act=com.google.android.mdd.service.START dat=chimera-action:com.google.android.mdd.service.START cmp=com.google.android.gms/.chimera.GmsBoundBrokerService }
08-10 11:08:38.097  1340  1340 D BoundBrokerSvc: Loading bound service for intent: Intent { act=com.google.android.mdd.service.START dat=chimera-action:com.google.android.mdd.service.START cmp=com.google.android.gms/.chimera.GmsBoundBrokerService }
08-10 11:08:38.104  1228  1228 W KeyboardModeManager: KeyboardModeManager.setInputView():302 setInputView() : inputView = com.google.android.apps.inputmethod.libs.framework.core.InputView{41301d3 V.E...... ......ID 0,0-1080,1977}
08-10 11:08:38.105  1228  1228 I ConversationToQueryExtension: ConversationToQueryExtension.isEnabledForHostApp():252 Conv2Query not enabled due to current app [com.example.app1] not in whitelist
08-10 11:08:38.105  1228  1228 I ConversationToQueryExtension: ConversationToQueryExtension.onActivate():162 onActivate() : Disabled by unsupported host app
08-10 11:08:38.106  1228  1228 I CurrentMicStatusHolder: CurrentMicStatusHolder.onStartInputView():79 Current Mic status = {MicIconHidden-PasswordOrNumberOrDateInputType,}
08-10 11:08:38.106  1228  1228 I VoiceImeExtension: VoiceImeExtension.shouldStartVoiceInputAutomatically():336 No private IME option set to start voice input.
08-10 11:08:38.122  1340  1340 D BoundBrokerSvc: onBind: Intent { act=com.google.firebase.dynamiclinks.service.START pkg=com.google.android.gms }
08-10 11:08:38.122  1340  1340 D BoundBrokerSvc: Loading bound service for intent: Intent { act=com.google.firebase.dynamiclinks.service.START pkg=com.google.android.gms }
08-10 11:08:38.139   283   283 D goldfish-address-space: claimShared: Ask to claim region [0x3f26c4000 0x3f2f75000]
