09-01 23:30:58.424  1380  1380 I ConversationToQueryExtension: ConversationToQueryExtension.isEnabledForHostApp():252 Conv2Query not enabled due to current app [com.example.app1] not in whitelist
09-01 23:30:58.424  1380  1380 I ConversationToQueryExtension: ConversationToQueryExtension.onActivate():162 onActivate() : Disabled by unsupported host app
09-01 23:30:58.426  1380  1380 I CurrentMicStatusHolder: CurrentMicStatusHolder.onStartInputView():79 Current Mic status = {MicIconHidden-EmailInputType,}
09-01 23:30:58.427  1380  1380 I VoiceImeExtension: VoiceImeExtension.shouldStartVoiceInputAutomatically():336 No private IME option set to start voice input.
09-01 23:30:58.484   290   290 D goldfish-address-space: claimShared: Ask to claim region [0x3f0000000 0x3f08b1000]
09-01 23:30:58.500 10239 10239 D UiControllerImpl: Injecting string: "test@test.com"
09-01 23:30:58.503  9742  9742 D BoundBrokerSvc: onBind: Intent { act=com.google.android.gms.common.BIND_SHARED_PREFS pkg=com.google.android.gms }
09-01 23:30:58.503  9742  9742 D BoundBrokerSvc: Loading bound service for intent: Intent { act=com.google.android.gms.common.BIND_SHARED_PREFS pkg=com.google.android.gms }
09-01 23:30:58.504   290   290 D goldfish-address-space: claimShared: Ask to claim region [0x3f08b1000 0x3f1162000]
09-01 23:30:58.506   290   290 D goldfish-address-space: claimShared: Ask to claim region [0x3f1162000 0x3f1a13000]
09-01 23:30:58.553  9742  9742 D BoundBrokerSvc: onUnbind: Intent { act=com.google.android.gms.common.BIND_SHARED_PREFS pkg=com.google.android.gms }
09-01 23:30:58.561  9742  9742 D BoundBrokerSvc: onBind: Intent { act=com.google.android.gms.common.BIND_SHARED_PREFS pkg=com.google.android.gms }
09-01 23:30:58.564  9742  9742 D BoundBrokerSvc: Loading bound service for intent: Intent { act=com.google.android.gms.common.BIND_SHARED_PREFS pkg=com.google.android.gms }
09-01 23:30:58.627  9742  9742 D BoundBrokerSvc: onUnbind: Intent { act=com.google.android.gms.common.BIND_SHARED_PREFS pkg=com.google.android.gms }
09-01 23:30:58.661   290   290 D goldfish-address-space: claimShared: Ask to claim region [0x3f4c06000 0x3f54b7000]
09-01 23:30:58.712   290   290 D goldfish-address-space: claimShared: Ask to claim region [0x3f54b7000 0x3f5d68000]
09-01 23:30:58.814   290   290 D goldfish-address-space: claimShared: Ask to claim region [0x3f2619000 0x3f2eca000]
09-01 23:30:58.916  1380  2546 I native  : input-context-store.cc:173 Ignoring stale client request for FetchSuggestions
09-01 23:30:58.918  1380  1380 W InputContextProxy: InputContextProxy.applyClientDiffInternal():832 Ignore [FetchSuggestions] diff due to stale request: 211<215, inputStateId=177, lastInputStateId=177
09-01 23:30:58.924  1380  2546 E InputContextLock: InputContextLock.maybeTrackAcquireLockTime():29 Acquire InputContextLock takes 6 ms, mainThreadForSure=false.
09-01 23:30:58.977  1380  2546 I native  : input-context-store.cc:173 Ignoring stale client request for FetchSuggestions
09-01 23:30:58.985  1380  1380 E InputContextLock: InputContextLock.maybeTrackAcquireLockTime():29 Acquire InputContextLock takes 6 ms, mainThreadForSure=true.
09-01 23:30:58.985  1380  1380 W InputContextProxy: InputContextProxy.applyClientDiffInternal():832 Ignore [FetchSuggestions] diff due to stale request: 216<217, inputStateId=178, lastInputStateId=178
09-01 23:30:59.124  1380  1380 W InputContextProxy: InputContextProxy.applyClientDiffInternal():832 Ignore [FetchSuggestions] diff due to stale request: 218<221, inputStateId=179, lastInputStateId=180
09-01 23:30:59.489   411   411 E wifi_forwarder: qemu_pipe_open_ns:62: Could not connect to the 'pipe:qemud:wififorward' service: Invalid argument
09-01 23:30:59.489   411   411 E wifi_forwarder: RemoteConnection failed to initialize: RemoteConnection failed to open pipe
09-01 23:30:59.653   409   409 E netmgr  : qemu_pipe_open_ns:62: Could not connect to the 'pipe:qemud:network' service: Invalid argument
09-01 23:30:59.653   409   409 E netmgr  : Failed to open QEMU pipe 'qemud:network': Invalid argument
09-01 23:30:59.748  1380  1380 E InputContextLock: InputContextLock.maybeTrackAcquireLockTime():29 Acquire InputContextLock takes 6 ms, mainThreadForSure=true.
09-01 23:30:59.952 10239 10239 I ViewInteraction: Performing 'type text(password_not_matching)' action on view should return first matching item
09-01 23:31:00.018  1380  1380 W TooltipLifecycleManager: TooltipLifecycleManager.dismissTooltip():130 dismissTooltip(): tooltip with id inline_suggestion_tooltip not found in tooltipManager.
09-01 23:31:00.019  1380  1380 W TooltipLifecycleManager: TooltipLifecycleManager.dismissTooltip():130 dismissTooltip(): tooltip with id inline_suggestion_tooltip not found in tooltipManager.
09-01 23:31:00.027  1380  1380 I KeyboardWrapper: KeyboardWrapper.consumeEvent():264 Skip consuming an event as current keyboard is deactivated (state=0, keyboard existence=true)
09-01 23:31:00.027  1380  1380 I VoiceInputManagerWrapper: VoiceInputManagerWrapper.shutdown():77 shutdown()
09-01 23:31:00.028  1380  1380 I AndroidIME: AbstractIme.onDeactivate():161 LatinIme.onDeactivate()
09-01 23:31:00.053 10239 10239 W IInputConnectionWrapper: beginBatchEdit on inactive InputConnection
09-01 23:31:00.054 10239 10239 W IInputConnectionWrapper: endBatchEdit on inactive InputConnection
09-01 23:31:00.086  1380  1380 I KeyboardViewUtil: KeyboardViewUtil.getKeyboardHeightRatio():128 systemKeyboardHeightRatio:1.000000; userKeyboardHeightRatio:1.000000.
09-01 23:31:00.086  1380  1380 I AndroidIME: AbstractIme.onActivate():84 PasswordIme.onActivate() : EditorInfo = Package = com.example.app1 : Type = Password : Learning = Disable : Suggestion = Hide : AutoCorrection = Disable : Microphone = Hide : NoPersonalizedLearning = Disable : AutoStartVoiceInput = Disable, IncognitoMode = false
09-01 23:31:00.125  1380  1380 I KeyboardViewHelper: KeyboardViewHelper.getView():164 Get view with height ratio:1.000000; experiment height ratio:1.000000.
09-01 23:31:00.162  1380  1380 W TooltipLifecycleManager: TooltipLifecycleManager.dismissTooltip():130 dismissTooltip(): tooltip with id inline_suggestion_tooltip not found in tooltipManager.
09-01 23:31:00.171  1380  1380 W KeyboardModeManager: KeyboardModeManager.setInputView():302 setInputView() : inputView = com.google.android.apps.inputmethod.libs.framework.core.InputView{c127a55 V.E...... ......ID 0,0-1080,1977}
09-01 23:31:00.175  1380  1380 I ConversationToQueryExtension: ConversationToQueryExtension.isEnabledForHostApp():252 Conv2Query not enabled due to current app [com.example.app1] not in whitelist
09-01 23:31:00.175  1380  1380 I ConversationToQueryExtension: ConversationToQueryExtension.onActivate():162 onActivate() : Disabled by unsupported host app
09-01 23:31:00.175  1380  1380 I CurrentMicStatusHolder: CurrentMicStatusHolder.onStartInputView():79 Current Mic status = {MicIconHidden-PasswordOrNumberOrDateInputType,}
09-01 23:31:00.175  1380  1380 I VoiceImeExtension: VoiceImeExtension.shouldStartVoiceInputAutomatically():336 No private IME option set to start voice input.
09-01 23:31:00.227   338   338 I perfetto: probes_producer.cc:329  Producer stop (id=22)
09-01 23:31:00.230  9742  9742 D BoundBrokerSvc: onBind: Intent { act=com.google.android.gms.common.BIND_SHARED_PREFS pkg=com.google.android.gms }
09-01 23:31:00.230  9742  9742 D BoundBrokerSvc: Loading bound service for intent: Intent { act=com.google.android.gms.common.BIND_SHARED_PREFS pkg=com.google.android.gms }
09-01 23:31:00.241   339   339 I perfetto: ng_service_impl.cc:1948 Tracing session 22 ended, total sessions:0
09-01 23:31:00.259   338   338 I perfetto: ftrace_procfs.cc:183    disabled ftrace
09-01 23:31:00.308 10239 10239 D UiControllerImpl: Injecting string: "password_not_matching"
09-01 23:31:00.341  9742  9742 D BoundBrokerSvc: onUnbind: Intent { act=com.google.android.gms.common.BIND_SHARED_PREFS pkg=com.google.android.gms }
09-01 23:31:00.358  9742  9742 D BoundBrokerSvc: onBind: Intent { act=com.google.android.gms.common.BIND_SHARED_PREFS pkg=com.google.android.gms }
09-01 23:31:00.358  9742  9742 D BoundBrokerSvc: Loading bound service for intent: Intent { act=com.google.android.gms.common.BIND_SHARED_PREFS pkg=com.google.android.gms }
09-01 23:31:00.370  9742  9742 D BoundBrokerSvc: onUnbind: Intent { act=com.google.android.gms.common.BIND_SHARED_PREFS pkg=com.google.android.gms }
09-01 23:31:01.187 10239 10239 I ViewInteraction: Performing 'close keyboard' action on view view.getId() is <2131362250/com.example.app1:id/sign_in>
09-01 23:31:01.192  1380  1380 I AndroidIME: AbstractIme.onDeactivate():161 PasswordIme.onDeactivate()
09-01 23:31:01.518 10239 10239 I ViewInteraction: Performing 'single click' action on view view.getId() is <2131362250/com.example.app1:id/sign_in>
09-01 23:31:01.562   501   532 D EventSequenceValidator: inc AccIntentStartedEvents to 2
09-01 23:31:01.567   501  2320 I system_server: oneway function results will be dropped but finished with status OK and parcel size 4
09-01 23:31:01.567   501  2320 I system_server: oneway function results will be dropped but finished with status OK and parcel size 4
09-01 23:31:01.569   501  1975 I system_server: oneway function results will be dropped but finished with status OK and parcel size 4
09-01 23:31:01.576   339   339 I perfetto: ing_service_impl.cc:758 Configured tracing session 23, #sources:1, duration:5000 ms, #buffers:1, total buffer size:4096 KB, total sessions:1, uid:1071 session name: ""
09-01 23:31:01.577   338   338 I perfetto: probes_producer.cc:230  Ftrace setup (target_buf=23)
09-01 23:31:01.597   501   532 D EventSequenceValidator: dec AccIntentStartedEvents to 1
09-01 23:31:01.599 10239 10239 D LifecycleMonitor: Lifecycle status change: com.example.app1.authentication.LoginActivity@4cf0472 in: PAUSED
09-01 23:31:01.604   501   988 W InputReader: Device virtio_input_multi_touch_9 is associated with display ADISPLAY_ID_NONE.
09-01 23:31:01.604   501   988 W InputReader: Device virtio_input_multi_touch_6 is associated with display ADISPLAY_ID_NONE.
09-01 23:31:01.604   501   988 W InputReader: Device virtio_input_multi_touch_3 is associated with display ADISPLAY_ID_NONE.
09-01 23:31:01.604   501   988 W InputReader: Device virtio_input_multi_touch_7 is associated with display ADISPLAY_ID_NONE.
09-01 23:31:01.604   501   988 W InputReader: Device virtio_input_multi_touch_8 is associated with display ADISPLAY_ID_NONE.
09-01 23:31:01.604   501   988 W InputReader: Device virtio_input_multi_touch_10 is associated with display ADISPLAY_ID_NONE.
09-01 23:31:01.604   501   988 W InputReader: Device virtio_input_multi_touch_4 is associated with display ADISPLAY_ID_NONE.
09-01 23:31:01.604   501   988 W InputReader: Device virtio_input_multi_touch_11 is associated with display ADISPLAY_ID_NONE.
09-01 23:31:01.604   501   988 W InputReader: Device virtio_input_multi_touch_5 is associated with display ADISPLAY_ID_NONE.
09-01 23:31:01.604   501   988 W InputReader: Device virtio_input_multi_touch_2 is associated with display ADISPLAY_ID_NONE.
09-01 23:31:01.604   501   988 W InputReader: Device virtio_input_multi_touch_9 is associated with display ADISPLAY_ID_NONE.
09-01 23:31:01.604   501   988 W InputReader: Device virtio_input_multi_touch_6 is associated with display ADISPLAY_ID_NONE.
09-01 23:31:01.604   501   988 W InputReader: Device virtio_input_multi_touch_3 is associated with display ADISPLAY_ID_NONE.
09-01 23:31:01.604   501   988 W InputReader: Device virtio_input_multi_touch_7 is associated with display ADISPLAY_ID_NONE.
09-01 23:31:01.604   501   988 W InputReader: Device virtio_input_multi_touch_8 is associated with display ADISPLAY_ID_NONE.
09-01 23:31:01.604   501   988 W InputReader: Device virtio_input_multi_touch_10 is associated with display ADISPLAY_ID_NONE.
09-01 23:31:01.604   501   988 W InputReader: Device virtio_input_multi_touch_4 is associated with display ADISPLAY_ID_NONE.
09-01 23:31:01.604   501   988 W InputReader: Device virtio_input_multi_touch_11 is associated with display ADISPLAY_ID_NONE.
09-01 23:31:01.604   501   988 W InputReader: Device virtio_input_multi_touch_5 is associated with display ADISPLAY_ID_NONE.
09-01 23:31:01.604   501   988 W InputReader: Device virtio_input_multi_touch_2 is associated with display ADISPLAY_ID_NONE.
09-01 23:31:01.647 10239 10239 D LifecycleMonitor: Lifecycle status change: com.example.app1.authentication.SimpleSignInActivity@58621c7 in: PRE_ON_CREATE
09-01 23:31:01.672 10239 10431 W System  : Ignoring header X-Firebase-Locale because its value was null.
09-01 23:31:01.674   338   338 I perfetto: ftrace_procfs.cc:176    enabled ftrace
09-01 23:31:01.689 10239 10239 D LifecycleMonitor: Lifecycle status change: com.example.app1.authentication.SimpleSignInActivity@58621c7 in: CREATED
09-01 23:31:01.695 10239 10239 D LifecycleMonitor: Lifecycle status change: com.example.app1.authentication.SimpleSignInActivity@58621c7 in: STARTED
09-01 23:31:01.710   501   988 I system_server: oneway function results will be dropped but finished with status OK and parcel size 4
09-01 23:31:01.725 10239 10239 D LifecycleMonitor: Lifecycle status change: com.example.app1.authentication.SimpleSignInActivity@58621c7 in: RESUMED
09-01 23:31:01.847   290   290 D goldfish-address-space: claimShared: Ask to claim region [0x3f0000000 0x3f0965000]
09-01 23:31:01.868   290   290 D goldfish-address-space: claimShared: Ask to claim region [0x3f0965000 0x3f12ca000]
09-01 23:31:01.871   290   290 D goldfish-address-space: claimShared: Ask to claim region [0x3f5d68000 0x3f66cd000]
09-01 23:31:01.960   501   537 I ActivityTaskManager: Displayed com.example.app1/.authentication.SimpleSignInActivity: +390ms
09-01 23:31:02.046   290   290 D goldfish-address-space: claimShared: Ask to claim region [0x3f12ca000 0x3f18cd000]
09-01 23:31:02.089   501  4011 D HostConnection: HostConnection::get() New Host Connection established 0xb0ec6590, tid 4011
09-01 23:31:02.107   501  4011 D HostConnection: HostComposition ext ANDROID_EMU_CHECKSUM_HELPER_v1 ANDROID_EMU_native_sync_v2 ANDROID_EMU_native_sync_v3 ANDROID_EMU_native_sync_v4 ANDROID_EMU_dma_v1 ANDROID_EMU_direct_mem ANDROID_EMU_host_composition_v1 ANDROID_EMU_host_composition_v2 ANDROID_EMU_vulkan ANDROID_EMU_deferred_vulkan_commands ANDROID_EMU_vulkan_null_optional_strings ANDROID_EMU_vulkan_create_resources_with_requirements ANDROID_EMU_YUV_Cache ANDROID_EMU_vulkan_ignored_handles ANDROID_EMU_has_shared_slots_host_memory_allocator ANDROID_EMU_vulkan_free_memory_sync ANDROID_EMU_vulkan_shader_float16_int8 ANDROID_EMU_vulkan_async_queue_submit ANDROID_EMU_sync_buffer_data ANDROID_EMU_read_color_buffer_dma GL_OES_EGL_image_external_essl3 GL_OES_vertex_array_object GL_KHR_texture_compression_astc_ldr ANDROID_EMU_host_side_tracing ANDROID_EMU_gles_max_version_3_0
09-01 23:31:02.110   501  4011 W OpenGLRenderer: Failed to choose config with EGL_SWAP_BEHAVIOR_PRESERVED, retrying without...
09-01 23:31:02.122 10239 10239 D LifecycleMonitor: Lifecycle status change: com.example.app1.authentication.SimpleSignInActivity@58621c7 in: PAUSED
09-01 23:31:02.127   501  1975 W InputReader: Device virtio_input_multi_touch_9 is associated with display ADISPLAY_ID_NONE.
09-01 23:31:02.128   501  1975 W InputReader: Device virtio_input_multi_touch_6 is associated with display ADISPLAY_ID_NONE.
09-01 23:31:02.128   501  1975 W InputReader: Device virtio_input_multi_touch_3 is associated with display ADISPLAY_ID_NONE.
09-01 23:31:02.128   501  1975 W InputReader: Device virtio_input_multi_touch_7 is associated with display ADISPLAY_ID_NONE.
09-01 23:31:02.128   501  1975 W InputReader: Device virtio_input_multi_touch_8 is associated with display ADISPLAY_ID_NONE.
09-01 23:31:02.128   501  1975 W InputReader: Device virtio_input_multi_touch_10 is associated with display ADISPLAY_ID_NONE.
09-01 23:31:02.128   501  1975 W InputReader: Device virtio_input_multi_touch_4 is associated with display ADISPLAY_ID_NONE.
09-01 23:31:02.128   501  1975 W InputReader: Device virtio_input_multi_touch_11 is associated with display ADISPLAY_ID_NONE.
09-01 23:31:02.128   501  1975 W InputReader: Device virtio_input_multi_touch_5 is associated with display ADISPLAY_ID_NONE.
09-01 23:31:02.128   501  1975 W InputReader: Device virtio_input_multi_touch_2 is associated with display ADISPLAY_ID_NONE.
09-01 23:31:02.128   501  1975 W InputReader: Device virtio_input_multi_touch_9 is associated with display ADISPLAY_ID_NONE.
09-01 23:31:02.128   501  1975 W InputReader: Device virtio_input_multi_touch_6 is associated with display ADISPLAY_ID_NONE.
09-01 23:31:02.128   501  1975 W InputReader: Device virtio_input_multi_touch_3 is associated with display ADISPLAY_ID_NONE.
09-01 23:31:02.128   501  1975 W InputReader: Device virtio_input_multi_touch_7 is associated with display ADISPLAY_ID_NONE.
09-01 23:31:02.128   501  1975 W InputReader: Device virtio_input_multi_touch_8 is associated with display ADISPLAY_ID_NONE.
09-01 23:31:02.128   501  4011 D EGL_emulation: eglCreateContext: 0xb0ec4df0: maj 3 min 0 rcv 3
09-01 23:31:02.128   501  1975 W InputReader: Device virtio_input_multi_touch_10 is associated with display ADISPLAY_ID_NONE.
09-01 23:31:02.128   501  1975 W InputReader: Device virtio_input_multi_touch_4 is associated with display ADISPLAY_ID_NONE.
09-01 23:31:02.128   501  1975 W InputReader: Device virtio_input_multi_touch_11 is associated with display ADISPLAY_ID_NONE.
09-01 23:31:02.128   501  1975 W InputReader: Device virtio_input_multi_touch_5 is associated with display ADISPLAY_ID_NONE.
09-01 23:31:02.128   501  1975 W InputReader: Device virtio_input_multi_touch_2 is associated with display ADISPLAY_ID_NONE.
09-01 23:31:02.165 10239 10239 D LifecycleMonitor: Lifecycle status change: com.example.app1.authentication.LoginActivity@4cf0472 in: RESUMED
09-01 23:31:02.175 10239 10239 D LifecycleMonitor: Lifecycle status change: com.example.app1.authentication.SimpleSignInActivity@58621c7 in: STOPPED
09-01 23:31:02.176 10239 10239 D LifecycleMonitor: Lifecycle status change: com.example.app1.authentication.SimpleSignInActivity@58621c7 in: DESTROYED
09-01 23:31:02.214   501  4011 D EGL_emulation: eglMakeCurrent: 0xb0ec4df0: ver 3 0 (tinfo 0xbac6f8f0) (first time)
09-01 23:31:02.272   290   290 D goldfish-address-space: claimShared: Ask to claim region [0x3f3eec000 0x3f3f58000]
09-01 23:31:02.277   290   290 D goldfish-address-space: claimShared: Ask to claim region [0x3f3f58000 0x3f3fc4000]
09-01 23:31:02.294   290   400 D goldfish-address-space: claimShared: Ask to claim region [0x3f3581000 0x3f35ed000]
09-01 23:31:02.357   290   290 D goldfish-address-space: claimShared: Ask to claim region [0x3f3f58000 0x3f3fc4000]
09-01 23:31:02.371   290   290 D goldfish-address-space: claimShared: Ask to claim region [0x3f3581000 0x3f35ed000]
09-01 23:31:02.494  9030  9107 I PhenotypeProcessReaper: Memory state is: 100
09-01 23:31:02.593   705   719 I ndroid.systemu: NativeAlloc concurrent copying GC freed 7558(379KB) AllocSpace objects, 0(0B) LOS objects, 49% free, 7460KB/14MB, paused 72us total 504.714ms
09-01 23:31:02.605   705   721 W System  : A resource failed to call release.
09-01 23:31:03.474 10239 10239 I ViewInteraction: Checking 'MatchesViewAssertion{viewMatcher=(view has effective visibility <VISIBLE> and view.getGlobalVisibleRect() to return non-empty rectangle)}' assertion on view view.getId() is <2131362094/com.example.app1:id/logo>
09-01 23:31:04.661   501   564 I system_server: oneway function results will be dropped but finished with status OK and parcel size 4
09-01 23:31:04.977 10239 10239 I ViewInteraction: Checking 'MatchesViewAssertion{viewMatcher=(view has effective visibility <VISIBLE> and view.getGlobalVisibleRect() to return non-empty rectangle)}' assertion on view view.getId() is <2131362094/com.example.app1:id/logo>
09-01 23:31:04.979 10239 10267 I TestRunner: finished: signInAndChangePasswordWeakFail(com.example.app1.AuthenticationTests)
