08-10 11:08:55.530  5713  5713 D LifecycleMonitor: Lifecycle status change: com.example.app1.authentication.LoginActivity@2ab0aee in: STOPPED
08-10 11:08:55.610  5713  5713 D LifecycleMonitor: Lifecycle status change: com.example.app1.authentication.SimpleSignInActivity@c8c032d in: STOPPED
08-10 11:08:55.612  5713  5713 D LifecycleMonitor: Lifecycle status change: com.example.app1.authentication.SimpleSignInActivity@c8c032d in: DESTROYED
08-10 11:08:55.632  5713  5725 I om.example.app: Background young concurrent copying GC freed 90491(4481KB) AllocSpace objects, 70(4880KB) LOS objects, 40% free, 12MB/21MB, paused 152us total 161.176ms
08-10 11:08:57.453  5713  5725 I om.example.app: Background concurrent copying GC freed 121273(4672KB) AllocSpace objects, 84(10MB) LOS objects, 49% free, 15MB/30MB, paused 8.607ms total 410.685ms
08-10 11:09:00.145  5713  5773 W System.err: org.xmlpull.v1.XmlPullParserException: name expected (position:START_TAG <a.length>@48:85 in java.io.InputStreamReader@b7048f0)
08-10 11:09:00.145  5713  5773 W System.err: 	at com.android.org.kxml2.io.KXmlParser.checkRelaxed(KXmlParser.java:305)
08-10 11:09:00.145  5713  5773 W System.err: 	at com.android.org.kxml2.io.KXmlParser.readName(KXmlParser.java:1548)
08-10 11:09:00.145  5713  5773 W System.err: 	at com.android.org.kxml2.io.KXmlParser.parseStartTag(KXmlParser.java:1091)
08-10 11:09:00.146  5713  5773 W System.err: 	at com.android.org.kxml2.io.KXmlParser.next(KXmlParser.java:372)
08-10 11:09:00.146  5713  5773 W System.err: 	at com.android.org.kxml2.io.KXmlParser.next(KXmlParser.java:313)
08-10 11:09:00.146  5713  5773 W System.err: 	at tw.ktrssreader.parser.AndroidParserBase.skip(AndroidParserBase.kt:145)
08-10 11:09:00.146  5713  5773 W System.err: 	at tw.ktrssreader.parser.AndroidParserBase.access$skip(AndroidParserBase.kt:69)
08-10 11:09:00.146  5713  5773 W System.err: 	at tw.ktrssreader.parser.AndroidParserBase.parseStandardChannel(AndroidParserBase.kt:466)
08-10 11:09:00.146  5713  5773 W System.err: 	at tw.ktrssreader.parser.AndroidRssStandardParser.parse(AndroidRssStandardParser.kt:27)
08-10 11:09:00.146  5713  5773 W System.err: 	at tw.ktrssreader.parser.AndroidRssStandardParser.parse(AndroidRssStandardParser.kt:22)
08-10 11:09:00.146  5713  5773 W System.err: 	at com.example.app1.CustomFeeder$setFeed$1.invokeSuspend(CustomFeeder.kt:255)
08-10 11:09:00.146  5713  5773 W System.err: 	at kotlin.coroutines.jvm.internal.BaseContinuationImpl.resumeWith(ContinuationImpl.kt:33)
08-10 11:09:00.146  5713  5773 W System.err: 	at kotlinx.coroutines.DispatchedTask.run(DispatchedTask.kt:106)
08-10 11:09:00.146  5713  5773 W System.err: 	at kotlinx.coroutines.internal.LimitedDispatcher.run(LimitedDispatcher.kt:42)
08-10 11:09:00.146  5713  5773 W System.err: 	at kotlinx.coroutines.scheduling.TaskImpl.run(Tasks.kt:95)
08-10 11:09:00.147  5713  5773 W System.err: 	at kotlinx.coroutines.scheduling.CoroutineScheduler.runSafely(CoroutineScheduler.kt:570)
08-10 11:09:00.147  5713  5773 W System.err: 	at kotlinx.coroutines.scheduling.CoroutineScheduler$Worker.executeTask(CoroutineScheduler.kt:749)
08-10 11:09:00.147  5713  5773 W System.err: 	at kotlinx.coroutines.scheduling.CoroutineScheduler$Worker.runWorker(CoroutineScheduler.kt:677)
08-10 11:09:00.147  5713  5773 W System.err: 	at kotlinx.coroutines.scheduling.CoroutineScheduler$Worker.run(CoroutineScheduler.kt:664)
08-10 11:09:03.491  1340  1340 D BoundBrokerSvc: onUnbind: Intent { act=com.google.android.mdd.service.START dat=chimera-action:com.google.android.mdd.service.START cmp=com.google.android.gms/.chimera.GmsBoundBrokerService }
08-10 11:09:05.250  1191  5473 I PhenotypeProcessReaper: Memory state is: 100
08-10 11:09:05.277  1340  1340 D BoundBrokerSvc: onUnbind: Intent { act=com.google.android.gms.measurement.START pkg=com.google.android.gms }
08-10 11:09:05.568  1340  1340 D BoundBrokerSvc: onUnbind: Intent { act=com.google.firebase.dynamiclinks.service.START pkg=com.google.android.gms }
08-10 11:09:09.259  5713  5713 I ViewInteraction: Checking 'MatchesViewAssertion{viewMatcher=(view has effective visibility <VISIBLE> and view.getGlobalVisibleRect() to return non-empty rectangle)}' assertion on view view.getId() is <2131362216/com.example.app1:id/rv>
08-10 11:09:10.206  1228  1291 I VoiceInputManagerWrapper: VoiceInputManagerWrapper.shutdownVoiceInternal():95 shutdownVoiceInternal()
08-10 11:09:14.603  2917  2917 I Finsky  : [2] abyu.onStartJob(3): SCH: onJobSchedulerWakeup with jobId 9005
08-10 11:09:14.622   522  1401 D WifiNl80211Manager: Scan result ready event
08-10 11:09:14.623   522  1401 D WifiNative: Scan result ready event
08-10 11:09:14.636  2917  2917 I Finsky  : [2] abtz.a(9): SCH: Scheduling fallback job with id: 9034, and delay: 43200000 ms
08-10 11:09:14.664  2917  2917 I Finsky  : [2] abtz.b(9): SCH: Scheduling fallback in 64799998 (absolute: 65517093)
08-10 11:09:14.674  1191  5897 I NetworkScheduler.Stats: Task com.google.android.gms/com.google.android.gms.tapandpay.gcmtask.TapAndPayGcmTaskService started execution. cause:4 exec_start_elapsed_seconds: 717 [CONTEXT service_id=218 ]
08-10 11:09:14.678  1191  5905 V NFC     : this device does not have NFC support
08-10 11:09:14.679  1191  5905 W TapAndPay: NfcAdapter is null while obtaining CardEmulation instance. [CONTEXT service_id=79 ]
08-10 11:09:14.679  1191  5905 W TapAndPay: java.lang.NullPointerException: NfcAdapter is null
08-10 11:09:14.679  1191  5905 W TapAndPay: 	at android.nfc.cardemulation.CardEmulation.getInstance(CardEmulation.java:150)
08-10 11:09:14.679  1191  5905 W TapAndPay: 	at bits.<init>(:com.google.android.gms@222615040@22.26.15 (150700-461192076):0)
08-10 11:09:14.679  1191  5905 W TapAndPay: 	at com.google.android.gms.tapandpay.hce.task.TapAndPayAidRegistrationTaskOperation.a(:com.google.android.gms@222615040@22.26.15 (150700-461192076):5)
08-10 11:09:14.679  1191  5905 W TapAndPay: 	at com.google.android.gms.tapandpay.gcmtask.TapAndPayGcmTaskChimeraService.a(:com.google.android.gms@222615040@22.26.15 (150700-461192076):4)
08-10 11:09:14.679  1191  5905 W TapAndPay: 	at anvy.call(:com.google.android.gms@222615040@22.26.15 (150700-461192076):4)
08-10 11:09:14.679  1191  5905 W TapAndPay: 	at java.util.concurrent.FutureTask.run(FutureTask.java:266)
08-10 11:09:14.679  1191  5905 W TapAndPay: 	at xoc.c(:com.google.android.gms@222615040@22.26.15 (150700-461192076):6)
08-10 11:09:14.679  1191  5905 W TapAndPay: 	at xoc.run(:com.google.android.gms@222615040@22.26.15 (150700-461192076):7)
08-10 11:09:14.679  1191  5905 W TapAndPay: 	at java.util.concurrent.ThreadPoolExecutor.runWorker(ThreadPoolExecutor.java:1167)
08-10 11:09:14.679  1191  5905 W TapAndPay: 	at java.util.concurrent.ThreadPoolExecutor$Worker.run(ThreadPoolExecutor.java:641)
08-10 11:09:14.679  1191  5905 W TapAndPay: 	at xth.run(:com.google.android.gms@222615040@22.26.15 (150700-461192076):0)
08-10 11:09:14.679  1191  5905 W TapAndPay: 	at java.lang.Thread.run(Thread.java:923)
08-10 11:09:14.690  1191  5897 I NetworkScheduler.Stats: Task com.google.android.gms/com.google.android.gms.tapandpay.gcmtask.TapAndPayGcmTaskService finished executing. cause:4 result: 3 elapsed_millis: 34 uptime_millis: 34 exec_start_elapsed_seconds: 717 [CONTEXT service_id=218 ]
08-10 11:09:14.699  2917  2917 I Finsky  : [2] abui.handleMessage(8): SCH: DeviceState: DeviceState{currentTime=1660122554696, isCharging=false, isIdle=false, netAny=true, netNotRoaming=true, netUnmetered=true, batteryPercent=100.0}
08-10 11:09:14.706  2917  5952 I Finsky  : [373] abwt.b(5): SCH: Jobs in database: 1-1337 2-48879 3-4 10-78 24-77777777 26-1414141414 31-305419896
08-10 11:09:14.727  2917  2917 I Finsky  : [2] abuj.b(10): SCH: Running job: 31-305419896
08-10 11:09:14.728  2917  2917 W Finsky  : [2] fic.c(22): For unauth, use getDfeApiNonAuthenticated() instead!
08-10 11:09:14.729  2917  2917 I Finsky  : [2] abui.handleMessage(59): SCH: RunningQueue size: 1, PendingQueue size: 0
08-10 11:09:14.729  2917  2917 I Finsky  : [2] abuj.p(3): SCH: Running queue: 31-305419896
08-10 11:09:14.734  2917  2992 I Finsky  : [275] lrn.l(1): Account name null when calculating account hash
08-10 11:09:14.774  1191  5937 I NetworkScheduler.Stats: Task com.google.android.gms/com.google.android.gms.auth.account.be.legacy.AuthCronService started execution. cause:5 exec_start_elapsed_seconds: 717 [CONTEXT service_id=218 ]
08-10 11:09:14.982  2917  2992 E Volley  : [275] dcg.a: Unexpected response code 404 for https://play-fe.googleapis.com/fdfe/deviceSettings
08-10 11:09:14.984  2917  2992 W Finsky  : [275] fjh.h(9): IOException while manually unzipping request.
08-10 11:09:14.985  2917  2964 E Finsky  : [260] luj.b(5): Error getting device settings.
08-10 11:09:14.985  2917  2964 E Finsky  : network time: 252, HTTP status code: 404, exception com.android.volley.ClientError
08-10 11:09:14.985  2917  2964 E Finsky  : 	at waj.hn(Unknown Source:4)
08-10 11:09:14.985  2917  2964 E Finsky  : 	at dbq.r(PG:2)
08-10 11:09:14.985  2917  2964 E Finsky  : 	at fam.r(PG:3)
08-10 11:09:14.985  2917  2964 E Finsky  : 	at dbj.run(PG:3)
08-10 11:09:14.985  2917  2964 E Finsky  : 	at android.os.Handler.handleCallback(Handler.java:938)
08-10 11:09:14.985  2917  2964 E Finsky  : 	at android.os.Handler.dispatchMessage(Handler.java:99)
08-10 11:09:14.985  2917  2964 E Finsky  : 	at android.os.Looper.loop(Looper.java:223)
08-10 11:09:14.985  2917  2964 E Finsky  : 	at android.app.ActivityThread.main(ActivityThread.java:7656)
08-10 11:09:14.985  2917  2964 E Finsky  : 	at java.lang.reflect.Method.invoke(Native Method)
08-10 11:09:14.985  2917  2964 E Finsky  : 	at com.android.internal.os.RuntimeInit$MethodAndArgsCaller.run(RuntimeInit.java:592)
08-10 11:09:14.985  2917  2964 E Finsky  : 	at com.android.internal.os.ZygoteInit.main(ZygoteInit.java:947)
08-10 11:09:14.986  2917  2973 E Finsky  : [267] luc.b(1): Error while refreshing device settings: network time: 252, HTTP status code: 404, exception com.android.volley.ClientError. Retrying.
08-10 11:09:14.986  2917  2973 E Finsky  : network time: 252, HTTP status code: 404, exception com.android.volley.ClientError
08-10 11:09:14.986  2917  2973 E Finsky  : 	at waj.hn(Unknown Source:4)
08-10 11:09:14.986  2917  2973 E Finsky  : 	at dbq.r(PG:2)
08-10 11:09:14.986  2917  2973 E Finsky  : 	at fam.r(PG:3)
08-10 11:09:14.986  2917  2973 E Finsky  : 	at dbj.run(PG:3)
08-10 11:09:14.986  2917  2973 E Finsky  : 	at android.os.Handler.handleCallback(Handler.java:938)
08-10 11:09:14.986  2917  2973 E Finsky  : 	at android.os.Handler.dispatchMessage(Handler.java:99)
08-10 11:09:14.986  2917  2973 E Finsky  : 	at android.os.Looper.loop(Looper.java:223)
08-10 11:09:14.986  2917  2973 E Finsky  : 	at android.app.ActivityThread.main(ActivityThread.java:7656)
08-10 11:09:14.986  2917  2973 E Finsky  : 	at java.lang.reflect.Method.invoke(Native Method)
08-10 11:09:14.986  2917  2973 E Finsky  : 	at com.android.internal.os.RuntimeInit$MethodAndArgsCaller.run(RuntimeInit.java:592)
08-10 11:09:14.986  2917  2973 E Finsky  : 	at com.android.internal.os.ZygoteInit.main(ZygoteInit.java:947)
08-10 11:09:14.986  2917  2973 I Finsky  : [267] abvs.n(4): SCH: jobFinished: 31-305419896. TimeElapsed: 259ms.
08-10 11:09:14.988  2917  2917 I Finsky  : [2] abuj.e(7): SCH: Job 31-305419896 finished. Rescheduling.
08-10 11:09:14.988  2917  2917 I Finsky  : [2] abui.handleMessage(59): SCH: RunningQueue size: 0, PendingQueue size: 0
08-10 11:09:14.989  2917  2917 I Finsky  : [2] abui.handleMessage(26): SCH: Executor finished
08-10 11:09:15.002  2917  2917 I Finsky  : [2] abwt.b(5): SCH: Jobs in database: 1-1337 2-48879 3-4 10-78 24-77777777 26-1414141414 31-305419896
08-10 11:09:15.005  2917  2917 I Finsky  : [2] abvf.d(37): SCH: ConstraintMapping: 24-77777777,  -> L: 0ms, D: 31402441ms, C: false, I: true, N: 0
08-10 11:09:15.009  2917  2917 I Finsky  : [2] abvf.d(37): SCH: ConstraintMapping: 1-1337, 31-305419896,  -> L: 511983ms, D: 69134603ms, C: false, I: false, N: 1
08-10 11:09:15.009  2917  2917 I Finsky  : [2] abvf.d(37): SCH: ConstraintMapping: 10-78,  -> L: 0ms, D: 85822412ms, C: false, I: true, N: 1
08-10 11:09:15.009  2917  2917 I Finsky  : [2] abvf.d(37): SCH: ConstraintMapping: 2-48879, 3-4,  -> L: 0ms, D: 85820122ms, C: true, I: true, N: 2
08-10 11:09:15.012  2917  2917 I Finsky  : [2] abvf.d(37): SCH: ConstraintMapping: 26-1414141414,  -> L: 42622754ms, D: 43522754ms, C: false, I: false, N: 0
08-10 11:09:15.030  2917  2917 I Finsky  : [2] abvf.f(7): SCH: Cancelling existing jobscheduler jobs: 9006 9000 9008 9007
08-10 11:09:15.030  2917  2917 I Finsky  : [2] abvf.e(8): SCH: Throttling wakeup for job 9001 (expected to run in 0 ms) due to recent wakeup
08-10 11:09:15.030  2917  2917 I Finsky  : [2] abvf.e(23): SCH: Scheduling job Id: 9001, L: 30000, D: 31402441, C: false, I: true, N: 0
08-10 11:09:15.031  2917  2917 I Finsky  : [2] abvf.e(23): SCH: Scheduling job Id: 9002, L: 511983, D: 69134603, C: false, I: false, N: 1
08-10 11:09:15.034  2917  2917 I Finsky  : [2] abvf.e(8): SCH: Throttling wakeup for job 9003 (expected to run in 0 ms) due to recent wakeup
08-10 11:09:15.034  2917  2917 I Finsky  : [2] abvf.e(23): SCH: Scheduling job Id: 9003, L: 30000, D: 85822412, C: false, I: true, N: 1
08-10 11:09:15.037  2917  2917 I Finsky  : [2] abvf.e(8): SCH: Throttling wakeup for job 9004 (expected to run in 0 ms) due to recent wakeup
08-10 11:09:15.037  2917  2917 I Finsky  : [2] abvf.e(23): SCH: Scheduling job Id: 9004, L: 30000, D: 85820122, C: true, I: true, N: 2
08-10 11:09:15.039  2917  2917 I Finsky  : [2] abvf.e(23): SCH: Scheduling job Id: 9009, L: 42622754, D: 43522754, C: false, I: false, N: 0
08-10 11:09:15.066  1191  5473 W Conscrypt: Could not set socket write timeout: java.net.SocketException: Socket closed
08-10 11:09:15.066  1191  5473 W Conscrypt: 	at com.google.android.gms.org.conscrypt.Platform.setSocketWriteTimeout(:com.google.android.gms@222615040@22.26.15 (150700-461192076):2)
08-10 11:09:15.066  1191  5473 W Conscrypt: 	at com.google.android.gms.org.conscrypt.ConscryptFileDescriptorSocket.setSoWriteTimeout(:com.google.android.gms@222615040@22.26.15 (150700-461192076):0)
08-10 11:09:15.119  1191  5473 W Conscrypt: Could not set socket write timeout: java.net.SocketException: Socket closed
08-10 11:09:15.119  1191  5473 W Conscrypt: 	at com.google.android.gms.org.conscrypt.Platform.setSocketWriteTimeout(:com.google.android.gms@222615040@22.26.15 (150700-461192076):2)
08-10 11:09:15.119  1191  5473 W Conscrypt: 	at com.google.android.gms.org.conscrypt.ConscryptFileDescriptorSocket.setSoWriteTimeout(:com.google.android.gms@222615040@22.26.15 (150700-461192076):0)
08-10 11:09:15.187  1191  5473 W GLSUser : [AppCertManager] IOException while requesting key:
08-10 11:09:15.187  1191  5473 W GLSUser : java.io.IOException: Invalid device key response.
08-10 11:09:15.187  1191  5473 W GLSUser : 	at llu.b(:com.google.android.gms@222615040@22.26.15 (150700-461192076):29)
08-10 11:09:15.187  1191  5473 W GLSUser : 	at lls.b(:com.google.android.gms@222615040@22.26.15 (150700-461192076):2)
08-10 11:09:15.187  1191  5473 W GLSUser : 	at lln.a(:com.google.android.gms@222615040@22.26.15 (150700-461192076):0)
08-10 11:09:15.187  1191  5473 W GLSUser : 	at llq.a(:com.google.android.gms@222615040@22.26.15 (150700-461192076):5)
08-10 11:09:15.187  1191  5473 W GLSUser : 	at jcs.call(:com.google.android.gms@222615040@22.26.15 (150700-461192076):13)
08-10 11:09:15.187  1191  5473 W GLSUser : 	at java.util.concurrent.FutureTask.run(FutureTask.java:266)
08-10 11:09:15.187  1191  5473 W GLSUser : 	at xoc.c(:com.google.android.gms@222615040@22.26.15 (150700-461192076):6)
08-10 11:09:15.187  1191  5473 W GLSUser : 	at xoc.run(:com.google.android.gms@222615040@22.26.15 (150700-461192076):7)
08-10 11:09:15.187  1191  5473 W GLSUser : 	at java.util.concurrent.ThreadPoolExecutor.runWorker(ThreadPoolExecutor.java:1167)
08-10 11:09:15.187  1191  5473 W GLSUser : 	at java.util.concurrent.ThreadPoolExecutor$Worker.run(ThreadPoolExecutor.java:641)
08-10 11:09:15.187  1191  5473 W GLSUser : 	at xth.run(:com.google.android.gms@222615040@22.26.15 (150700-461192076):0)
08-10 11:09:15.187  1191  5473 W GLSUser : 	at java.lang.Thread.run(Thread.java:923)
08-10 11:09:15.192  1191  5937 I NetworkScheduler.Stats: Task com.google.android.gms/com.google.android.gms.auth.account.be.legacy.AuthCronService finished executing. cause:5 result: 3 elapsed_millis: 441 uptime_millis: 441 exec_start_elapsed_seconds: 717 [CONTEXT service_id=218 ]
08-10 11:09:24.772  5713  5713 I ViewInteraction: Checking 'MatchesViewAssertion{viewMatcher=(view has effective visibility <VISIBLE> and view.getGlobalVisibleRect() to return non-empty rectangle)}' assertion on view view.getId() is <2131362216/com.example.app1:id/rv>
08-10 11:09:24.774  5713  5740 I TestRunner: finished: signInAndChangePasswordSuccessfully(com.example.app1.AuthenticationTest)
