08-10 11:07:42.510   522  1680 W InputReader: Device virtio_input_multi_touch_7 is associated with display ADISPLAY_ID_NONE.
08-10 11:07:42.510   522  1680 W InputReader: Device virtio_input_multi_touch_8 is associated with display ADISPLAY_ID_NONE.
08-10 11:07:42.510   522  1680 W InputReader: Device virtio_input_multi_touch_10 is associated with display ADISPLAY_ID_NONE.
08-10 11:07:42.510   522  1680 W InputReader: Device virtio_input_multi_touch_4 is associated with display ADISPLAY_ID_NONE.
08-10 11:07:42.510   522  1680 W InputReader: Device virtio_input_multi_touch_11 is associated with display ADISPLAY_ID_NONE.
08-10 11:07:42.510   522  1680 W InputReader: Device virtio_input_multi_touch_5 is associated with display ADISPLAY_ID_NONE.
08-10 11:07:42.510   522  1680 W InputReader: Device virtio_input_multi_touch_2 is associated with display ADISPLAY_ID_NONE.
08-10 11:07:42.510   522  1680 W InputReader: Device virtio_input_multi_touch_9 is associated with display ADISPLAY_ID_NONE.
08-10 11:07:42.510   522  1680 W InputReader: Device virtio_input_multi_touch_6 is associated with display ADISPLAY_ID_NONE.
08-10 11:07:42.510   522  1680 W InputReader: Device virtio_input_multi_touch_3 is associated with display ADISPLAY_ID_NONE.
08-10 11:07:42.510   522  1680 W InputReader: Device virtio_input_multi_touch_7 is associated with display ADISPLAY_ID_NONE.
08-10 11:07:42.510   522  1680 W InputReader: Device virtio_input_multi_touch_8 is associated with display ADISPLAY_ID_NONE.
08-10 11:07:42.533  5713  5713 D LifecycleMonitor: Lifecycle status change: com.example.app1.settings.account.PasswordChangeActivity@24b3539 in: PRE_ON_CREATE
08-10 11:07:42.628   522  1680 I system_server: oneway function results will be dropped but finished with status OK and parcel size 4
08-10 11:07:42.665  5713  5713 D LifecycleMonitor: Lifecycle status change: com.example.app1.settings.account.PasswordChangeActivity@24b3539 in: CREATED
08-10 11:07:42.667  5713  5713 D LifecycleMonitor: Lifecycle status change: com.example.app1.settings.account.PasswordChangeActivity@24b3539 in: STARTED
08-10 11:07:42.668  5713  5713 D LifecycleMonitor: Lifecycle status change: com.example.app1.settings.account.PasswordChangeActivity@24b3539 in: RESUMED
08-10 11:07:42.783   283   332 D goldfish-address-space: claimShared: Ask to claim region [0x3f0000000 0x3f0965000]
08-10 11:07:42.789   283   332 D goldfish-address-space: claimShared: Ask to claim region [0x3f18cd000 0x3f2232000]
08-10 11:07:42.803   283   332 D goldfish-address-space: claimShared: Ask to claim region [0x3f7320000 0x3f7c85000]
08-10 11:07:42.846   522   554 I ActivityTaskManager: Displayed com.example.app1/.settings.account.PasswordChangeActivity: +344ms
08-10 11:07:43.185  5713  5713 I ViewInteraction: Checking 'MatchesViewAssertion{viewMatcher=(view has effective visibility <VISIBLE> and view.getGlobalVisibleRect() to return non-empty rectangle)}' assertion on view view.getId() is <2131361912/com.example.app1:id/btn_continue>
08-10 11:07:43.319  5713  5713 D LifecycleMonitor: Lifecycle status change: com.example.app1.settings.account.AccountActivity@f780823 in: STOPPED
08-10 11:07:43.693  5713  5713 I ViewInteraction: Performing 'type text(Test1#)' action on view should return first matching item
08-10 11:07:43.767  5713  5713 I AssistStructure: Flattened final assist data: 2360 bytes, containing 1 windows, 11 views
08-10 11:07:43.794  1191  1191 W qei     : Pending fill request while another request in the same session was triggered. [CONTEXT service_id=177 ]
08-10 11:07:43.801  1228  1228 I KeyboardViewUtil: KeyboardViewUtil.getKeyboardHeightRatio():128 systemKeyboardHeightRatio:1.000000; userKeyboardHeightRatio:1.000000.
08-10 11:07:43.802  1228  1228 I AndroidIME: AbstractIme.onActivate():84 PasswordIme.onActivate() : EditorInfo = Package = com.example.app1 : Type = Password : Learning = Disable : Suggestion = Hide : AutoCorrection = Disable : Microphone = Hide : NoPersonalizedLearning = Disable : AutoStartVoiceInput = Disable, IncognitoMode = false
08-10 11:07:43.815  1340  1340 D BoundBrokerSvc: onBind: Intent { act=com.google.android.mdd.service.START dat=chimera-action:com.google.android.mdd.service.START cmp=com.google.android.gms/.chimera.GmsBoundBrokerService }
08-10 11:07:43.816  1340  1340 D BoundBrokerSvc: Loading bound service for intent: Intent { act=com.google.android.mdd.service.START dat=chimera-action:com.google.android.mdd.service.START cmp=com.google.android.gms/.chimera.GmsBoundBrokerService }
08-10 11:07:43.828  1228  1228 W KeyboardModeManager: KeyboardModeManager.setInputView():302 setInputView() : inputView = com.google.android.apps.inputmethod.libs.framework.core.InputView{41301d3 V.E...... ......ID 0,0-1080,1977}
08-10 11:07:43.829  1228  1228 I ConversationToQueryExtension: ConversationToQueryExtension.isEnabledForHostApp():252 Conv2Query not enabled due to current app [com.example.app1] not in whitelist
08-10 11:07:43.829  1228  1228 I ConversationToQueryExtension: ConversationToQueryExtension.onActivate():162 onActivate() : Disabled by unsupported host app
08-10 11:07:43.829  1228  1228 I CurrentMicStatusHolder: CurrentMicStatusHolder.onStartInputView():79 Current Mic status = {MicIconHidden-PasswordOrNumberOrDateInputType,}
08-10 11:07:43.829  1228  1228 I VoiceImeExtension: VoiceImeExtension.shouldStartVoiceInputAutomatically():336 No private IME option set to start voice input.
08-10 11:07:43.841   283   332 D goldfish-address-space: claimShared: Ask to claim region [0x3f0965000 0x3f1216000]
08-10 11:07:43.854   283   332 D goldfish-address-space: claimShared: Ask to claim region [0x3f4000000 0x3f48b1000]
08-10 11:07:43.860   283   332 D goldfish-address-space: claimShared: Ask to claim region [0x3f48b1000 0x3f5162000]
08-10 11:07:43.869  1340  1340 D BoundBrokerSvc: onBind: Intent { act=com.google.firebase.dynamiclinks.service.START pkg=com.google.android.gms }
08-10 11:07:43.869  1340  1340 D BoundBrokerSvc: Loading bound service for intent: Intent { act=com.google.firebase.dynamiclinks.service.START pkg=com.google.android.gms }
08-10 11:07:43.927   283   332 D goldfish-address-space: claimShared: Ask to claim region [0x3f5162000 0x3f5ac7000]
08-10 11:07:43.937  1340  1340 D BoundBrokerSvc: onBind: Intent { act=com.google.android.gms.common.BIND_SHARED_PREFS pkg=com.google.android.gms }
08-10 11:07:43.937  1340  1340 D BoundBrokerSvc: Loading bound service for intent: Intent { act=com.google.android.gms.common.BIND_SHARED_PREFS pkg=com.google.android.gms }
08-10 11:07:43.945   283   332 D goldfish-address-space: claimShared: Ask to claim region [0x3f0000000 0x3f0965000]
08-10 11:07:43.963  1340  1340 D BoundBrokerSvc: onUnbind: Intent { act=com.google.android.gms.common.BIND_SHARED_PREFS pkg=com.google.android.gms }
08-10 11:07:43.971  1340  1340 D BoundBrokerSvc: onBind: Intent { act=com.google.android.gms.common.BIND_SHARED_PREFS pkg=com.google.android.gms }
08-10 11:07:43.971  1340  1340 D BoundBrokerSvc: Loading bound service for intent: Intent { act=com.google.android.gms.common.BIND_SHARED_PREFS pkg=com.google.android.gms }
08-10 11:07:43.974  1340  1340 D BoundBrokerSvc: onUnbind: Intent { act=com.google.android.gms.common.BIND_SHARED_PREFS pkg=com.google.android.gms }
08-10 11:07:44.022  5713  5713 D UiControllerImpl: Injecting string: "Test1#"
08-10 11:07:44.058   283   332 D goldfish-address-space: claimShared: Ask to claim region [0x3f5ac7000 0x3f642c000]
08-10 11:07:44.359  5713  5713 I ViewInteraction: Performing 'type text(weak)' action on view should return first matching item
08-10 11:07:44.421  1228  1228 I AndroidIME: AbstractIme.onDeactivate():161 PasswordIme.onDeactivate()
08-10 11:07:44.439  1228  1228 I KeyboardViewUtil: KeyboardViewUtil.getKeyboardHeightRatio():128 systemKeyboardHeightRatio:1.000000; userKeyboardHeightRatio:1.000000.
08-10 11:07:44.442  1228  1228 I AndroidIME: AbstractIme.onActivate():84 PasswordIme.onActivate() : EditorInfo = Package = com.example.app1 : Type = Password : Learning = Disable : Suggestion = Hide : AutoCorrection = Disable : Microphone = Hide : NoPersonalizedLearning = Disable : AutoStartVoiceInput = Disable, IncognitoMode = false
08-10 11:07:44.449  1228  1228 W KeyboardModeManager: KeyboardModeManager.setInputView():302 setInputView() : inputView = com.google.android.apps.inputmethod.libs.framework.core.InputView{41301d3 V.E...... .......D 0,0-1080,1977}
08-10 11:07:44.449  1228  1228 I ConversationToQueryExtension: ConversationToQueryExtension.isEnabledForHostApp():252 Conv2Query not enabled due to current app [com.example.app1] not in whitelist
08-10 11:07:44.450  1228  1228 I ConversationToQueryExtension: ConversationToQueryExtension.onActivate():162 onActivate() : Disabled by unsupported host app
08-10 11:07:44.450  1228  1228 I CurrentMicStatusHolder: CurrentMicStatusHolder.onStartInputView():79 Current Mic status = {MicIconHidden-PasswordOrNumberOrDateInputType,}
08-10 11:07:44.451  1228  1228 I VoiceImeExtension: VoiceImeExtension.shouldStartVoiceInputAutomatically():336 No private IME option set to start voice input.
08-10 11:07:44.473  1340  1340 D BoundBrokerSvc: onBind: Intent { act=com.google.android.gms.common.BIND_SHARED_PREFS pkg=com.google.android.gms }
08-10 11:07:44.474  1340  1340 D BoundBrokerSvc: Loading bound service for intent: Intent { act=com.google.android.gms.common.BIND_SHARED_PREFS pkg=com.google.android.gms }
08-10 11:07:44.484  1340  1340 D BoundBrokerSvc: onUnbind: Intent { act=com.google.android.gms.common.BIND_SHARED_PREFS pkg=com.google.android.gms }
08-10 11:07:44.490  1340  1340 D BoundBrokerSvc: onBind: Intent { act=com.google.android.gms.common.BIND_SHARED_PREFS pkg=com.google.android.gms }
08-10 11:07:44.490  1340  1340 D BoundBrokerSvc: Loading bound service for intent: Intent { act=com.google.android.gms.common.BIND_SHARED_PREFS pkg=com.google.android.gms }
08-10 11:07:44.493  1340  1340 D BoundBrokerSvc: onUnbind: Intent { act=com.google.android.gms.common.BIND_SHARED_PREFS pkg=com.google.android.gms }
08-10 11:07:44.646  5713  5713 D UiControllerImpl: Injecting string: "weak"
08-10 11:07:44.763  5713  5713 I ViewInteraction: Performing 'type text(weak)' action on view should return first matching item
08-10 11:07:44.817  1228  1228 I AndroidIME: AbstractIme.onDeactivate():161 PasswordIme.onDeactivate()
08-10 11:07:44.854  1228  1228 I KeyboardViewUtil: KeyboardViewUtil.getKeyboardHeightRatio():128 systemKeyboardHeightRatio:1.000000; userKeyboardHeightRatio:1.000000.
08-10 11:07:44.855  1228  1228 I AndroidIME: AbstractIme.onActivate():84 PasswordIme.onActivate() : EditorInfo = Package = com.example.app1 : Type = Password : Learning = Disable : Suggestion = Hide : AutoCorrection = Disable : Microphone = Hide : NoPersonalizedLearning = Disable : AutoStartVoiceInput = Disable, IncognitoMode = false
08-10 11:07:44.864  1228  1228 W KeyboardModeManager: KeyboardModeManager.setInputView():302 setInputView() : inputView = com.google.android.apps.inputmethod.libs.framework.core.InputView{41301d3 V.E...... ......ID 0,0-1080,1977}
08-10 11:07:44.864  1228  1228 I ConversationToQueryExtension: ConversationToQueryExtension.isEnabledForHostApp():252 Conv2Query not enabled due to current app [com.example.app1] not in whitelist
08-10 11:07:44.864  1228  1228 I ConversationToQueryExtension: ConversationToQueryExtension.onActivate():162 onActivate() : Disabled by unsupported host app
08-10 11:07:44.864  1228  1228 I CurrentMicStatusHolder: CurrentMicStatusHolder.onStartInputView():79 Current Mic status = {MicIconHidden-PasswordOrNumberOrDateInputType,}
08-10 11:07:44.865  1228  1228 I VoiceImeExtension: VoiceImeExtension.shouldStartVoiceInputAutomatically():336 No private IME option set to start voice input.
08-10 11:07:44.897  1340  1340 D BoundBrokerSvc: onBind: Intent { act=com.google.android.gms.common.BIND_SHARED_PREFS pkg=com.google.android.gms }
08-10 11:07:44.897  1340  1340 D BoundBrokerSvc: Loading bound service for intent: Intent { act=com.google.android.gms.common.BIND_SHARED_PREFS pkg=com.google.android.gms }
08-10 11:07:44.901  1340  1340 D BoundBrokerSvc: onUnbind: Intent { act=com.google.android.gms.common.BIND_SHARED_PREFS pkg=com.google.android.gms }
08-10 11:07:44.905  1340  1340 D BoundBrokerSvc: onBind: Intent { act=com.google.android.gms.common.BIND_SHARED_PREFS pkg=com.google.android.gms }
08-10 11:07:44.905  1340  1340 D BoundBrokerSvc: Loading bound service for intent: Intent { act=com.google.android.gms.common.BIND_SHARED_PREFS pkg=com.google.android.gms }
08-10 11:07:44.912  1340  1340 D BoundBrokerSvc: onUnbind: Intent { act=com.google.android.gms.common.BIND_SHARED_PREFS pkg=com.google.android.gms }
08-10 11:07:45.065  5713  5713 D UiControllerImpl: Injecting string: "weak"
08-10 11:07:45.181  5713  5713 I ViewInteraction: Performing 'close keyboard' action on view view.getId() is <2131361912/com.example.app1:id/btn_continue>
08-10 11:07:45.185  1228  1228 I AndroidIME: AbstractIme.onDeactivate():161 PasswordIme.onDeactivate()
08-10 11:07:45.513  5713  5713 I ViewInteraction: Performing 'single click' action on view view.getId() is <2131361912/com.example.app1:id/btn_continue>
08-10 11:07:45.571  5713  5747 W System  : Ignoring header X-Firebase-Locale because its value was null.
08-10 11:07:45.573   522   923 I system_server: oneway function results will be dropped but finished with status OK and parcel size 4
08-10 11:07:45.704   522  1401 I system_server: oneway function results will be dropped but finished with status OK and parcel size 4
08-10 11:07:45.817  5713  5713 I ViewInteraction: Performing 'send keyCode: 4, metaState: 0 key event' action on view view.getRootView() to equal view
08-10 11:07:45.830   283   332 D goldfish-address-space: claimShared: Ask to claim region [0x3f18cd000 0x3f1ed0000]
08-10 11:07:45.879  5713  5713 D LifecycleMonitor: Lifecycle status change: com.example.app1.settings.account.PasswordChangeActivity@24b3539 in: PAUSED
08-10 11:07:45.896   522  1401 W InputReader: Device virtio_input_multi_touch_10 is associated with display ADISPLAY_ID_NONE.
08-10 11:07:45.896   522  1401 W InputReader: Device virtio_input_multi_touch_4 is associated with display ADISPLAY_ID_NONE.
08-10 11:07:45.896   522  1401 W InputReader: Device virtio_input_multi_touch_11 is associated with display ADISPLAY_ID_NONE.
08-10 11:07:45.896   522  1401 W InputReader: Device virtio_input_multi_touch_5 is associated with display ADISPLAY_ID_NONE.
08-10 11:07:45.896   522  1401 W InputReader: Device virtio_input_multi_touch_2 is associated with display ADISPLAY_ID_NONE.
08-10 11:07:45.896   522  1401 W InputReader: Device virtio_input_multi_touch_9 is associated with display ADISPLAY_ID_NONE.
08-10 11:07:45.896   522  1401 W InputReader: Device virtio_input_multi_touch_6 is associated with display ADISPLAY_ID_NONE.
08-10 11:07:45.896   522  1401 W InputReader: Device virtio_input_multi_touch_3 is associated with display ADISPLAY_ID_NONE.
08-10 11:07:45.896   522  1401 W InputReader: Device virtio_input_multi_touch_7 is associated with display ADISPLAY_ID_NONE.
08-10 11:07:45.896   522  1401 W InputReader: Device virtio_input_multi_touch_8 is associated with display ADISPLAY_ID_NONE.
08-10 11:07:45.897   522  1401 W InputReader: Device virtio_input_multi_touch_10 is associated with display ADISPLAY_ID_NONE.
08-10 11:07:45.897   522  1401 W InputReader: Device virtio_input_multi_touch_4 is associated with display ADISPLAY_ID_NONE.
08-10 11:07:45.897   522  1401 W InputReader: Device virtio_input_multi_touch_11 is associated with display ADISPLAY_ID_NONE.
08-10 11:07:45.897   522  1401 W InputReader: Device virtio_input_multi_touch_5 is associated with display ADISPLAY_ID_NONE.
08-10 11:07:45.897   522  1401 W InputReader: Device virtio_input_multi_touch_2 is associated with display ADISPLAY_ID_NONE.
08-10 11:07:45.897   522  1401 W InputReader: Device virtio_input_multi_touch_9 is associated with display ADISPLAY_ID_NONE.
08-10 11:07:45.897   522  1401 W InputReader: Device virtio_input_multi_touch_6 is associated with display ADISPLAY_ID_NONE.
08-10 11:07:45.897   522  1401 W InputReader: Device virtio_input_multi_touch_3 is associated with display ADISPLAY_ID_NONE.
08-10 11:07:45.897   522  1401 W InputReader: Device virtio_input_multi_touch_7 is associated with display ADISPLAY_ID_NONE.
08-10 11:07:45.897   522  1401 W InputReader: Device virtio_input_multi_touch_8 is associated with display ADISPLAY_ID_NONE.
08-10 11:07:45.936  5713  5713 D LifecycleMonitor: Lifecycle status change: com.example.app1.settings.account.AccountActivity@f780823 in: RESTARTED
08-10 11:07:45.944  5713  5713 D LifecycleMonitor: Lifecycle status change: com.example.app1.settings.account.AccountActivity@f780823 in: STARTED
08-10 11:07:45.953  5713  5713 D LifecycleMonitor: Lifecycle status change: com.example.app1.settings.account.AccountActivity@f780823 in: RESUMED
08-10 11:07:45.962  5713  5747 W System  : Ignoring header X-Firebase-Locale because its value was null.
08-10 11:07:45.989   283   332 D goldfish-address-space: claimShared: Ask to claim region [0x3f0965000 0x3f12ca000]
08-10 11:07:46.012   283   332 D goldfish-address-space: claimShared: Ask to claim region [0x3f7320000 0x3f7c85000]
08-10 11:07:46.013   283   332 D goldfish-address-space: claimShared: Ask to claim region [0x3f642c000 0x3f6d91000]
08-10 11:07:46.124   742   753 I ndroid.systemu: NativeAlloc concurrent copying GC freed 5280(272KB) AllocSpace objects, 3(60KB) LOS objects, 49% free, 6781KB/13MB, paused 160us total 265.961ms
08-10 11:07:46.248  5713  5747 D FirebaseAuth: Notifying id token listeners about user ( j31qI9IcTMOEVBO0pnWhhKXdy612 ).
08-10 11:07:46.285   283   332 D goldfish-address-space: claimShared: Ask to claim region [0x3f3ace000 0x3f3b6a000]
08-10 11:07:46.292   283   332 D goldfish-address-space: claimShared: Ask to claim region [0x3f3b6a000 0x3f3c06000]
08-10 11:07:46.310   283   283 D goldfish-address-space: claimShared: Ask to claim region [0x3f3c06000 0x3f3ca2000]
08-10 11:07:46.534  5713  5713 D LifecycleMonitor: Lifecycle status change: com.example.app1.settings.account.PasswordChangeActivity@24b3539 in: STOPPED
08-10 11:07:46.551  5713  5713 D LifecycleMonitor: Lifecycle status change: com.example.app1.settings.account.PasswordChangeActivity@24b3539 in: DESTROYED
08-10 11:07:46.559  1015  1015 V InlineSuggestionRenderService: handleDestroySuggestionViews called for 0:192331647
08-10 11:07:46.588  5713  5713 I ViewInteraction: Performing 'send keyCode: 4, metaState: 0 key event' action on view view.getRootView() to equal view
08-10 11:07:46.594  5713  5725 I om.example.app: Background concurrent copying GC freed 142177(6590KB) AllocSpace objects, 117(9392KB) LOS objects, 49% free, 9973KB/19MB, paused 104us total 470.515ms
08-10 11:07:46.630   283   332 D goldfish-address-space: claimShared: Ask to claim region [0x3f1ed0000 0x3f24d3000]
08-10 11:07:46.669  5713  5713 D LifecycleMonitor: Lifecycle status change: com.example.app1.settings.account.AccountActivity@f780823 in: PAUSED
08-10 11:07:46.688   522  2023 W InputReader: Device virtio_input_multi_touch_10 is associated with display ADISPLAY_ID_NONE.
08-10 11:07:46.689   522  2023 W InputReader: Device virtio_input_multi_touch_4 is associated with display ADISPLAY_ID_NONE.
08-10 11:07:46.689   522  2023 W InputReader: Device virtio_input_multi_touch_11 is associated with display ADISPLAY_ID_NONE.
08-10 11:07:46.689   522  2023 W InputReader: Device virtio_input_multi_touch_5 is associated with display ADISPLAY_ID_NONE.
08-10 11:07:46.689   522  2023 W InputReader: Device virtio_input_multi_touch_2 is associated with display ADISPLAY_ID_NONE.
08-10 11:07:46.689   522  2023 W InputReader: Device virtio_input_multi_touch_9 is associated with display ADISPLAY_ID_NONE.
08-10 11:07:46.689   522  2023 W InputReader: Device virtio_input_multi_touch_6 is associated with display ADISPLAY_ID_NONE.
08-10 11:07:46.689   522  2023 W InputReader: Device virtio_input_multi_touch_3 is associated with display ADISPLAY_ID_NONE.
08-10 11:07:46.689   522  2023 W InputReader: Device virtio_input_multi_touch_7 is associated with display ADISPLAY_ID_NONE.
08-10 11:07:46.689   522  2023 W InputReader: Device virtio_input_multi_touch_8 is associated with display ADISPLAY_ID_NONE.
08-10 11:07:46.695   522  2023 W InputReader: Device virtio_input_multi_touch_10 is associated with display ADISPLAY_ID_NONE.
08-10 11:07:46.695   522  2023 W InputReader: Device virtio_input_multi_touch_4 is associated with display ADISPLAY_ID_NONE.
08-10 11:07:46.695   522  2023 W InputReader: Device virtio_input_multi_touch_11 is associated with display ADISPLAY_ID_NONE.
08-10 11:07:46.695   522  2023 W InputReader: Device virtio_input_multi_touch_5 is associated with display ADISPLAY_ID_NONE.
08-10 11:07:46.695   522  2023 W InputReader: Device virtio_input_multi_touch_2 is associated with display ADISPLAY_ID_NONE.
08-10 11:07:46.695   522  2023 W InputReader: Device virtio_input_multi_touch_9 is associated with display ADISPLAY_ID_NONE.
08-10 11:07:46.695   522  2023 W InputReader: Device virtio_input_multi_touch_6 is associated with display ADISPLAY_ID_NONE.
08-10 11:07:46.695   522  2023 W InputReader: Device virtio_input_multi_touch_3 is associated with display ADISPLAY_ID_NONE.
08-10 11:07:46.695   522  2023 W InputReader: Device virtio_input_multi_touch_7 is associated with display ADISPLAY_ID_NONE.
08-10 11:07:46.695   522  2023 W InputReader: Device virtio_input_multi_touch_8 is associated with display ADISPLAY_ID_NONE.
08-10 11:07:46.726  5713  5713 D LifecycleMonitor: Lifecycle status change: com.example.app1.settings.menu.MenuActivity@469c4f5 in: RESTARTED
08-10 11:07:46.730  5713  5713 D LifecycleMonitor: Lifecycle status change: com.example.app1.settings.menu.MenuActivity@469c4f5 in: STARTED
08-10 11:07:46.734  5713  5713 D LifecycleMonitor: Lifecycle status change: com.example.app1.settings.menu.MenuActivity@469c4f5 in: RESUMED
08-10 11:07:46.765   283   332 D goldfish-address-space: claimShared: Ask to claim region [0x3f0000000 0x3f0965000]
08-10 11:07:46.770   283   332 D goldfish-address-space: claimShared: Ask to claim region [0x3f4000000 0x3f4965000]
08-10 11:07:46.772   283   332 D goldfish-address-space: claimShared: Ask to claim region [0x3f4965000 0x3f52ca000]
08-10 11:07:46.923  5713  5727 W System  : A resource failed to call end.
08-10 11:07:46.929  5713  5727 W System  : A resource failed to call end.
08-10 11:07:46.955  1071  1081 I s.nexuslaunche: NativeAlloc concurrent copying GC freed 4101(278KB) AllocSpace objects, 0(0B) LOS objects, 49% free, 3607KB/7214KB, paused 46us total 288.680ms
08-10 11:07:46.957  1071  1083 W System  : A resource failed to call release.
08-10 11:07:46.957  1071  1083 W System  : A resource failed to call release.
08-10 11:07:47.019   742   753 I ndroid.systemu: NativeAlloc concurrent copying GC freed 1577(149KB) AllocSpace objects, 1(20KB) LOS objects, 49% free, 6716KB/13MB, paused 83us total 355.488ms
08-10 11:07:47.269  5713  5713 D LifecycleMonitor: Lifecycle status change: com.example.app1.settings.account.AccountActivity@f780823 in: STOPPED
08-10 11:07:47.271  5713  5713 D LifecycleMonitor: Lifecycle status change: com.example.app1.settings.account.AccountActivity@f780823 in: DESTROYED
08-10 11:07:47.334  5713  5713 I ViewInteraction: Checking 'MatchesViewAssertion{viewMatcher=(view has effective visibility <VISIBLE> and view.getGlobalVisibleRect() to return non-empty rectangle)}' assertion on view view.getId() is <2131362288/com.example.app1:id/sv_menu>
08-10 11:07:47.843  5713  5713 I ViewInteraction: Performing 'single click' action on view view.getId() is <2131362095/com.example.app1:id/logout>
08-10 11:07:47.959   522  2023 I system_server: oneway function results will be dropped but finished with status OK and parcel size 4
08-10 11:07:48.081   522  2023 I system_server: oneway function results will be dropped but finished with status OK and parcel size 4
08-10 11:07:48.166   283   332 D goldfish-address-space: claimShared: Ask to claim region [0x3f0965000 0x3f0ccd000]
08-10 11:07:48.177   283   332 D goldfish-address-space: claimShared: Ask to claim region [0x3f0ccd000 0x3f1035000]
08-10 11:07:48.182   283   332 D goldfish-address-space: claimShared: Ask to claim region [0x3f7320000 0x3f7688000]
08-10 11:07:48.751  5713  5713 I ViewInteraction: Checking 'MatchesViewAssertion{viewMatcher=(view has effective visibility <VISIBLE> and view.getGlobalVisibleRect() to return non-empty rectangle)}' assertion on view view.getId() is <2131362094/com.example.app1:id/logo>
08-10 11:07:49.255  5713  5713 I ViewInteraction: Performing 'single click' action on view view.getId() is <16908313/android:id/button1>
08-10 11:07:49.313  5713  5713 D FirebaseAuth: Notifying id token listeners about a sign-out event.
08-10 11:07:49.314  5713  5713 D FirebaseAuth: Notifying auth state listeners about a sign-out event.
08-10 11:07:49.317   522   547 D EventSequenceValidator: Transition from INTENT_FAILED to INTENT_STARTED
08-10 11:07:49.318   522  1680 I system_server: oneway function results will be dropped but finished with status OK and parcel size 4
08-10 11:07:49.320   283   332 D goldfish-address-space: claimShared: Ask to claim region [0x3f7688000 0x3f7c8b000]
08-10 11:07:49.374   522   547 D EventSequenceValidator: Transition from INTENT_STARTED to INTENT_FAILED
08-10 11:07:49.406  5713  5745 D OpenGLRenderer: endAllActiveAnimators on 0xc21e02d0 (RippleDrawable) with handle 0xc2ad0410
08-10 11:07:49.408   283   332 D goldfish-address-space: claimShared: Ask to claim region [0x3f52ca000 0x3f5c2f000]
08-10 11:07:49.432  5713  5713 D LifecycleMonitor: Lifecycle status change: com.example.app1.settings.menu.MenuActivity@469c4f5 in: PAUSED
08-10 11:07:49.439   522  1401 W InputReader: Device virtio_input_multi_touch_10 is associated with display ADISPLAY_ID_NONE.
08-10 11:07:49.439   522  1401 W InputReader: Device virtio_input_multi_touch_4 is associated with display ADISPLAY_ID_NONE.
08-10 11:07:49.439   522  1401 W InputReader: Device virtio_input_multi_touch_11 is associated with display ADISPLAY_ID_NONE.
08-10 11:07:49.439   522  1401 W InputReader: Device virtio_input_multi_touch_5 is associated with display ADISPLAY_ID_NONE.
08-10 11:07:49.439   522  1401 W InputReader: Device virtio_input_multi_touch_2 is associated with display ADISPLAY_ID_NONE.
08-10 11:07:49.439   522  1401 W InputReader: Device virtio_input_multi_touch_9 is associated with display ADISPLAY_ID_NONE.
08-10 11:07:49.439   522  1401 W InputReader: Device virtio_input_multi_touch_6 is associated with display ADISPLAY_ID_NONE.
08-10 11:07:49.439   522  1401 W InputReader: Device virtio_input_multi_touch_3 is associated with display ADISPLAY_ID_NONE.
08-10 11:07:49.439   522  1401 W InputReader: Device virtio_input_multi_touch_7 is associated with display ADISPLAY_ID_NONE.
08-10 11:07:49.439   522  1401 W InputReader: Device virtio_input_multi_touch_8 is associated with display ADISPLAY_ID_NONE.
08-10 11:07:49.439   522  1401 W InputReader: Device virtio_input_multi_touch_10 is associated with display ADISPLAY_ID_NONE.
08-10 11:07:49.439   522  1401 W InputReader: Device virtio_input_multi_touch_4 is associated with display ADISPLAY_ID_NONE.
08-10 11:07:49.439   522  1401 W InputReader: Device virtio_input_multi_touch_11 is associated with display ADISPLAY_ID_NONE.
08-10 11:07:49.439   522  1401 W InputReader: Device virtio_input_multi_touch_5 is associated with display ADISPLAY_ID_NONE.
08-10 11:07:49.439   522  1401 W InputReader: Device virtio_input_multi_touch_2 is associated with display ADISPLAY_ID_NONE.
08-10 11:07:49.439   522  1401 W InputReader: Device virtio_input_multi_touch_9 is associated with display ADISPLAY_ID_NONE.
08-10 11:07:49.439   522  1401 W InputReader: Device virtio_input_multi_touch_6 is associated with display ADISPLAY_ID_NONE.
08-10 11:07:49.439   522  1401 W InputReader: Device virtio_input_multi_touch_3 is associated with display ADISPLAY_ID_NONE.
08-10 11:07:49.439   522  1401 W InputReader: Device virtio_input_multi_touch_7 is associated with display ADISPLAY_ID_NONE.
08-10 11:07:49.439   522  1401 W InputReader: Device virtio_input_multi_touch_8 is associated with display ADISPLAY_ID_NONE.
08-10 11:07:49.443   522  1396 I system_server: oneway function results will be dropped but finished with status OK and parcel size 4
08-10 11:07:49.450  5713  5713 D LifecycleMonitor: Lifecycle status change: com.example.app1.MainActivity@61a851d in: DESTROYED
08-10 11:07:49.485  5713  5713 D LifecycleMonitor: Lifecycle status change: com.example.app1.authentication.LoginActivity@dcdfeb3 in: DESTROYED
08-10 11:07:49.510  5713  5713 D LifecycleMonitor: Lifecycle status change: com.example.app1.authentication.LoginActivity@2f46bdd in: PRE_ON_CREATE
08-10 11:07:49.617  5713  5713 D LifecycleMonitor: Lifecycle status change: com.example.app1.authentication.LoginActivity@2f46bdd in: CREATED
08-10 11:07:49.620  5713  5713 D LifecycleMonitor: Lifecycle status change: com.example.app1.authentication.LoginActivity@2f46bdd in: STARTED
08-10 11:07:49.622  5713  5713 D LifecycleMonitor: Lifecycle status change: com.example.app1.authentication.LoginActivity@2f46bdd in: RESUMED
08-10 11:07:49.646   742   753 I ndroid.systemu: NativeAlloc concurrent copying GC freed 1424(130KB) AllocSpace objects, 0(0B) LOS objects, 49% free, 6746KB/13MB, paused 68us total 235.520ms
08-10 11:07:49.705   283   332 D goldfish-address-space: claimShared: Ask to claim region [0x3f0965000 0x3f1216000]
08-10 11:07:49.724   283   332 D goldfish-address-space: claimShared: Ask to claim region [0x3f5c2f000 0x3f6594000]
08-10 11:07:49.753   283   283 D goldfish-address-space: claimShared: Ask to claim region [0x3f6594000 0x3f6e45000]
08-10 11:07:49.855   283   283 D goldfish-address-space: claimShared: Ask to claim region [0x3f8000000 0x3f88b1000]
08-10 11:07:49.952   522   554 I ActivityTaskManager: Displayed com.example.app1/.authentication.LoginActivity: +634ms
08-10 11:07:49.953   283   283 D goldfish-address-space: claimShared: Ask to claim region [0x3f88b1000 0x3f9216000]
08-10 11:07:50.084  5713  5713 D LifecycleMonitor: Lifecycle status change: com.example.app1.settings.menu.MenuActivity@469c4f5 in: STOPPED
08-10 11:07:50.085  5713  5713 D LifecycleMonitor: Lifecycle status change: com.example.app1.settings.menu.MenuActivity@469c4f5 in: DESTROYED
08-10 11:07:50.190  1228  1270 I putmethod.lati: Waiting for a blocking GC ProfileSaver
08-10 11:07:50.289  1228  1270 I putmethod.lati: WaitForGcToComplete blocked ProfileSaver on HeapTrim for 99.089ms
08-10 11:07:51.122  5713  5713 I ViewInteraction: Checking 'MatchesViewAssertion{viewMatcher=(view has effective visibility <VISIBLE> and view.getGlobalVisibleRect() to return non-empty rectangle)}' assertion on view view.getId() is <2131362094/com.example.app1:id/logo>
08-10 11:07:51.627  5713  5713 I ViewInteraction: Performing 'type text(test@test.com)' action on view should return first matching item
08-10 11:07:51.698  5713  5713 I AssistStructure: Flattened final assist data: 2552 bytes, containing 1 windows, 14 views
08-10 11:07:51.721  1228  1228 I KeyboardViewUtil: KeyboardViewUtil.getKeyboardHeightRatio():128 systemKeyboardHeightRatio:1.000000; userKeyboardHeightRatio:1.000000.
08-10 11:07:51.721  1228  1228 I AndroidIME: AbstractIme.onActivate():84 LatinIme.onActivate() : EditorInfo = Package = com.example.app1 : Type = Email : Learning = Disable : Suggestion = Show : AutoCorrection = Disable : Microphone = DisabledMic : NoPersonalizedLearning = Disable : AutoStartVoiceInput = Disable, IncognitoMode = false
08-10 11:07:51.722  1228  1228 I Delight5Facilitator: Delight5Facilitator.initializeForIme():561 initializeForIme() : Locale = [en_US], layout = qwerty
08-10 11:07:51.722  1228  1228 I VoiceInputManagerWrapper: VoiceInputManagerWrapper.cancelShutdown():55 cancelShutdown()
08-10 11:07:51.722  1228  1228 I VoiceInputManagerWrapper: VoiceInputManagerWrapper.syncLanguagePacks():67 syncLanguagePacks()
08-10 11:07:51.725  1228  5346 I SpeechFactory: SpeechRecognitionFactory.maybeScheduleAutoPackDownloadForFallback():160 maybeScheduleAutoPackDownloadForFallback()
08-10 11:07:51.726  1228  5346 I FallbackOnDeviceRecognitionProvider: FallbackOnDeviceRecognitionProvider.maybeScheduleAutoPackDownload():197 maybeScheduleAutoPackDownload() for language tag en-US
08-10 11:07:51.729  1228  1228 I KeyboardWrapper: KeyboardWrapper.consumeEvent():264 Skip consuming an event as current keyboard is deactivated (state=0, keyboard existence=true)
08-10 11:07:51.766  1228  1228 I KeyboardViewHelper: KeyboardViewHelper.getView():164 Get view with height ratio:1.000000; experiment height ratio:1.000000.
08-10 11:07:51.790  1228  1228 W KeyboardModeManager: KeyboardModeManager.setInputView():302 setInputView() : inputView = com.google.android.apps.inputmethod.libs.framework.core.InputView{41301d3 V.E...... ......ID 0,0-1080,1977}
08-10 11:07:51.790  1228  1228 I ConversationToQueryExtension: ConversationToQueryExtension.isEnabledForHostApp():252 Conv2Query not enabled due to current app [com.example.app1] not in whitelist
08-10 11:07:51.790  1228  1228 I ConversationToQueryExtension: ConversationToQueryExtension.onActivate():162 onActivate() : Disabled by unsupported host app
08-10 11:07:51.791  1228  1228 I CurrentMicStatusHolder: CurrentMicStatusHolder.onStartInputView():79 Current Mic status = {MicIconHidden-EmailInputType,}
08-10 11:07:51.791  1228  1228 I VoiceImeExtension: VoiceImeExtension.shouldStartVoiceInputAutomatically():336 No private IME option set to start voice input.
08-10 11:07:51.814   283   283 D goldfish-address-space: claimShared: Ask to claim region [0x3f0000000 0x3f08b1000]
08-10 11:07:51.826   283   283 D goldfish-address-space: claimShared: Ask to claim region [0x3f4000000 0x3f48b1000]
08-10 11:07:51.829   283   283 D goldfish-address-space: claimShared: Ask to claim region [0x3f48b1000 0x3f5162000]
08-10 11:07:51.834  1191  1191 W qei     : Pending fill request while another request in the same session was triggered. [CONTEXT service_id=177 ]
08-10 11:07:51.839  1340  1340 D BoundBrokerSvc: onBind: Intent { act=com.google.android.gms.common.BIND_SHARED_PREFS pkg=com.google.android.gms }
08-10 11:07:51.839  1340  1340 D BoundBrokerSvc: Loading bound service for intent: Intent { act=com.google.android.gms.common.BIND_SHARED_PREFS pkg=com.google.android.gms }
08-10 11:07:51.848  1340  1340 D BoundBrokerSvc: onUnbind: Intent { act=com.google.android.gms.common.BIND_SHARED_PREFS pkg=com.google.android.gms }
08-10 11:07:51.854  1015  1015 V InlineSuggestionRenderService: handleDestroySuggestionViews called for 0:45898361
08-10 11:07:51.855  1340  1340 D BoundBrokerSvc: onBind: Intent { act=com.google.android.gms.common.BIND_SHARED_PREFS pkg=com.google.android.gms }
08-10 11:07:51.855  1340  1340 D BoundBrokerSvc: Loading bound service for intent: Intent { act=com.google.android.gms.common.BIND_SHARED_PREFS pkg=com.google.android.gms }
08-10 11:07:51.903  1340  1340 D BoundBrokerSvc: onUnbind: Intent { act=com.google.android.gms.common.BIND_SHARED_PREFS pkg=com.google.android.gms }
08-10 11:07:51.933   283   283 D goldfish-address-space: claimShared: Ask to claim region [0x3f5162000 0x3f5a13000]
08-10 11:07:51.949   283   283 D goldfish-address-space: claimShared: Ask to claim region [0x3f08b1000 0x3f1162000]
08-10 11:07:51.955  5713  5713 D UiControllerImpl: Injecting string: "test@test.com"
08-10 11:07:51.998   283   283 D goldfish-address-space: claimShared: Ask to claim region [0x3f5a13000 0x3f62c4000]
08-10 11:07:52.047  1228  2196 I native  : input-context-store.cc:173 Ignoring stale client request for FetchSuggestions
08-10 11:07:52.055  1228  1228 E InputContextLock: InputContextLock.maybeTrackAcquireLockTime():29 Acquire InputContextLock takes 5 ms, mainThreadForSure=true.
08-10 11:07:52.056  1228  1228 W InputContextProxy: InputContextProxy.applyClientDiffInternal():832 Ignore [FetchSuggestions] diff due to stale request: 514<516, inputStateId=423, lastInputStateId=423
08-10 11:07:52.073  1228  2196 I native  : input-context-store.cc:173 Ignoring stale client request for FetchSuggestions
08-10 11:07:52.103  1228  1228 W InputContextProxy: InputContextProxy.applyClientDiffInternal():832 Ignore [FetchSuggestions] diff due to stale request: 517<519, inputStateId=424, lastInputStateId=424
08-10 11:07:52.185  1228  2196 I native  : input-context-store.cc:173 Ignoring stale client request for FetchSuggestions
08-10 11:07:52.190  1228  1228 W InputContextProxy: InputContextProxy.applyClientDiffInternal():832 Ignore [FetchSuggestions] diff due to stale request: 521<524, inputStateId=427, lastInputStateId=427
08-10 11:07:52.273  1228  1228 W InputContextProxy: InputContextProxy.applyClientDiffInternal():832 Ignore [FetchSuggestions] diff due to stale request: 524<527, inputStateId=428, lastInputStateId=429
08-10 11:07:52.401   522  1396 I system_server: oneway function results will be dropped but finished with status OK and parcel size 4
08-10 11:07:52.544  5713  5713 I ViewInteraction: Performing 'type text(password_not_matching)' action on view should return first matching item
08-10 11:07:52.602  1228  1228 W TooltipLifecycleManager: TooltipLifecycleManager.dismissTooltip():130 dismissTooltip(): tooltip with id inline_suggestion_tooltip not found in tooltipManager.
08-10 11:07:52.602  1228  1228 W TooltipLifecycleManager: TooltipLifecycleManager.dismissTooltip():130 dismissTooltip(): tooltip with id inline_suggestion_tooltip not found in tooltipManager.
08-10 11:07:52.604  1228  1228 I KeyboardWrapper: KeyboardWrapper.consumeEvent():264 Skip consuming an event as current keyboard is deactivated (state=0, keyboard existence=true)
08-10 11:07:52.604  1228  1228 I VoiceInputManagerWrapper: VoiceInputManagerWrapper.shutdown():77 shutdown()
08-10 11:07:52.604  1228  1228 I AndroidIME: AbstractIme.onDeactivate():161 LatinIme.onDeactivate()
08-10 11:07:52.609  5713  5713 W IInputConnectionWrapper: beginBatchEdit on inactive InputConnection
08-10 11:07:52.609  5713  5713 W IInputConnectionWrapper: endBatchEdit on inactive InputConnection
08-10 11:07:52.639  1228  1228 I KeyboardViewUtil: KeyboardViewUtil.getKeyboardHeightRatio():128 systemKeyboardHeightRatio:1.000000; userKeyboardHeightRatio:1.000000.
08-10 11:07:52.640  1228  1228 I AndroidIME: AbstractIme.onActivate():84 PasswordIme.onActivate() : EditorInfo = Package = com.example.app1 : Type = Password : Learning = Disable : Suggestion = Hide : AutoCorrection = Disable : Microphone = Hide : NoPersonalizedLearning = Disable : AutoStartVoiceInput = Disable, IncognitoMode = false
08-10 11:07:52.647  1228  1228 I KeyboardViewHelper: KeyboardViewHelper.getView():164 Get view with height ratio:1.000000; experiment height ratio:1.000000.
08-10 11:07:52.666  1228  1228 W TooltipLifecycleManager: TooltipLifecycleManager.dismissTooltip():130 dismissTooltip(): tooltip with id inline_suggestion_tooltip not found in tooltipManager.
08-10 11:07:52.670  1228  1228 W KeyboardModeManager: KeyboardModeManager.setInputView():302 setInputView() : inputView = com.google.android.apps.inputmethod.libs.framework.core.InputView{41301d3 V.E...... ......ID 0,0-1080,1977}
08-10 11:07:52.671  1228  1228 I ConversationToQueryExtension: ConversationToQueryExtension.isEnabledForHostApp():252 Conv2Query not enabled due to current app [com.example.app1] not in whitelist
08-10 11:07:52.672  1228  1228 I ConversationToQueryExtension: ConversationToQueryExtension.onActivate():162 onActivate() : Disabled by unsupported host app
08-10 11:07:52.681  1228  1228 I CurrentMicStatusHolder: CurrentMicStatusHolder.onStartInputView():79 Current Mic status = {MicIconHidden-PasswordOrNumberOrDateInputType,}
08-10 11:07:52.681  1228  1228 I VoiceImeExtension: VoiceImeExtension.shouldStartVoiceInputAutomatically():336 No private IME option set to start voice input.
08-10 11:07:52.734  1340  1340 D BoundBrokerSvc: onBind: Intent { act=com.google.android.gms.common.BIND_SHARED_PREFS pkg=com.google.android.gms }
08-10 11:07:52.734  1340  1340 D BoundBrokerSvc: Loading bound service for intent: Intent { act=com.google.android.gms.common.BIND_SHARED_PREFS pkg=com.google.android.gms }
08-10 11:07:52.744  1340  1340 D BoundBrokerSvc: onUnbind: Intent { act=com.google.android.gms.common.BIND_SHARED_PREFS pkg=com.google.android.gms }
08-10 11:07:52.756  1340  1340 D BoundBrokerSvc: onBind: Intent { act=com.google.android.gms.common.BIND_SHARED_PREFS pkg=com.google.android.gms }
08-10 11:07:52.756  1340  1340 D BoundBrokerSvc: Loading bound service for intent: Intent { act=com.google.android.gms.common.BIND_SHARED_PREFS pkg=com.google.android.gms }
08-10 11:07:52.778  1340  1340 D BoundBrokerSvc: onUnbind: Intent { act=com.google.android.gms.common.BIND_SHARED_PREFS pkg=com.google.android.gms }
08-10 11:07:52.802  1228  1235 I putmethod.lati: JIT allocated 73KB for compiled code of boolean bve.a(kpy, java.lang.Object[])
08-10 11:07:52.848  5713  5713 D UiControllerImpl: Injecting string: "password_not_matching"
08-10 11:07:53.613  5713  5713 I ViewInteraction: Performing 'close keyboard' action on view view.getId() is <2131362250/com.example.app1:id/sign_in>
08-10 11:07:53.617  1228  1228 I AndroidIME: AbstractIme.onDeactivate():161 PasswordIme.onDeactivate()
08-10 11:07:53.933  5713  5713 I ViewInteraction: Performing 'single click' action on view view.getId() is <2131362250/com.example.app1:id/sign_in>
08-10 11:07:53.992   522   547 D EventSequenceValidator: Transition from INTENT_FAILED to INTENT_STARTED
08-10 11:07:53.996   522   923 I system_server: oneway function results will be dropped but finished with status OK and parcel size 4
08-10 11:07:53.996   522  1396 I system_server: oneway function results will be dropped but finished with status OK and parcel size 4
08-10 11:07:53.997   522  1396 I system_server: oneway function results will be dropped but finished with status OK and parcel size 4
08-10 11:07:53.999   522   547 D EventSequenceValidator: Transition from INTENT_STARTED to INTENT_FAILED
08-10 11:07:54.019  5713  5713 D LifecycleMonitor: Lifecycle status change: com.example.app1.authentication.LoginActivity@2f46bdd in: PAUSED
08-10 11:07:54.024   522  2023 W InputReader: Device virtio_input_multi_touch_10 is associated with display ADISPLAY_ID_NONE.
08-10 11:07:54.024   522  2023 W InputReader: Device virtio_input_multi_touch_4 is associated with display ADISPLAY_ID_NONE.
08-10 11:07:54.024   522  2023 W InputReader: Device virtio_input_multi_touch_11 is associated with display ADISPLAY_ID_NONE.
08-10 11:07:54.024   522  2023 W InputReader: Device virtio_input_multi_touch_5 is associated with display ADISPLAY_ID_NONE.
08-10 11:07:54.024   522  2023 W InputReader: Device virtio_input_multi_touch_2 is associated with display ADISPLAY_ID_NONE.
08-10 11:07:54.024   522  2023 W InputReader: Device virtio_input_multi_touch_9 is associated with display ADISPLAY_ID_NONE.
08-10 11:07:54.024   522  2023 W InputReader: Device virtio_input_multi_touch_6 is associated with display ADISPLAY_ID_NONE.
08-10 11:07:54.024   522  2023 W InputReader: Device virtio_input_multi_touch_3 is associated with display ADISPLAY_ID_NONE.
08-10 11:07:54.024   522  2023 W InputReader: Device virtio_input_multi_touch_7 is associated with display ADISPLAY_ID_NONE.
08-10 11:07:54.024   522  2023 W InputReader: Device virtio_input_multi_touch_8 is associated with display ADISPLAY_ID_NONE.
08-10 11:07:54.025   522  2023 W InputReader: Device virtio_input_multi_touch_10 is associated with display ADISPLAY_ID_NONE.
08-10 11:07:54.025   522  2023 W InputReader: Device virtio_input_multi_touch_4 is associated with display ADISPLAY_ID_NONE.
08-10 11:07:54.025   522  2023 W InputReader: Device virtio_input_multi_touch_11 is associated with display ADISPLAY_ID_NONE.
08-10 11:07:54.025   522  2023 W InputReader: Device virtio_input_multi_touch_5 is associated with display ADISPLAY_ID_NONE.
08-10 11:07:54.025   522  2023 W InputReader: Device virtio_input_multi_touch_2 is associated with display ADISPLAY_ID_NONE.
08-10 11:07:54.026   522  2023 W InputReader: Device virtio_input_multi_touch_9 is associated with display ADISPLAY_ID_NONE.
08-10 11:07:54.026   522  2023 W InputReader: Device virtio_input_multi_touch_6 is associated with display ADISPLAY_ID_NONE.
08-10 11:07:54.026   522  2023 W InputReader: Device virtio_input_multi_touch_3 is associated with display ADISPLAY_ID_NONE.
08-10 11:07:54.026   522  2023 W InputReader: Device virtio_input_multi_touch_7 is associated with display ADISPLAY_ID_NONE.
08-10 11:07:54.026   522  2023 W InputReader: Device virtio_input_multi_touch_8 is associated with display ADISPLAY_ID_NONE.
08-10 11:07:54.058  5713  5713 D LifecycleMonitor: Lifecycle status change: com.example.app1.authentication.SimpleSignInActivity@ea8a540 in: PRE_ON_CREATE
08-10 11:07:54.064  5713  5747 W System  : Ignoring header X-Firebase-Locale because its value was null.
08-10 11:07:54.071  5713  5713 D LifecycleMonitor: Lifecycle status change: com.example.app1.authentication.SimpleSignInActivity@ea8a540 in: CREATED
08-10 11:07:54.081  5713  5713 D LifecycleMonitor: Lifecycle status change: com.example.app1.authentication.SimpleSignInActivity@ea8a540 in: STARTED
08-10 11:07:54.089  5713  5713 D LifecycleMonitor: Lifecycle status change: com.example.app1.authentication.SimpleSignInActivity@ea8a540 in: RESUMED
08-10 11:07:54.130   522   923 I system_server: oneway function results will be dropped but finished with status OK and parcel size 4
08-10 11:07:54.189   283   283 D goldfish-address-space: claimShared: Ask to claim region [0x3f62c4000 0x3f6c29000]
08-10 11:07:54.199   283   283 D goldfish-address-space: claimShared: Ask to claim region [0x3f4000000 0x3f4965000]
08-10 11:07:54.203   283   283 D goldfish-address-space: claimShared: Ask to claim region [0x3f8000000 0x3f8965000]
08-10 11:07:54.290   522   554 I ActivityTaskManager: Displayed com.example.app1/.authentication.SimpleSignInActivity: +296ms
08-10 11:07:54.370   283   283 D goldfish-address-space: claimShared: Ask to claim region [0x3f4000000 0x3f4965000]
08-10 11:07:54.388   283   283 D goldfish-address-space: claimShared: Ask to claim region [0x3f8965000 0x3f92ca000]
08-10 11:07:54.398   283   283 D goldfish-address-space: claimShared: Ask to claim region [0x3f0000000 0x3f0603000]
08-10 11:07:54.434   522  5379 D HostConnection: HostConnection::get() New Host Connection established 0xf457f7f0, tid 5379
08-10 11:07:54.449   522  5379 D HostConnection: HostComposition ext ANDROID_EMU_CHECKSUM_HELPER_v1 ANDROID_EMU_native_sync_v2 ANDROID_EMU_native_sync_v3 ANDROID_EMU_native_sync_v4 ANDROID_EMU_dma_v1 ANDROID_EMU_direct_mem ANDROID_EMU_host_composition_v1 ANDROID_EMU_host_composition_v2 ANDROID_EMU_vulkan ANDROID_EMU_deferred_vulkan_commands ANDROID_EMU_vulkan_null_optional_strings ANDROID_EMU_vulkan_create_resources_with_requirements ANDROID_EMU_YUV_Cache ANDROID_EMU_vulkan_ignored_handles ANDROID_EMU_has_shared_slots_host_memory_allocator ANDROID_EMU_vulkan_free_memory_sync ANDROID_EMU_vulkan_shader_float16_int8 ANDROID_EMU_vulkan_async_queue_submit ANDROID_EMU_sync_buffer_data ANDROID_EMU_read_color_buffer_dma GL_OES_EGL_image_external_essl3 GL_OES_vertex_array_object GL_KHR_texture_compression_astc_ldr ANDROID_EMU_host_side_tracing ANDROID_EMU_gles_max_version_3_0
08-10 11:07:54.452  5713  5713 D LifecycleMonitor: Lifecycle status change: com.example.app1.authentication.SimpleSignInActivity@ea8a540 in: PAUSED
08-10 11:07:54.456   522  5379 W OpenGLRenderer: Failed to choose config with EGL_SWAP_BEHAVIOR_PRESERVED, retrying without...
08-10 11:07:54.456   522  1396 W InputReader: Device virtio_input_multi_touch_10 is associated with display ADISPLAY_ID_NONE.
08-10 11:07:54.456   522  1396 W InputReader: Device virtio_input_multi_touch_4 is associated with display ADISPLAY_ID_NONE.
08-10 11:07:54.456   522  1396 W InputReader: Device virtio_input_multi_touch_11 is associated with display ADISPLAY_ID_NONE.
08-10 11:07:54.456   522  1396 W InputReader: Device virtio_input_multi_touch_5 is associated with display ADISPLAY_ID_NONE.
08-10 11:07:54.456   522  1396 W InputReader: Device virtio_input_multi_touch_2 is associated with display ADISPLAY_ID_NONE.
08-10 11:07:54.456   522  1396 W InputReader: Device virtio_input_multi_touch_9 is associated with display ADISPLAY_ID_NONE.
08-10 11:07:54.456   522  1396 W InputReader: Device virtio_input_multi_touch_6 is associated with display ADISPLAY_ID_NONE.
08-10 11:07:54.457   522  1396 W InputReader: Device virtio_input_multi_touch_3 is associated with display ADISPLAY_ID_NONE.
08-10 11:07:54.457   522  1396 W InputReader: Device virtio_input_multi_touch_7 is associated with display ADISPLAY_ID_NONE.
08-10 11:07:54.457   522  1396 W InputReader: Device virtio_input_multi_touch_8 is associated with display ADISPLAY_ID_NONE.
08-10 11:07:54.457   522  1396 W InputReader: Device virtio_input_multi_touch_10 is associated with display ADISPLAY_ID_NONE.
08-10 11:07:54.457   522  1396 W InputReader: Device virtio_input_multi_touch_4 is associated with display ADISPLAY_ID_NONE.
08-10 11:07:54.457   522  1396 W InputReader: Device virtio_input_multi_touch_11 is associated with display ADISPLAY_ID_NONE.
08-10 11:07:54.457   522  1396 W InputReader: Device virtio_input_multi_touch_5 is associated with display ADISPLAY_ID_NONE.
08-10 11:07:54.457   522  1396 W InputReader: Device virtio_input_multi_touch_2 is associated with display ADISPLAY_ID_NONE.
08-10 11:07:54.457   522  1396 W InputReader: Device virtio_input_multi_touch_9 is associated with display ADISPLAY_ID_NONE.
08-10 11:07:54.457   522  1396 W InputReader: Device virtio_input_multi_touch_6 is associated with display ADISPLAY_ID_NONE.
