08-10 11:07:08.012   522  1528 W InputReader: Device virtio_input_multi_touch_3 is associated with display ADISPLAY_ID_NONE.
08-10 11:07:08.012   522  1528 W InputReader: Device virtio_input_multi_touch_7 is associated with display ADISPLAY_ID_NONE.
08-10 11:07:08.012   522  1528 W InputReader: Device virtio_input_multi_touch_8 is associated with display ADISPLAY_ID_NONE.
08-10 11:07:08.012   522  1528 W InputReader: Device virtio_input_multi_touch_10 is associated with display ADISPLAY_ID_NONE.
08-10 11:07:08.012   522  1528 W InputReader: Device virtio_input_multi_touch_4 is associated with display ADISPLAY_ID_NONE.
08-10 11:07:08.012   522  1528 W InputReader: Device virtio_input_multi_touch_11 is associated with display ADISPLAY_ID_NONE.
08-10 11:07:08.012   522  1528 W InputReader: Device virtio_input_multi_touch_5 is associated with display ADISPLAY_ID_NONE.
08-10 11:07:08.012   522  1528 W InputReader: Device virtio_input_multi_touch_2 is associated with display ADISPLAY_ID_NONE.
08-10 11:07:08.012   522  1528 W InputReader: Device virtio_input_multi_touch_9 is associated with display ADISPLAY_ID_NONE.
08-10 11:07:08.012   522  1528 W InputReader: Device virtio_input_multi_touch_6 is associated with display ADISPLAY_ID_NONE.
08-10 11:07:08.012   522  1528 W InputReader: Device virtio_input_multi_touch_3 is associated with display ADISPLAY_ID_NONE.
08-10 11:07:08.012   522  1528 W InputReader: Device virtio_input_multi_touch_7 is associated with display ADISPLAY_ID_NONE.
08-10 11:07:08.012   522  1528 W InputReader: Device virtio_input_multi_touch_8 is associated with display ADISPLAY_ID_NONE.
08-10 11:07:08.032  5713  5713 D LifecycleMonitor: Lifecycle status change: com.example.app1.settings.menu.MenuActivity@b1afcb7 in: DESTROYED
08-10 11:07:08.038   283   332 D goldfish-address-space: claimShared: Ask to claim region [0x3f0eb4000 0x3f1819000]
08-10 11:07:08.048  5713  5713 D LifecycleMonitor: Lifecycle status change: com.example.app1.MainActivity@e820c92 in: DESTROYED
08-10 11:07:08.071  5713  5713 D LifecycleMonitor: Lifecycle status change: com.example.app1.authentication.LoginActivity@e01b734 in: DESTROYED
08-10 11:07:08.087   283   332 D goldfish-address-space: claimShared: Ask to claim region [0x3f3ace000 0x3f3b2f000]
08-10 11:07:08.090   283   283 D goldfish-address-space: claimShared: Ask to claim region [0x3f3b2f000 0x3f3b90000]
08-10 11:07:08.093   283   283 D goldfish-address-space: claimShared: Ask to claim region [0x3f3b90000 0x3f3bf1000]
08-10 11:07:08.146  5713  5713 D LifecycleMonitor: Lifecycle status change: com.example.app1.authentication.LoginActivity@50afca1 in: PRE_ON_CREATE
08-10 11:07:08.255   283   283 D goldfish-address-space: claimShared: Ask to claim region [0x3f3b2f000 0x3f3b90000]
08-10 11:07:08.270   283   283 D goldfish-address-space: claimShared: Ask to claim region [0x3f3b90000 0x3f3bf1000]
08-10 11:07:08.502  5713  5713 D LifecycleMonitor: Lifecycle status change: com.example.app1.authentication.LoginActivity@50afca1 in: CREATED
08-10 11:07:08.506  5713  5713 D LifecycleMonitor: Lifecycle status change: com.example.app1.authentication.LoginActivity@50afca1 in: STARTED
08-10 11:07:08.525  5713  5713 D LifecycleMonitor: Lifecycle status change: com.example.app1.authentication.LoginActivity@50afca1 in: RESUMED
08-10 11:07:08.528  1071  1081 I s.nexuslaunche: NativeAlloc concurrent copying GC freed 7592(402KB) AllocSpace objects, 0(0B) LOS objects, 49% free, 3609KB/7218KB, paused 86us total 534.270ms
08-10 11:07:08.530  1071  1083 W System  : A resource failed to call release.
08-10 11:07:08.530  1071  1083 I chatty  : uid=10137(com.google.android.apps.nexuslauncher) FinalizerDaemon identical 1 line
08-10 11:07:08.530  1071  1083 W System  : A resource failed to call release.
08-10 11:07:08.600   283   283 D goldfish-address-space: claimShared: Ask to claim region [0x3f7320000 0x3f7bd1000]
08-10 11:07:08.652  1228  1291 I PeriodicStatsRunner: PeriodicStatsRunner.call():180 call()
08-10 11:07:08.660   283   283 D goldfish-address-space: claimShared: Ask to claim region [0x3f6232000 0x3f6b97000]
08-10 11:07:08.706   283   283 D goldfish-address-space: claimShared: Ask to claim region [0x3f8000000 0x3f88b1000]
08-10 11:07:08.712  1228  1291 I PeriodicStatsRunner: PeriodicStatsRunner.call():184 No submit PeriodicStats since input started.
08-10 11:07:08.742   283   283 D goldfish-address-space: claimShared: Ask to claim region [0x3f88b1000 0x3f9162000]
08-10 11:07:08.768   742   753 I ndroid.systemu: NativeAlloc concurrent copying GC freed 7234(409KB) AllocSpace objects, 0(0B) LOS objects, 49% free, 6816KB/13MB, paused 60us total 768.749ms
08-10 11:07:08.919  5713  5745 I OpenGLRenderer: Davey! duration=810ms; Flags=1, IntendedVsync=590472445077, Vsync=590955778391, OldestInputEvent=9223372036854775807, NewestInputEvent=0, HandleInputStart=590968795164, AnimationStart=590968799418, PerformTraversalsStart=590968800791, DrawStart=591137246539, SyncQueued=591185973159, SyncStart=591253650209, IssueDrawCommandsStart=591254465683, SwapBuffers=591339796836, FrameCompleted=591350521326, DequeueBufferDuration=173463, QueueBufferDuration=3263368, GpuCompleted=0,
08-10 11:07:09.015  5713  5713 D RootViewPicker: Root not ready - waiting: 10ms for one to appear.
08-10 11:07:09.049  5713  5713 D RootViewPicker: Root not ready - waiting: 25ms for one to appear.
08-10 11:07:09.075  5713  5713 D RootViewPicker: Root not ready - waiting: 50ms for one to appear.
08-10 11:07:09.078   522   554 I ActivityTaskManager: Displayed com.example.app1/.authentication.LoginActivity: +1s113ms
08-10 11:07:09.087   283   283 D goldfish-address-space: claimShared: Ask to claim region [0x3f9162000 0x3f9ac7000]
08-10 11:07:09.227  5713  5713 I ViewInteraction: Checking 'MatchesViewAssertion{viewMatcher=(view has effective visibility <VISIBLE> and view.getGlobalVisibleRect() to return non-empty rectangle)}' assertion on view view.getId() is <2131362094/com.example.app1:id/logo>
08-10 11:07:09.422  5713  5713 D LifecycleMonitor: Lifecycle status change: com.example.app1.settings.account.AccountActivity@1112afe in: STOPPED
08-10 11:07:09.429  5713  5713 D LifecycleMonitor: Lifecycle status change: com.example.app1.settings.account.AccountActivity@1112afe in: DESTROYED
08-10 11:07:09.740  5713  5713 I ViewInteraction: Performing 'type text(test@test.com)' action on view should return first matching item
08-10 11:07:09.878  5713  5713 I AssistStructure: Flattened final assist data: 2552 bytes, containing 1 windows, 14 views
08-10 11:07:09.938  1228  1228 I KeyboardViewUtil: KeyboardViewUtil.getKeyboardHeightRatio():128 systemKeyboardHeightRatio:1.000000; userKeyboardHeightRatio:1.000000.
08-10 11:07:09.942  1228  1228 I AndroidIME: AbstractIme.onActivate():84 LatinIme.onActivate() : EditorInfo = Package = com.example.app1 : Type = Email : Learning = Disable : Suggestion = Show : AutoCorrection = Disable : Microphone = DisabledMic : NoPersonalizedLearning = Disable : AutoStartVoiceInput = Disable, IncognitoMode = false
08-10 11:07:09.942  1228  1228 I Delight5Facilitator: Delight5Facilitator.initializeForIme():561 initializeForIme() : Locale = [en_US], layout = qwerty
08-10 11:07:09.943  1228  1228 I VoiceInputManagerWrapper: VoiceInputManagerWrapper.cancelShutdown():55 cancelShutdown()
08-10 11:07:09.944  1228  1228 I VoiceInputManagerWrapper: VoiceInputManagerWrapper.syncLanguagePacks():67 syncLanguagePacks()
08-10 11:07:09.965  1228  5346 I SpeechFactory: SpeechRecognitionFactory.maybeScheduleAutoPackDownloadForFallback():160 maybeScheduleAutoPackDownloadForFallback()
08-10 11:07:09.965  1228  5346 I FallbackOnDeviceRecognitionProvider: FallbackOnDeviceRecognitionProvider.maybeScheduleAutoPackDownload():197 maybeScheduleAutoPackDownload() for language tag en-US
08-10 11:07:09.970  1228  1228 I KeyboardWrapper: KeyboardWrapper.consumeEvent():264 Skip consuming an event as current keyboard is deactivated (state=0, keyboard existence=true)
08-10 11:07:10.106  1191  1191 W qei     : Pending fill request while another request in the same session was triggered. [CONTEXT service_id=177 ]
08-10 11:07:10.126  5713  5713 D UiControllerImpl: Injecting string: "test@test.com"
08-10 11:07:10.162  1015  1015 V InlineSuggestionRenderService: handleDestroySuggestionViews called for 0:1189211519
08-10 11:07:10.197  1228  1228 I KeyboardViewHelper: KeyboardViewHelper.getView():164 Get view with height ratio:1.000000; experiment height ratio:1.000000.
08-10 11:07:10.201  1340  1340 D BoundBrokerSvc: onBind: Intent { act=com.google.android.mdd.service.START dat=chimera-action:com.google.android.mdd.service.START cmp=com.google.android.gms/.chimera.GmsBoundBrokerService }
08-10 11:07:10.202  1340  1340 D BoundBrokerSvc: Loading bound service for intent: Intent { act=com.google.android.mdd.service.START dat=chimera-action:com.google.android.mdd.service.START cmp=com.google.android.gms/.chimera.GmsBoundBrokerService }
08-10 11:07:10.207  1228  1291 I PeriodicStatsRunner: PeriodicStatsRunner.call():180 call()
08-10 11:07:10.264  1228  1291 I PeriodicStatsRunner: PeriodicStatsRunner.call():184 No submit PeriodicStats since input started.
08-10 11:07:10.283   522   531 I system_server: NativeAlloc concurrent copying GC freed 173077(7440KB) AllocSpace objects, 37(1464KB) LOS objects, 49% free, 16MB/33MB, paused 191us total 1.695s
08-10 11:07:10.316  1228  1228 W KeyboardModeManager: KeyboardModeManager.setInputView():302 setInputView() : inputView = com.google.android.apps.inputmethod.libs.framework.core.InputView{41301d3 V.E...... ......ID 0,0-1080,1977}
08-10 11:07:10.317  1228  1228 I ConversationToQueryExtension: ConversationToQueryExtension.isEnabledForHostApp():252 Conv2Query not enabled due to current app [com.example.app1] not in whitelist
08-10 11:07:10.317  1228  1228 I ConversationToQueryExtension: ConversationToQueryExtension.onActivate():162 onActivate() : Disabled by unsupported host app
08-10 11:07:10.317  1228  1228 I CurrentMicStatusHolder: CurrentMicStatusHolder.onStartInputView():79 Current Mic status = {MicIconHidden-EmailInputType,}
08-10 11:07:10.318  1228  1228 I VoiceImeExtension: VoiceImeExtension.shouldStartVoiceInputAutomatically():336 No private IME option set to start voice input.
08-10 11:07:10.340  1340  1340 D BoundBrokerSvc: onBind: Intent { act=com.google.firebase.dynamiclinks.service.START pkg=com.google.android.gms }
08-10 11:07:10.341  1340  1340 D BoundBrokerSvc: Loading bound service for intent: Intent { act=com.google.firebase.dynamiclinks.service.START pkg=com.google.android.gms }
08-10 11:07:10.373   522   532 W JavaBinder: BinderProxy is being destroyed but the application did not call unlinkToDeath to unlink all of its death recipients beforehand.  Releasing leaked death recipient: com.android.server.AlarmManagerService$2
08-10 11:07:10.373   522   532 I BpBinder: onLastStrongRef automatically unlinking death recipients: <uncached descriptor>
08-10 11:07:10.373   522   532 W JavaBinder: BinderProxy is being destroyed but the application did not call unlinkToDeath to unlink all of its death recipients beforehand.  Releasing leaked death recipient: com.android.server.AlarmManagerService$2
08-10 11:07:10.373   522   532 I BpBinder: onLastStrongRef automatically unlinking death recipients: <uncached descriptor>
08-10 11:07:10.379   522   532 W JavaBinder: BinderProxy is being destroyed but the application did not call unlinkToDeath to unlink all of its death recipients beforehand.  Releasing leaked death recipient: com.android.server.AlarmManagerService$2
08-10 11:07:10.379   522   532 I BpBinder: onLastStrongRef automatically unlinking death recipients: <uncached descriptor>
08-10 11:07:10.386   283   283 D goldfish-address-space: claimShared: Ask to claim region [0x3f0eb4000 0x3f1765000]
08-10 11:07:10.451   522  1528 I system_server: oneway function results will be dropped but finished with status OK and parcel size 4
08-10 11:07:10.463   283   283 D goldfish-address-space: claimShared: Ask to claim region [0x3f4603000 0x3f4eb4000]
08-10 11:07:10.466   283   332 D goldfish-address-space: claimShared: Ask to claim region [0x3f4eb4000 0x3f5765000]
08-10 11:07:10.500   522   532 W JavaBinder: BinderProxy is being destroyed but the application did not call unlinkToDeath to unlink all of its death recipients beforehand.  Releasing leaked death recipient: com.android.server.AlarmManagerService$2
08-10 11:07:10.500   522   532 I BpBinder: onLastStrongRef automatically unlinking death recipients: <uncached descriptor>
08-10 11:07:10.540   522   532 W JavaBinder: BinderProxy is being destroyed but the application did not call unlinkToDeath to unlink all of its death recipients beforehand.  Releasing leaked death recipient: com.android.server.AlarmManagerService$2
08-10 11:07:10.540   522   532 I BpBinder: onLastStrongRef automatically unlinking death recipients: <uncached descriptor>
08-10 11:07:10.540   522   532 W JavaBinder: BinderProxy is being destroyed but the application did not call unlinkToDeath to unlink all of its death recipients beforehand.  Releasing leaked death recipient: com.android.server.AlarmManagerService$2
08-10 11:07:10.541   522   532 I BpBinder: onLastStrongRef automatically unlinking death recipients: <uncached descriptor>
08-10 11:07:10.677   522   532 W JavaBinder: BinderProxy is being destroyed but the application did not call unlinkToDeath to unlink all of its death recipients beforehand.  Releasing leaked death recipient: com.android.server.AlarmManagerService$2
08-10 11:07:10.677   522   532 I BpBinder: onLastStrongRef automatically unlinking death recipients: <uncached descriptor>
08-10 11:07:10.761   522   532 W JavaBinder: BinderProxy is being destroyed but the application did not call unlinkToDeath to unlink all of its death recipients beforehand.  Releasing leaked death recipient: com.android.server.AlarmManagerService$2
08-10 11:07:10.761   522   532 I BpBinder: onLastStrongRef automatically unlinking death recipients: <uncached descriptor>
08-10 11:07:10.761   522   532 W JavaBinder: BinderProxy is being destroyed but the application did not call unlinkToDeath to unlink all of its death recipients beforehand.  Releasing leaked death recipient: com.android.server.AlarmManagerService$2
08-10 11:07:10.761   522   532 I BpBinder: onLastStrongRef automatically unlinking death recipients: <uncached descriptor>
08-10 11:07:10.802   283   332 D goldfish-address-space: claimShared: Ask to claim region [0x3f5765000 0x3f6016000]
08-10 11:07:10.810   522   532 W JavaBinder: BinderProxy is being destroyed but the application did not call unlinkToDeath to unlink all of its death recipients beforehand.  Releasing leaked death recipient: com.android.server.AlarmManagerService$2
08-10 11:07:10.810   522   532 I BpBinder: onLastStrongRef automatically unlinking death recipients: <uncached descriptor>
08-10 11:07:10.895   283   332 D goldfish-address-space: claimShared: Ask to claim region [0x3f6016000 0x3f68c7000]
08-10 11:07:10.924  1228  1228 W InputConnectionWrapper: InputConnectionWrapper.recordDuration():1447 IPC IC_GET_TEXT_AFTER_CURSOR took 182 ms
08-10 11:07:10.964   522   533 W System  : A resource failed to call release.
08-10 11:07:10.967   522   533 I chatty  : uid=1000(system) FinalizerDaemon identical 6 lines
08-10 11:07:10.967   522   533 W System  : A resource failed to call release.
08-10 11:07:11.002   283   332 D goldfish-address-space: claimShared: Ask to claim region [0x3f1e1c000 0x3f26cd000]
08-10 11:07:11.010  1340  1340 D BoundBrokerSvc: onBind: Intent { act=com.google.android.gms.common.BIND_SHARED_PREFS pkg=com.google.android.gms }
08-10 11:07:11.010  1340  1340 D BoundBrokerSvc: Loading bound service for intent: Intent { act=com.google.android.gms.common.BIND_SHARED_PREFS pkg=com.google.android.gms }
08-10 11:07:11.050   522   533 W System  : A resource failed to call release.
08-10 11:07:11.050   522   533 W System  : A resource failed to call release.
08-10 11:07:11.055  1340  1340 D BoundBrokerSvc: onUnbind: Intent { act=com.google.android.gms.common.BIND_SHARED_PREFS pkg=com.google.android.gms }
08-10 11:07:11.078   522   533 W System  : A resource failed to call release.
08-10 11:07:11.089   522   533 I chatty  : uid=1000(system) FinalizerDaemon identical 4 lines
08-10 11:07:11.089   522   533 W System  : A resource failed to call release.
08-10 11:07:11.192  1228  2196 I native  : input-context-store.cc:173 Ignoring stale client request for FetchSuggestions
08-10 11:07:11.211  1340  1340 D BoundBrokerSvc: onBind: Intent { act=com.google.android.gms.common.BIND_SHARED_PREFS pkg=com.google.android.gms }
08-10 11:07:11.211  1340  1340 D BoundBrokerSvc: Loading bound service for intent: Intent { act=com.google.android.gms.common.BIND_SHARED_PREFS pkg=com.google.android.gms }
08-10 11:07:11.256  1340  1340 D BoundBrokerSvc: onUnbind: Intent { act=com.google.android.gms.common.BIND_SHARED_PREFS pkg=com.google.android.gms }
08-10 11:07:11.329  1228  2196 E InputContextLock: InputContextLock.maybeTrackAcquireLockTime():29 Acquire InputContextLock takes 98 ms, mainThreadForSure=false.
08-10 11:07:11.421   522   533 W System  : A resource failed to call dispose.
08-10 11:07:11.422   522   533 W System  : A resource failed to call release.
08-10 11:07:11.422   522   533 W System  : A resource failed to call release.
08-10 11:07:11.438  1228  1228 W InputContextProxy: InputContextProxy.applyClientDiffInternal():832 Ignore [FetchSuggestions] diff due to stale request: 453<459, inputStateId=371, lastInputStateId=372
08-10 11:07:11.491  1228  1228 W InputContextProxy: InputContextProxy.applyClientDiffInternal():832 Ignore [FetchSuggestions] diff due to stale request: 458<461, inputStateId=373, lastInputStateId=375
08-10 11:07:11.491  1228  1228 W InputContextProxy: InputContextProxy.applyClientDiffInternal():832 Ignore [FetchSuggestions] diff due to stale request: 459<461, inputStateId=374, lastInputStateId=375
08-10 11:07:11.649  1228  1228 E InputContextLock: InputContextLock.maybeTrackAcquireLockTime():29 Acquire InputContextLock takes 5 ms, mainThreadForSure=true.
08-10 11:07:11.738  5713  5713 I ViewInteraction: Performing 'type text(Test1#)' action on view should return first matching item
08-10 11:07:11.832  1228  1228 W TooltipLifecycleManager: TooltipLifecycleManager.dismissTooltip():130 dismissTooltip(): tooltip with id inline_suggestion_tooltip not found in tooltipManager.
08-10 11:07:11.833  1228  1228 W TooltipLifecycleManager: TooltipLifecycleManager.dismissTooltip():130 dismissTooltip(): tooltip with id inline_suggestion_tooltip not found in tooltipManager.
08-10 11:07:11.842  1228  1228 I KeyboardWrapper: KeyboardWrapper.consumeEvent():264 Skip consuming an event as current keyboard is deactivated (state=0, keyboard existence=true)
08-10 11:07:11.842  1228  1228 I VoiceInputManagerWrapper: VoiceInputManagerWrapper.shutdown():77 shutdown()
08-10 11:07:11.842  1228  1228 I AndroidIME: AbstractIme.onDeactivate():161 LatinIme.onDeactivate()
08-10 11:07:11.863  5713  5713 W IInputConnectionWrapper: beginBatchEdit on inactive InputConnection
08-10 11:07:11.863  5713  5713 W IInputConnectionWrapper: endBatchEdit on inactive InputConnection
08-10 11:07:11.913  1228  1228 I KeyboardViewUtil: KeyboardViewUtil.getKeyboardHeightRatio():128 systemKeyboardHeightRatio:1.000000; userKeyboardHeightRatio:1.000000.
08-10 11:07:11.914  1228  1228 I AndroidIME: AbstractIme.onActivate():84 PasswordIme.onActivate() : EditorInfo = Package = com.example.app1 : Type = Password : Learning = Disable : Suggestion = Hide : AutoCorrection = Disable : Microphone = Hide : NoPersonalizedLearning = Disable : AutoStartVoiceInput = Disable, IncognitoMode = false
08-10 11:07:11.938  1228  1228 I KeyboardViewHelper: KeyboardViewHelper.getView():164 Get view with height ratio:1.000000; experiment height ratio:1.000000.
08-10 11:07:11.982  1228  1228 W TooltipLifecycleManager: TooltipLifecycleManager.dismissTooltip():130 dismissTooltip(): tooltip with id inline_suggestion_tooltip not found in tooltipManager.
08-10 11:07:11.993  1228  1228 W KeyboardModeManager: KeyboardModeManager.setInputView():302 setInputView() : inputView = com.google.android.apps.inputmethod.libs.framework.core.InputView{41301d3 V.E...... ......ID 0,0-1080,1977}
08-10 11:07:11.994  1228  1228 I ConversationToQueryExtension: ConversationToQueryExtension.isEnabledForHostApp():252 Conv2Query not enabled due to current app [com.example.app1] not in whitelist
08-10 11:07:11.994  1228  1228 I ConversationToQueryExtension: ConversationToQueryExtension.onActivate():162 onActivate() : Disabled by unsupported host app
08-10 11:07:11.995  1228  1228 I CurrentMicStatusHolder: CurrentMicStatusHolder.onStartInputView():79 Current Mic status = {MicIconHidden-PasswordOrNumberOrDateInputType,}
08-10 11:07:11.995  1228  1228 I VoiceImeExtension: VoiceImeExtension.shouldStartVoiceInputAutomatically():336 No private IME option set to start voice input.
08-10 11:07:12.045  1340  1340 D BoundBrokerSvc: onBind: Intent { act=com.google.android.gms.common.BIND_SHARED_PREFS pkg=com.google.android.gms }
08-10 11:07:12.045  1340  1340 D BoundBrokerSvc: Loading bound service for intent: Intent { act=com.google.android.gms.common.BIND_SHARED_PREFS pkg=com.google.android.gms }
08-10 11:07:12.047  1340  1340 D BoundBrokerSvc: onUnbind: Intent { act=com.google.android.gms.common.BIND_SHARED_PREFS pkg=com.google.android.gms }
08-10 11:07:12.081  1340  1340 D BoundBrokerSvc: onBind: Intent { act=com.google.android.gms.common.BIND_SHARED_PREFS pkg=com.google.android.gms }
08-10 11:07:12.081  1340  1340 D BoundBrokerSvc: Loading bound service for intent: Intent { act=com.google.android.gms.common.BIND_SHARED_PREFS pkg=com.google.android.gms }
08-10 11:07:12.085  1340  1340 D BoundBrokerSvc: onUnbind: Intent { act=com.google.android.gms.common.BIND_SHARED_PREFS pkg=com.google.android.gms }
08-10 11:07:12.099  5713  5713 D UiControllerImpl: Injecting string: "Test1#"
08-10 11:07:12.428  1228  1291 I PeriodicStatsRunner: PeriodicStatsRunner.call():180 call()
08-10 11:07:12.428  1228  1291 I PeriodicStatsRunner: PeriodicStatsRunner.call():184 No submit PeriodicStats since input started.
08-10 11:07:12.772  5713  5713 I ViewInteraction: Performing 'close keyboard' action on view view.getId() is <2131362250/com.example.app1:id/sign_in>
08-10 11:07:12.793  1228  1228 I AndroidIME: AbstractIme.onDeactivate():161 PasswordIme.onDeactivate()
08-10 11:07:13.141  5713  5713 I ViewInteraction: Performing 'single click' action on view view.getId() is <2131362250/com.example.app1:id/sign_in>
08-10 11:07:13.263   522   547 D EventSequenceValidator: Transition from INTENT_FAILED to INTENT_STARTED
08-10 11:07:13.284   522   547 D EventSequenceValidator: Transition from INTENT_STARTED to INTENT_FAILED
08-10 11:07:13.306   522  2040 I system_server: oneway function results will be dropped but finished with status OK and parcel size 4
08-10 11:07:13.307   522  1680 I system_server: oneway function results will be dropped but finished with status OK and parcel size 4
08-10 11:07:13.327  5713  5713 D LifecycleMonitor: Lifecycle status change: com.example.app1.authentication.LoginActivity@50afca1 in: PAUSED
08-10 11:07:13.337   522  1680 W InputReader: Device virtio_input_multi_touch_10 is associated with display ADISPLAY_ID_NONE.
08-10 11:07:13.337   522  1680 W InputReader: Device virtio_input_multi_touch_4 is associated with display ADISPLAY_ID_NONE.
08-10 11:07:13.337   522  1680 W InputReader: Device virtio_input_multi_touch_11 is associated with display ADISPLAY_ID_NONE.
08-10 11:07:13.337   522  1680 W InputReader: Device virtio_input_multi_touch_5 is associated with display ADISPLAY_ID_NONE.
08-10 11:07:13.337   522  1680 W InputReader: Device virtio_input_multi_touch_2 is associated with display ADISPLAY_ID_NONE.
08-10 11:07:13.337   522  1680 W InputReader: Device virtio_input_multi_touch_9 is associated with display ADISPLAY_ID_NONE.
08-10 11:07:13.337   522  1680 W InputReader: Device virtio_input_multi_touch_6 is associated with display ADISPLAY_ID_NONE.
08-10 11:07:13.337   522  1680 W InputReader: Device virtio_input_multi_touch_3 is associated with display ADISPLAY_ID_NONE.
08-10 11:07:13.337   522  1680 W InputReader: Device virtio_input_multi_touch_7 is associated with display ADISPLAY_ID_NONE.
08-10 11:07:13.337   522  1680 W InputReader: Device virtio_input_multi_touch_8 is associated with display ADISPLAY_ID_NONE.
08-10 11:07:13.338   522  1680 W InputReader: Device virtio_input_multi_touch_10 is associated with display ADISPLAY_ID_NONE.
08-10 11:07:13.338   522  1680 W InputReader: Device virtio_input_multi_touch_4 is associated with display ADISPLAY_ID_NONE.
08-10 11:07:13.338   522  1680 W InputReader: Device virtio_input_multi_touch_11 is associated with display ADISPLAY_ID_NONE.
08-10 11:07:13.338   522  1680 W InputReader: Device virtio_input_multi_touch_5 is associated with display ADISPLAY_ID_NONE.
08-10 11:07:13.338   522  1680 W InputReader: Device virtio_input_multi_touch_2 is associated with display ADISPLAY_ID_NONE.
08-10 11:07:13.338   522  1680 W InputReader: Device virtio_input_multi_touch_9 is associated with display ADISPLAY_ID_NONE.
08-10 11:07:13.338   522  1680 W InputReader: Device virtio_input_multi_touch_6 is associated with display ADISPLAY_ID_NONE.
08-10 11:07:13.338   522  1680 W InputReader: Device virtio_input_multi_touch_3 is associated with display ADISPLAY_ID_NONE.
08-10 11:07:13.338   522  1680 W InputReader: Device virtio_input_multi_touch_7 is associated with display ADISPLAY_ID_NONE.
08-10 11:07:13.338   522  1680 W InputReader: Device virtio_input_multi_touch_8 is associated with display ADISPLAY_ID_NONE.
08-10 11:07:13.401   325   431 D AudioFlinger: mixer(0xe99a2030) throttle end: throttle time(7)
08-10 11:07:13.450  5713  5713 D LifecycleMonitor: Lifecycle status change: com.example.app1.authentication.SimpleSignInActivity@b99dd6f in: PRE_ON_CREATE
08-10 11:07:13.574   522  1680 I system_server: oneway function results will be dropped but finished with status OK and parcel size 4
08-10 11:07:13.589  5713  5747 W System  : Ignoring header X-Firebase-Locale because its value was null.
08-10 11:07:13.645  5713  5713 D LifecycleMonitor: Lifecycle status change: com.example.app1.authentication.SimpleSignInActivity@b99dd6f in: CREATED
08-10 11:07:13.649  5713  5713 D LifecycleMonitor: Lifecycle status change: com.example.app1.authentication.SimpleSignInActivity@b99dd6f in: STARTED
08-10 11:07:13.658  5713  5713 D LifecycleMonitor: Lifecycle status change: com.example.app1.authentication.SimpleSignInActivity@b99dd6f in: RESUMED
08-10 11:07:13.752   283   332 D goldfish-address-space: claimShared: Ask to claim region [0x3f26cd000 0x3f3032000]
08-10 11:07:13.787   283   332 D goldfish-address-space: claimShared: Ask to claim region [0x3f0000000 0x3f0965000]
08-10 11:07:13.789   283   332 D goldfish-address-space: claimShared: Ask to claim region [0x3f0965000 0x3f12ca000]
08-10 11:07:13.862   522   554 I ActivityTaskManager: Displayed com.example.app1/.authentication.SimpleSignInActivity: +603ms
08-10 11:07:14.015   283   332 D goldfish-address-space: claimShared: Ask to claim region [0x3f12ca000 0x3f18cd000]
08-10 11:07:14.156   522  5379 D HostConnection: HostConnection::get() New Host Connection established 0xf4553250, tid 5379
08-10 11:07:14.204  5713  5713 D LifecycleMonitor: Lifecycle status change: com.example.app1.authentication.SimpleSignInActivity@b99dd6f in: PAUSED
08-10 11:07:14.207   522  1680 W InputReader: Device virtio_input_multi_touch_10 is associated with display ADISPLAY_ID_NONE.
08-10 11:07:14.208   522  1680 W InputReader: Device virtio_input_multi_touch_4 is associated with display ADISPLAY_ID_NONE.
08-10 11:07:14.208   522  1680 W InputReader: Device virtio_input_multi_touch_11 is associated with display ADISPLAY_ID_NONE.
08-10 11:07:14.208   522  1680 W InputReader: Device virtio_input_multi_touch_5 is associated with display ADISPLAY_ID_NONE.
08-10 11:07:14.208   522  1680 W InputReader: Device virtio_input_multi_touch_2 is associated with display ADISPLAY_ID_NONE.
08-10 11:07:14.208   522  1680 W InputReader: Device virtio_input_multi_touch_9 is associated with display ADISPLAY_ID_NONE.
08-10 11:07:14.208   522  1680 W InputReader: Device virtio_input_multi_touch_6 is associated with display ADISPLAY_ID_NONE.
08-10 11:07:14.208   522  1680 W InputReader: Device virtio_input_multi_touch_3 is associated with display ADISPLAY_ID_NONE.
08-10 11:07:14.208   522  1680 W InputReader: Device virtio_input_multi_touch_7 is associated with display ADISPLAY_ID_NONE.
08-10 11:07:14.208   522  1680 W InputReader: Device virtio_input_multi_touch_8 is associated with display ADISPLAY_ID_NONE.
08-10 11:07:14.208   522  1680 W InputReader: Device virtio_input_multi_touch_10 is associated with display ADISPLAY_ID_NONE.
08-10 11:07:14.208   522  1680 W InputReader: Device virtio_input_multi_touch_4 is associated with display ADISPLAY_ID_NONE.
08-10 11:07:14.208   522  1680 W InputReader: Device virtio_input_multi_touch_11 is associated with display ADISPLAY_ID_NONE.
08-10 11:07:14.208   522  1680 W InputReader: Device virtio_input_multi_touch_5 is associated with display ADISPLAY_ID_NONE.
08-10 11:07:14.208   522  1680 W InputReader: Device virtio_input_multi_touch_2 is associated with display ADISPLAY_ID_NONE.
08-10 11:07:14.208   522  1680 W InputReader: Device virtio_input_multi_touch_9 is associated with display ADISPLAY_ID_NONE.
08-10 11:07:14.208   522  1680 W InputReader: Device virtio_input_multi_touch_6 is associated with display ADISPLAY_ID_NONE.
08-10 11:07:14.208   522  1680 W InputReader: Device virtio_input_multi_touch_3 is associated with display ADISPLAY_ID_NONE.
08-10 11:07:14.208   522  1680 W InputReader: Device virtio_input_multi_touch_7 is associated with display ADISPLAY_ID_NONE.
08-10 11:07:14.208   522  1680 W InputReader: Device virtio_input_multi_touch_8 is associated with display ADISPLAY_ID_NONE.
08-10 11:07:14.259   283   332 D goldfish-address-space: claimShared: Ask to claim region [0x3f0000000 0x3f0965000]
08-10 11:07:14.277   522  5379 D HostConnection: HostComposition ext ANDROID_EMU_CHECKSUM_HELPER_v1 ANDROID_EMU_native_sync_v2 ANDROID_EMU_native_sync_v3 ANDROID_EMU_native_sync_v4 ANDROID_EMU_dma_v1 ANDROID_EMU_direct_mem ANDROID_EMU_host_composition_v1 ANDROID_EMU_host_composition_v2 ANDROID_EMU_vulkan ANDROID_EMU_deferred_vulkan_commands ANDROID_EMU_vulkan_null_optional_strings ANDROID_EMU_vulkan_create_resources_with_requirements ANDROID_EMU_YUV_Cache ANDROID_EMU_vulkan_ignored_handles ANDROID_EMU_has_shared_slots_host_memory_allocator ANDROID_EMU_vulkan_free_memory_sync ANDROID_EMU_vulkan_shader_float16_int8 ANDROID_EMU_vulkan_async_queue_submit ANDROID_EMU_sync_buffer_data ANDROID_EMU_read_color_buffer_dma GL_OES_EGL_image_external_essl3 GL_OES_vertex_array_object GL_KHR_texture_compression_astc_ldr ANDROID_EMU_host_side_tracing ANDROID_EMU_gles_max_version_3_0
08-10 11:07:14.282   283   332 D goldfish-address-space: claimShared: Ask to claim region [0x3f26cd000 0x3f3032000]
08-10 11:07:14.294   522  5379 W OpenGLRenderer: Failed to choose config with EGL_SWAP_BEHAVIOR_PRESERVED, retrying without...
08-10 11:07:14.295   522  5379 D EGL_emulation: eglCreateContext: 0xf45780f0: maj 3 min 0 rcv 3
08-10 11:07:14.302   522  5379 D EGL_emulation: eglMakeCurrent: 0xf45780f0: ver 3 0 (tinfo 0xbfafbdd0) (first time)
08-10 11:07:14.269  1228  1291 I PeriodicStatsRunner: PeriodicStatsRunner.call():180 call()
08-10 11:07:14.329  1228  1291 I PeriodicStatsRunner: PeriodicStatsRunner.call():184 No submit PeriodicStats since input started.
08-10 11:07:14.399  5713  5713 D LifecycleMonitor: Lifecycle status change: com.example.app1.authentication.LoginActivity@50afca1 in: RESUMED
08-10 11:07:14.412  5713  5713 D LifecycleMonitor: Lifecycle status change: com.example.app1.authentication.SimpleSignInActivity@b99dd6f in: STOPPED
08-10 11:07:14.417  5713  5713 D LifecycleMonitor: Lifecycle status change: com.example.app1.authentication.SimpleSignInActivity@b99dd6f in: DESTROYED
08-10 11:07:14.556   283   332 D goldfish-address-space: claimShared: Ask to claim region [0x3f3ace000 0x3f3b6a000]
08-10 11:07:14.578   283   332 D goldfish-address-space: claimShared: Ask to claim region [0x3f3b6a000 0x3f3c06000]
08-10 11:07:14.594   283   283 D goldfish-address-space: claimShared: Ask to claim region [0x3f3c06000 0x3f3ca2000]
08-10 11:07:14.633   742   753 I ndroid.systemu: NativeAlloc concurrent copying GC freed 4547(235KB) AllocSpace objects, 0(0B) LOS objects, 49% free, 6809KB/13MB, paused 93us total 529.247ms
08-10 11:07:14.813   283   283 D goldfish-address-space: claimShared: Ask to claim region [0x3f3b6a000 0x3f3c06000]
08-10 11:07:14.840   283   283 D goldfish-address-space: claimShared: Ask to claim region [0x3f3c06000 0x3f3ca2000]
08-10 11:07:14.912  1228  1291 I PeriodicStatsRunner: PeriodicStatsRunner.call():180 call()
08-10 11:07:14.912  1228  1291 I PeriodicStatsRunner: PeriodicStatsRunner.call():184 No submit PeriodicStats since input started.
08-10 11:07:14.929  5713  5725 I om.example.app: Background young concurrent copying GC freed 108144(5473KB) AllocSpace objects, 92(4928KB) LOS objects, 41% free, 14MB/24MB, paused 3.231ms total 371.921ms
08-10 11:07:14.965  5713  5727 W System  : A resource failed to call release.
08-10 11:07:15.037  5713  5727 W System  : A resource failed to call end.
08-10 11:07:15.038  5713  5727 W System  : A resource failed to call end.
08-10 11:07:15.951  5713  5713 I ViewInteraction: Checking 'MatchesViewAssertion{viewMatcher=(view has effective visibility <VISIBLE> and view.getGlobalVisibleRect() to return non-empty rectangle)}' assertion on view view.getId() is <2131362094/com.example.app1:id/logo>
08-10 11:07:16.434   522  1396 I system_server: oneway function results will be dropped but finished with status OK and parcel size 4
08-10 11:07:16.874  1228  1291 I PeriodicStatsRunner: PeriodicStatsRunner.call():180 call()
08-10 11:07:16.874  1228  1291 I PeriodicStatsRunner: PeriodicStatsRunner.call():184 No submit PeriodicStats since input started.
08-10 11:07:17.457  5713  5713 I ViewInteraction: Checking 'MatchesViewAssertion{viewMatcher=(view has effective visibility <VISIBLE> and view.getGlobalVisibleRect() to return non-empty rectangle)}' assertion on view view.getId() is <2131362094/com.example.app1:id/logo>
08-10 11:07:17.458  5713  5740 I TestRunner: finished: signInAndDeleteAccount(com.example.app1.AuthenticationTest)
