09-01 23:29:57.894 10239 10267 I TestRunner: started: signInAndChangePasswordWeakFail(com.example.app1.AuthenticationTests)
09-01 23:29:57.902 10239 10267 D FirebaseAuth: Notifying id token listeners about a sign-out event.
09-01 23:29:57.902 10239 10267 D FirebaseAuth: Notifying auth state listeners about a sign-out event.
09-01 23:29:57.906   501   532 D EventSequenceValidator: inc AccIntentStartedEvents to 2
09-01 23:29:57.909   339   339 I perfetto: ing_service_impl.cc:758 Configured tracing session 18, #sources:1, duration:5000 ms, #buffers:1, total buffer size:4096 KB, total sessions:2, uid:1071 session name: ""
09-01 23:29:57.909   338   338 I perfetto: probes_producer.cc:230  Ftrace setup (target_buf=18)
09-01 23:29:57.937   501   988 W InputReader: Device virtio_input_multi_touch_9 is associated with display ADISPLAY_ID_NONE.
09-01 23:29:57.937   501   988 W InputReader: Device virtio_input_multi_touch_6 is associated with display ADISPLAY_ID_NONE.
09-01 23:29:57.937   501   988 W InputReader: Device virtio_input_multi_touch_3 is associated with display ADISPLAY_ID_NONE.
09-01 23:29:57.937   501   988 W InputReader: Device virtio_input_multi_touch_7 is associated with display ADISPLAY_ID_NONE.
09-01 23:29:57.937   501   988 W InputReader: Device virtio_input_multi_touch_8 is associated with display ADISPLAY_ID_NONE.
09-01 23:29:57.937   501   988 W InputReader: Device virtio_input_multi_touch_10 is associated with display ADISPLAY_ID_NONE.
09-01 23:29:57.937   501   988 W InputReader: Device virtio_input_multi_touch_4 is associated with display ADISPLAY_ID_NONE.
09-01 23:29:57.937   501   988 W InputReader: Device virtio_input_multi_touch_11 is associated with display ADISPLAY_ID_NONE.
09-01 23:29:57.937   501   988 W InputReader: Device virtio_input_multi_touch_5 is associated with display ADISPLAY_ID_NONE.
09-01 23:29:57.937   501   988 W InputReader: Device virtio_input_multi_touch_2 is associated with display ADISPLAY_ID_NONE.
09-01 23:29:57.937   501   988 W InputReader: Device virtio_input_multi_touch_9 is associated with display ADISPLAY_ID_NONE.
09-01 23:29:57.937   501   988 W InputReader: Device virtio_input_multi_touch_6 is associated with display ADISPLAY_ID_NONE.
09-01 23:29:57.938   501   988 W InputReader: Device virtio_input_multi_touch_3 is associated with display ADISPLAY_ID_NONE.
09-01 23:29:57.938   501   988 W InputReader: Device virtio_input_multi_touch_7 is associated with display ADISPLAY_ID_NONE.
09-01 23:29:57.938   501   988 W InputReader: Device virtio_input_multi_touch_8 is associated with display ADISPLAY_ID_NONE.
09-01 23:29:57.938   501   988 W InputReader: Device virtio_input_multi_touch_10 is associated with display ADISPLAY_ID_NONE.
09-01 23:29:57.938   501   988 W InputReader: Device virtio_input_multi_touch_4 is associated with display ADISPLAY_ID_NONE.
09-01 23:29:57.938   501   988 W InputReader: Device virtio_input_multi_touch_11 is associated with display ADISPLAY_ID_NONE.
09-01 23:29:57.938   501   988 W InputReader: Device virtio_input_multi_touch_5 is associated with display ADISPLAY_ID_NONE.
09-01 23:29:57.938   501   988 W InputReader: Device virtio_input_multi_touch_2 is associated with display ADISPLAY_ID_NONE.
09-01 23:29:57.945 10239 10431 W System  : Ignoring header X-Firebase-Locale because its value was null.
09-01 23:29:57.961   290   290 D goldfish-address-space: claimShared: Ask to claim region [0x3f0965000 0x3f12ca000]
09-01 23:29:57.984 10239 10239 D LifecycleMonitor: Lifecycle status change: com.example.app1.authentication.LoginActivity@15d9bc in: PRE_ON_CREATE
09-01 23:29:58.075 10239 10239 D LifecycleMonitor: Lifecycle status change: com.example.app1.authentication.LoginActivity@15d9bc in: CREATED
09-01 23:29:58.079 10239 10239 D LifecycleMonitor: Lifecycle status change: com.example.app1.authentication.LoginActivity@15d9bc in: STARTED
09-01 23:29:58.079 10239 10239 D LifecycleMonitor: Lifecycle status change: com.example.app1.authentication.LoginActivity@15d9bc in: RESUMED
09-01 23:29:58.260   290   290 D goldfish-address-space: claimShared: Ask to claim region [0x3f12ca000 0x3f1b7b000]
09-01 23:29:58.279   290   400 D goldfish-address-space: claimShared: Ask to claim region [0x3f1b7b000 0x3f24e0000]
09-01 23:29:58.346   290   400 D goldfish-address-space: claimShared: Ask to claim region [0x3f24e0000 0x3f2d91000]
09-01 23:29:58.409   290   400 D goldfish-address-space: claimShared: Ask to claim region [0x3f2d91000 0x3f3642000]
09-01 23:29:58.487   501   510 I system_server: NativeAlloc concurrent copying GC freed 172555(6652KB) AllocSpace objects, 39(1612KB) LOS objects, 49% free, 16MB/33MB, paused 360us total 1.241s
09-01 23:29:58.510   501   511 W JavaBinder: BinderProxy is being destroyed but the application did not call unlinkToDeath to unlink all of its death recipients beforehand.  Releasing leaked death recipient: com.android.server.AlarmManagerService$2
09-01 23:29:58.511   501   511 I BpBinder: onLastStrongRef automatically unlinking death recipients: <uncached descriptor>
09-01 23:29:58.511   501   511 W JavaBinder: BinderProxy is being destroyed but the application did not call unlinkToDeath to unlink all of its death recipients beforehand.  Releasing leaked death recipient: com.android.server.AlarmManagerService$2
09-01 23:29:58.511   501   511 I BpBinder: onLastStrongRef automatically unlinking death recipients: <uncached descriptor>
09-01 23:29:58.518   338   338 I perfetto: probes_producer.cc:329  Producer stop (id=17)
09-01 23:29:58.520   339   339 I perfetto: ng_service_impl.cc:1948 Tracing session 17 ended, total sessions:1
09-01 23:29:58.522   501   511 W JavaBinder: BinderProxy is being destroyed but the application did not call unlinkToDeath to unlink all of its death recipients beforehand.  Releasing leaked death recipient: com.android.server.AlarmManagerService$2
09-01 23:29:58.522   501   511 I BpBinder: onLastStrongRef automatically unlinking death recipients: <uncached descriptor>
09-01 23:29:58.524   501   511 W JavaBinder: BinderProxy is being destroyed but the application did not call unlinkToDeath to unlink all of its death recipients beforehand.  Releasing leaked death recipient: com.android.server.AlarmManagerService$2
09-01 23:29:58.525   501   511 I BpBinder: onLastStrongRef automatically unlinking death recipients: <uncached descriptor>
09-01 23:29:58.694   501   537 D ArtManagerInternalImpl: /data/misc/iorapd/com.example.app1/1/com.example.app1.authentication.LoginActivity/compiled_traces/compiled_trace.pb doesn't exist
09-01 23:29:58.698   501   532 D EventSequenceValidator: dec AccIntentStartedEvents to 1
09-01 23:29:58.711   501   537 I ActivityTaskManager: Displayed com.example.app1/.authentication.LoginActivity: +769ms
09-01 23:29:58.922 10239 10239 I ViewInteraction: Checking 'MatchesViewAssertion{viewMatcher=(view has effective visibility <VISIBLE> and view.getGlobalVisibleRect() to return non-empty rectangle)}' assertion on view view.getId() is <2131362094/com.example.app1:id/logo>
09-01 23:29:58.926 10239 10431 W System  : Ignoring header X-Firebase-Locale because its value was null.
09-01 23:29:58.968   501   512 W System  : A resource failed to call release.
09-01 23:29:59.078   501   512 I chatty  : uid=1000(system) FinalizerDaemon identical 12 lines
09-01 23:29:59.079   501   512 W System  : A resource failed to call release.
09-01 23:29:59.143  9137 10436 I PBSessionCacheImpl: Deleted sessionId[40186613039216903] from persistence.
09-01 23:29:59.200  9137  9220 W SearchServiceCore: Abort, client detached.
09-01 23:29:59.201  9137  9220 I MicroDetectionState: Should stop hotword detection immediately - false
09-01 23:29:59.231 10239 10431 D FirebaseAuth: Notifying id token listeners about user ( jUMwGPPUP5g7wH0TmJQZzg6pvJt1 ).
09-01 23:29:59.233 10239 10431 D FirebaseAuth: Notifying auth state listeners about user ( jUMwGPPUP5g7wH0TmJQZzg6pvJt1 ).
09-01 23:29:59.260 10239 10251 I om.example.app: Background concurrent copying GC freed 74119(4349KB) AllocSpace objects, 60(1840KB) LOS objects, 49% free, 10181KB/19MB, paused 28us total 235.983ms
09-01 23:29:59.409 10239 10253 W System  : A resource failed to call dispose.
09-01 23:29:59.425 10239 10239 I ViewInteraction: Performing 'type text(test@test.com)' action on view should return first matching item
09-01 23:29:59.431   411   411 E wifi_forwarder: qemu_pipe_open_ns:62: Could not connect to the 'pipe:qemud:wififorward' service: Invalid argument
09-01 23:29:59.431   411   411 E wifi_forwarder: RemoteConnection failed to initialize: RemoteConnection failed to open pipe
09-01 23:29:59.496 10239 10239 I AssistStructure: Flattened final assist data: 2552 bytes, containing 1 windows, 14 views
09-01 23:29:59.512  9030  9030 W qei     : Pending fill request while another request in the same session was triggered. [CONTEXT service_id=177 ]
09-01 23:29:59.523  1400  1400 V InlineSuggestionRenderService: handleDestroySuggestionViews called for 0:1497302858
09-01 23:29:59.528  1380  1380 I KeyboardViewUtil: KeyboardViewUtil.getKeyboardHeightRatio():128 systemKeyboardHeightRatio:1.000000; userKeyboardHeightRatio:1.000000.
09-01 23:29:59.528  1380  1380 I AndroidIME: AbstractIme.onActivate():84 LatinIme.onActivate() : EditorInfo = Package = com.example.app1 : Type = Email : Learning = Disable : Suggestion = Show : AutoCorrection = Disable : Microphone = DisabledMic : NoPersonalizedLearning = Disable : AutoStartVoiceInput = Disable, IncognitoMode = false
09-01 23:29:59.528  1380  1380 I Delight5Facilitator: Delight5Facilitator.initializeForIme():561 initializeForIme() : Locale = [en_US], layout = qwerty
09-01 23:29:59.528  1380  1380 I VoiceInputManagerWrapper: VoiceInputManagerWrapper.cancelShutdown():55 cancelShutdown()
09-01 23:29:59.528  1380  1380 I VoiceInputManagerWrapper: VoiceInputManagerWrapper.syncLanguagePacks():67 syncLanguagePacks()
09-01 23:29:59.529  1380  3859 I SpeechFactory: SpeechRecognitionFactory.maybeScheduleAutoPackDownloadForFallback():160 maybeScheduleAutoPackDownloadForFallback()
09-01 23:29:59.529  1380  3859 I FallbackOnDeviceRecognitionProvider: FallbackOnDeviceRecognitionProvider.maybeScheduleAutoPackDownload():197 maybeScheduleAutoPackDownload() for language tag en-US
09-01 23:29:59.532  1380  1380 I KeyboardWrapper: KeyboardWrapper.consumeEvent():264 Skip consuming an event as current keyboard is deactivated (state=0, keyboard existence=true)
09-01 23:29:59.558  1380  1380 I KeyboardViewHelper: KeyboardViewHelper.getView():164 Get view with height ratio:1.000000; experiment height ratio:1.000000.
09-01 23:29:59.571  1380  1380 W KeyboardModeManager: KeyboardModeManager.setInputView():302 setInputView() : inputView = com.google.android.apps.inputmethod.libs.framework.core.InputView{c127a55 V.E...... ......ID 0,0-1080,1977}
09-01 23:29:59.571  1380  1380 I ConversationToQueryExtension: ConversationToQueryExtension.isEnabledForHostApp():252 Conv2Query not enabled due to current app [com.example.app1] not in whitelist
09-01 23:29:59.571  1380  1380 I ConversationToQueryExtension: ConversationToQueryExtension.onActivate():162 onActivate() : Disabled by unsupported host app
09-01 23:29:59.572  1380  1380 I CurrentMicStatusHolder: CurrentMicStatusHolder.onStartInputView():79 Current Mic status = {MicIconHidden-EmailInputType,}
09-01 23:29:59.572  1380  1380 I VoiceImeExtension: VoiceImeExtension.shouldStartVoiceInputAutomatically():336 No private IME option set to start voice input.
09-01 23:29:59.593  9742  9742 D BoundBrokerSvc: onBind: Intent { act=com.google.android.gms.common.BIND_SHARED_PREFS pkg=com.google.android.gms }
09-01 23:29:59.593  9742  9742 D BoundBrokerSvc: Loading bound service for intent: Intent { act=com.google.android.gms.common.BIND_SHARED_PREFS pkg=com.google.android.gms }
09-01 23:29:59.603   290   400 D goldfish-address-space: claimShared: Ask to claim region [0x3f3642000 0x3f3ef3000]
09-01 23:29:59.609  9742  9742 D BoundBrokerSvc: onUnbind: Intent { act=com.google.android.gms.common.BIND_SHARED_PREFS pkg=com.google.android.gms }
09-01 23:29:59.609   290   400 D goldfish-address-space: claimShared: Ask to claim region [0x3f1b7b000 0x3f242c000]
09-01 23:29:59.610   290   290 D goldfish-address-space: claimShared: Ask to claim region [0x3f0000000 0x3f08b1000]
09-01 23:29:59.621  9742  9742 D BoundBrokerSvc: onBind: Intent { act=com.google.android.gms.common.BIND_SHARED_PREFS pkg=com.google.android.gms }
09-01 23:29:59.621  9742  9742 D BoundBrokerSvc: Loading bound service for intent: Intent { act=com.google.android.gms.common.BIND_SHARED_PREFS pkg=com.google.android.gms }
09-01 23:29:59.629  9742  9742 D BoundBrokerSvc: onUnbind: Intent { act=com.google.android.gms.common.BIND_SHARED_PREFS pkg=com.google.android.gms }
09-01 23:29:59.641   409   409 E netmgr  : qemu_pipe_open_ns:62: Could not connect to the 'pipe:qemud:network' service: Invalid argument
09-01 23:29:59.641   409   409 E netmgr  : Failed to open QEMU pipe 'qemud:network': Invalid argument
09-01 23:29:59.690   290   290 D goldfish-address-space: claimShared: Ask to claim region [0x3f08b1000 0x3f1162000]
09-01 23:29:59.707   290   290 D goldfish-address-space: claimShared: Ask to claim region [0x3f6ad6000 0x3f7387000]
09-01 23:29:59.777 10239 10239 D UiControllerImpl: Injecting string: "test@test.com"
09-01 23:29:59.811   290   290 D goldfish-address-space: claimShared: Ask to claim region [0x3f1162000 0x3f1a13000]
09-01 23:29:59.939  1380  2546 I native  : input-context-store.cc:173 Ignoring stale client request for FetchSuggestions
09-01 23:29:59.944  1380  1380 W InputContextProxy: InputContextProxy.applyClientDiffInternal():832 Ignore [FetchSuggestions] diff due to stale request: 181<185, inputStateId=149, lastInputStateId=149
09-01 23:29:59.994  1380  1380 W InputContextProxy: InputContextProxy.applyClientDiffInternal():832 Ignore [FetchSuggestions] diff due to stale request: 185<188, inputStateId=150, lastInputStateId=151
09-01 23:30:00.300  1380  1380 E InputContextLock: InputContextLock.maybeTrackAcquireLockTime():29 Acquire InputContextLock takes 6 ms, mainThreadForSure=true.
09-01 23:30:00.425 10239 10239 I ViewInteraction: Performing 'type text(Test1#)' action on view should return first matching item
09-01 23:30:00.482  1380  1380 W TooltipLifecycleManager: TooltipLifecycleManager.dismissTooltip():130 dismissTooltip(): tooltip with id inline_suggestion_tooltip not found in tooltipManager.
09-01 23:30:00.483  1380  1380 W TooltipLifecycleManager: TooltipLifecycleManager.dismissTooltip():130 dismissTooltip(): tooltip with id inline_suggestion_tooltip not found in tooltipManager.
09-01 23:30:00.487  1380  1380 I KeyboardWrapper: KeyboardWrapper.consumeEvent():264 Skip consuming an event as current keyboard is deactivated (state=0, keyboard existence=true)
09-01 23:30:00.487  1380  1380 I VoiceInputManagerWrapper: VoiceInputManagerWrapper.shutdown():77 shutdown()
09-01 23:30:00.487  1380  1380 I AndroidIME: AbstractIme.onDeactivate():161 LatinIme.onDeactivate()
09-01 23:30:00.490 10239 10239 W IInputConnectionWrapper: beginBatchEdit on inactive InputConnection
09-01 23:30:00.490 10239 10239 W IInputConnectionWrapper: endBatchEdit on inactive InputConnection
09-01 23:30:00.517  1380  1380 I KeyboardViewUtil: KeyboardViewUtil.getKeyboardHeightRatio():128 systemKeyboardHeightRatio:1.000000; userKeyboardHeightRatio:1.000000.
09-01 23:30:00.518  1380  1380 I AndroidIME: AbstractIme.onActivate():84 PasswordIme.onActivate() : EditorInfo = Package = com.example.app1 : Type = Password : Learning = Disable : Suggestion = Hide : AutoCorrection = Disable : Microphone = Hide : NoPersonalizedLearning = Disable : AutoStartVoiceInput = Disable, IncognitoMode = false
09-01 23:30:00.526  1380  1380 I KeyboardViewHelper: KeyboardViewHelper.getView():164 Get view with height ratio:1.000000; experiment height ratio:1.000000.
09-01 23:30:00.556  1380  1380 W TooltipLifecycleManager: TooltipLifecycleManager.dismissTooltip():130 dismissTooltip(): tooltip with id inline_suggestion_tooltip not found in tooltipManager.
09-01 23:30:00.562  1380  1380 W KeyboardModeManager: KeyboardModeManager.setInputView():302 setInputView() : inputView = com.google.android.apps.inputmethod.libs.framework.core.InputView{c127a55 V.E...... ......ID 0,0-1080,1977}
09-01 23:30:00.562  1380  1380 I ConversationToQueryExtension: ConversationToQueryExtension.isEnabledForHostApp():252 Conv2Query not enabled due to current app [com.example.app1] not in whitelist
09-01 23:30:00.562  1380  1380 I ConversationToQueryExtension: ConversationToQueryExtension.onActivate():162 onActivate() : Disabled by unsupported host app
09-01 23:30:00.562  1380  1380 I CurrentMicStatusHolder: CurrentMicStatusHolder.onStartInputView():79 Current Mic status = {MicIconHidden-PasswordOrNumberOrDateInputType,}
09-01 23:30:00.562  1380  1380 I VoiceImeExtension: VoiceImeExtension.shouldStartVoiceInputAutomatically():336 No private IME option set to start voice input.
09-01 23:30:00.574  9742  9742 D BoundBrokerSvc: onBind: Intent { act=com.google.android.gms.common.BIND_SHARED_PREFS pkg=com.google.android.gms }
09-01 23:30:00.574  9742  9742 D BoundBrokerSvc: Loading bound service for intent: Intent { act=com.google.android.gms.common.BIND_SHARED_PREFS pkg=com.google.android.gms }
09-01 23:30:00.579  9742  9742 D BoundBrokerSvc: onUnbind: Intent { act=com.google.android.gms.common.BIND_SHARED_PREFS pkg=com.google.android.gms }
09-01 23:30:00.606  9742  9742 D BoundBrokerSvc: onBind: Intent { act=com.google.android.gms.common.BIND_SHARED_PREFS pkg=com.google.android.gms }
09-01 23:30:00.606  9742  9742 D BoundBrokerSvc: Loading bound service for intent: Intent { act=com.google.android.gms.common.BIND_SHARED_PREFS pkg=com.google.android.gms }
09-01 23:30:00.633  9742  9742 D BoundBrokerSvc: onUnbind: Intent { act=com.google.android.gms.common.BIND_SHARED_PREFS pkg=com.google.android.gms }
09-01 23:30:00.725 10239 10239 D UiControllerImpl: Injecting string: "Test1#"
09-01 23:30:01.049 10239 10239 I ViewInteraction: Performing 'close keyboard' action on view view.getId() is <2131362250/com.example.app1:id/sign_in>
09-01 23:30:01.058  1380  1380 I AndroidIME: AbstractIme.onDeactivate():161 PasswordIme.onDeactivate()
09-01 23:30:01.384 10239 10239 I ViewInteraction: Performing 'single click' action on view view.getId() is <2131362250/com.example.app1:id/sign_in>
09-01 23:30:01.435   501   532 D EventSequenceValidator: inc AccIntentStartedEvents to 2
09-01 23:30:01.438   501   532 D EventSequenceValidator: dec AccIntentStartedEvents to 1
09-01 23:30:01.447   501   988 I system_server: oneway function results will be dropped but finished with status OK and parcel size 4
09-01 23:30:01.449   501   988 I chatty  : uid=1000(system) Binder:501_A identical 1 line
09-01 23:30:01.450   501   988 I system_server: oneway function results will be dropped but finished with status OK and parcel size 4
09-01 23:30:01.451 10239 10239 D LifecycleMonitor: Lifecycle status change: com.example.app1.authentication.LoginActivity@15d9bc in: PAUSED
09-01 23:30:01.453   501  2320 W InputReader: Device virtio_input_multi_touch_9 is associated with display ADISPLAY_ID_NONE.
09-01 23:30:01.453   501  2320 W InputReader: Device virtio_input_multi_touch_6 is associated with display ADISPLAY_ID_NONE.
09-01 23:30:01.453   501  2320 W InputReader: Device virtio_input_multi_touch_3 is associated with display ADISPLAY_ID_NONE.
09-01 23:30:01.453   501  2320 W InputReader: Device virtio_input_multi_touch_7 is associated with display ADISPLAY_ID_NONE.
09-01 23:30:01.453   501  2320 W InputReader: Device virtio_input_multi_touch_8 is associated with display ADISPLAY_ID_NONE.
09-01 23:30:01.453   501  2320 W InputReader: Device virtio_input_multi_touch_10 is associated with display ADISPLAY_ID_NONE.
09-01 23:30:01.453   501  2320 W InputReader: Device virtio_input_multi_touch_4 is associated with display ADISPLAY_ID_NONE.
09-01 23:30:01.453   501  2320 W InputReader: Device virtio_input_multi_touch_11 is associated with display ADISPLAY_ID_NONE.
09-01 23:30:01.453   501  2320 W InputReader: Device virtio_input_multi_touch_5 is associated with display ADISPLAY_ID_NONE.
09-01 23:30:01.453   501  2320 W InputReader: Device virtio_input_multi_touch_2 is associated with display ADISPLAY_ID_NONE.
09-01 23:30:01.454   501  2320 W InputReader: Device virtio_input_multi_touch_9 is associated with display ADISPLAY_ID_NONE.
09-01 23:30:01.454   501  2320 W InputReader: Device virtio_input_multi_touch_6 is associated with display ADISPLAY_ID_NONE.
09-01 23:30:01.454   501  2320 W InputReader: Device virtio_input_multi_touch_3 is associated with display ADISPLAY_ID_NONE.
09-01 23:30:01.454   501  2320 W InputReader: Device virtio_input_multi_touch_7 is associated with display ADISPLAY_ID_NONE.
09-01 23:30:01.454   501  2320 W InputReader: Device virtio_input_multi_touch_8 is associated with display ADISPLAY_ID_NONE.
09-01 23:30:01.454   501  2320 W InputReader: Device virtio_input_multi_touch_10 is associated with display ADISPLAY_ID_NONE.
09-01 23:30:01.454   501  2320 W InputReader: Device virtio_input_multi_touch_4 is associated with display ADISPLAY_ID_NONE.
09-01 23:30:01.454   501  2320 W InputReader: Device virtio_input_multi_touch_11 is associated with display ADISPLAY_ID_NONE.
09-01 23:30:01.454   501  2320 W InputReader: Device virtio_input_multi_touch_5 is associated with display ADISPLAY_ID_NONE.
09-01 23:30:01.454   501  2320 W InputReader: Device virtio_input_multi_touch_2 is associated with display ADISPLAY_ID_NONE.
09-01 23:30:01.494 10239 10239 D LifecycleMonitor: Lifecycle status change: com.example.app1.authentication.SimpleSignInActivity@5eea754 in: PRE_ON_CREATE
09-01 23:30:01.501 10239 10431 W System  : Ignoring header X-Firebase-Locale because its value was null.
09-01 23:30:01.519 10239 10239 D LifecycleMonitor: Lifecycle status change: com.example.app1.authentication.SimpleSignInActivity@5eea754 in: CREATED
09-01 23:30:01.522 10239 10239 D LifecycleMonitor: Lifecycle status change: com.example.app1.authentication.SimpleSignInActivity@5eea754 in: STARTED
09-01 23:30:01.525 10239 10239 D LifecycleMonitor: Lifecycle status change: com.example.app1.authentication.SimpleSignInActivity@5eea754 in: RESUMED
09-01 23:30:01.590   501   528 I system_server: oneway function results will be dropped but finished with status OK and parcel size 4
09-01 23:30:01.610   290   290 D goldfish-address-space: claimShared: Ask to claim region [0x3f1a13000 0x3f2378000]
09-01 23:30:01.618   290   290 D goldfish-address-space: claimShared: Ask to claim region [0x3f2378000 0x3f2cdd000]
09-01 23:30:01.619   290   290 D goldfish-address-space: claimShared: Ask to claim region [0x3f2cdd000 0x3f3642000]
09-01 23:30:01.677   501   537 I ActivityTaskManager: Displayed com.example.app1/.authentication.SimpleSignInActivity: +241ms
09-01 23:30:01.755 10239 10431 W System  : Ignoring header X-Firebase-Locale because its value was null.
09-01 23:30:01.845   290   290 D goldfish-address-space: claimShared: Ask to claim region [0x3f3642000 0x3f3fa7000]
09-01 23:30:01.859   290   290 D goldfish-address-space: claimShared: Ask to claim region [0x3f7387000 0x3f7cec000]
09-01 23:30:01.903   290   290 D goldfish-address-space: claimShared: Ask to claim region [0x3f4c06000 0x3f556b000]
09-01 23:30:02.061 10239 10431 D FirebaseAuth: Notifying id token listeners about user ( jUMwGPPUP5g7wH0TmJQZzg6pvJt1 ).
09-01 23:30:02.101   290   290 D goldfish-address-space: claimShared: Ask to claim region [0x3f1a13000 0x3f2016000]
09-01 23:30:02.185   501   532 D EventSequenceValidator: inc AccIntentStartedEvents to 2
09-01 23:30:02.199   501   532 D EventSequenceValidator: dec AccIntentStartedEvents to 1
09-01 23:30:02.219 10239 10239 D LifecycleMonitor: Lifecycle status change: com.example.app1.authentication.SimpleSignInActivity@5eea754 in: PAUSED
09-01 23:30:02.222   501  2320 W InputReader: Device virtio_input_multi_touch_9 is associated with display ADISPLAY_ID_NONE.
09-01 23:30:02.222   501  2320 W InputReader: Device virtio_input_multi_touch_6 is associated with display ADISPLAY_ID_NONE.
09-01 23:30:02.222   501  2320 W InputReader: Device virtio_input_multi_touch_3 is associated with display ADISPLAY_ID_NONE.
09-01 23:30:02.222   501  2320 W InputReader: Device virtio_input_multi_touch_7 is associated with display ADISPLAY_ID_NONE.
09-01 23:30:02.222   501  2320 W InputReader: Device virtio_input_multi_touch_8 is associated with display ADISPLAY_ID_NONE.
09-01 23:30:02.222   501  2320 W InputReader: Device virtio_input_multi_touch_10 is associated with display ADISPLAY_ID_NONE.
09-01 23:30:02.222   501  2320 W InputReader: Device virtio_input_multi_touch_4 is associated with display ADISPLAY_ID_NONE.
09-01 23:30:02.222   501  2320 W InputReader: Device virtio_input_multi_touch_11 is associated with display ADISPLAY_ID_NONE.
09-01 23:30:02.222   501  2320 W InputReader: Device virtio_input_multi_touch_5 is associated with display ADISPLAY_ID_NONE.
09-01 23:30:02.222   501  2320 W InputReader: Device virtio_input_multi_touch_2 is associated with display ADISPLAY_ID_NONE.
09-01 23:30:02.222   501  2320 W InputReader: Device virtio_input_multi_touch_9 is associated with display ADISPLAY_ID_NONE.
09-01 23:30:02.222   501  2320 W InputReader: Device virtio_input_multi_touch_6 is associated with display ADISPLAY_ID_NONE.
09-01 23:30:02.222   501  2320 W InputReader: Device virtio_input_multi_touch_3 is associated with display ADISPLAY_ID_NONE.
09-01 23:30:02.222   501  2320 W InputReader: Device virtio_input_multi_touch_7 is associated with display ADISPLAY_ID_NONE.
09-01 23:30:02.222   501  2320 W InputReader: Device virtio_input_multi_touch_8 is associated with display ADISPLAY_ID_NONE.
09-01 23:30:02.222   501  2320 W InputReader: Device virtio_input_multi_touch_10 is associated with display ADISPLAY_ID_NONE.
09-01 23:30:02.222   501  2320 W InputReader: Device virtio_input_multi_touch_4 is associated with display ADISPLAY_ID_NONE.
09-01 23:30:02.222   501  2320 W InputReader: Device virtio_input_multi_touch_11 is associated with display ADISPLAY_ID_NONE.
09-01 23:30:02.222   501  2320 W InputReader: Device virtio_input_multi_touch_5 is associated with display ADISPLAY_ID_NONE.
09-01 23:30:02.222   501  2320 W InputReader: Device virtio_input_multi_touch_2 is associated with display ADISPLAY_ID_NONE.
09-01 23:30:02.263 10239 10239 D LifecycleMonitor: Lifecycle status change: com.example.app1.MainActivity@b9e0581 in: PRE_ON_CREATE
09-01 23:30:02.290   290   290 D goldfish-address-space: claimShared: Ask to claim region [0x3f3fa7000 0x3f3fe0000]
09-01 23:30:02.296   290   290 D goldfish-address-space: claimShared: Ask to claim region [0x3f2016000 0x3f204f000]
09-01 23:30:02.306   290   290 D goldfish-address-space: claimShared: Ask to claim region [0x3f204f000 0x3f2088000]
09-01 23:30:02.338 10239 10351 W SyncTree: Listen at /users/jUMwGPPUP5g7wH0TmJQZzg6pvJt1/topics failed: DatabaseError: Permission denied
09-01 23:30:02.356   907   914 I s.nexuslaunche: NativeAlloc concurrent copying GC freed 7270(388KB) AllocSpace objects, 0(0B) LOS objects, 49% free, 3813KB/7627KB, paused 41us total 195.509ms
09-01 23:30:02.359   907   916 W System  : A resource failed to call release.
09-01 23:30:02.359   907   916 I chatty  : uid=10136(com.google.android.apps.nexuslauncher) FinalizerDaemon identical 1 line
09-01 23:30:02.359   907   916 W System  : A resource failed to call release.
09-01 23:30:02.389 10239 10239 D LifecycleMonitor: Lifecycle status change: com.example.app1.MainActivity@b9e0581 in: CREATED
09-01 23:30:02.394 10239 10239 D LifecycleMonitor: Lifecycle status change: com.example.app1.MainActivity@b9e0581 in: STARTED
09-01 23:30:02.396 10239 10239 D LifecycleMonitor: Lifecycle status change: com.example.app1.MainActivity@b9e0581 in: RESUMED
09-01 23:30:02.422 10239 10239 W ERROR UPDATING DATA: Failed to read value.
09-01 23:30:02.422 10239 10239 W ERROR UPDATING DATA: com.google.firebase.database.DatabaseException: Firebase Database error: Permission denied
09-01 23:30:02.422 10239 10239 W ERROR UPDATING DATA: 	at com.google.firebase.database.DatabaseError.toException(DatabaseError.java:230)
09-01 23:30:02.422 10239 10239 W ERROR UPDATING DATA: 	at com.example.app1.MainActivity$onCreate$3.onCancelled(MainActivity.kt:107)
09-01 23:30:02.422 10239 10239 W ERROR UPDATING DATA: 	at com.google.firebase.database.core.ValueEventRegistration.fireCancelEvent(ValueEventRegistration.java:80)
09-01 23:30:02.422 10239 10239 W ERROR UPDATING DATA: 	at com.google.firebase.database.core.view.CancelEvent.fire(CancelEvent.java:40)
09-01 23:30:02.422 10239 10239 W ERROR UPDATING DATA: 	at com.google.firebase.database.core.view.EventRaiser$1.run(EventRaiser.java:55)
09-01 23:30:02.422 10239 10239 W ERROR UPDATING DATA: 	at android.os.Handler.handleCallback(Handler.java:938)
09-01 23:30:02.422 10239 10239 W ERROR UPDATING DATA: 	at android.os.Handler.dispatchMessage(Handler.java:99)
09-01 23:30:02.422 10239 10239 W ERROR UPDATING DATA: 	at androidx.test.espresso.base.Interrogator.loopAndInterrogate(Interrogator.java:14)
09-01 23:30:02.422 10239 10239 W ERROR UPDATING DATA: 	at androidx.test.espresso.base.UiControllerImpl.loopUntil(UiControllerImpl.java:8)
09-01 23:30:02.422 10239 10239 W ERROR UPDATING DATA: 	at androidx.test.espresso.base.UiControllerImpl.loopUntil(UiControllerImpl.java:1)
09-01 23:30:02.422 10239 10239 W ERROR UPDATING DATA: 	at androidx.test.espresso.base.UiControllerImpl.loopMainThreadForAtLeast(UiControllerImpl.java:8)
09-01 23:30:02.422 10239 10239 W ERROR UPDATING DATA: 	at androidx.test.espresso.action.GeneralClickAction.perform(GeneralClickAction.java:18)
09-01 23:30:02.422 10239 10239 W ERROR UPDATING DATA: 	at androidx.test.espresso.ViewInteraction$SingleExecutionViewAction.perform(ViewInteraction.java:2)
09-01 23:30:02.422 10239 10239 W ERROR UPDATING DATA: 	at androidx.test.espresso.ViewInteraction.doPerform(ViewInteraction.java:22)
09-01 23:30:02.422 10239 10239 W ERROR UPDATING DATA: 	at androidx.test.espresso.ViewInteraction.access$100(ViewInteraction.java:1)
09-01 23:30:02.422 10239 10239 W ERROR UPDATING DATA: 	at androidx.test.espresso.ViewInteraction$1.call(ViewInteraction.java:2)
09-01 23:30:02.422 10239 10239 W ERROR UPDATING DATA: 	at androidx.test.espresso.ViewInteraction$1.call(ViewInteraction.java:1)
09-01 23:30:02.422 10239 10239 W ERROR UPDATING DATA: 	at java.util.concurrent.FutureTask.run(FutureTask.java:266)
09-01 23:30:02.422 10239 10239 W ERROR UPDATING DATA: 	at android.os.Handler.handleCallback(Handler.java:938)
09-01 23:30:02.422 10239 10239 W ERROR UPDATING DATA: 	at android.os.Handler.dispatchMessage(Handler.java:99)
09-01 23:30:02.422 10239 10239 W ERROR UPDATING DATA: 	at android.os.Looper.loop(Looper.java:223)
09-01 23:30:02.422 10239 10239 W ERROR UPDATING DATA: 	at android.app.ActivityThread.main(ActivityThread.java:7656)
09-01 23:30:02.422 10239 10239 W ERROR UPDATING DATA: 	at java.lang.reflect.Method.invoke(Native Method)
09-01 23:30:02.422 10239 10239 W ERROR UPDATING DATA: 	at com.android.internal.os.RuntimeInit$MethodAndArgsCaller.run(RuntimeInit.java:592)
09-01 23:30:02.422 10239 10239 W ERROR UPDATING DATA: 	at com.android.internal.os.ZygoteInit.main(ZygoteInit.java:947)
09-01 23:30:02.454   705   719 I ndroid.systemu: NativeAlloc concurrent copying GC freed 9589(482KB) AllocSpace objects, 0(0B) LOS objects, 49% free, 7453KB/14MB, paused 37us total 284.169ms
09-01 23:30:02.468   290   290 D goldfish-address-space: claimShared: Ask to claim region [0x3f2088000 0x3f29ed000]
09-01 23:30:02.476 10239 10239 E RecyclerView: No adapter attached; skipping layout
09-01 23:30:02.477   290   290 D goldfish-address-space: claimShared: Ask to claim region [0x3f29ed000 0x3f3352000]
09-01 23:30:02.482   290   290 D goldfish-address-space: claimShared: Ask to claim region [0x3f556b000 0x3f5ed0000]
09-01 23:30:02.579   501   537 I ActivityTaskManager: Displayed com.example.app1/.MainActivity: +384ms
09-01 23:30:02.934   338   338 I perfetto: probes_producer.cc:329  Producer stop (id=18)
09-01 23:30:02.937   339   339 I perfetto: ng_service_impl.cc:1948 Tracing session 18 ended, total sessions:0
09-01 23:30:02.990   338   338 I perfetto: ftrace_procfs.cc:183    disabled ftrace
09-01 23:30:03.040   501  4011 D HostConnection: HostConnection::get() New Host Connection established 0xf32f7c90, tid 4011
09-01 23:30:03.076   501  4011 D HostConnection: HostComposition ext ANDROID_EMU_CHECKSUM_HELPER_v1 ANDROID_EMU_native_sync_v2 ANDROID_EMU_native_sync_v3 ANDROID_EMU_native_sync_v4 ANDROID_EMU_dma_v1 ANDROID_EMU_direct_mem ANDROID_EMU_host_composition_v1 ANDROID_EMU_host_composition_v2 ANDROID_EMU_vulkan ANDROID_EMU_deferred_vulkan_commands ANDROID_EMU_vulkan_null_optional_strings ANDROID_EMU_vulkan_create_resources_with_requirements ANDROID_EMU_YUV_Cache ANDROID_EMU_vulkan_ignored_handles ANDROID_EMU_has_shared_slots_host_memory_allocator ANDROID_EMU_vulkan_free_memory_sync ANDROID_EMU_vulkan_shader_float16_int8 ANDROID_EMU_vulkan_async_queue_submit ANDROID_EMU_sync_buffer_data ANDROID_EMU_read_color_buffer_dma GL_OES_EGL_image_external_essl3 GL_OES_vertex_array_object GL_KHR_texture_compression_astc_ldr ANDROID_EMU_host_side_tracing ANDROID_EMU_gles_max_version_3_0
09-01 23:30:03.083   501  4011 W OpenGLRenderer: Failed to choose config with EGL_SWAP_BEHAVIOR_PRESERVED, retrying without...
09-01 23:30:03.086   501  4011 D EGL_emulation: eglCreateContext: 0xb0ec1f20: maj 3 min 0 rcv 3
09-01 23:30:03.111   501  4011 D EGL_emulation: eglMakeCurrent: 0xb0ec1f20: ver 3 0 (tinfo 0xbac6f8f0) (first time)
09-01 23:30:03.277 10239 10239 D LifecycleMonitor: Lifecycle status change: com.example.app1.authentication.LoginActivity@15d9bc in: STOPPED
09-01 23:30:03.387 10239 10239 D LifecycleMonitor: Lifecycle status change: com.example.app1.authentication.SimpleSignInActivity@5eea754 in: STOPPED
09-01 23:30:03.393 10239 10239 D LifecycleMonitor: Lifecycle status change: com.example.app1.authentication.SimpleSignInActivity@5eea754 in: DESTROYED
09-01 23:30:04.553   501   988 I system_server: oneway function results will be dropped but finished with status OK and parcel size 4
09-01 23:30:04.975 10239 10356 W System.err: java.io.FileNotFoundException: https://st.ilfattoquotidiano.it/wp-content/themes/ifq-2019/assets/img/ifq-logo-squared.png
09-01 23:30:04.975 10239 10356 W System.err: 	at com.android.okhttp.internal.huc.HttpURLConnectionImpl.getInputStream(HttpURLConnectionImpl.java:255)
09-01 23:30:04.975 10239 10356 W System.err: 	at com.android.okhttp.internal.huc.DelegatingHttpsURLConnection.getInputStream(DelegatingHttpsURLConnection.java:211)
09-01 23:30:04.977 10239 10356 W System.err: 	at com.android.okhttp.internal.huc.HttpsURLConnectionImpl.getInputStream(HttpsURLConnectionImpl.java:30)
09-01 23:30:04.977 10239 10356 W System.err: 	at com.example.app1.CustomFeeder.getIcon(CustomFeeder.kt:173)
09-01 23:30:04.977 10239 10356 W System.err: 	at com.example.app1.CustomFeeder$setFeed$1.invokeSuspend(CustomFeeder.kt:112)
09-01 23:30:04.977 10239 10356 W System.err: 	at kotlin.coroutines.jvm.internal.BaseContinuationImpl.resumeWith(ContinuationImpl.kt:33)
09-01 23:30:04.977 10239 10356 W System.err: 	at kotlinx.coroutines.DispatchedTask.run(DispatchedTask.kt:106)
09-01 23:30:04.978 10239 10356 W System.err: 	at kotlinx.coroutines.internal.LimitedDispatcher.run(LimitedDispatcher.kt:42)
09-01 23:30:04.978 10239 10356 W System.err: 	at kotlinx.coroutines.scheduling.TaskImpl.run(Tasks.kt:95)
09-01 23:30:04.978 10239 10356 W System.err: 	at kotlinx.coroutines.scheduling.CoroutineScheduler.runSafely(CoroutineScheduler.kt:570)
09-01 23:30:04.980 10239 10356 W System.err: 	at kotlinx.coroutines.scheduling.CoroutineScheduler$Worker.executeTask(CoroutineScheduler.kt:749)
09-01 23:30:04.981 10239 10356 W System.err: 	at kotlinx.coroutines.scheduling.CoroutineScheduler$Worker.runWorker(CoroutineScheduler.kt:677)
09-01 23:30:04.981 10239 10356 W System.err: 	at kotlinx.coroutines.scheduling.CoroutineScheduler$Worker.run(CoroutineScheduler.kt:664)
09-01 23:30:05.761 10239 10251 I om.example.app: Background concurrent copying GC freed 122352(6097KB) AllocSpace objects, 63(10MB) LOS objects, 49% free, 10MB/21MB, paused 4.219ms total 390.220ms
09-01 23:30:06.399 10239 10253 W System  : A resource failed to call end.
09-01 23:30:06.399 10239 10253 I chatty  : uid=10155(com.example.app1) FinalizerDaemon identical 1 line
09-01 23:30:06.401 10239 10253 W System  : A resource failed to call end.
09-01 23:30:08.066 10239 10356 W System.err: java.io.FileNotFoundException: https://api-msfnews.mediaset.net/tgcom24/redirect/27493679
09-01 23:30:08.066 10239 10356 W System.err: 	at com.android.okhttp.internal.huc.HttpURLConnectionImpl.getInputStream(HttpURLConnectionImpl.java:255)
09-01 23:30:08.066 10239 10356 W System.err: 	at com.android.okhttp.internal.huc.DelegatingHttpsURLConnection.getInputStream(DelegatingHttpsURLConnection.java:211)
09-01 23:30:08.066 10239 10356 W System.err: 	at com.android.okhttp.internal.huc.HttpsURLConnectionImpl.getInputStream(HttpsURLConnectionImpl.java:30)
09-01 23:30:08.066 10239 10356 W System.err: 	at java.net.URL.openStream(URL.java:1072)
09-01 23:30:08.066 10239 10356 W System.err: 	at kotlin.io.TextStreamsKt.readBytes(ReadWrite.kt:150)
09-01 23:30:08.066 10239 10356 W System.err: 	at com.example.app1.CustomFeeder.getIcon(CustomFeeder.kt:148)
09-01 23:30:08.066 10239 10356 W System.err: 	at com.example.app1.CustomFeeder$setFeed$1.invokeSuspend(CustomFeeder.kt:112)
09-01 23:30:08.066 10239 10356 W System.err: 	at kotlin.coroutines.jvm.internal.BaseContinuationImpl.resumeWith(ContinuationImpl.kt:33)
09-01 23:30:08.066 10239 10356 W System.err: 	at kotlinx.coroutines.DispatchedTask.run(DispatchedTask.kt:106)
09-01 23:30:08.066 10239 10356 W System.err: 	at kotlinx.coroutines.internal.LimitedDispatcher.run(LimitedDispatcher.kt:42)
09-01 23:30:08.066 10239 10356 W System.err: 	at kotlinx.coroutines.scheduling.TaskImpl.run(Tasks.kt:95)
09-01 23:30:08.066 10239 10356 W System.err: 	at kotlinx.coroutines.scheduling.CoroutineScheduler.runSafely(CoroutineScheduler.kt:570)
09-01 23:30:08.066 10239 10356 W System.err: 	at kotlinx.coroutines.scheduling.CoroutineScheduler$Worker.executeTask(CoroutineScheduler.kt:749)
09-01 23:30:08.066 10239 10356 W System.err: 	at kotlinx.coroutines.scheduling.CoroutineScheduler$Worker.runWorker(CoroutineScheduler.kt:677)
09-01 23:30:08.066 10239 10356 W System.err: 	at kotlinx.coroutines.scheduling.CoroutineScheduler$Worker.run(CoroutineScheduler.kt:664)
09-01 23:30:09.570 10239 10251 I om.example.app: Background concurrent copying GC freed 116256(4615KB) AllocSpace objects, 78(9824KB) LOS objects, 49% free, 9593KB/18MB, paused 113us total 173.921ms
09-01 23:30:11.521 10239 10253 W System  : A resource failed to call end.
09-01 23:30:11.523 10239 10253 W System  : A resource failed to call end.
09-01 23:30:12.540 10239 10356 W System.err: org.xmlpull.v1.XmlPullParserException: name expected (position:START_TAG <a.length>@48:85 in java.io.InputStreamReader@a4090d3)
09-01 23:30:12.540 10239 10356 W System.err: 	at com.android.org.kxml2.io.KXmlParser.checkRelaxed(KXmlParser.java:305)
09-01 23:30:12.540 10239 10356 W System.err: 	at com.android.org.kxml2.io.KXmlParser.readName(KXmlParser.java:1548)
09-01 23:30:12.540 10239 10356 W System.err: 	at com.android.org.kxml2.io.KXmlParser.parseStartTag(KXmlParser.java:1091)
09-01 23:30:12.540 10239 10356 W System.err: 	at com.android.org.kxml2.io.KXmlParser.next(KXmlParser.java:372)
09-01 23:30:12.540 10239 10356 W System.err: 	at com.android.org.kxml2.io.KXmlParser.next(KXmlParser.java:313)
09-01 23:30:12.540 10239 10356 W System.err: 	at tw.ktrssreader.parser.AndroidParserBase.skip(AndroidParserBase.kt:145)
09-01 23:30:12.540 10239 10356 W System.err: 	at tw.ktrssreader.parser.AndroidParserBase.access$skip(AndroidParserBase.kt:69)
09-01 23:30:12.540 10239 10356 W System.err: 	at tw.ktrssreader.parser.AndroidParserBase.parseStandardChannel(AndroidParserBase.kt:466)
09-01 23:30:12.540 10239 10356 W System.err: 	at tw.ktrssreader.parser.AndroidRssStandardParser.parse(AndroidRssStandardParser.kt:27)
09-01 23:30:12.541 10239 10356 W System.err: 	at tw.ktrssreader.parser.AndroidRssStandardParser.parse(AndroidRssStandardParser.kt:22)
09-01 23:30:12.541 10239 10356 W System.err: 	at com.example.app1.CustomFeeder$setFeed$1.invokeSuspend(CustomFeeder.kt:255)
09-01 23:30:12.541 10239 10356 W System.err: 	at kotlin.coroutines.jvm.internal.BaseContinuationImpl.resumeWith(ContinuationImpl.kt:33)
09-01 23:30:12.541 10239 10356 W System.err: 	at kotlinx.coroutines.DispatchedTask.run(DispatchedTask.kt:106)
09-01 23:30:12.541 10239 10356 W System.err: 	at kotlinx.coroutines.internal.LimitedDispatcher.run(LimitedDispatcher.kt:42)
09-01 23:30:12.541 10239 10356 W System.err: 	at kotlinx.coroutines.scheduling.TaskImpl.run(Tasks.kt:95)
09-01 23:30:12.541 10239 10356 W System.err: 	at kotlinx.coroutines.scheduling.CoroutineScheduler.runSafely(CoroutineScheduler.kt:570)
09-01 23:30:12.541 10239 10356 W System.err: 	at kotlinx.coroutines.scheduling.CoroutineScheduler$Worker.executeTask(CoroutineScheduler.kt:749)
09-01 23:30:12.541 10239 10356 W System.err: 	at kotlinx.coroutines.scheduling.CoroutineScheduler$Worker.runWorker(CoroutineScheduler.kt:677)
09-01 23:30:12.541 10239 10356 W System.err: 	at kotlinx.coroutines.scheduling.CoroutineScheduler$Worker.run(CoroutineScheduler.kt:664)
09-01 23:30:13.099  9742  9742 D BoundBrokerSvc: onUnbind: Intent { act=com.google.android.gms.measurement.START pkg=com.google.android.gms }
09-01 23:30:14.570  9742  9742 D BoundBrokerSvc: onUnbind: Intent { act=com.google.android.mdd.service.START dat=chimera-action:com.google.android.mdd.service.START cmp=com.google.android.gms/.chimera.GmsBoundBrokerService }
09-01 23:30:15.648  9742  9742 D BoundBrokerSvc: onUnbind: Intent { act=com.google.firebase.dynamiclinks.service.START pkg=com.google.android.gms }
09-01 23:30:17.532  9137  9220 I WorkerManager: dispose()
09-01 23:30:17.532  9137  9220 W ThreadPoolDumper: Queue length for executor EventBus is now 11. Perhaps some tasks are too long, or the pool is too small.
09-01 23:30:20.529  1380  1459 I VoiceInputManagerWrapper: VoiceInputManagerWrapper.shutdownVoiceInternal():95 shutdownVoiceInternal()
09-01 23:30:21.292  8679  8679 I Finsky  : [2] abyu.onStartJob(3): SCH: onJobSchedulerWakeup with jobId 9003
09-01 23:30:21.296  8679  8679 I Finsky  : [2] abtz.a(9): SCH: Scheduling fallback job with id: 9034, and delay: 43200000 ms
09-01 23:30:21.305  8679  8679 I Finsky  : [2] abtz.b(9): SCH: Scheduling fallback in 64799998 (absolute: 66357870)
09-01 23:30:21.351  8679  8679 I Finsky  : [2] abui.handleMessage(8): SCH: DeviceState: DeviceState{currentTime=1662067821347, isCharging=false, isIdle=false, netAny=true, netNotRoaming=true, netUnmetered=true, batteryPercent=100.0}
09-01 23:30:21.364  8679 10691 I Finsky  : [794] abwt.b(5): SCH: Jobs in database: 1-1337 2-48879 3-1 10-78 24-77777777 26-1414141414 31-305419896
09-01 23:30:21.368  8679  8679 I Finsky  : [2] abuj.b(10): SCH: Running job: 31-305419896
09-01 23:30:21.369  8679  8679 W Finsky  : [2] fic.c(22): For unauth, use getDfeApiNonAuthenticated() instead!
09-01 23:30:21.369  8679  8679 I Finsky  : [2] abui.handleMessage(68): SCH: RunningQueue size: 1, PendingQueue size: 0
09-01 23:30:21.370  8679  8679 I Finsky  : [2] abuj.p(3): SCH: Running queue: 31-305419896
09-01 23:30:21.372  8679  8753 I Finsky  : [677] lrn.l(1): Account name null when calculating account hash
09-01 23:30:21.573  8679  8753 E Volley  : [677] dcg.a: Unexpected response code 404 for https://play-fe.googleapis.com/fdfe/deviceSettings
09-01 23:30:21.573  8679  8753 W Finsky  : [677] fjh.h(9): IOException while manually unzipping request.
09-01 23:30:21.575  8679  8730 E Finsky  : [659] luj.b(5): Error getting device settings.
09-01 23:30:21.575  8679  8730 E Finsky  : network time: 204, HTTP status code: 404, exception com.android.volley.ClientError
09-01 23:30:21.575  8679  8730 E Finsky  : 	at waj.hn(Unknown Source:4)
09-01 23:30:21.575  8679  8730 E Finsky  : 	at dbq.r(PG:2)
09-01 23:30:21.575  8679  8730 E Finsky  : 	at fam.r(PG:3)
09-01 23:30:21.575  8679  8730 E Finsky  : 	at dbj.run(PG:3)
09-01 23:30:21.575  8679  8730 E Finsky  : 	at android.os.Handler.handleCallback(Handler.java:938)
09-01 23:30:21.575  8679  8730 E Finsky  : 	at android.os.Handler.dispatchMessage(Handler.java:99)
09-01 23:30:21.575  8679  8730 E Finsky  : 	at android.os.Looper.loop(Looper.java:223)
09-01 23:30:21.575  8679  8730 E Finsky  : 	at android.app.ActivityThread.main(ActivityThread.java:7656)
09-01 23:30:21.575  8679  8730 E Finsky  : 	at java.lang.reflect.Method.invoke(Native Method)
09-01 23:30:21.575  8679  8730 E Finsky  : 	at com.android.internal.os.RuntimeInit$MethodAndArgsCaller.run(RuntimeInit.java:592)
09-01 23:30:21.575  8679  8730 E Finsky  : 	at com.android.internal.os.ZygoteInit.main(ZygoteInit.java:947)
09-01 23:30:21.575  8679  8722 E Finsky  : [651] luc.b(1): Error while refreshing device settings: network time: 204, HTTP status code: 404, exception com.android.volley.ClientError. Retrying.
09-01 23:30:21.575  8679  8722 E Finsky  : network time: 204, HTTP status code: 404, exception com.android.volley.ClientError
09-01 23:30:21.575  8679  8722 E Finsky  : 	at waj.hn(Unknown Source:4)
09-01 23:30:21.575  8679  8722 E Finsky  : 	at dbq.r(PG:2)
09-01 23:30:21.575  8679  8722 E Finsky  : 	at fam.r(PG:3)
09-01 23:30:21.575  8679  8722 E Finsky  : 	at dbj.run(PG:3)
09-01 23:30:21.575  8679  8722 E Finsky  : 	at android.os.Handler.handleCallback(Handler.java:938)
09-01 23:30:21.575  8679  8722 E Finsky  : 	at android.os.Handler.dispatchMessage(Handler.java:99)
09-01 23:30:21.575  8679  8722 E Finsky  : 	at android.os.Looper.loop(Looper.java:223)
09-01 23:30:21.575  8679  8722 E Finsky  : 	at android.app.ActivityThread.main(ActivityThread.java:7656)
09-01 23:30:21.575  8679  8722 E Finsky  : 	at java.lang.reflect.Method.invoke(Native Method)
09-01 23:30:21.575  8679  8722 E Finsky  : 	at com.android.internal.os.RuntimeInit$MethodAndArgsCaller.run(RuntimeInit.java:592)
09-01 23:30:21.575  8679  8722 E Finsky  : 	at com.android.internal.os.ZygoteInit.main(ZygoteInit.java:947)
09-01 23:30:21.576  8679  8722 I Finsky  : [651] abvs.n(4): SCH: jobFinished: 31-305419896. TimeElapsed: 207ms.
09-01 23:30:21.578  8679  8679 I Finsky  : [2] abuj.e(7): SCH: Job 31-305419896 finished. Rescheduling.
09-01 23:30:21.579  8679  8679 I Finsky  : [2] abui.handleMessage(68): SCH: RunningQueue size: 0, PendingQueue size: 0
09-01 23:30:21.579  8679  8679 I Finsky  : [2] abui.handleMessage(26): SCH: Executor finished
09-01 23:30:21.599  8679  8679 I Finsky  : [2] abwt.b(5): SCH: Jobs in database: 1-1337 2-48879 3-1 10-78 24-77777777 26-1414141414 31-305419896
09-01 23:30:21.604  8679  8679 I Finsky  : [2] abvf.d(37): SCH: ConstraintMapping: 24-77777777,  -> L: 0ms, D: 82152584ms, C: false, I: true, N: 0
09-01 23:30:21.605  8679  8679 I Finsky  : [2] abvf.d(37): SCH: ConstraintMapping: 1-1337, 31-305419896,  -> L: 511976ms, D: 47533732ms, C: false, I: false, N: 1
09-01 23:30:21.605  8679  8679 I Finsky  : [2] abvf.d(37): SCH: ConstraintMapping: 10-78,  -> L: 0ms, D: 85746398ms, C: false, I: true, N: 1
09-01 23:30:21.606  8679  8679 I Finsky  : [2] abvf.d(37): SCH: ConstraintMapping: 2-48879, 3-1,  -> L: 0ms, D: 85746375ms, C: true, I: true, N: 2
09-01 23:30:21.606  8679  8679 I Finsky  : [2] abvf.d(37): SCH: ConstraintMapping: 26-1414141414,  -> L: 252741ms, D: 1152741ms, C: false, I: false, N: 0
09-01 23:30:21.622  8679  8679 I Finsky  : [2] abvf.f(7): SCH: Cancelling existing jobscheduler jobs: 9006 9004 9005 9000
09-01 23:30:21.623  8679  8679 I Finsky  : [2] abvf.e(8): SCH: Throttling wakeup for job 9001 (expected to run in 0 ms) due to recent wakeup
09-01 23:30:21.623  8679  8679 I Finsky  : [2] abvf.e(23): SCH: Scheduling job Id: 9001, L: 30000, D: 82152584, C: false, I: true, N: 0
09-01 23:30:21.626  8679  8679 I Finsky  : [2] abvf.e(23): SCH: Scheduling job Id: 9002, L: 511976, D: 47533732, C: false, I: false, N: 1
09-01 23:30:21.632  8679  8679 I Finsky  : [2] abvf.e(8): SCH: Throttling wakeup for job 9007 (expected to run in 0 ms) due to recent wakeup
09-01 23:30:21.632  8679  8679 I Finsky  : [2] abvf.e(23): SCH: Scheduling job Id: 9007, L: 30000, D: 85746398, C: false, I: true, N: 1
09-01 23:30:21.634  8679  8679 I Finsky  : [2] abvf.e(8): SCH: Throttling wakeup for job 9008 (expected to run in 0 ms) due to recent wakeup
09-01 23:30:21.634  8679  8679 I Finsky  : [2] abvf.e(23): SCH: Scheduling job Id: 9008, L: 30000, D: 85746375, C: true, I: true, N: 2
09-01 23:30:21.637  8679  8679 I Finsky  : [2] abvf.e(23): SCH: Scheduling job Id: 9009, L: 252741, D: 1152741, C: false, I: false, N: 0
09-01 23:30:23.309  8679  8714 I Finsky  : [645] nmi.run(36): Stats for Executor: BlockingExecutor non@8971f6c[Running, pool size = 1, active threads = 0, queued tasks = 0, completed tasks = 269]
09-01 23:30:23.310  8679  8714 I Finsky  : [645] nmi.run(36): Stats for Executor: LightweightExecutor non@d737935[Running, pool size = 2, active threads = 0, queued tasks = 0, completed tasks = 322]
09-01 23:30:23.811  8679  8714 I Finsky  : [645] nmi.run(36): Stats for Executor: bgExecutor non@d16f1ca[Running, pool size = 4, active threads = 0, queued tasks = 0, completed tasks = 447]
09-01 23:30:39.518   197   215 E android.system.suspend@1.0-service: Error opening kernel wakelock stats for: wakeup34: Permission denied
09-01 23:30:39.516   197   197 W Binder:197_1: type=1400 audit(0.0:302): avc: denied { read } for name="wakeup34" dev="sysfs" ino=18627 scontext=u:r:system_suspend:s0 tcontext=u:object_r:sysfs:s0 tclass=dir permissive=0
