09-01 23:26:22.713 10239 10277 I OpenGLRenderer: Davey! duration=1264ms; Flags=1, IntendedVsync=1317929467002, Vsync=1317946133668, OldestInputEvent=9223372036854775807, NewestInputEvent=0, HandleInputStart=1317954060442, AnimationStart=1317954067881, PerformTraversalsStart=1317954078241, DrawStart=1318992249047, SyncQueued=1319140798582, SyncStart=1319225934309, IssueDrawCommandsStart=1319227566949, SwapBuffers=1319272658833, FrameCompleted=1319279242810, DequeueBufferDuration=777966, QueueBufferDuration=2438339, GpuCompleted=2866527522939570332,
09-01 23:26:22.844 10239 10239 I Choreographer: Skipped 85 frames!  The application may be doing too much work on its main thread.
09-01 23:26:22.905 10239 10277 I OpenGLRenderer: Davey! duration=1457ms; Flags=0, IntendedVsync=1317979484658, Vsync=1319396151268, OldestInputEvent=9223372036854775807, NewestInputEvent=0, HandleInputStart=1319410566719, AnimationStart=1319410573247, PerformTraversalsStart=1319410610323, DrawStart=1319411105465, SyncQueued=1319411134827, SyncStart=1319446279522, IssueDrawCommandsStart=1319446379081, SwapBuffers=1319451029115, FrameCompleted=1319472053201, DequeueBufferDuration=4376991, QueueBufferDuration=478761, GpuCompleted=2638349663053445374,
09-01 23:26:22.975   501   537 I ActivityTaskManager: Displayed com.example.app1/.MainActivity: +2s925ms
09-01 23:26:23.118  9030  9401 I FontLog : Pulling font file for id = 7, cache size = 6 [CONTEXT service_id=132 ]
09-01 23:26:23.177  9137  9220 I WorkerManager: dispose()
09-01 23:26:23.181  9137  9220 W ThreadPoolDumper: Queue length for executor EventBus is now 11. Perhaps some tasks are too long, or the pool is too small.
09-01 23:26:23.556 10239 10239 D LifecycleMonitor: Lifecycle status change: com.example.app1.authentication.LoginActivity@9713bf in: STOPPED
09-01 23:26:23.808   705   719 I ndroid.systemu: NativeAlloc concurrent copying GC freed 102894(4375KB) AllocSpace objects, 10(200KB) LOS objects, 49% free, 7868KB/15MB, paused 75us total 3.834s
09-01 23:26:24.160 10239 10351 W SyncTree: Listen at /users/36GMO3DyO7QpAnKTabZ5v7yUpJn2/topics failed: DatabaseError: Permission denied
09-01 23:26:24.176 10239 10239 D LifecycleMonitor: Lifecycle status change: com.example.app1.authentication.SimpleSignInActivity@5dabb7d in: STOPPED
09-01 23:26:24.194 10239 10239 D LifecycleMonitor: Lifecycle status change: com.example.app1.authentication.SimpleSignInActivity@5dabb7d in: DESTROYED
09-01 23:26:24.546 10239 10239 W ERROR UPDATING DATA: Failed to read value.
09-01 23:26:24.546 10239 10239 W ERROR UPDATING DATA: com.google.firebase.database.DatabaseException: Firebase Database error: Permission denied
09-01 23:26:24.546 10239 10239 W ERROR UPDATING DATA: 	at com.google.firebase.database.DatabaseError.toException(DatabaseError.java:230)
09-01 23:26:24.546 10239 10239 W ERROR UPDATING DATA: 	at com.example.app1.MainActivity$onCreate$3.onCancelled(MainActivity.kt:107)
09-01 23:26:24.546 10239 10239 W ERROR UPDATING DATA: 	at com.google.firebase.database.core.ValueEventRegistration.fireCancelEvent(ValueEventRegistration.java:80)
09-01 23:26:24.546 10239 10239 W ERROR UPDATING DATA: 	at com.google.firebase.database.core.view.CancelEvent.fire(CancelEvent.java:40)
09-01 23:26:24.546 10239 10239 W ERROR UPDATING DATA: 	at com.google.firebase.database.core.view.EventRaiser$1.run(EventRaiser.java:55)
09-01 23:26:24.546 10239 10239 W ERROR UPDATING DATA: 	at android.os.Handler.handleCallback(Handler.java:938)
09-01 23:26:24.546 10239 10239 W ERROR UPDATING DATA: 	at android.os.Handler.dispatchMessage(Handler.java:99)
09-01 23:26:24.546 10239 10239 W ERROR UPDATING DATA: 	at androidx.test.espresso.base.Interrogator.loopAndInterrogate(Interrogator.java:14)
09-01 23:26:24.546 10239 10239 W ERROR UPDATING DATA: 	at androidx.test.espresso.base.UiControllerImpl.loopUntil(UiControllerImpl.java:8)
09-01 23:26:24.546 10239 10239 W ERROR UPDATING DATA: 	at androidx.test.espresso.base.UiControllerImpl.loopUntil(UiControllerImpl.java:1)
09-01 23:26:24.546 10239 10239 W ERROR UPDATING DATA: 	at androidx.test.espresso.base.UiControllerImpl.loopMainThreadForAtLeast(UiControllerImpl.java:8)
09-01 23:26:24.546 10239 10239 W ERROR UPDATING DATA: 	at androidx.test.espresso.action.Tap$1.sendTap(Tap.java:6)
09-01 23:26:24.546 10239 10239 W ERROR UPDATING DATA: 	at androidx.test.espresso.action.GeneralClickAction.perform(GeneralClickAction.java:6)
09-01 23:26:24.546 10239 10239 W ERROR UPDATING DATA: 	at androidx.test.espresso.ViewInteraction$SingleExecutionViewAction.perform(ViewInteraction.java:2)
09-01 23:26:24.546 10239 10239 W ERROR UPDATING DATA: 	at androidx.test.espresso.ViewInteraction.doPerform(ViewInteraction.java:22)
09-01 23:26:24.546 10239 10239 W ERROR UPDATING DATA: 	at androidx.test.espresso.ViewInteraction.access$100(ViewInteraction.java:1)
09-01 23:26:24.546 10239 10239 W ERROR UPDATING DATA: 	at androidx.test.espresso.ViewInteraction$1.call(ViewInteraction.java:2)
09-01 23:26:24.546 10239 10239 W ERROR UPDATING DATA: 	at androidx.test.espresso.ViewInteraction$1.call(ViewInteraction.java:1)
09-01 23:26:24.546 10239 10239 W ERROR UPDATING DATA: 	at java.util.concurrent.FutureTask.run(FutureTask.java:266)
09-01 23:26:24.546 10239 10239 W ERROR UPDATING DATA: 	at android.os.Handler.handleCallback(Handler.java:938)
09-01 23:26:24.546 10239 10239 W ERROR UPDATING DATA: 	at android.os.Handler.dispatchMessage(Handler.java:99)
09-01 23:26:24.546 10239 10239 W ERROR UPDATING DATA: 	at android.os.Looper.loop(Looper.java:223)
09-01 23:26:24.546 10239 10239 W ERROR UPDATING DATA: 	at android.app.ActivityThread.main(ActivityThread.java:7656)
09-01 23:26:24.546 10239 10239 W ERROR UPDATING DATA: 	at java.lang.reflect.Method.invoke(Native Method)
09-01 23:26:24.546 10239 10239 W ERROR UPDATING DATA: 	at com.android.internal.os.RuntimeInit$MethodAndArgsCaller.run(RuntimeInit.java:592)
09-01 23:26:24.546 10239 10239 W ERROR UPDATING DATA: 	at com.android.internal.os.ZygoteInit.main(ZygoteInit.java:947)
09-01 23:26:32.478 10239 10356 W System.err: java.io.FileNotFoundException: https://st.ilfattoquotidiano.it/wp-content/themes/ifq-2019/assets/img/ifq-logo-squared.png
09-01 23:26:32.479 10239 10356 W System.err: 	at com.android.okhttp.internal.huc.HttpURLConnectionImpl.getInputStream(HttpURLConnectionImpl.java:255)
09-01 23:26:32.479 10239 10356 W System.err: 	at com.android.okhttp.internal.huc.DelegatingHttpsURLConnection.getInputStream(DelegatingHttpsURLConnection.java:211)
09-01 23:26:32.479 10239 10356 W System.err: 	at com.android.okhttp.internal.huc.HttpsURLConnectionImpl.getInputStream(HttpsURLConnectionImpl.java:30)
09-01 23:26:32.479 10239 10356 W System.err: 	at com.example.app1.CustomFeeder.getIcon(CustomFeeder.kt:173)
09-01 23:26:32.479 10239 10356 W System.err: 	at com.example.app1.CustomFeeder$setFeed$1.invokeSuspend(CustomFeeder.kt:112)
09-01 23:26:32.479 10239 10356 W System.err: 	at kotlin.coroutines.jvm.internal.BaseContinuationImpl.resumeWith(ContinuationImpl.kt:33)
09-01 23:26:32.479 10239 10356 W System.err: 	at kotlinx.coroutines.DispatchedTask.run(DispatchedTask.kt:106)
09-01 23:26:32.479 10239 10356 W System.err: 	at kotlinx.coroutines.internal.LimitedDispatcher.run(LimitedDispatcher.kt:42)
09-01 23:26:32.479 10239 10356 W System.err: 	at kotlinx.coroutines.scheduling.TaskImpl.run(Tasks.kt:95)
09-01 23:26:32.479 10239 10356 W System.err: 	at kotlinx.coroutines.scheduling.CoroutineScheduler.runSafely(CoroutineScheduler.kt:570)
09-01 23:26:32.487 10239 10356 W System.err: 	at kotlinx.coroutines.scheduling.CoroutineScheduler$Worker.executeTask(CoroutineScheduler.kt:749)
09-01 23:26:32.488 10239 10356 W System.err: 	at kotlinx.coroutines.scheduling.CoroutineScheduler$Worker.runWorker(CoroutineScheduler.kt:677)
09-01 23:26:32.488 10239 10356 W System.err: 	at kotlinx.coroutines.scheduling.CoroutineScheduler$Worker.run(CoroutineScheduler.kt:664)
09-01 23:26:33.286  9742  9742 D BoundBrokerSvc: onUnbind: Intent { act=com.google.firebase.dynamiclinks.service.START pkg=com.google.android.gms }
09-01 23:26:33.470 10239 10251 I om.example.app: Background concurrent copying GC freed 201749(10MB) AllocSpace objects, 115(11MB) LOS objects, 49% free, 13MB/27MB, paused 81us total 578.647ms
09-01 23:26:33.552 10239 10253 W System  : A resource failed to call end.
09-01 23:26:35.969 10239 10356 W System.err: java.io.FileNotFoundException: https://api-msfnews.mediaset.net/tgcom24/redirect/27493679
09-01 23:26:35.969 10239 10356 W System.err: 	at com.android.okhttp.internal.huc.HttpURLConnectionImpl.getInputStream(HttpURLConnectionImpl.java:255)
09-01 23:26:35.969 10239 10356 W System.err: 	at com.android.okhttp.internal.huc.DelegatingHttpsURLConnection.getInputStream(DelegatingHttpsURLConnection.java:211)
09-01 23:26:35.969 10239 10356 W System.err: 	at com.android.okhttp.internal.huc.HttpsURLConnectionImpl.getInputStream(HttpsURLConnectionImpl.java:30)
09-01 23:26:35.969 10239 10356 W System.err: 	at java.net.URL.openStream(URL.java:1072)
09-01 23:26:35.969 10239 10356 W System.err: 	at kotlin.io.TextStreamsKt.readBytes(ReadWrite.kt:150)
09-01 23:26:35.969 10239 10356 W System.err: 	at com.example.app1.CustomFeeder.getIcon(CustomFeeder.kt:148)
09-01 23:26:35.970 10239 10356 W System.err: 	at com.example.app1.CustomFeeder$setFeed$1.invokeSuspend(CustomFeeder.kt:112)
09-01 23:26:35.970 10239 10356 W System.err: 	at kotlin.coroutines.jvm.internal.BaseContinuationImpl.resumeWith(ContinuationImpl.kt:33)
09-01 23:26:35.970 10239 10356 W System.err: 	at kotlinx.coroutines.DispatchedTask.run(DispatchedTask.kt:106)
09-01 23:26:35.970 10239 10356 W System.err: 	at kotlinx.coroutines.internal.LimitedDispatcher.run(LimitedDispatcher.kt:42)
09-01 23:26:35.970 10239 10356 W System.err: 	at kotlinx.coroutines.scheduling.TaskImpl.run(Tasks.kt:95)
09-01 23:26:35.970 10239 10356 W System.err: 	at kotlinx.coroutines.scheduling.CoroutineScheduler.runSafely(CoroutineScheduler.kt:570)
09-01 23:26:35.970 10239 10356 W System.err: 	at kotlinx.coroutines.scheduling.CoroutineScheduler$Worker.executeTask(CoroutineScheduler.kt:749)
09-01 23:26:35.970 10239 10356 W System.err: 	at kotlinx.coroutines.scheduling.CoroutineScheduler$Worker.runWorker(CoroutineScheduler.kt:677)
09-01 23:26:35.970 10239 10356 W System.err: 	at kotlinx.coroutines.scheduling.CoroutineScheduler$Worker.run(CoroutineScheduler.kt:664)
09-01 23:26:36.666 10239 10253 W System  : A resource failed to call end.
09-01 23:26:36.885  1380  1459 I VoiceInputManagerWrapper: VoiceInputManagerWrapper.shutdownVoiceInternal():95 shutdownVoiceInternal()
09-01 23:26:37.308  9742  9742 D BoundBrokerSvc: onUnbind: Intent { act=com.google.android.gms.measurement.START pkg=com.google.android.gms }
09-01 23:26:37.359   155   155 E SELinux : avc:  denied  { find } for interface=android.hardware.memtrack::IMemtrack sid=u:r:gmscore_app:s0:c512,c768 pid=9742 scontext=u:r:gmscore_app:s0:c512,c768 tcontext=u:object_r:hal_memtrack_hwservice:s0 tclass=hwservice_manager permissive=0
09-01 23:26:37.360  9742 10378 E memtrack: Couldn't load memtrack module
09-01 23:26:37.436   277   277 I Zygote  : Process 8761 exited due to signal 9 (Killed)
09-01 23:26:37.452   501   540 I libprocessgroup: Successfully killed process cgroup uid 10101 pid 8761 in 135ms
09-01 23:26:37.929 10239 10253 W System  : A resource failed to call end.
09-01 23:26:37.930 10239 10253 W System  : A resource failed to call end.
09-01 23:26:38.374  9030  9030 D BoundBrokerSvc: onUnbind: Intent { act=com.google.android.gms.herrevad.services.LightweightNetworkQualityAndroidService.START pkg=com.google.android.gms }
09-01 23:26:38.498  9030  9030 D BoundBrokerSvc: onUnbind: Intent { act=com.google.android.gms.phenotype.service.START pkg=com.google.android.gms }
09-01 23:26:40.090 10239 10251 I om.example.app: Background concurrent copying GC freed 53457(2152KB) AllocSpace objects, 64(6912KB) LOS objects, 49% free, 8053KB/15MB, paused 364us total 150.752ms
09-01 23:26:40.093 10239 10253 W System  : A resource failed to call end.
09-01 23:26:40.996 10239 10356 W System.err: org.xmlpull.v1.XmlPullParserException: name expected (position:START_TAG <a.length>@48:85 in java.io.InputStreamReader@c508503)
09-01 23:26:40.997 10239 10356 W System.err: 	at com.android.org.kxml2.io.KXmlParser.checkRelaxed(KXmlParser.java:305)
09-01 23:26:41.006 10239 10356 W System.err: 	at com.android.org.kxml2.io.KXmlParser.readName(KXmlParser.java:1548)
09-01 23:26:41.006 10239 10356 W System.err: 	at com.android.org.kxml2.io.KXmlParser.parseStartTag(KXmlParser.java:1091)
09-01 23:26:41.007 10239 10356 W System.err: 	at com.android.org.kxml2.io.KXmlParser.next(KXmlParser.java:372)
09-01 23:26:41.007 10239 10356 W System.err: 	at com.android.org.kxml2.io.KXmlParser.next(KXmlParser.java:313)
09-01 23:26:41.011 10239 10356 W System.err: 	at tw.ktrssreader.parser.AndroidParserBase.skip(AndroidParserBase.kt:145)
09-01 23:26:41.011 10239 10356 W System.err: 	at tw.ktrssreader.parser.AndroidParserBase.access$skip(AndroidParserBase.kt:69)
09-01 23:26:41.012 10239 10356 W System.err: 	at tw.ktrssreader.parser.AndroidParserBase.parseStandardChannel(AndroidParserBase.kt:466)
09-01 23:26:41.012 10239 10356 W System.err: 	at tw.ktrssreader.parser.AndroidRssStandardParser.parse(AndroidRssStandardParser.kt:27)
09-01 23:26:41.012 10239 10356 W System.err: 	at tw.ktrssreader.parser.AndroidRssStandardParser.parse(AndroidRssStandardParser.kt:22)
09-01 23:26:41.012 10239 10356 W System.err: 	at com.example.app1.CustomFeeder$setFeed$1.invokeSuspend(CustomFeeder.kt:255)
09-01 23:26:41.012 10239 10356 W System.err: 	at kotlin.coroutines.jvm.internal.BaseContinuationImpl.resumeWith(ContinuationImpl.kt:33)
09-01 23:26:41.012 10239 10356 W System.err: 	at kotlinx.coroutines.DispatchedTask.run(DispatchedTask.kt:106)
09-01 23:26:41.012 10239 10356 W System.err: 	at kotlinx.coroutines.internal.LimitedDispatcher.run(LimitedDispatcher.kt:42)
09-01 23:26:41.012 10239 10356 W System.err: 	at kotlinx.coroutines.scheduling.TaskImpl.run(Tasks.kt:95)
09-01 23:26:41.012 10239 10356 W System.err: 	at kotlinx.coroutines.scheduling.CoroutineScheduler.runSafely(CoroutineScheduler.kt:570)
09-01 23:26:41.012 10239 10356 W System.err: 	at kotlinx.coroutines.scheduling.CoroutineScheduler$Worker.executeTask(CoroutineScheduler.kt:749)
09-01 23:26:41.012 10239 10356 W System.err: 	at kotlinx.coroutines.scheduling.CoroutineScheduler$Worker.runWorker(CoroutineScheduler.kt:677)
09-01 23:26:41.012 10239 10356 W System.err: 	at kotlinx.coroutines.scheduling.CoroutineScheduler$Worker.run(CoroutineScheduler.kt:664)
09-01 23:26:41.675   277   277 I Zygote  : Process 8807 exited due to signal 9 (Killed)
09-01 23:26:41.710   705   705 V KeyguardUpdateMonitor: onSubscriptionInfoChanged()
09-01 23:26:41.734  1023  1023 D Telephony: isEmergencyPreferredAccount: subId=1, activeData=1
09-01 23:26:41.734  1023  1023 D Telephony: isEmergencyPreferredAccount: Device does not require preference.
09-01 23:26:41.741   705   705 V KeyguardUpdateMonitor: SubInfo:{id=1 iccId=890141032[****] simSlotIndex=0 carrierId=1 displayName=T-Mobile carrierName=T-Mobile nameSource=3 iconTint=-16746133 number=[****] dataRoaming=0 iconBitmap=android.graphics.Bitmap@4fd5b13 mcc=310 mnc=260 countryIso=us isEmbedded=false nativeAccessRules=null cardString=890141032[****] cardId=-1 isOpportunistic=false groupUUID=null isGroupDisabled=false profileClass=-1 ehplmns=null hplmns=null subscriptionType=0 groupOwner=null carrierConfigAccessRules=null areUiccApplicationsEnabled=true}
09-01 23:26:41.713   501   540 I libprocessgroup: Successfully killed process cgroup uid 10101 pid 8807 in 136ms
09-01 23:26:43.064 10239 10277 I OpenGLRenderer: Davey! duration=1983ms; Flags=0, IntendedVsync=1337646513733, Vsync=1337646513733, OldestInputEvent=9223372036854775807, NewestInputEvent=0, HandleInputStart=1337650153204, AnimationStart=1337650158046, PerformTraversalsStart=1337650159540, DrawStart=1339370620199, SyncQueued=1339594525622, SyncStart=1339595425429, IssueDrawCommandsStart=1339596163639, SwapBuffers=1339628748201, FrameCompleted=1339630728783, DequeueBufferDuration=175711, QueueBufferDuration=1118385, GpuCompleted=1337113500834,
09-01 23:26:45.067  8679  8679 I Finsky  : [2] abyu.onStartJob(3): SCH: onJobSchedulerWakeup with jobId 9002
09-01 23:26:45.071  8679  8679 I Finsky  : [2] abtz.a(9): SCH: Scheduling fallback job with id: 9034, and delay: 43200000 ms
09-01 23:26:45.092  8679  8679 I Finsky  : [2] abtz.b(9): SCH: Scheduling fallback in 64799994 (absolute: 66141652)
09-01 23:26:45.100   277   277 D Zygote  : Forked child process 10391
09-01 23:26:45.116 10391 10391 W oid.setupwizar: Unexpected CPU variant for X86 using defaults: x86
09-01 23:26:45.126 10391 10391 E oid.setupwizar: Not starting debugger since process cannot load the jdwp agent.
09-01 23:26:45.130  8679  8679 I Finsky  : [2] abui.handleMessage(8): SCH: DeviceState: DeviceState{currentTime=1662067605123, isCharging=false, isIdle=false, netAny=true, netNotRoaming=true, netUnmetered=true, batteryPercent=100.0}
09-01 23:26:45.138  9030  9111 I NetworkScheduler.Stats: Task com.google.android.gms/com.google.android.gms.auth.account.be.legacy.AuthCronService started execution. cause:4 exec_start_elapsed_seconds: 1341 [CONTEXT service_id=218 ]
09-01 23:26:45.147  8679 10406 I Finsky  : [790] abwt.b(5): SCH: Jobs in database: 1-1337 2-48879 3-1 10-78 12-1 24-77777777 26-1414141414 31-305419896
09-01 23:26:45.161 10391 10391 I oid.setupwizar: The ClassLoaderContext is a special shared library.
09-01 23:26:45.161  8679  8679 I Finsky  : [2] abuj.b(10): SCH: Running job: 12-1
09-01 23:26:45.162  8679  8679 I Finsky  : [2] ContentSyncJob.r(1): [ContentSync] job started
09-01 23:26:45.168  8679  8679 I Finsky  : [2] abui.handleMessage(68): SCH: RunningQueue size: 1, PendingQueue size: 0
09-01 23:26:45.168  8679  8679 I Finsky  : [2] abuj.p(3): SCH: Running queue: 12-1
09-01 23:26:45.176 10391 10391 I oid.setupwizar: The ClassLoaderContext is a special shared library.
09-01 23:26:45.177 10391 10391 D nativeloader: classloader namespace configured for unbundled product apk. library_path=/product/priv-app/SetupWizardPrebuilt/lib/x86:/product/priv-app/SetupWizardPrebuilt/SetupWizardPrebuilt.apk!/lib/x86:/product/lib:/system/product/lib
09-01 23:26:45.187 10391 10391 D NetworkSecurityConfig: No Network Security Config specified, using platform default
09-01 23:26:45.188 10391 10391 D NetworkSecurityConfig: No Network Security Config specified, using platform default
09-01 23:26:45.250 10391 10391 I SetupWizard: [bea] Start loading FRP status
09-01 23:26:45.262 10391 10391 I SetupWizard: [amd] Enabling all components
09-01 23:26:45.329 10391 10391 I TetheringManager: registerTetheringEventCallback:com.google.android.setupwizard
09-01 23:26:45.333 10391 10391 I SetupWizard: [PreDeferredLifecycleCallback] Wifi connectivity already present. Scheduling PreDeferredServiceScheduler.
09-01 23:26:45.341 10391 10391 I SetupWizard: [PreDeferredServiceScheduler] Scheduled job#2651 to run
09-01 23:26:45.343 10391 10405 D TelephonyRegistryManager: onSubscriptionsChangedListener callback received.
09-01 23:26:45.350 10391 10391 D CompatibilityChangeReporter: Compat change id reported: 147600208; UID 10100; state: ENABLED
09-01 23:26:45.430  9742  9742 D BoundBrokerSvc: onBind: Intent { act=com.google.android.gms.checkin.START pkg=com.google.android.gms }
09-01 23:26:45.430  9742  9742 D BoundBrokerSvc: Loading bound service for intent: Intent { act=com.google.android.gms.checkin.START pkg=com.google.android.gms }
09-01 23:26:45.438  8679 10410 I Finsky  : [792] glv.b(1): Completed 0 account content syncs with 0 successful.
09-01 23:26:45.439  8679  8679 I Finsky  : [2] ContentSyncJob.a(1): [ContentSync] Installation state replication succeeded.
09-01 23:26:45.439  8679  8679 I Finsky  : [2] abvs.n(4): SCH: jobFinished: 12-1. TimeElapsed: 277ms.
09-01 23:26:45.439  8679  8679 I Finsky  : [2] abuj.e(4): SCH: Job 12-1 finished. Not rescheduling.
09-01 23:26:45.440  8679  8679 I Finsky  : [2] abui.handleMessage(68): SCH: RunningQueue size: 0, PendingQueue size: 0
09-01 23:26:45.440  8679  8679 I Finsky  : [2] abui.handleMessage(26): SCH: Executor finished
09-01 23:26:45.472  8679  8679 I Finsky  : [2] abwt.b(5): SCH: Jobs in database: 1-1337 2-48879 3-1 10-78 24-77777777 26-1414141414 31-305419896
09-01 23:26:45.476  8679  8679 I Finsky  : [2] abvf.d(37): SCH: ConstraintMapping: 24-77777777,  -> L: 0ms, D: 82368711ms, C: false, I: true, N: 0
09-01 23:26:45.476  8679  8679 I Finsky  : [2] abvf.d(37): SCH: ConstraintMapping: 1-1337, 31-305419896,  -> L: 215715ms, D: 47749859ms, C: false, I: false, N: 1
09-01 23:26:45.477  8679  8679 I Finsky  : [2] abvf.d(37): SCH: ConstraintMapping: 10-78,  -> L: 0ms, D: 85962525ms, C: false, I: true, N: 1
09-01 23:26:45.477  8679  8679 I Finsky  : [2] abvf.d(37): SCH: ConstraintMapping: 2-48879, 3-1,  -> L: 0ms, D: 85962502ms, C: true, I: true, N: 2
09-01 23:26:45.477  8679  8679 I Finsky  : [2] abvf.d(37): SCH: ConstraintMapping: 26-1414141414,  -> L: 468868ms, D: 1368868ms, C: false, I: false, N: 0
09-01 23:26:45.480  9030  9258 W ChimeraSrvcProxy: Failed to read the buffer size file. Using default NullBinder reply size. java.io.FileNotFoundException: /data/user_de/0/com.google.android.gms/files/binder_buffer_size.txt: open failed: ENOENT (No such file or directory)
09-01 23:26:45.504  9030  9258 I ChimeraSrvcProxy: NullBinder for android.net.action.RECOMMEND_NETWORKS triggering remote TransactionTooLargeException due to Service without Chimera impl
09-01 23:26:45.504  9030  9258 I .gms.persisten: oneway function results will be dropped but finished with status OK and parcel size 1056768
09-01 23:26:45.511  9030  9998 W GLSUser : [AppCertManager] IOException while requesting key:
09-01 23:26:45.511  9030  9998 W GLSUser : java.io.IOException: Invalid device key response.
09-01 23:26:45.511  9030  9998 W GLSUser : 	at llu.b(:com.google.android.gms@222615040@22.26.15 (150700-461192076):29)
09-01 23:26:45.511  9030  9998 W GLSUser : 	at lls.b(:com.google.android.gms@222615040@22.26.15 (150700-461192076):2)
09-01 23:26:45.511  9030  9998 W GLSUser : 	at lln.a(:com.google.android.gms@222615040@22.26.15 (150700-461192076):0)
09-01 23:26:45.511  9030  9998 W GLSUser : 	at llq.a(:com.google.android.gms@222615040@22.26.15 (150700-461192076):5)
09-01 23:26:45.511  9030  9998 W GLSUser : 	at jcs.call(:com.google.android.gms@222615040@22.26.15 (150700-461192076):13)
09-01 23:26:45.511  9030  9998 W GLSUser : 	at java.util.concurrent.FutureTask.run(FutureTask.java:266)
09-01 23:26:45.511  9030  9998 W GLSUser : 	at xoc.c(:com.google.android.gms@222615040@22.26.15 (150700-461192076):6)
09-01 23:26:45.511  9030  9998 W GLSUser : 	at xoc.run(:com.google.android.gms@222615040@22.26.15 (150700-461192076):7)
09-01 23:26:45.511  9030  9998 W GLSUser : 	at java.util.concurrent.ThreadPoolExecutor.runWorker(ThreadPoolExecutor.java:1167)
09-01 23:26:45.511  9030  9998 W GLSUser : 	at java.util.concurrent.ThreadPoolExecutor$Worker.run(ThreadPoolExecutor.java:641)
09-01 23:26:45.511  9030  9998 W GLSUser : 	at xth.run(:com.google.android.gms@222615040@22.26.15 (150700-461192076):0)
09-01 23:26:45.511  9030  9998 W GLSUser : 	at java.lang.Thread.run(Thread.java:923)
09-01 23:26:45.545  8679  8679 I Finsky  : [2] abvf.f(7): SCH: Cancelling existing jobscheduler jobs: 9007 9008 9009 9001
09-01 23:26:45.545  8679  8679 I Finsky  : [2] abvf.e(8): SCH: Throttling wakeup for job 9000 (expected to run in 0 ms) due to recent wakeup
09-01 23:26:45.545  8679  8679 I Finsky  : [2] abvf.e(23): SCH: Scheduling job Id: 9000, L: 30000, D: 82368711, C: false, I: true, N: 0
09-01 23:26:45.552  8679  8679 I Finsky  : [2] abvf.e(23): SCH: Scheduling job Id: 9003, L: 215715, D: 47749859, C: false, I: false, N: 1
09-01 23:26:45.554 10391 10391 I SetupWizard: [auu] User unlocked, initiate a checkin
09-01 23:26:45.554 10391 10391 I SetupWizard: [auu] Checking Android ID
09-01 23:26:45.556 10391 10391 I SetupWizard: [auu] Last checkin fingerprint=google/sdk_gphone_x86/generic_x86_arm:11/RSR1.201013.001/6903271:user/release-keys
09-01 23:26:45.557  8679  8679 I Finsky  : [2] abvf.e(8): SCH: Throttling wakeup for job 9004 (expected to run in 0 ms) due to recent wakeup
09-01 23:26:45.557   501  2320 I WifiService: startScan uid=10100
09-01 23:26:45.557  8679  8679 I Finsky  : [2] abvf.e(23): SCH: Scheduling job Id: 9004, L: 30000, D: 85962525, C: false, I: true, N: 1
09-01 23:26:45.562  8679  8679 I Finsky  : [2] abvf.e(8): SCH: Throttling wakeup for job 9005 (expected to run in 0 ms) due to recent wakeup
09-01 23:26:45.562  8679  8679 I Finsky  : [2] abvf.e(23): SCH: Scheduling job Id: 9005, L: 30000, D: 85962502, C: true, I: true, N: 2
09-01 23:26:45.565  8679  8679 I Finsky  : [2] abvf.e(23): SCH: Scheduling job Id: 9006, L: 468868, D: 1368868, C: false, I: false, N: 0
09-01 23:26:45.586  9030 10361 I NetworkScheduler.Stats: Task com.google.android.gms/com.google.android.gms.auth.account.be.legacy.AuthCronService finished executing. cause:4 result: 2 elapsed_millis: 493 uptime_millis: 493 exec_start_elapsed_seconds: 1341 [CONTEXT service_id=218 ]
09-01 23:26:45.610 10391 10391 I SetupWizard: [PreDeferredServiceScheduler] Current network type is 1
09-01 23:26:45.613 10391 10391 I SetupWizard: [PreDeferredServiceScheduler] Using Wi-Fi
09-01 23:26:45.633 10391 10391 I SetupWizard: [bea] frpStatus=supported=false challengeRequired=false duration=377ms
09-01 23:26:45.661 10391 10391 I SetupWizard: [apc] [logReason:Get Notification Priority, PersonalizationComplete: false, DPEnable: false, DPExisted: false, DPComplete: false, DAHPActions: 2, DAMPActions:3 , DAPAReason:Copy your data, set wallpaper, and more]
09-01 23:26:45.666 10391 10391 I SetupWizard: [PreDeferredUpdateService] Dismissing wifi notification and showing prepared notification
09-01 23:26:45.682 10391 10391 I SetupWizard: [PreDeferredUpdateService] Checking if deferred setup can be launched. updateComplete=false, requirementsMet=true, updateAttempted=true, blockOnUpdateFailed=false
09-01 23:26:45.698 10391 10391 I SetupWizard: [auu] Checkin complete
09-01 23:26:45.721 10391 10391 I SetupWizard: [DeferredSetupNotificationSchedulerService] Deferred notification scheduled at Thu Sep 01 23:11:36 GMT+02:00 2022
09-01 23:26:45.725 10391 10391 I SetupWizard: [DeferredSetupNotificationSchedulerService] Removing existing notification because notification type is 3
09-01 23:26:45.823  9030  9040 I .gms.persisten: Background young concurrent copying GC freed 143566(8686KB) AllocSpace objects, 30(1076KB) LOS objects, 44% free, 12MB/21MB, paused 12.514ms total 294.222ms
09-01 23:26:45.930 10391 10391 I SetupWizard: [apc] [logReason:Get Notification Priority, PersonalizationComplete: false, DPEnable: false, DPExisted: false, DPComplete: false, DAHPActions: 2, DAMPActions:3 , DAPAReason:Copy your data, set wallpaper, and more]
09-01 23:26:45.952   705   705 D InterruptionStateProvider: No bubble up: not allowed to bubble: 0|com.google.android.setupwizard|6|null|10100
09-01 23:26:45.953   705   705 D InterruptionStateProvider: No heads up: unimportant notification: 0|com.google.android.setupwizard|6|null|10100
09-01 23:26:45.990  9030  9042 W System  : A resource failed to call close.
09-01 23:26:45.990  9030  9042 W System  : A resource failed to call close.
09-01 23:26:45.997 10391 10391 I SetupWizard: [apc] [logReason:Get Notification Priority, PersonalizationComplete: false, DPEnable: false, DPExisted: false, DPComplete: false, DAHPActions: 2, DAMPActions:3 , DAPAReason:Copy your data, set wallpaper, and more]
09-01 23:26:46.044 10391 10391 I SetupWizard: [DeferredSetupNotificationSchedulerService] Deferred notification scheduled at Thu Sep 01 23:26:50 GMT+02:00 2022
09-01 23:26:46.086 10391 10391 I SetupWizard: [DeferredSetupNotificationSchedulerService] Deferred notification scheduled at Thu Sep 01 23:26:50 GMT+02:00 2022
09-01 23:26:46.156   501   510 I system_server: Background young concurrent copying GC freed 124171(5169KB) AllocSpace objects, 18(744KB) LOS objects, 15% free, 28MB/33MB, paused 26.417ms total 410.406ms
09-01 23:26:46.165   501   512 W System  : A resource failed to call release.
09-01 23:26:46.168   501   512 I chatty  : uid=1000(system) FinalizerDaemon identical 5 lines
09-01 23:26:46.168   501   512 W System  : A resource failed to call release.
09-01 23:26:48.981  9137 10344 W GmsLocationProvider: Error removing location updates: 16
09-01 23:26:49.317   501  1172 D WifiNl80211Manager: Scan result ready event
09-01 23:26:49.317   501  1172 D WifiNative: Scan result ready event
09-01 23:26:50.715 10391 10391 I SetupWizard: [apc] [logReason:Get Notification Priority, PersonalizationComplete: false, DPEnable: false, DPExisted: false, DPComplete: false, DAHPActions: 2, DAMPActions:3 , DAPAReason:Copy your data, set wallpaper, and more]
09-01 23:26:50.983   705   705 D InterruptionStateProvider: No bubble up: not allowed to bubble: 0|com.google.android.setupwizard|3|DeferredSetupNotification|10100
09-01 23:26:50.983   705   705 D InterruptionStateProvider: No heads up: unimportant notification: 0|com.google.android.setupwizard|3|DeferredSetupNotification|10100
09-01 23:26:55.572   501  2320 I WifiService: startScan uid=10100
09-01 23:26:55.778  9742  9779 I GMS_MM_Logger: Memory Metric Logging not allowed. Stopping.
09-01 23:26:59.252   411   411 E wifi_forwarder: qemu_pipe_open_ns:62: Could not connect to the 'pipe:qemud:wififorward' service: Invalid argument
09-01 23:26:59.252   411   411 E wifi_forwarder: RemoteConnection failed to initialize: RemoteConnection failed to open pipe
09-01 23:26:59.325   501  2320 D WifiNl80211Manager: Scan result ready event
09-01 23:26:59.326   501  2320 D WifiNative: Scan result ready event
09-01 23:26:59.457   409   409 E netmgr  : qemu_pipe_open_ns:62: Could not connect to the 'pipe:qemud:network' service: Invalid argument
09-01 23:26:59.457   409   409 E netmgr  : Failed to open QEMU pipe 'qemud:network': Invalid argument
09-01 23:27:00.612  9742  9742 D BoundBrokerSvc: onUnbind: Intent { act=com.google.android.gms.checkin.START pkg=com.google.android.gms }
09-01 23:27:03.448   197   197 W Binder:197_1: type=1400 audit(0.0:286): avc: denied { read } for name="wakeup34" dev="sysfs" ino=18627 scontext=u:r:system_suspend:s0 tcontext=u:object_r:sysfs:s0 tclass=dir permissive=0
09-01 23:27:03.449   197   215 E android.system.suspend@1.0-service: Error opening kernel wakelock stats for: wakeup34: Permission denied
09-01 23:27:03.471   197   215 E android.system.suspend@1.0-service: Error opening kernel wakelock stats for: wakeup35: Permission denied
09-01 23:27:03.468   197   197 W Binder:197_1: type=1400 audit(0.0:287): avc: denied { read } for name="wakeup35" dev="sysfs" ino=18690 scontext=u:r:system_suspend:s0 tcontext=u:object_r:sysfs:s0 tclass=dir permissive=0
09-01 23:27:04.807 10239 10239 I ViewInteraction: Checking 'MatchesViewAssertion{viewMatcher=(view has effective visibility <VISIBLE> and view.getGlobalVisibleRect() to return non-empty rectangle)}' assertion on view view.getId() is <2131362216/com.example.app1:id/rv>
09-01 23:27:05.603   501   564 I WifiService: startScan uid=10100
09-01 23:27:09.229   197   215 E android.system.suspend@1.0-service: Error opening kernel wakelock stats for: wakeup34: Permission denied
09-01 23:27:09.228   197   197 W Binder:197_1: type=1400 audit(0.0:288): avc: denied { read } for name="wakeup34" dev="sysfs" ino=18627 scontext=u:r:system_suspend:s0 tcontext=u:object_r:sysfs:s0 tclass=dir permissive=0
09-01 23:27:09.240   197   215 E android.system.suspend@1.0-service: Error opening kernel wakelock stats for: wakeup35: Permission denied
09-01 23:27:09.236   197   197 W Binder:197_1: type=1400 audit(0.0:289): avc: denied { read } for name="wakeup35" dev="sysfs" ino=18690 scontext=u:r:system_suspend:s0 tcontext=u:object_r:sysfs:s0 tclass=dir permissive=0
09-01 23:27:09.353   501  1171 D WifiNl80211Manager: Scan result ready event
09-01 23:27:09.354   501  1171 D WifiNative: Scan result ready event
09-01 23:27:15.522 10391 10391 I SetupWizard: [atc] Pausing wifi scanner.
09-01 23:27:15.636   501  1171 D WifiNl80211Manager: Scan result ready event
09-01 23:27:15.636   501  1171 D WifiNative: Scan result ready event
09-01 23:27:35.452   197   215 E android.system.suspend@1.0-service: Error opening kernel wakelock stats for: wakeup34: Permission denied
09-01 23:27:35.448   197   197 W Binder:197_1: type=1400 audit(0.0:290): avc: denied { read } for name="wakeup34" dev="sysfs" ino=18627 scontext=u:r:system_suspend:s0 tcontext=u:object_r:sysfs:s0 tclass=dir permissive=0
09-01 23:27:35.465   197   215 E android.system.suspend@1.0-service: Error opening kernel wakelock stats for: wakeup35: Permission denied
09-01 23:27:35.464   197   197 W Binder:197_1: type=1400 audit(0.0:291): avc: denied { read } for name="wakeup35" dev="sysfs" ino=18690 scontext=u:r:system_suspend:s0 tcontext=u:object_r:sysfs:s0 tclass=dir permissive=0
09-01 23:27:39.512   197   197 W Binder:197_1: type=1400 audit(0.0:292): avc: denied { read } for name="wakeup34" dev="sysfs" ino=18627 scontext=u:r:system_suspend:s0 tcontext=u:object_r:sysfs:s0 tclass=dir permissive=0
09-01 23:27:39.514   197   215 E android.system.suspend@1.0-service: Error opening kernel wakelock stats for: wakeup34: Permission denied
09-01 23:27:39.520   197   197 W Binder:197_1: type=1400 audit(0.0:293): avc: denied { read } for name="wakeup35" dev="sysfs" ino=18690 scontext=u:r:system_suspend:s0 tcontext=u:object_r:sysfs:s0 tclass=dir permissive=0
09-01 23:27:39.522   197   215 E android.system.suspend@1.0-service: Error opening kernel wakelock stats for: wakeup35: Permission denied
09-01 23:27:45.320 10239 10239 I ViewInteraction: Checking 'MatchesViewAssertion{viewMatcher=(view has effective visibility <VISIBLE> and view.getGlobalVisibleRect() to return non-empty rectangle)}' assertion on view view.getId() is <2131362216/com.example.app1:id/rv>
09-01 23:27:45.325 10239 10267 I TestRunner: finished: signInSuccessfully(com.example.app1.AuthenticationTests)
