09-01 23:34:57.917 10818 10818 D BoundBrokerSvc: Loading bound service for intent: Intent { act=com.google.android.gms.common.BIND_SHARED_PREFS pkg=com.google.android.gms }
09-01 23:34:57.933 10818 10818 D BoundBrokerSvc: onUnbind: Intent { act=com.google.android.gms.common.BIND_SHARED_PREFS pkg=com.google.android.gms }
09-01 23:34:57.948 10818 10818 D BoundBrokerSvc: onBind: Intent { act=com.google.android.gms.common.BIND_SHARED_PREFS pkg=com.google.android.gms }
09-01 23:34:57.948 10818 10818 D BoundBrokerSvc: Loading bound service for intent: Intent { act=com.google.android.gms.common.BIND_SHARED_PREFS pkg=com.google.android.gms }
09-01 23:34:57.954 10818 10818 D BoundBrokerSvc: onUnbind: Intent { act=com.google.android.gms.common.BIND_SHARED_PREFS pkg=com.google.android.gms }
09-01 23:34:57.982 10239 10251 I om.example.app: Background concurrent copying GC freed 118673(5731KB) AllocSpace objects, 48(1892KB) LOS objects, 49% free, 10MB/20MB, paused 107us total 156.748ms
09-01 23:34:58.044 10239 10239 D UiControllerImpl: Injecting string: "password_not_matching"
09-01 23:34:58.517   501   591 D InputDispatcher: Waiting to send key to Window{fd502ae u0 com.example.app1/com.example.app1.authentication.LoginActivity} because there are unprocessed events that may cause focus to change
09-01 23:34:59.026 10239 10239 I ViewInteraction: Performing 'close keyboard' action on view view.getId() is <2131362250/com.example.app1:id/sign_in>
09-01 23:34:59.029  1380  1380 I AndroidIME: AbstractIme.onDeactivate():161 PasswordIme.onDeactivate()
09-01 23:34:59.309   338   338 I perfetto: probes_producer.cc:329  Producer stop (id=36)
09-01 23:34:59.310   338   338 I perfetto: ftrace_procfs.cc:183    disabled ftrace
09-01 23:34:59.312   339   339 I perfetto: ng_service_impl.cc:1948 Tracing session 36 ended, total sessions:0
09-01 23:34:59.356 10239 10239 I ViewInteraction: Performing 'single click' action on view view.getId() is <2131362250/com.example.app1:id/sign_in>
09-01 23:34:59.417   501   532 D EventSequenceValidator: inc AccIntentStartedEvents to 2
09-01 23:34:59.466 10239 10239 D LifecycleMonitor: Lifecycle status change: com.example.app1.authentication.LoginActivity@8972c93 in: PAUSED
09-01 23:34:59.470   501  2382 W InputReader: Device virtio_input_multi_touch_9 is associated with display ADISPLAY_ID_NONE.
09-01 23:34:59.470   501  2382 W InputReader: Device virtio_input_multi_touch_6 is associated with display ADISPLAY_ID_NONE.
09-01 23:34:59.470   501  2382 W InputReader: Device virtio_input_multi_touch_3 is associated with display ADISPLAY_ID_NONE.
09-01 23:34:59.470   501  2382 W InputReader: Device virtio_input_multi_touch_7 is associated with display ADISPLAY_ID_NONE.
09-01 23:34:59.470   501  2382 W InputReader: Device virtio_input_multi_touch_8 is associated with display ADISPLAY_ID_NONE.
09-01 23:34:59.470   501  2382 W InputReader: Device virtio_input_multi_touch_10 is associated with display ADISPLAY_ID_NONE.
09-01 23:34:59.470   501  2382 W InputReader: Device virtio_input_multi_touch_4 is associated with display ADISPLAY_ID_NONE.
09-01 23:34:59.470   501  2382 W InputReader: Device virtio_input_multi_touch_11 is associated with display ADISPLAY_ID_NONE.
09-01 23:34:59.470   501  2382 W InputReader: Device virtio_input_multi_touch_5 is associated with display ADISPLAY_ID_NONE.
09-01 23:34:59.470   501  2382 W InputReader: Device virtio_input_multi_touch_2 is associated with display ADISPLAY_ID_NONE.
09-01 23:34:59.470   501  2382 W InputReader: Device virtio_input_multi_touch_9 is associated with display ADISPLAY_ID_NONE.
09-01 23:34:59.471   501  2382 W InputReader: Device virtio_input_multi_touch_6 is associated with display ADISPLAY_ID_NONE.
09-01 23:34:59.471   501  2382 W InputReader: Device virtio_input_multi_touch_3 is associated with display ADISPLAY_ID_NONE.
09-01 23:34:59.471   501  2382 W InputReader: Device virtio_input_multi_touch_7 is associated with display ADISPLAY_ID_NONE.
09-01 23:34:59.471   501  2382 W InputReader: Device virtio_input_multi_touch_8 is associated with display ADISPLAY_ID_NONE.
09-01 23:34:59.471   501  2382 W InputReader: Device virtio_input_multi_touch_10 is associated with display ADISPLAY_ID_NONE.
09-01 23:34:59.471   501  2382 W InputReader: Device virtio_input_multi_touch_4 is associated with display ADISPLAY_ID_NONE.
09-01 23:34:59.471   501  2382 W InputReader: Device virtio_input_multi_touch_11 is associated with display ADISPLAY_ID_NONE.
09-01 23:34:59.471   501  2382 W InputReader: Device virtio_input_multi_touch_5 is associated with display ADISPLAY_ID_NONE.
09-01 23:34:59.471   501  2382 W InputReader: Device virtio_input_multi_touch_2 is associated with display ADISPLAY_ID_NONE.
09-01 23:34:59.477   501   532 D EventSequenceValidator: dec AccIntentStartedEvents to 1
09-01 23:34:59.480   501   631 I system_server: oneway function results will be dropped but finished with status OK and parcel size 4
09-01 23:34:59.492   501  2172 I system_server: oneway function results will be dropped but finished with status OK and parcel size 4
09-01 23:34:59.506 10239 10239 D LifecycleMonitor: Lifecycle status change: com.example.app1.authentication.SimpleSignInActivity@2502733 in: PRE_ON_CREATE
09-01 23:34:59.519 10239 10945 W System  : Ignoring header X-Firebase-Locale because its value was null.
09-01 23:34:59.558 10239 10239 D LifecycleMonitor: Lifecycle status change: com.example.app1.authentication.SimpleSignInActivity@2502733 in: CREATED
09-01 23:34:59.560   312   466 D AudioFlinger: mixer(0xe8438030) throttle end: throttle time(2)
09-01 23:34:59.572 10239 10239 D LifecycleMonitor: Lifecycle status change: com.example.app1.authentication.SimpleSignInActivity@2502733 in: STARTED
09-01 23:34:59.592   501   631 I system_server: oneway function results will be dropped but finished with status OK and parcel size 4
09-01 23:34:59.598 10239 10239 D LifecycleMonitor: Lifecycle status change: com.example.app1.authentication.SimpleSignInActivity@2502733 in: RESUMED
09-01 23:34:59.701   411   411 E wifi_forwarder: qemu_pipe_open_ns:62: Could not connect to the 'pipe:qemud:wififorward' service: Invalid argument
09-01 23:34:59.701   411   411 E wifi_forwarder: RemoteConnection failed to initialize: RemoteConnection failed to open pipe
09-01 23:34:59.718   290  5663 D goldfish-address-space: claimShared: Ask to claim region [0x3f5162000 0x3f5ac7000]
09-01 23:34:59.741   290  5663 D goldfish-address-space: claimShared: Ask to claim region [0x3f5ac7000 0x3f642c000]
09-01 23:34:59.743   290  5663 D goldfish-address-space: claimShared: Ask to claim region [0x3f642c000 0x3f6d91000]
09-01 23:34:59.824   409   409 E netmgr  : qemu_pipe_open_ns:62: Could not connect to the 'pipe:qemud:network' service: Invalid argument
09-01 23:34:59.824   409   409 E netmgr  : Failed to open QEMU pipe 'qemud:network': Invalid argument
09-01 23:34:59.895   501   537 I ActivityTaskManager: Displayed com.example.app1/.authentication.SimpleSignInActivity: +479ms
09-01 23:34:59.957   290  5663 D goldfish-address-space: claimShared: Ask to claim region [0x3f0c06000 0x3f1209000]
09-01 23:35:00.042 10239 10239 D LifecycleMonitor: Lifecycle status change: com.example.app1.authentication.SimpleSignInActivity@2502733 in: PAUSED
09-01 23:35:00.072   501  1652 W InputReader: Device virtio_input_multi_touch_9 is associated with display ADISPLAY_ID_NONE.
09-01 23:35:00.072   501  1652 W InputReader: Device virtio_input_multi_touch_6 is associated with display ADISPLAY_ID_NONE.
09-01 23:35:00.072   501  1652 W InputReader: Device virtio_input_multi_touch_3 is associated with display ADISPLAY_ID_NONE.
09-01 23:35:00.072   501  1652 W InputReader: Device virtio_input_multi_touch_7 is associated with display ADISPLAY_ID_NONE.
09-01 23:35:00.072   501  1652 W InputReader: Device virtio_input_multi_touch_8 is associated with display ADISPLAY_ID_NONE.
09-01 23:35:00.072   501  1652 W InputReader: Device virtio_input_multi_touch_10 is associated with display ADISPLAY_ID_NONE.
09-01 23:35:00.072   501  1652 W InputReader: Device virtio_input_multi_touch_4 is associated with display ADISPLAY_ID_NONE.
09-01 23:35:00.072   501  1652 W InputReader: Device virtio_input_multi_touch_11 is associated with display ADISPLAY_ID_NONE.
09-01 23:35:00.072   501  1652 W InputReader: Device virtio_input_multi_touch_5 is associated with display ADISPLAY_ID_NONE.
09-01 23:35:00.072   501  1652 W InputReader: Device virtio_input_multi_touch_2 is associated with display ADISPLAY_ID_NONE.
09-01 23:35:00.073   501  1652 W InputReader: Device virtio_input_multi_touch_9 is associated with display ADISPLAY_ID_NONE.
09-01 23:35:00.073   501  1652 W InputReader: Device virtio_input_multi_touch_6 is associated with display ADISPLAY_ID_NONE.
09-01 23:35:00.073   501  1652 W InputReader: Device virtio_input_multi_touch_3 is associated with display ADISPLAY_ID_NONE.
09-01 23:35:00.073   501  1652 W InputReader: Device virtio_input_multi_touch_7 is associated with display ADISPLAY_ID_NONE.
09-01 23:35:00.073   501  1652 W InputReader: Device virtio_input_multi_touch_8 is associated with display ADISPLAY_ID_NONE.
09-01 23:35:00.073   501  1652 W InputReader: Device virtio_input_multi_touch_10 is associated with display ADISPLAY_ID_NONE.
09-01 23:35:00.073   501  1652 W InputReader: Device virtio_input_multi_touch_4 is associated with display ADISPLAY_ID_NONE.
09-01 23:35:00.073   501  1652 W InputReader: Device virtio_input_multi_touch_11 is associated with display ADISPLAY_ID_NONE.
09-01 23:35:00.073   501  1652 W InputReader: Device virtio_input_multi_touch_5 is associated with display ADISPLAY_ID_NONE.
09-01 23:35:00.073   501  1652 W InputReader: Device virtio_input_multi_touch_2 is associated with display ADISPLAY_ID_NONE.
09-01 23:35:00.109 10239 10239 D LifecycleMonitor: Lifecycle status change: com.example.app1.authentication.LoginActivity@8972c93 in: RESUMED
09-01 23:35:00.131 10239 10239 D LifecycleMonitor: Lifecycle status change: com.example.app1.authentication.SimpleSignInActivity@2502733 in: STOPPED
09-01 23:35:00.133 10239 10239 D LifecycleMonitor: Lifecycle status change: com.example.app1.authentication.SimpleSignInActivity@2502733 in: DESTROYED
09-01 23:35:00.175   501  4011 D HostConnection: HostConnection::get() New Host Connection established 0xf32fcca0, tid 4011
09-01 23:35:00.190   501  4011 D HostConnection: HostComposition ext ANDROID_EMU_CHECKSUM_HELPER_v1 ANDROID_EMU_native_sync_v2 ANDROID_EMU_native_sync_v3 ANDROID_EMU_native_sync_v4 ANDROID_EMU_dma_v1 ANDROID_EMU_direct_mem ANDROID_EMU_host_composition_v1 ANDROID_EMU_host_composition_v2 ANDROID_EMU_vulkan ANDROID_EMU_deferred_vulkan_commands ANDROID_EMU_vulkan_null_optional_strings ANDROID_EMU_vulkan_create_resources_with_requirements ANDROID_EMU_YUV_Cache ANDROID_EMU_vulkan_ignored_handles ANDROID_EMU_has_shared_slots_host_memory_allocator ANDROID_EMU_vulkan_free_memory_sync ANDROID_EMU_vulkan_shader_float16_int8 ANDROID_EMU_vulkan_async_queue_submit ANDROID_EMU_sync_buffer_data ANDROID_EMU_read_color_buffer_dma GL_OES_EGL_image_external_essl3 GL_OES_vertex_array_object GL_KHR_texture_compression_astc_ldr ANDROID_EMU_host_side_tracing ANDROID_EMU_gles_max_version_3_0
09-01 23:35:00.191   501  4011 W OpenGLRenderer: Failed to choose config with EGL_SWAP_BEHAVIOR_PRESERVED, retrying without...
09-01 23:35:00.192   501  4011 D EGL_emulation: eglCreateContext: 0xf32ce320: maj 3 min 0 rcv 3
09-01 23:35:00.193   290  5663 D goldfish-address-space: claimShared: Ask to claim region [0x3f3db2000 0x3f3e1e000]
09-01 23:35:00.198   501  4011 D EGL_emulation: eglMakeCurrent: 0xf32ce320: ver 3 0 (tinfo 0xbac6f8f0) (first time)
09-01 23:35:00.199   290  5663 D goldfish-address-space: claimShared: Ask to claim region [0x3f3e1e000 0x3f3e8a000]
09-01 23:35:00.201   290   400 D goldfish-address-space: claimShared: Ask to claim region [0x3f3e8a000 0x3f3ef6000]
09-01 23:35:00.276   290  5663 D goldfish-address-space: claimShared: Ask to claim region [0x3f3e1e000 0x3f3e8a000]
09-01 23:35:00.293   290  5663 D goldfish-address-space: claimShared: Ask to claim region [0x3f3e8a000 0x3f3ef6000]
09-01 23:35:00.322   907   914 I s.nexuslaunche: NativeAlloc concurrent copying GC freed 1327(133KB) AllocSpace objects, 0(0B) LOS objects, 49% free, 3805KB/7610KB, paused 39us total 309.621ms
09-01 23:35:00.432   705   719 I ndroid.systemu: NativeAlloc concurrent copying GC freed 8719(418KB) AllocSpace objects, 0(0B) LOS objects, 49% free, 7436KB/14MB, paused 44us total 410.748ms
09-01 23:35:01.554 10239 10239 I ViewInteraction: Checking 'MatchesViewAssertion{viewMatcher=(view has effective visibility <VISIBLE> and view.getGlobalVisibleRect() to return non-empty rectangle)}' assertion on view view.getId() is <2131362094/com.example.app1:id/logo>
09-01 23:35:02.550   501  1975 I system_server: oneway function results will be dropped but finished with status OK and parcel size 4
09-01 23:35:03.059 10239 10239 I ViewInteraction: Checking 'MatchesViewAssertion{viewMatcher=(view has effective visibility <VISIBLE> and view.getGlobalVisibleRect() to return non-empty rectangle)}' assertion on view view.getId() is <2131362094/com.example.app1:id/logo>
09-01 23:35:03.059 10239 10267 I TestRunner: finished: signInAndChangePasswordConfirmationFail(com.example.app1.AuthenticationTests)
