08-10 11:07:18.594  5713  5740 I TestRunner: started: signInAndChangePasswordWeakFail(com.example.app1.AuthenticationTest)
08-10 11:07:18.654  5713  5740 D FirebaseAuth: Notifying id token listeners about a sign-out event.
08-10 11:07:18.655  5713  5740 D FirebaseAuth: Notifying auth state listeners about a sign-out event.
08-10 11:07:18.704  5713  5747 W System  : Ignoring header X-Firebase-Locale because its value was null.
08-10 11:07:18.709   522   547 D EventSequenceValidator: Transition from INTENT_FAILED to INTENT_STARTED
08-10 11:07:18.716   522   547 D EventSequenceValidator: Transition from INTENT_STARTED to ACTIVITY_LAUNCHED
08-10 11:07:18.731   522  2023 W InputReader: Device virtio_input_multi_touch_10 is associated with display ADISPLAY_ID_NONE.
08-10 11:07:18.731   522  2023 W InputReader: Device virtio_input_multi_touch_4 is associated with display ADISPLAY_ID_NONE.
08-10 11:07:18.731   522  2023 W InputReader: Device virtio_input_multi_touch_11 is associated with display ADISPLAY_ID_NONE.
08-10 11:07:18.731   522  2023 W InputReader: Device virtio_input_multi_touch_5 is associated with display ADISPLAY_ID_NONE.
08-10 11:07:18.732   522  2023 W InputReader: Device virtio_input_multi_touch_2 is associated with display ADISPLAY_ID_NONE.
08-10 11:07:18.732   522  2023 W InputReader: Device virtio_input_multi_touch_9 is associated with display ADISPLAY_ID_NONE.
08-10 11:07:18.732   522  2023 W InputReader: Device virtio_input_multi_touch_6 is associated with display ADISPLAY_ID_NONE.
08-10 11:07:18.732   522  2023 W InputReader: Device virtio_input_multi_touch_3 is associated with display ADISPLAY_ID_NONE.
08-10 11:07:18.732   522  2023 W InputReader: Device virtio_input_multi_touch_7 is associated with display ADISPLAY_ID_NONE.
08-10 11:07:18.732   522  2023 W InputReader: Device virtio_input_multi_touch_8 is associated with display ADISPLAY_ID_NONE.
08-10 11:07:18.732   522  2023 W InputReader: Device virtio_input_multi_touch_10 is associated with display ADISPLAY_ID_NONE.
08-10 11:07:18.732   522  2023 W InputReader: Device virtio_input_multi_touch_4 is associated with display ADISPLAY_ID_NONE.
08-10 11:07:18.732   522  2023 W InputReader: Device virtio_input_multi_touch_11 is associated with display ADISPLAY_ID_NONE.
08-10 11:07:18.732   522  2023 W InputReader: Device virtio_input_multi_touch_5 is associated with display ADISPLAY_ID_NONE.
08-10 11:07:18.732   522  2023 W InputReader: Device virtio_input_multi_touch_2 is associated with display ADISPLAY_ID_NONE.
08-10 11:07:18.732   522  2023 W InputReader: Device virtio_input_multi_touch_9 is associated with display ADISPLAY_ID_NONE.
08-10 11:07:18.732   522  2023 W InputReader: Device virtio_input_multi_touch_6 is associated with display ADISPLAY_ID_NONE.
08-10 11:07:18.732   522  2023 W InputReader: Device virtio_input_multi_touch_3 is associated with display ADISPLAY_ID_NONE.
08-10 11:07:18.732   522  2023 W InputReader: Device virtio_input_multi_touch_7 is associated with display ADISPLAY_ID_NONE.
08-10 11:07:18.732   522  2023 W InputReader: Device virtio_input_multi_touch_8 is associated with display ADISPLAY_ID_NONE.
08-10 11:07:18.748   283   283 D goldfish-address-space: claimShared: Ask to claim region [0x3f18cd000 0x3f2232000]
08-10 11:07:18.784  5713  5713 D LifecycleMonitor: Lifecycle status change: com.example.app1.authentication.LoginActivity@dcdfeb3 in: PRE_ON_CREATE
08-10 11:07:19.002  1228  1291 I PeriodicStatsRunner: PeriodicStatsRunner.call():180 call()
08-10 11:07:19.002  1228  1291 I PeriodicStatsRunner: PeriodicStatsRunner.call():184 No submit PeriodicStats since input started.
08-10 11:07:19.012  5713  5713 D LifecycleMonitor: Lifecycle status change: com.example.app1.authentication.LoginActivity@dcdfeb3 in: CREATED
08-10 11:07:19.018  5713  5713 D LifecycleMonitor: Lifecycle status change: com.example.app1.authentication.LoginActivity@dcdfeb3 in: STARTED
08-10 11:07:19.020  5713  5713 D LifecycleMonitor: Lifecycle status change: com.example.app1.authentication.LoginActivity@dcdfeb3 in: RESUMED
08-10 11:07:19.188   283   283 D goldfish-address-space: claimShared: Ask to claim region [0x3f52ca000 0x3f5b7b000]
08-10 11:07:19.222   283   283 D goldfish-address-space: claimShared: Ask to claim region [0x3f5b7b000 0x3f642c000]
08-10 11:07:19.225   283   332 D goldfish-address-space: claimShared: Ask to claim region [0x3f642c000 0x3f6cdd000]
08-10 11:07:19.302   283   283 D goldfish-address-space: claimShared: Ask to claim region [0x3f0965000 0x3f12ca000]
08-10 11:07:19.431  5713  5747 W System  : Ignoring header X-Firebase-Locale because its value was null.
08-10 11:07:19.570  2590  2670 I PBSessionCacheImpl: Deleted sessionId[11392600585725293] from persistence.
08-10 11:07:19.602   522   547 D EventSequenceValidator: Transition from ACTIVITY_LAUNCHED to ACTIVITY_FINISHED
08-10 11:07:19.654  2590  2702 W SearchServiceCore: Abort, client detached.
08-10 11:07:19.661   522   554 D ArtManagerInternalImpl: /data/misc/iorapd/com.example.app1/1/com.example.app1.authentication.LoginActivity/compiled_traces/compiled_trace.pb doesn't exist
08-10 11:07:19.717   522   554 I ActivityTaskManager: Displayed com.example.app1/.authentication.LoginActivity: +929ms
08-10 11:07:19.732  5713  5713 I ViewInteraction: Checking 'MatchesViewAssertion{viewMatcher=(view has effective visibility <VISIBLE> and view.getGlobalVisibleRect() to return non-empty rectangle)}' assertion on view view.getId() is <2131362094/com.example.app1:id/logo>
08-10 11:07:19.745  1228  1291 I PeriodicStatsRunner: PeriodicStatsRunner.call():180 call()
08-10 11:07:19.793  5713  5747 D FirebaseAuth: Notifying id token listeners about user ( j31qI9IcTMOEVBO0pnWhhKXdy612 ).
08-10 11:07:19.793  5713  5747 D FirebaseAuth: Notifying auth state listeners about user ( j31qI9IcTMOEVBO0pnWhhKXdy612 ).
08-10 11:07:20.203  1228  1291 I putmethod.lati: Explicit concurrent copying GC freed 3261(285KB) AllocSpace objects, 0(0B) LOS objects, 24% free, 8686KB/11MB, paused 87us total 363.141ms
08-10 11:07:20.242  5713  5713 I ViewInteraction: Performing 'type text(test@test.com)' action on view should return first matching item
08-10 11:07:20.353  5713  5713 I AssistStructure: Flattened final assist data: 2552 bytes, containing 1 windows, 14 views
08-10 11:07:20.388  1228  1228 I KeyboardViewUtil: KeyboardViewUtil.getKeyboardHeightRatio():128 systemKeyboardHeightRatio:1.000000; userKeyboardHeightRatio:1.000000.
08-10 11:07:20.399  1228  1228 I AndroidIME: AbstractIme.onActivate():84 LatinIme.onActivate() : EditorInfo = Package = com.example.app1 : Type = Email : Learning = Disable : Suggestion = Show : AutoCorrection = Disable : Microphone = DisabledMic : NoPersonalizedLearning = Disable : AutoStartVoiceInput = Disable, IncognitoMode = false
08-10 11:07:20.400  1228  1228 I Delight5Facilitator: Delight5Facilitator.initializeForIme():561 initializeForIme() : Locale = [en_US], layout = qwerty
08-10 11:07:20.400  1228  1228 I VoiceInputManagerWrapper: VoiceInputManagerWrapper.cancelShutdown():55 cancelShutdown()
08-10 11:07:20.401  1228  1228 I VoiceInputManagerWrapper: VoiceInputManagerWrapper.syncLanguagePacks():67 syncLanguagePacks()
08-10 11:07:20.404  1228  1228 I KeyboardWrapper: KeyboardWrapper.consumeEvent():264 Skip consuming an event as current keyboard is deactivated (state=0, keyboard existence=true)
08-10 11:07:20.405  1228  5346 I SpeechFactory: SpeechRecognitionFactory.maybeScheduleAutoPackDownloadForFallback():160 maybeScheduleAutoPackDownloadForFallback()
08-10 11:07:20.405  1228  5346 I FallbackOnDeviceRecognitionProvider: FallbackOnDeviceRecognitionProvider.maybeScheduleAutoPackDownload():197 maybeScheduleAutoPackDownload() for language tag en-US
08-10 11:07:20.433  1191  1191 W qei     : Pending fill request while another request in the same session was triggered. [CONTEXT service_id=177 ]
08-10 11:07:20.478  1015  1015 V InlineSuggestionRenderService: handleDestroySuggestionViews called for 0:813948406
08-10 11:07:20.484  1228  1228 I KeyboardViewHelper: KeyboardViewHelper.getView():164 Get view with height ratio:1.000000; experiment height ratio:1.000000.
08-10 11:07:20.526  1228  1228 W KeyboardModeManager: KeyboardModeManager.setInputView():302 setInputView() : inputView = com.google.android.apps.inputmethod.libs.framework.core.InputView{41301d3 V.E...... ......ID 0,0-1080,1977}
08-10 11:07:20.526  1228  1228 I ConversationToQueryExtension: ConversationToQueryExtension.isEnabledForHostApp():252 Conv2Query not enabled due to current app [com.example.app1] not in whitelist
08-10 11:07:20.526  1228  1228 I ConversationToQueryExtension: ConversationToQueryExtension.onActivate():162 onActivate() : Disabled by unsupported host app
08-10 11:07:20.530  1228  1228 I CurrentMicStatusHolder: CurrentMicStatusHolder.onStartInputView():79 Current Mic status = {MicIconHidden-EmailInputType,}
08-10 11:07:20.530  1228  1228 I VoiceImeExtension: VoiceImeExtension.shouldStartVoiceInputAutomatically():336 No private IME option set to start voice input.
08-10 11:07:20.596  5713  5713 D UiControllerImpl: Injecting string: "test@test.com"
08-10 11:07:20.606   283   332 D goldfish-address-space: claimShared: Ask to claim region [0x3f18cd000 0x3f217e000]
08-10 11:07:20.625   283   332 D goldfish-address-space: claimShared: Ask to claim region [0x3f0000000 0x3f08b1000]
08-10 11:07:20.645  1340  1340 D BoundBrokerSvc: onBind: Intent { act=com.google.android.gms.common.BIND_SHARED_PREFS pkg=com.google.android.gms }
08-10 11:07:20.645  1340  1340 D BoundBrokerSvc: Loading bound service for intent: Intent { act=com.google.android.gms.common.BIND_SHARED_PREFS pkg=com.google.android.gms }
08-10 11:07:20.650  1228  1291 I TiresiasImpl: TiresiasImpl.setupTrainingCache():1431 setupTrainingCache()
08-10 11:07:20.651  1228  1291 I Tiresias: TrainingCache.getCacheConfig():182 getCacheConfig()
08-10 11:07:20.658  1340  1340 D BoundBrokerSvc: onBind: Intent { act=com.google.android.gms.languageprofile.service.START pkg=com.google.android.gms }
08-10 11:07:20.658  1340  1340 D BoundBrokerSvc: Loading bound service for intent: Intent { act=com.google.android.gms.languageprofile.service.START pkg=com.google.android.gms }
08-10 11:07:20.714  1340  1340 D BoundBrokerSvc: onUnbind: Intent { act=com.google.android.gms.common.BIND_SHARED_PREFS pkg=com.google.android.gms }
08-10 11:07:20.725   283   332 D goldfish-address-space: claimShared: Ask to claim region [0x3f08b1000 0x3f1162000]
08-10 11:07:20.845   283   332 D goldfish-address-space: claimShared: Ask to claim region [0x3f7320000 0x3f7bd1000]
08-10 11:07:20.846  1340  1340 D BoundBrokerSvc: onBind: Intent { act=com.google.android.gms.common.BIND_SHARED_PREFS pkg=com.google.android.gms }
08-10 11:07:20.846  1340  1340 D BoundBrokerSvc: Loading bound service for intent: Intent { act=com.google.android.gms.common.BIND_SHARED_PREFS pkg=com.google.android.gms }
08-10 11:07:20.884   283   332 D goldfish-address-space: claimShared: Ask to claim region [0x3f4000000 0x3f48b1000]
08-10 11:07:20.934  1340  1340 D BoundBrokerSvc: onUnbind: Intent { act=com.google.android.gms.common.BIND_SHARED_PREFS pkg=com.google.android.gms }
08-10 11:07:21.024   283   332 D goldfish-address-space: claimShared: Ask to claim region [0x3f48b1000 0x3f5162000]
08-10 11:07:21.184  1228  2196 I native  : input-context-store.cc:173 Ignoring stale client request for FetchSuggestions
08-10 11:07:21.187  1228  1228 W InputContextProxy: InputContextProxy.applyClientDiffInternal():832 Ignore [FetchSuggestions] diff due to stale request: 481<485, inputStateId=398, lastInputStateId=398
08-10 11:07:21.275  1228  2196 I native  : input-context-store.cc:173 Ignoring stale client request for FetchSuggestions
08-10 11:07:21.341  1228  1228 W InputContextProxy: InputContextProxy.applyClientDiffInternal():832 Ignore [FetchSuggestions] diff due to stale request: 486<488, inputStateId=399, lastInputStateId=399
08-10 11:07:21.478  1228  1291 I Tiresias: TrainingCache.createMultiCollectionClient():135 createMultiCollectionClient(): Finished in 827 ms
08-10 11:07:21.479  1228  1291 W PeriodicStatsRunner: PeriodicStatsRunner.call():237 call() : Finished in 1733 ms
08-10 11:07:21.544  1228  2196 I native  : input-context-store.cc:173 Ignoring stale client request for FetchSuggestions
08-10 11:07:21.648  1228  1228 W InputContextProxy: InputContextProxy.applyClientDiffInternal():832 Ignore [FetchSuggestions] diff due to stale request: 488<489, inputStateId=400, lastInputStateId=400
08-10 11:07:21.670  1191  5868 I NetworkScheduler.Stats: Task com.google.android.gms/com.google.android.gms.languageprofile.GcmTaskService started execution. cause:7 exec_start_elapsed_seconds: 603 [CONTEXT service_id=218 ]
08-10 11:07:21.756  1228  2196 I native  : input-context-store.cc:173 Ignoring stale client request for FetchSuggestions
08-10 11:07:21.766  1228  1228 W InputContextProxy: InputContextProxy.applyClientDiffInternal():832 Ignore [FetchSuggestions] diff due to stale request: 492<494, inputStateId=401, lastInputStateId=401
08-10 11:07:21.853  1191  4840 I NetworkScheduler.Stats: Task com.google.android.gms/com.google.android.gms.languageprofile.GcmTaskService finished executing. cause:7 result: 1 elapsed_millis: 374 uptime_millis: 374 exec_start_elapsed_seconds: 603 [CONTEXT service_id=218 ]
08-10 11:07:21.866  1228  1291 I TrainingCachePoolImpl: TrainingCachePoolImpl$RefCountedTrainingCache.addClient():94 Using cache tiresias for client mrv@f025647, new refcount=1
08-10 11:07:21.875  1228  1582 E Conv2QueryReflectionHelper: Conv2QueryReflectionHelper.getConv2QueryPeriodicMetadata():63 Failed to get Conv2QueryPeriodicMetadata.
08-10 11:07:21.875  1228  1582 E Conv2QueryReflectionHelper: java.lang.NoSuchMethodException: com.google.android.apps.inputmethod.libs.search.sense.Conv2QueryMetadataHelper.getInstance []
08-10 11:07:21.875  1228  1582 E Conv2QueryReflectionHelper: 	at java.lang.Class.getMethod(Class.java:2072)
08-10 11:07:21.875  1228  1582 E Conv2QueryReflectionHelper: 	at java.lang.Class.getDeclaredMethod(Class.java:2050)
08-10 11:07:21.875  1228  1582 E Conv2QueryReflectionHelper: 	at bvn.a(PG:769)
08-10 11:07:21.875  1228  1582 E Conv2QueryReflectionHelper: 	at bvo.a(PG:140)
08-10 11:07:21.875  1228  1582 E Conv2QueryReflectionHelper: 	at kpn.a(PG:3)
08-10 11:07:21.875  1228  1582 E Conv2QueryReflectionHelper: 	at bvn.a(PG:614)
08-10 11:07:21.875  1228  1582 E Conv2QueryReflectionHelper: 	at kqj.a(PG:35)
08-10 11:07:21.875  1228  1582 E Conv2QueryReflectionHelper: 	at kqj.handleMessage(PG:55)
08-10 11:07:21.875  1228  1582 E Conv2QueryReflectionHelper: 	at android.os.Handler.dispatchMessage(Handler.java:102)
08-10 11:07:21.875  1228  1582 E Conv2QueryReflectionHelper: 	at android.os.Looper.loop(Looper.java:223)
08-10 11:07:21.875  1228  1582 E Conv2QueryReflectionHelper: 	at android.os.HandlerThread.run(HandlerThread.java:67)
08-10 11:07:21.914  1228  5879 I SqliteObjectDatabaseHelper: SqliteObjectDatabaseHelper.onOpen():52 [SqliteObjectDatabaseHelper.onOpen] version N/A => 1
08-10 11:07:21.920  1228  5879 I SqliteObjectCollectionManager: SqliteObjectCollectionManager.createOrMigrateCollection():109 Table cc up-to-date, skipping.
08-10 11:07:21.921  1228  5879 I SqliteObjectCollectionManager: SqliteObjectCollectionManager.createOrMigrateCollection():109 Table kl up-to-date, skipping.
08-10 11:07:21.925  1228  5879 I SqliteObjectCollectionManager: SqliteObjectCollectionManager.createOrMigrateCollection():109 Table c up-to-date, skipping.
08-10 11:07:21.937  1228  5879 I SqliteObjectCollectionManager: SqliteObjectCollectionManager.createOrMigrateCollection():109 Table d up-to-date, skipping.
08-10 11:07:21.938  1228  5879 I SqliteObjectCollectionManager: SqliteObjectCollectionManager.createOrMigrateCollection():109 Table tpb up-to-date, skipping.
08-10 11:07:21.943  1228  5879 I SqliteObjectCollectionManager: SqliteObjectCollectionManager.createOrMigrateCollection():109 Table nia up-to-date, skipping.
08-10 11:07:21.944  1228  5879 I SqliteObjectCollectionManager: SqliteObjectCollectionManager.createOrMigrateCollection():109 Table cm up-to-date, skipping.
08-10 11:07:21.946  1228  5879 I SqliteObjectCollectionManager: SqliteObjectCollectionManager.createOrMigrateCollection():109 Table es up-to-date, skipping.
08-10 11:07:21.951  1228  5879 I SqliteObjectCollectionManager: SqliteObjectCollectionManager.createOrMigrateCollection():109 Table tf up-to-date, skipping.
08-10 11:07:21.952  1228  5879 I SqliteObjectCollectionManager: SqliteObjectCollectionManager.createOrMigrateCollection():109 Table s up-to-date, skipping.
08-10 11:07:21.953  1228  5879 I SqliteObjectCollectionManager: SqliteObjectCollectionManager.createOrMigrateCollection():109 Table tm up-to-date, skipping.
08-10 11:07:21.954  1228  5879 I SqliteObjectCollectionManager: SqliteObjectCollectionManager.createOrMigrateCollection():109 Table vo up-to-date, skipping.
08-10 11:07:21.954  1228  5879 I SqliteObjectCollectionManager: SqliteObjectCollectionManager.createOrMigrateCollection():109 Table ic up-to-date, skipping.
08-10 11:07:21.955  1228  5879 I SqliteObjectCollectionManager: SqliteObjectCollectionManager.createOrMigrateCollection():109 Table tp up-to-date, skipping.
08-10 11:07:22.068  5713  5713 I ViewInteraction: Performing 'type text(Test1#)' action on view should return first matching item
08-10 11:07:22.122  1228  1228 W TooltipLifecycleManager: TooltipLifecycleManager.dismissTooltip():130 dismissTooltip(): tooltip with id inline_suggestion_tooltip not found in tooltipManager.
08-10 11:07:22.123  1228  1228 W TooltipLifecycleManager: TooltipLifecycleManager.dismissTooltip():130 dismissTooltip(): tooltip with id inline_suggestion_tooltip not found in tooltipManager.
08-10 11:07:22.127  1228  1228 I KeyboardWrapper: KeyboardWrapper.consumeEvent():264 Skip consuming an event as current keyboard is deactivated (state=0, keyboard existence=true)
08-10 11:07:22.128  1228  1228 I VoiceInputManagerWrapper: VoiceInputManagerWrapper.shutdown():77 shutdown()
08-10 11:07:22.128  1228  1228 I AndroidIME: AbstractIme.onDeactivate():161 LatinIme.onDeactivate()
08-10 11:07:22.138  5713  5713 W IInputConnectionWrapper: beginBatchEdit on inactive InputConnection
08-10 11:07:22.138  5713  5713 W IInputConnectionWrapper: endBatchEdit on inactive InputConnection
08-10 11:07:22.163  1228  1228 I KeyboardViewUtil: KeyboardViewUtil.getKeyboardHeightRatio():128 systemKeyboardHeightRatio:1.000000; userKeyboardHeightRatio:1.000000.
08-10 11:07:22.163  1228  1228 I AndroidIME: AbstractIme.onActivate():84 PasswordIme.onActivate() : EditorInfo = Package = com.example.app1 : Type = Password : Learning = Disable : Suggestion = Hide : AutoCorrection = Disable : Microphone = Hide : NoPersonalizedLearning = Disable : AutoStartVoiceInput = Disable, IncognitoMode = false
08-10 11:07:22.167  1228  1228 I KeyboardViewHelper: KeyboardViewHelper.getView():164 Get view with height ratio:1.000000; experiment height ratio:1.000000.
08-10 11:07:22.180  1228  1228 W TooltipLifecycleManager: TooltipLifecycleManager.dismissTooltip():130 dismissTooltip(): tooltip with id inline_suggestion_tooltip not found in tooltipManager.
08-10 11:07:22.184  1228  1228 W KeyboardModeManager: KeyboardModeManager.setInputView():302 setInputView() : inputView = com.google.android.apps.inputmethod.libs.framework.core.InputView{41301d3 V.E...... ......ID 0,0-1080,1977}
08-10 11:07:22.185  1228  1228 I ConversationToQueryExtension: ConversationToQueryExtension.isEnabledForHostApp():252 Conv2Query not enabled due to current app [com.example.app1] not in whitelist
08-10 11:07:22.185  1228  1228 I ConversationToQueryExtension: ConversationToQueryExtension.onActivate():162 onActivate() : Disabled by unsupported host app
08-10 11:07:22.186  1228  1228 I CurrentMicStatusHolder: CurrentMicStatusHolder.onStartInputView():79 Current Mic status = {MicIconHidden-PasswordOrNumberOrDateInputType,}
08-10 11:07:22.187  1228  1228 I VoiceImeExtension: VoiceImeExtension.shouldStartVoiceInputAutomatically():336 No private IME option set to start voice input.
08-10 11:07:22.203  1340  1340 D BoundBrokerSvc: onBind: Intent { act=com.google.android.gms.common.BIND_SHARED_PREFS pkg=com.google.android.gms }
08-10 11:07:22.204  1340  1340 D BoundBrokerSvc: Loading bound service for intent: Intent { act=com.google.android.gms.common.BIND_SHARED_PREFS pkg=com.google.android.gms }
08-10 11:07:22.232  1340  1340 D BoundBrokerSvc: onUnbind: Intent { act=com.google.android.gms.common.BIND_SHARED_PREFS pkg=com.google.android.gms }
08-10 11:07:22.239  1340  1340 D BoundBrokerSvc: onBind: Intent { act=com.google.android.gms.common.BIND_SHARED_PREFS pkg=com.google.android.gms }
08-10 11:07:22.239  1340  1340 D BoundBrokerSvc: Loading bound service for intent: Intent { act=com.google.android.gms.common.BIND_SHARED_PREFS pkg=com.google.android.gms }
08-10 11:07:22.258  1340  1340 D BoundBrokerSvc: onUnbind: Intent { act=com.google.android.gms.common.BIND_SHARED_PREFS pkg=com.google.android.gms }
08-10 11:07:22.374  5713  5713 D UiControllerImpl: Injecting string: "Test1#"
08-10 11:07:22.685  5713  5713 I ViewInteraction: Performing 'close keyboard' action on view view.getId() is <2131362250/com.example.app1:id/sign_in>
08-10 11:07:22.697  1228  1228 I AndroidIME: AbstractIme.onDeactivate():161 PasswordIme.onDeactivate()
08-10 11:07:22.787  1228  1291 I PeriodicStatsRunner: PeriodicStatsRunner.call():180 call()
08-10 11:07:22.787  1228  1291 I PeriodicStatsRunner: PeriodicStatsRunner.call():184 No submit PeriodicStats since input started.
08-10 11:07:23.019  5713  5713 I ViewInteraction: Performing 'single click' action on view view.getId() is <2131362250/com.example.app1:id/sign_in>
08-10 11:07:23.077   522   547 D EventSequenceValidator: Transition from ACTIVITY_FINISHED to INTENT_STARTED
08-10 11:07:23.082   522   547 D EventSequenceValidator: Transition from INTENT_STARTED to INTENT_FAILED
08-10 11:07:23.089   522  1261 I system_server: oneway function results will be dropped but finished with status OK and parcel size 4
08-10 11:07:23.089   522  1261 I chatty  : uid=1000(system) Binder:522_B identical 1 line
08-10 11:07:23.100   522  1261 I system_server: oneway function results will be dropped but finished with status OK and parcel size 4
08-10 11:07:23.109  5713  5713 D LifecycleMonitor: Lifecycle status change: com.example.app1.authentication.LoginActivity@dcdfeb3 in: PAUSED
08-10 11:07:23.110   522   923 W InputReader: Device virtio_input_multi_touch_10 is associated with display ADISPLAY_ID_NONE.
08-10 11:07:23.110   522   923 W InputReader: Device virtio_input_multi_touch_4 is associated with display ADISPLAY_ID_NONE.
08-10 11:07:23.110   522   923 W InputReader: Device virtio_input_multi_touch_11 is associated with display ADISPLAY_ID_NONE.
08-10 11:07:23.110   522   923 W InputReader: Device virtio_input_multi_touch_5 is associated with display ADISPLAY_ID_NONE.
08-10 11:07:23.110   522   923 W InputReader: Device virtio_input_multi_touch_2 is associated with display ADISPLAY_ID_NONE.
08-10 11:07:23.111   522   923 W InputReader: Device virtio_input_multi_touch_9 is associated with display ADISPLAY_ID_NONE.
08-10 11:07:23.111   522   923 W InputReader: Device virtio_input_multi_touch_6 is associated with display ADISPLAY_ID_NONE.
08-10 11:07:23.111   522   923 W InputReader: Device virtio_input_multi_touch_3 is associated with display ADISPLAY_ID_NONE.
08-10 11:07:23.111   522   923 W InputReader: Device virtio_input_multi_touch_7 is associated with display ADISPLAY_ID_NONE.
08-10 11:07:23.111   522   923 W InputReader: Device virtio_input_multi_touch_8 is associated with display ADISPLAY_ID_NONE.
08-10 11:07:23.111   522   923 W InputReader: Device virtio_input_multi_touch_10 is associated with display ADISPLAY_ID_NONE.
08-10 11:07:23.111   522   923 W InputReader: Device virtio_input_multi_touch_4 is associated with display ADISPLAY_ID_NONE.
08-10 11:07:23.111   522   923 W InputReader: Device virtio_input_multi_touch_11 is associated with display ADISPLAY_ID_NONE.
08-10 11:07:23.113   522   923 W InputReader: Device virtio_input_multi_touch_5 is associated with display ADISPLAY_ID_NONE.
08-10 11:07:23.113   522   923 W InputReader: Device virtio_input_multi_touch_2 is associated with display ADISPLAY_ID_NONE.
08-10 11:07:23.113   522   923 W InputReader: Device virtio_input_multi_touch_9 is associated with display ADISPLAY_ID_NONE.
08-10 11:07:23.113   522   923 W InputReader: Device virtio_input_multi_touch_6 is associated with display ADISPLAY_ID_NONE.
08-10 11:07:23.113   522   923 W InputReader: Device virtio_input_multi_touch_3 is associated with display ADISPLAY_ID_NONE.
08-10 11:07:23.113   522   923 W InputReader: Device virtio_input_multi_touch_7 is associated with display ADISPLAY_ID_NONE.
08-10 11:07:23.113   522   923 W InputReader: Device virtio_input_multi_touch_8 is associated with display ADISPLAY_ID_NONE.
08-10 11:07:23.146  5713  5713 D LifecycleMonitor: Lifecycle status change: com.example.app1.authentication.SimpleSignInActivity@6b80acc in: PRE_ON_CREATE
08-10 11:07:23.151  5713  5747 W System  : Ignoring header X-Firebase-Locale because its value was null.
08-10 11:07:23.168  5713  5713 D LifecycleMonitor: Lifecycle status change: com.example.app1.authentication.SimpleSignInActivity@6b80acc in: CREATED
08-10 11:07:23.173  5713  5713 D LifecycleMonitor: Lifecycle status change: com.example.app1.authentication.SimpleSignInActivity@6b80acc in: STARTED
08-10 11:07:23.181  5713  5713 D LifecycleMonitor: Lifecycle status change: com.example.app1.authentication.SimpleSignInActivity@6b80acc in: RESUMED
08-10 11:07:23.224   522   923 I system_server: oneway function results will be dropped but finished with status OK and parcel size 4
08-10 11:07:23.285   283   332 D goldfish-address-space: claimShared: Ask to claim region [0x3f18cd000 0x3f2232000]
08-10 11:07:23.297   283   332 D goldfish-address-space: claimShared: Ask to claim region [0x3f0000000 0x3f0965000]
08-10 11:07:23.304   283   332 D goldfish-address-space: claimShared: Ask to claim region [0x3f0965000 0x3f12ca000]
08-10 11:07:23.387   522   554 I ActivityTaskManager: Displayed com.example.app1/.authentication.SimpleSignInActivity: +308ms
08-10 11:07:23.420  5713  5747 W System  : Ignoring header X-Firebase-Locale because its value was null.
08-10 11:07:23.472   283   332 D goldfish-address-space: claimShared: Ask to claim region [0x3f0000000 0x3f0965000]
08-10 11:07:23.491   283   332 D goldfish-address-space: claimShared: Ask to claim region [0x3f5162000 0x3f5ac7000]
08-10 11:07:23.522   283   332 D goldfish-address-space: claimShared: Ask to claim region [0x3f18cd000 0x3f2232000]
08-10 11:07:23.729  5713  5747 D FirebaseAuth: Notifying id token listeners about user ( j31qI9IcTMOEVBO0pnWhhKXdy612 ).
08-10 11:07:23.793   283   332 D goldfish-address-space: claimShared: Ask to claim region [0x3f2cd0000 0x3f32d3000]
08-10 11:07:23.823   522  5379 D HostConnection: HostConnection::get() New Host Connection established 0xf4542770, tid 5379
08-10 11:07:23.833   522   547 D EventSequenceValidator: Transition from INTENT_FAILED to INTENT_STARTED
08-10 11:07:23.836  5713  5713 D LifecycleMonitor: Lifecycle status change: com.example.app1.authentication.SimpleSignInActivity@6b80acc in: PAUSED
08-10 11:07:23.837   522  1261 W InputReader: Device virtio_input_multi_touch_10 is associated with display ADISPLAY_ID_NONE.
08-10 11:07:23.837   522  1261 W InputReader: Device virtio_input_multi_touch_4 is associated with display ADISPLAY_ID_NONE.
08-10 11:07:23.837   522  1261 W InputReader: Device virtio_input_multi_touch_11 is associated with display ADISPLAY_ID_NONE.
08-10 11:07:23.837   522  1261 W InputReader: Device virtio_input_multi_touch_5 is associated with display ADISPLAY_ID_NONE.
08-10 11:07:23.837   522  1261 W InputReader: Device virtio_input_multi_touch_2 is associated with display ADISPLAY_ID_NONE.
08-10 11:07:23.837   522  1261 W InputReader: Device virtio_input_multi_touch_9 is associated with display ADISPLAY_ID_NONE.
08-10 11:07:23.837   522  1261 W InputReader: Device virtio_input_multi_touch_6 is associated with display ADISPLAY_ID_NONE.
08-10 11:07:23.837   522  1261 W InputReader: Device virtio_input_multi_touch_3 is associated with display ADISPLAY_ID_NONE.
08-10 11:07:23.837   522  1261 W InputReader: Device virtio_input_multi_touch_7 is associated with display ADISPLAY_ID_NONE.
08-10 11:07:23.837   522  1261 W InputReader: Device virtio_input_multi_touch_8 is associated with display ADISPLAY_ID_NONE.
08-10 11:07:23.838   522  1261 W InputReader: Device virtio_input_multi_touch_10 is associated with display ADISPLAY_ID_NONE.
08-10 11:07:23.838   522  1261 W InputReader: Device virtio_input_multi_touch_4 is associated with display ADISPLAY_ID_NONE.
08-10 11:07:23.838   522  1261 W InputReader: Device virtio_input_multi_touch_11 is associated with display ADISPLAY_ID_NONE.
08-10 11:07:23.838   522  1261 W InputReader: Device virtio_input_multi_touch_5 is associated with display ADISPLAY_ID_NONE.
08-10 11:07:23.838   522  1261 W InputReader: Device virtio_input_multi_touch_2 is associated with display ADISPLAY_ID_NONE.
08-10 11:07:23.838   522  1261 W InputReader: Device virtio_input_multi_touch_9 is associated with display ADISPLAY_ID_NONE.
08-10 11:07:23.838   522  1261 W InputReader: Device virtio_input_multi_touch_6 is associated with display ADISPLAY_ID_NONE.
08-10 11:07:23.838   522  1261 W InputReader: Device virtio_input_multi_touch_3 is associated with display ADISPLAY_ID_NONE.
08-10 11:07:23.838   522  1261 W InputReader: Device virtio_input_multi_touch_7 is associated with display ADISPLAY_ID_NONE.
08-10 11:07:23.838   522  1261 W InputReader: Device virtio_input_multi_touch_8 is associated with display ADISPLAY_ID_NONE.
08-10 11:07:23.858   522   547 D EventSequenceValidator: Transition from INTENT_STARTED to INTENT_FAILED
08-10 11:07:23.863  5713  5713 D LifecycleMonitor: Lifecycle status change: com.example.app1.MainActivity@61a851d in: PRE_ON_CREATE
08-10 11:07:23.884   522  5379 D HostConnection: HostComposition ext ANDROID_EMU_CHECKSUM_HELPER_v1 ANDROID_EMU_native_sync_v2 ANDROID_EMU_native_sync_v3 ANDROID_EMU_native_sync_v4 ANDROID_EMU_dma_v1 ANDROID_EMU_direct_mem ANDROID_EMU_host_composition_v1 ANDROID_EMU_host_composition_v2 ANDROID_EMU_vulkan ANDROID_EMU_deferred_vulkan_commands ANDROID_EMU_vulkan_null_optional_strings ANDROID_EMU_vulkan_create_resources_with_requirements ANDROID_EMU_YUV_Cache ANDROID_EMU_vulkan_ignored_handles ANDROID_EMU_has_shared_slots_host_memory_allocator ANDROID_EMU_vulkan_free_memory_sync ANDROID_EMU_vulkan_shader_float16_int8 ANDROID_EMU_vulkan_async_queue_submit ANDROID_EMU_sync_buffer_data ANDROID_EMU_read_color_buffer_dma GL_OES_EGL_image_external_essl3 GL_OES_vertex_array_object GL_KHR_texture_compression_astc_ldr ANDROID_EMU_host_side_tracing ANDROID_EMU_gles_max_version_3_0
08-10 11:07:23.885   522  5379 W OpenGLRenderer: Failed to choose config with EGL_SWAP_BEHAVIOR_PRESERVED, retrying without...
08-10 11:07:23.889   522  5379 D EGL_emulation: eglCreateContext: 0xf4577280: maj 3 min 0 rcv 3
08-10 11:07:23.894   522  5379 D EGL_emulation: eglMakeCurrent: 0xf4577280: ver 3 0 (tinfo 0xbfafbdd0) (first time)
08-10 11:07:23.922   283   332 D goldfish-address-space: claimShared: Ask to claim region [0x3f3ace000 0x3f3b07000]
08-10 11:07:23.928   283   332 D goldfish-address-space: claimShared: Ask to claim region [0x3f3b07000 0x3f3b40000]
08-10 11:07:23.936   283   283 D goldfish-address-space: claimShared: Ask to claim region [0x3f3b40000 0x3f3b79000]
08-10 11:07:23.972  5713  5713 D LifecycleMonitor: Lifecycle status change: com.example.app1.MainActivity@61a851d in: CREATED
08-10 11:07:23.996  5713  5713 D LifecycleMonitor: Lifecycle status change: com.example.app1.MainActivity@61a851d in: STARTED
08-10 11:07:23.998  5713  5713 D LifecycleMonitor: Lifecycle status change: com.example.app1.MainActivity@61a851d in: RESUMED
08-10 11:07:24.070   283   332 D goldfish-address-space: claimShared: Ask to claim region [0x3f0965000 0x3f12ca000]
08-10 11:07:24.075   283   332 D goldfish-address-space: claimShared: Ask to claim region [0x3f5ac7000 0x3f642c000]
08-10 11:07:24.082  5713  5713 E RecyclerView: No adapter attached; skipping layout
08-10 11:07:24.086   283   332 D goldfish-address-space: claimShared: Ask to claim region [0x3f642c000 0x3f6d91000]
08-10 11:07:24.224   522   554 I ActivityTaskManager: Displayed com.example.app1/.MainActivity: +390ms
08-10 11:07:24.672   742   753 I ndroid.systemu: NativeAlloc concurrent copying GC freed 6384(340KB) AllocSpace objects, 0(0B) LOS objects, 49% free, 6716KB/13MB, paused 95us total 836.462ms
08-10 11:07:24.774  1228  1291 I PeriodicStatsRunner: PeriodicStatsRunner.call():180 call()
08-10 11:07:24.774  1228  1291 I PeriodicStatsRunner: PeriodicStatsRunner.call():184 No submit PeriodicStats since input started.
08-10 11:07:24.824  5713  5713 D LifecycleMonitor: Lifecycle status change: com.example.app1.authentication.LoginActivity@dcdfeb3 in: STOPPED
08-10 11:07:24.871  5713  5713 D LifecycleMonitor: Lifecycle status change: com.example.app1.authentication.SimpleSignInActivity@6b80acc in: STOPPED
08-10 11:07:24.874  5713  5713 D LifecycleMonitor: Lifecycle status change: com.example.app1.authentication.SimpleSignInActivity@6b80acc in: DESTROYED
08-10 11:07:25.448  5713  5725 I om.example.app: Background concurrent copying GC freed 118610(5663KB) AllocSpace objects, 86(9884KB) LOS objects, 49% free, 12MB/25MB, paused 42us total 340.463ms
08-10 11:07:25.668  5713  5727 W System  : A resource failed to call dispose.
08-10 11:07:26.185   522  2023 I system_server: oneway function results will be dropped but finished with status OK and parcel size 4
08-10 11:07:26.305  5713  5725 I om.example.app: Background young concurrent copying GC freed 73263(2823KB) AllocSpace objects, 59(10MB) LOS objects, 42% free, 14MB/25MB, paused 3.144ms total 134.765ms
08-10 11:07:28.846  5713  5773 W System.err: org.xmlpull.v1.XmlPullParserException: name expected (position:START_TAG <a.length>@48:85 in java.io.InputStreamReader@18d9112)
08-10 11:07:28.846  5713  5773 W System.err: 	at com.android.org.kxml2.io.KXmlParser.checkRelaxed(KXmlParser.java:305)
08-10 11:07:28.846  5713  5773 W System.err: 	at com.android.org.kxml2.io.KXmlParser.readName(KXmlParser.java:1548)
08-10 11:07:28.846  5713  5773 W System.err: 	at com.android.org.kxml2.io.KXmlParser.parseStartTag(KXmlParser.java:1091)
08-10 11:07:28.846  5713  5773 W System.err: 	at com.android.org.kxml2.io.KXmlParser.next(KXmlParser.java:372)
08-10 11:07:28.846  5713  5773 W System.err: 	at com.android.org.kxml2.io.KXmlParser.next(KXmlParser.java:313)
08-10 11:07:28.846  5713  5773 W System.err: 	at tw.ktrssreader.parser.AndroidParserBase.skip(AndroidParserBase.kt:145)
08-10 11:07:28.846  5713  5773 W System.err: 	at tw.ktrssreader.parser.AndroidParserBase.access$skip(AndroidParserBase.kt:69)
08-10 11:07:28.846  5713  5773 W System.err: 	at tw.ktrssreader.parser.AndroidParserBase.parseStandardChannel(AndroidParserBase.kt:466)
08-10 11:07:28.847  5713  5773 W System.err: 	at tw.ktrssreader.parser.AndroidRssStandardParser.parse(AndroidRssStandardParser.kt:27)
08-10 11:07:28.847  5713  5773 W System.err: 	at tw.ktrssreader.parser.AndroidRssStandardParser.parse(AndroidRssStandardParser.kt:22)
08-10 11:07:28.847  5713  5773 W System.err: 	at com.example.app1.CustomFeeder$setFeed$1.invokeSuspend(CustomFeeder.kt:255)
08-10 11:07:28.847  5713  5773 W System.err: 	at kotlin.coroutines.jvm.internal.BaseContinuationImpl.resumeWith(ContinuationImpl.kt:33)
08-10 11:07:28.847  5713  5773 W System.err: 	at kotlinx.coroutines.DispatchedTask.run(DispatchedTask.kt:106)
08-10 11:07:28.847  5713  5773 W System.err: 	at kotlinx.coroutines.internal.LimitedDispatcher.run(LimitedDispatcher.kt:42)
08-10 11:07:28.847  5713  5773 W System.err: 	at kotlinx.coroutines.scheduling.TaskImpl.run(Tasks.kt:95)
08-10 11:07:28.847  5713  5773 W System.err: 	at kotlinx.coroutines.scheduling.CoroutineScheduler.runSafely(CoroutineScheduler.kt:570)
08-10 11:07:28.847  5713  5773 W System.err: 	at kotlinx.coroutines.scheduling.CoroutineScheduler$Worker.executeTask(CoroutineScheduler.kt:749)
08-10 11:07:28.847  5713  5773 W System.err: 	at kotlinx.coroutines.scheduling.CoroutineScheduler$Worker.runWorker(CoroutineScheduler.kt:677)
08-10 11:07:28.848  5713  5773 W System.err: 	at kotlinx.coroutines.scheduling.CoroutineScheduler$Worker.run(CoroutineScheduler.kt:664)
08-10 11:07:34.966  1340  1340 D BoundBrokerSvc: onUnbind: Intent { act=com.google.android.gms.measurement.START pkg=com.google.android.gms }
08-10 11:07:35.636  1340  1340 D BoundBrokerSvc: onUnbind: Intent { act=com.google.android.mdd.service.START dat=chimera-action:com.google.android.mdd.service.START cmp=com.google.android.gms/.chimera.GmsBoundBrokerService }
08-10 11:07:36.128  1340  1340 D BoundBrokerSvc: onUnbind: Intent { act=com.google.android.gms.languageprofile.service.START pkg=com.google.android.gms }
08-10 11:07:37.242  1340  1340 D BoundBrokerSvc: onUnbind: Intent { act=com.google.firebase.dynamiclinks.service.START pkg=com.google.android.gms }
08-10 11:07:37.308   461   461 E netmgr  : qemu_pipe_open_ns:62: Could not connect to the 'pipe:qemud:network' service: Invalid argument
08-10 11:07:37.308   461   461 E netmgr  : Failed to open QEMU pipe 'qemud:network': Invalid argument
08-10 11:07:37.758   465   465 E wifi_forwarder: qemu_pipe_open_ns:62: Could not connect to the 'pipe:qemud:wififorward' service: Invalid argument
08-10 11:07:37.758   465   465 E wifi_forwarder: RemoteConnection failed to initialize: RemoteConnection failed to open pipe
08-10 11:07:38.665  5713  5713 I ViewInteraction: Checking 'MatchesViewAssertion{viewMatcher=(view has effective visibility <VISIBLE> and view.getGlobalVisibleRect() to return non-empty rectangle)}' assertion on view view.getId() is <2131362216/com.example.app1:id/rv>
08-10 11:07:39.181  5713  5713 I ViewInteraction: Checking 'MatchesViewAssertion{viewMatcher=(view has effective visibility <VISIBLE> and view.getGlobalVisibleRect() to return non-empty rectangle)}' assertion on view view.getId() is <2131361885/com.example.app1:id/app_bar_search>
08-10 11:07:39.685  5713  5713 I ViewInteraction: Performing 'single click' action on view view.getContentDescription() is "btn_menu"
08-10 11:07:39.748   522   547 D EventSequenceValidator: Transition from INTENT_FAILED to INTENT_STARTED
08-10 11:07:39.758   522   547 D EventSequenceValidator: Transition from INTENT_STARTED to INTENT_FAILED
08-10 11:07:39.770   522  2023 I system_server: oneway function results will be dropped but finished with status OK and parcel size 4
08-10 11:07:39.770   522  2023 I system_server: oneway function results will be dropped but finished with status OK and parcel size 4
08-10 11:07:39.777  5713  5713 D LifecycleMonitor: Lifecycle status change: com.example.app1.MainActivity@61a851d in: PAUSED
08-10 11:07:39.780   522  1680 W InputReader: Device virtio_input_multi_touch_10 is associated with display ADISPLAY_ID_NONE.
08-10 11:07:39.780   522  1680 W InputReader: Device virtio_input_multi_touch_4 is associated with display ADISPLAY_ID_NONE.
08-10 11:07:39.780   522  1680 W InputReader: Device virtio_input_multi_touch_11 is associated with display ADISPLAY_ID_NONE.
08-10 11:07:39.780   522  1680 W InputReader: Device virtio_input_multi_touch_5 is associated with display ADISPLAY_ID_NONE.
08-10 11:07:39.780   522  1680 W InputReader: Device virtio_input_multi_touch_2 is associated with display ADISPLAY_ID_NONE.
08-10 11:07:39.780   522  1680 W InputReader: Device virtio_input_multi_touch_9 is associated with display ADISPLAY_ID_NONE.
08-10 11:07:39.780   522  1680 W InputReader: Device virtio_input_multi_touch_6 is associated with display ADISPLAY_ID_NONE.
08-10 11:07:39.780   522  1680 W InputReader: Device virtio_input_multi_touch_3 is associated with display ADISPLAY_ID_NONE.
08-10 11:07:39.780   522  1680 W InputReader: Device virtio_input_multi_touch_7 is associated with display ADISPLAY_ID_NONE.
08-10 11:07:39.780   522  1680 W InputReader: Device virtio_input_multi_touch_8 is associated with display ADISPLAY_ID_NONE.
08-10 11:07:39.780   522  1680 W InputReader: Device virtio_input_multi_touch_10 is associated with display ADISPLAY_ID_NONE.
08-10 11:07:39.780   522  1680 W InputReader: Device virtio_input_multi_touch_4 is associated with display ADISPLAY_ID_NONE.
08-10 11:07:39.780   522  1680 W InputReader: Device virtio_input_multi_touch_11 is associated with display ADISPLAY_ID_NONE.
08-10 11:07:39.780   522  1680 W InputReader: Device virtio_input_multi_touch_5 is associated with display ADISPLAY_ID_NONE.
08-10 11:07:39.780   522  1680 W InputReader: Device virtio_input_multi_touch_2 is associated with display ADISPLAY_ID_NONE.
08-10 11:07:39.781   522  1680 W InputReader: Device virtio_input_multi_touch_9 is associated with display ADISPLAY_ID_NONE.
08-10 11:07:39.781   522  1680 W InputReader: Device virtio_input_multi_touch_6 is associated with display ADISPLAY_ID_NONE.
08-10 11:07:39.781   522  1680 W InputReader: Device virtio_input_multi_touch_3 is associated with display ADISPLAY_ID_NONE.
08-10 11:07:39.781   522  1680 W InputReader: Device virtio_input_multi_touch_7 is associated with display ADISPLAY_ID_NONE.
08-10 11:07:39.781   522  1680 W InputReader: Device virtio_input_multi_touch_8 is associated with display ADISPLAY_ID_NONE.
08-10 11:07:39.814  5713  5713 D LifecycleMonitor: Lifecycle status change: com.example.app1.settings.menu.MenuActivity@469c4f5 in: PRE_ON_CREATE
08-10 11:07:39.852  1340  1340 D BoundBrokerSvc: onBind: Intent { act=com.google.android.gms.measurement.START pkg=com.google.android.gms }
08-10 11:07:39.852  1340  1340 D BoundBrokerSvc: Loading bound service for intent: Intent { act=com.google.android.gms.measurement.START pkg=com.google.android.gms }
08-10 11:07:39.906   522  1680 I system_server: oneway function results will be dropped but finished with status OK and parcel size 4
08-10 11:07:39.910  5713  5713 D LifecycleMonitor: Lifecycle status change: com.example.app1.settings.menu.MenuActivity@469c4f5 in: CREATED
08-10 11:07:39.913  5713  5713 D LifecycleMonitor: Lifecycle status change: com.example.app1.settings.menu.MenuActivity@469c4f5 in: STARTED
08-10 11:07:39.914  5713  5713 D LifecycleMonitor: Lifecycle status change: com.example.app1.settings.menu.MenuActivity@469c4f5 in: RESUMED
08-10 11:07:40.036   283   332 D goldfish-address-space: claimShared: Ask to claim region [0x3f0000000 0x3f0965000]
08-10 11:07:40.049   283   332 D goldfish-address-space: claimShared: Ask to claim region [0x3f18cd000 0x3f2232000]
08-10 11:07:40.055   283   283 D goldfish-address-space: claimShared: Ask to claim region [0x3f7320000 0x3f7c85000]
08-10 11:07:40.087   522   554 I ActivityTaskManager: Displayed com.example.app1/.settings.menu.MenuActivity: +337ms
08-10 11:07:40.414  5713  5713 I ViewInteraction: Checking 'MatchesViewAssertion{viewMatcher=(view has effective visibility <VISIBLE> and view.getGlobalVisibleRect() to return non-empty rectangle)}' assertion on view view.getId() is <2131362288/com.example.app1:id/sv_menu>
08-10 11:07:40.528  5713  5713 D LifecycleMonitor: Lifecycle status change: com.example.app1.MainActivity@61a851d in: STOPPED
08-10 11:07:40.921  5713  5713 I ViewInteraction: Performing 'single click' action on view view.getId() is <2131361843/com.example.app1:id/account_settings>
08-10 11:07:40.985   522   547 D EventSequenceValidator: Transition from INTENT_FAILED to INTENT_STARTED
08-10 11:07:41.004  5713  5713 D LifecycleMonitor: Lifecycle status change: com.example.app1.settings.menu.MenuActivity@469c4f5 in: PAUSED
08-10 11:07:41.008   522   547 D EventSequenceValidator: Transition from INTENT_STARTED to INTENT_FAILED
08-10 11:07:41.009   522  2023 W InputReader: Device virtio_input_multi_touch_10 is associated with display ADISPLAY_ID_NONE.
08-10 11:07:41.010   522  2023 W InputReader: Device virtio_input_multi_touch_4 is associated with display ADISPLAY_ID_NONE.
08-10 11:07:41.010   522  2023 W InputReader: Device virtio_input_multi_touch_11 is associated with display ADISPLAY_ID_NONE.
08-10 11:07:41.011   522  2023 W InputReader: Device virtio_input_multi_touch_5 is associated with display ADISPLAY_ID_NONE.
08-10 11:07:41.011   522  2023 W InputReader: Device virtio_input_multi_touch_2 is associated with display ADISPLAY_ID_NONE.
08-10 11:07:41.011   522  2023 W InputReader: Device virtio_input_multi_touch_9 is associated with display ADISPLAY_ID_NONE.
08-10 11:07:41.011   522  2023 W InputReader: Device virtio_input_multi_touch_6 is associated with display ADISPLAY_ID_NONE.
08-10 11:07:41.011   522  2023 W InputReader: Device virtio_input_multi_touch_3 is associated with display ADISPLAY_ID_NONE.
08-10 11:07:41.011   522  2023 W InputReader: Device virtio_input_multi_touch_7 is associated with display ADISPLAY_ID_NONE.
08-10 11:07:41.011   522  2023 W InputReader: Device virtio_input_multi_touch_8 is associated with display ADISPLAY_ID_NONE.
08-10 11:07:41.015   522  1401 I system_server: oneway function results will be dropped but finished with status OK and parcel size 4
08-10 11:07:41.018   522  2023 W InputReader: Device virtio_input_multi_touch_10 is associated with display ADISPLAY_ID_NONE.
08-10 11:07:41.018   522  2023 W InputReader: Device virtio_input_multi_touch_4 is associated with display ADISPLAY_ID_NONE.
08-10 11:07:41.018   522  2023 W InputReader: Device virtio_input_multi_touch_11 is associated with display ADISPLAY_ID_NONE.
08-10 11:07:41.018   522  2023 W InputReader: Device virtio_input_multi_touch_5 is associated with display ADISPLAY_ID_NONE.
08-10 11:07:41.018   522  2023 W InputReader: Device virtio_input_multi_touch_2 is associated with display ADISPLAY_ID_NONE.
08-10 11:07:41.018   522  2023 W InputReader: Device virtio_input_multi_touch_9 is associated with display ADISPLAY_ID_NONE.
08-10 11:07:41.018   522  2023 W InputReader: Device virtio_input_multi_touch_6 is associated with display ADISPLAY_ID_NONE.
08-10 11:07:41.018   522  2023 W InputReader: Device virtio_input_multi_touch_3 is associated with display ADISPLAY_ID_NONE.
08-10 11:07:41.018   522  2023 W InputReader: Device virtio_input_multi_touch_7 is associated with display ADISPLAY_ID_NONE.
08-10 11:07:41.018   522  2023 W InputReader: Device virtio_input_multi_touch_8 is associated with display ADISPLAY_ID_NONE.
08-10 11:07:41.054  5713  5713 D LifecycleMonitor: Lifecycle status change: com.example.app1.settings.account.AccountActivity@f780823 in: PRE_ON_CREATE
08-10 11:07:41.146   522  2023 I system_server: oneway function results will be dropped but finished with status OK and parcel size 4
08-10 11:07:41.200  5713  5713 D LifecycleMonitor: Lifecycle status change: com.example.app1.settings.account.AccountActivity@f780823 in: CREATED
08-10 11:07:41.207  5713  5713 D LifecycleMonitor: Lifecycle status change: com.example.app1.settings.account.AccountActivity@f780823 in: STARTED
08-10 11:07:41.212  5713  5713 D LifecycleMonitor: Lifecycle status change: com.example.app1.settings.account.AccountActivity@f780823 in: RESUMED
08-10 11:07:41.304   283   332 D goldfish-address-space: claimShared: Ask to claim region [0x3f0965000 0x3f12ca000]
08-10 11:07:41.315   283   332 D goldfish-address-space: claimShared: Ask to claim region [0x3f4000000 0x3f4965000]
08-10 11:07:41.318   283   332 D goldfish-address-space: claimShared: Ask to claim region [0x3f4965000 0x3f52ca000]
08-10 11:07:41.366   522   554 I ActivityTaskManager: Displayed com.example.app1/.settings.account.AccountActivity: +379ms
08-10 11:07:41.854  5713  5713 D LifecycleMonitor: Lifecycle status change: com.example.app1.settings.menu.MenuActivity@469c4f5 in: STOPPED
08-10 11:07:41.943  5713  5713 I ViewInteraction: Checking 'MatchesViewAssertion{viewMatcher=(view has effective visibility <VISIBLE> and view.getGlobalVisibleRect() to return non-empty rectangle)}' assertion on view view.getId() is <2131361970/com.example.app1:id/decoration>
08-10 11:07:42.158  1228  1291 I VoiceInputManagerWrapper: VoiceInputManagerWrapper.shutdownVoiceInternal():95 shutdownVoiceInternal()
08-10 11:07:42.446  5713  5713 I ViewInteraction: Performing 'single click' action on view view.getId() is <2131361912/com.example.app1:id/btn_continue>
08-10 11:07:42.498   522   547 D EventSequenceValidator: Transition from INTENT_FAILED to INTENT_STARTED
08-10 11:07:42.505   522  1680 I system_server: oneway function results will be dropped but finished with status OK and parcel size 4
08-10 11:07:42.506   522   547 D EventSequenceValidator: Transition from INTENT_STARTED to INTENT_FAILED
08-10 11:07:42.507  5713  5713 D LifecycleMonitor: Lifecycle status change: com.example.app1.settings.account.AccountActivity@f780823 in: PAUSED
08-10 11:07:42.509   522  1680 W InputReader: Device virtio_input_multi_touch_10 is associated with display ADISPLAY_ID_NONE.
08-10 11:07:42.509   522  1680 W InputReader: Device virtio_input_multi_touch_4 is associated with display ADISPLAY_ID_NONE.
08-10 11:07:42.509   522  1680 W InputReader: Device virtio_input_multi_touch_11 is associated with display ADISPLAY_ID_NONE.
08-10 11:07:42.509   522  1680 W InputReader: Device virtio_input_multi_touch_5 is associated with display ADISPLAY_ID_NONE.
08-10 11:07:42.509   522  1680 W InputReader: Device virtio_input_multi_touch_2 is associated with display ADISPLAY_ID_NONE.
08-10 11:07:42.509   522  1680 W InputReader: Device virtio_input_multi_touch_9 is associated with display ADISPLAY_ID_NONE.
08-10 11:07:42.510   522  1680 W InputReader: Device virtio_input_multi_touch_6 is associated with display ADISPLAY_ID_NONE.
08-10 11:07:42.510   522  1680 W InputReader: Device virtio_input_multi_touch_3 is associated with display ADISPLAY_ID_NONE.
