09-01 23:30:39.537   197   215 E android.system.suspend@1.0-service: Error opening kernel wakelock stats for: wakeup35: Permission denied
09-01 23:30:39.536   197   197 W Binder:197_1: type=1400 audit(0.0:303): avc: denied { read } for name="wakeup35" dev="sysfs" ino=18690 scontext=u:r:system_suspend:s0 tcontext=u:object_r:sysfs:s0 tclass=dir permissive=0
09-01 23:30:42.758 10239 10239 I ViewInteraction: Checking 'MatchesViewAssertion{viewMatcher=(view has effective visibility <VISIBLE> and view.getGlobalVisibleRect() to return non-empty rectangle)}' assertion on view view.getId() is <2131362216/com.example.app1:id/rv>
09-01 23:30:42.864 10239 10251 I om.example.app: Background young concurrent copying GC freed 54143(2463KB) AllocSpace objects, 60(3204KB) LOS objects, 36% free, 10MB/16MB, paused 54us total 103.773ms
09-01 23:30:42.889 10239 10253 W System  : A resource failed to call end.
09-01 23:30:43.276 10239 10239 I ViewInteraction: Checking 'MatchesViewAssertion{viewMatcher=(view has effective visibility <VISIBLE> and view.getGlobalVisibleRect() to return non-empty rectangle)}' assertion on view view.getId() is <2131361885/com.example.app1:id/app_bar_search>
09-01 23:30:43.778 10239 10239 I ViewInteraction: Performing 'single click' action on view view.getContentDescription() is "btn_menu"
09-01 23:30:43.864   501   532 D EventSequenceValidator: inc AccIntentStartedEvents to 2
09-01 23:30:43.879 10239 10239 D LifecycleMonitor: Lifecycle status change: com.example.app1.MainActivity@b9e0581 in: PAUSED
09-01 23:30:43.899   501  2320 W InputReader: Device virtio_input_multi_touch_9 is associated with display ADISPLAY_ID_NONE.
09-01 23:30:43.899   501  2320 W InputReader: Device virtio_input_multi_touch_6 is associated with display ADISPLAY_ID_NONE.
09-01 23:30:43.899   501  2320 W InputReader: Device virtio_input_multi_touch_3 is associated with display ADISPLAY_ID_NONE.
09-01 23:30:43.899   501  2320 W InputReader: Device virtio_input_multi_touch_7 is associated with display ADISPLAY_ID_NONE.
09-01 23:30:43.899   501  2320 W InputReader: Device virtio_input_multi_touch_8 is associated with display ADISPLAY_ID_NONE.
09-01 23:30:43.899   501  2320 W InputReader: Device virtio_input_multi_touch_10 is associated with display ADISPLAY_ID_NONE.
09-01 23:30:43.899   501  2320 W InputReader: Device virtio_input_multi_touch_4 is associated with display ADISPLAY_ID_NONE.
09-01 23:30:43.899   501  2320 W InputReader: Device virtio_input_multi_touch_11 is associated with display ADISPLAY_ID_NONE.
09-01 23:30:43.899   501  2320 W InputReader: Device virtio_input_multi_touch_5 is associated with display ADISPLAY_ID_NONE.
09-01 23:30:43.899   501  2320 W InputReader: Device virtio_input_multi_touch_2 is associated with display ADISPLAY_ID_NONE.
09-01 23:30:43.900   501  2320 W InputReader: Device virtio_input_multi_touch_9 is associated with display ADISPLAY_ID_NONE.
09-01 23:30:43.900   501  2320 W InputReader: Device virtio_input_multi_touch_6 is associated with display ADISPLAY_ID_NONE.
09-01 23:30:43.900   501  2320 W InputReader: Device virtio_input_multi_touch_3 is associated with display ADISPLAY_ID_NONE.
09-01 23:30:43.900   501  2320 W InputReader: Device virtio_input_multi_touch_7 is associated with display ADISPLAY_ID_NONE.
09-01 23:30:43.900   501  2320 W InputReader: Device virtio_input_multi_touch_8 is associated with display ADISPLAY_ID_NONE.
09-01 23:30:43.900   501  2320 W InputReader: Device virtio_input_multi_touch_10 is associated with display ADISPLAY_ID_NONE.
09-01 23:30:43.900   501  2320 W InputReader: Device virtio_input_multi_touch_4 is associated with display ADISPLAY_ID_NONE.
09-01 23:30:43.900   501  2320 W InputReader: Device virtio_input_multi_touch_11 is associated with display ADISPLAY_ID_NONE.
09-01 23:30:43.900   501  2320 W InputReader: Device virtio_input_multi_touch_5 is associated with display ADISPLAY_ID_NONE.
09-01 23:30:43.900   501  2320 W InputReader: Device virtio_input_multi_touch_2 is associated with display ADISPLAY_ID_NONE.
09-01 23:30:43.919   339   339 I perfetto: ing_service_impl.cc:758 Configured tracing session 19, #sources:1, duration:5000 ms, #buffers:1, total buffer size:4096 KB, total sessions:1, uid:1071 session name: ""
09-01 23:30:43.920   338   338 I perfetto: probes_producer.cc:230  Ftrace setup (target_buf=19)
09-01 23:30:43.924   501   988 I system_server: oneway function results will be dropped but finished with status OK and parcel size 4
09-01 23:30:43.924   501   988 I system_server: oneway function results will be dropped but finished with status OK and parcel size 4
09-01 23:30:43.925   501   532 D EventSequenceValidator: dec AccIntentStartedEvents to 1
09-01 23:30:43.926   501   564 I system_server: oneway function results will be dropped but finished with status OK and parcel size 4
09-01 23:30:43.978   338   338 I perfetto: ftrace_procfs.cc:176    enabled ftrace
09-01 23:30:43.993 10239 10239 D LifecycleMonitor: Lifecycle status change: com.example.app1.settings.menu.MenuActivity@315721c in: PRE_ON_CREATE
09-01 23:30:43.998   312   466 D AudioFlinger: mixer(0xe8438030) throttle end: throttle time(5)
09-01 23:30:44.063   501  2320 I system_server: oneway function results will be dropped but finished with status OK and parcel size 4
09-01 23:30:44.158 10239 10239 D LifecycleMonitor: Lifecycle status change: com.example.app1.settings.menu.MenuActivity@315721c in: CREATED
09-01 23:30:44.165 10239 10239 D LifecycleMonitor: Lifecycle status change: com.example.app1.settings.menu.MenuActivity@315721c in: STARTED
09-01 23:30:44.165  9742  9742 D BoundBrokerSvc: onBind: Intent { act=com.google.android.gms.measurement.START pkg=com.google.android.gms }
09-01 23:30:44.165  9742  9742 D BoundBrokerSvc: Loading bound service for intent: Intent { act=com.google.android.gms.measurement.START pkg=com.google.android.gms }
09-01 23:30:44.167 10239 10239 D LifecycleMonitor: Lifecycle status change: com.example.app1.settings.menu.MenuActivity@315721c in: RESUMED
09-01 23:30:44.321   290   290 D goldfish-address-space: claimShared: Ask to claim region [0x3f3352000 0x3f3cb7000]
09-01 23:30:44.340   290   290 D goldfish-address-space: claimShared: Ask to claim region [0x3f0000000 0x3f0965000]
09-01 23:30:44.345   290   400 D goldfish-address-space: claimShared: Ask to claim region [0x3f0965000 0x3f12ca000]
09-01 23:30:44.478   501   537 I ActivityTaskManager: Displayed com.example.app1/.settings.menu.MenuActivity: +615ms
09-01 23:30:44.818 10239 10239 I ViewInteraction: Checking 'MatchesViewAssertion{viewMatcher=(view has effective visibility <VISIBLE> and view.getGlobalVisibleRect() to return non-empty rectangle)}' assertion on view view.getId() is <2131362288/com.example.app1:id/sv_menu>
09-01 23:30:44.996 10239 10239 D LifecycleMonitor: Lifecycle status change: com.example.app1.MainActivity@b9e0581 in: STOPPED
09-01 23:30:45.323 10239 10239 I ViewInteraction: Performing 'single click' action on view view.getId() is <2131361843/com.example.app1:id/account_settings>
09-01 23:30:45.404   501   532 D EventSequenceValidator: inc AccIntentStartedEvents to 2
09-01 23:30:45.438   339   339 I perfetto: ing_service_impl.cc:758 Configured tracing session 20, #sources:1, duration:5000 ms, #buffers:1, total buffer size:4096 KB, total sessions:2, uid:1071 session name: ""
09-01 23:30:45.439   338   338 I perfetto: probes_producer.cc:230  Ftrace setup (target_buf=20)
09-01 23:30:45.466   501   532 D EventSequenceValidator: dec AccIntentStartedEvents to 1
09-01 23:30:45.474 10239 10239 D LifecycleMonitor: Lifecycle status change: com.example.app1.settings.menu.MenuActivity@315721c in: PAUSED
09-01 23:30:45.476   501   528 W InputReader: Device virtio_input_multi_touch_9 is associated with display ADISPLAY_ID_NONE.
09-01 23:30:45.476   501   528 W InputReader: Device virtio_input_multi_touch_6 is associated with display ADISPLAY_ID_NONE.
09-01 23:30:45.476   501   528 W InputReader: Device virtio_input_multi_touch_3 is associated with display ADISPLAY_ID_NONE.
09-01 23:30:45.476   501   528 W InputReader: Device virtio_input_multi_touch_7 is associated with display ADISPLAY_ID_NONE.
09-01 23:30:45.476   501   528 W InputReader: Device virtio_input_multi_touch_8 is associated with display ADISPLAY_ID_NONE.
09-01 23:30:45.476   501   528 W InputReader: Device virtio_input_multi_touch_10 is associated with display ADISPLAY_ID_NONE.
09-01 23:30:45.476   501   528 W InputReader: Device virtio_input_multi_touch_4 is associated with display ADISPLAY_ID_NONE.
09-01 23:30:45.476   501   528 W InputReader: Device virtio_input_multi_touch_11 is associated with display ADISPLAY_ID_NONE.
09-01 23:30:45.476   501   528 W InputReader: Device virtio_input_multi_touch_5 is associated with display ADISPLAY_ID_NONE.
09-01 23:30:45.477   501   528 W InputReader: Device virtio_input_multi_touch_2 is associated with display ADISPLAY_ID_NONE.
09-01 23:30:45.477   501   528 W InputReader: Device virtio_input_multi_touch_9 is associated with display ADISPLAY_ID_NONE.
09-01 23:30:45.477   501   528 W InputReader: Device virtio_input_multi_touch_6 is associated with display ADISPLAY_ID_NONE.
09-01 23:30:45.477   501   528 W InputReader: Device virtio_input_multi_touch_3 is associated with display ADISPLAY_ID_NONE.
09-01 23:30:45.477   501   528 W InputReader: Device virtio_input_multi_touch_7 is associated with display ADISPLAY_ID_NONE.
09-01 23:30:45.477   501   528 W InputReader: Device virtio_input_multi_touch_8 is associated with display ADISPLAY_ID_NONE.
09-01 23:30:45.477   501   528 W InputReader: Device virtio_input_multi_touch_10 is associated with display ADISPLAY_ID_NONE.
09-01 23:30:45.477   501   528 W InputReader: Device virtio_input_multi_touch_4 is associated with display ADISPLAY_ID_NONE.
09-01 23:30:45.477   501   528 W InputReader: Device virtio_input_multi_touch_11 is associated with display ADISPLAY_ID_NONE.
09-01 23:30:45.477   501   528 W InputReader: Device virtio_input_multi_touch_5 is associated with display ADISPLAY_ID_NONE.
09-01 23:30:45.477   501   528 W InputReader: Device virtio_input_multi_touch_2 is associated with display ADISPLAY_ID_NONE.
09-01 23:30:45.542   501   528 I system_server: oneway function results will be dropped but finished with status OK and parcel size 4
09-01 23:30:45.576 10239 10239 D LifecycleMonitor: Lifecycle status change: com.example.app1.settings.account.AccountActivity@a885909 in: PRE_ON_CREATE
09-01 23:30:45.619   312   466 D AudioFlinger: mixer(0xe8438030) throttle end: throttle time(11)
09-01 23:30:45.677   197   215 E android.system.suspend@1.0-service: Error opening kernel wakelock stats for: wakeup34: Permission denied
09-01 23:30:45.672   197   197 W Binder:197_1: type=1400 audit(0.0:304): avc: denied { read } for name="wakeup34" dev="sysfs" ino=18627 scontext=u:r:system_suspend:s0 tcontext=u:object_r:sysfs:s0 tclass=dir permissive=0
09-01 23:30:45.798   197   215 E android.system.suspend@1.0-service: Error opening kernel wakelock stats for: wakeup35: Permission denied
09-01 23:30:45.824   501   988 I system_server: oneway function results will be dropped but finished with status OK and parcel size 4
09-01 23:30:45.788   197   197 W Binder:197_1: type=1400 audit(0.0:305): avc: denied { read } for name="wakeup35" dev="sysfs" ino=18690 scontext=u:r:system_suspend:s0 tcontext=u:object_r:sysfs:s0 tclass=dir permissive=0
09-01 23:30:45.859 10239 10239 D LifecycleMonitor: Lifecycle status change: com.example.app1.settings.account.AccountActivity@a885909 in: CREATED
09-01 23:30:45.877 10239 10239 D LifecycleMonitor: Lifecycle status change: com.example.app1.settings.account.AccountActivity@a885909 in: STARTED
09-01 23:30:45.879 10239 10239 D LifecycleMonitor: Lifecycle status change: com.example.app1.settings.account.AccountActivity@a885909 in: RESUMED
09-01 23:30:45.974   290   400 D goldfish-address-space: claimShared: Ask to claim region [0x3f2016000 0x3f297b000]
09-01 23:30:45.978   290   400 D goldfish-address-space: claimShared: Ask to claim region [0x3f297b000 0x3f32e0000]
09-01 23:30:45.981   290   400 D goldfish-address-space: claimShared: Ask to claim region [0x3f4c06000 0x3f556b000]
09-01 23:30:46.051   501   537 I ActivityTaskManager: Displayed com.example.app1/.settings.account.AccountActivity: +639ms
09-01 23:30:46.544 10239 10239 D LifecycleMonitor: Lifecycle status change: com.example.app1.settings.menu.MenuActivity@315721c in: STOPPED
09-01 23:30:47.847 10239 10239 I ViewInteraction: Checking 'MatchesViewAssertion{viewMatcher=(view has effective visibility <VISIBLE> and view.getGlobalVisibleRect() to return non-empty rectangle)}' assertion on view view.getId() is <2131361970/com.example.app1:id/decoration>
09-01 23:30:48.349 10239 10239 I ViewInteraction: Performing 'single click' action on view view.getId() is <2131361912/com.example.app1:id/btn_continue>
09-01 23:30:48.398   501   532 D EventSequenceValidator: inc AccIntentStartedEvents to 2
09-01 23:30:48.406   501  2320 I system_server: oneway function results will be dropped but finished with status OK and parcel size 4
09-01 23:30:48.409   339   339 I perfetto: ing_service_impl.cc:758 Configured tracing session 21, #sources:1, duration:5000 ms, #buffers:1, total buffer size:4096 KB, total sessions:3, uid:1071 session name: ""
09-01 23:30:48.409   338   338 I perfetto: probes_producer.cc:230  Ftrace setup (target_buf=21)
09-01 23:30:48.417   501   532 D EventSequenceValidator: dec AccIntentStartedEvents to 1
09-01 23:30:48.419 10239 10239 D LifecycleMonitor: Lifecycle status change: com.example.app1.settings.account.AccountActivity@a885909 in: PAUSED
09-01 23:30:48.421   501   988 W InputReader: Device virtio_input_multi_touch_9 is associated with display ADISPLAY_ID_NONE.
09-01 23:30:48.421   501   988 W InputReader: Device virtio_input_multi_touch_6 is associated with display ADISPLAY_ID_NONE.
09-01 23:30:48.421   501   988 W InputReader: Device virtio_input_multi_touch_3 is associated with display ADISPLAY_ID_NONE.
09-01 23:30:48.421   501   988 W InputReader: Device virtio_input_multi_touch_7 is associated with display ADISPLAY_ID_NONE.
09-01 23:30:48.421   501   988 W InputReader: Device virtio_input_multi_touch_8 is associated with display ADISPLAY_ID_NONE.
09-01 23:30:48.421   501   988 W InputReader: Device virtio_input_multi_touch_10 is associated with display ADISPLAY_ID_NONE.
09-01 23:30:48.421   501   988 W InputReader: Device virtio_input_multi_touch_4 is associated with display ADISPLAY_ID_NONE.
09-01 23:30:48.422   501   988 W InputReader: Device virtio_input_multi_touch_11 is associated with display ADISPLAY_ID_NONE.
09-01 23:30:48.422   501   988 W InputReader: Device virtio_input_multi_touch_5 is associated with display ADISPLAY_ID_NONE.
09-01 23:30:48.422   501   988 W InputReader: Device virtio_input_multi_touch_2 is associated with display ADISPLAY_ID_NONE.
09-01 23:30:48.422   501   988 W InputReader: Device virtio_input_multi_touch_9 is associated with display ADISPLAY_ID_NONE.
09-01 23:30:48.422   501   988 W InputReader: Device virtio_input_multi_touch_6 is associated with display ADISPLAY_ID_NONE.
09-01 23:30:48.423   501   988 W InputReader: Device virtio_input_multi_touch_3 is associated with display ADISPLAY_ID_NONE.
09-01 23:30:48.423   501   988 W InputReader: Device virtio_input_multi_touch_7 is associated with display ADISPLAY_ID_NONE.
09-01 23:30:48.423   501   988 W InputReader: Device virtio_input_multi_touch_8 is associated with display ADISPLAY_ID_NONE.
09-01 23:30:48.423   501   988 W InputReader: Device virtio_input_multi_touch_10 is associated with display ADISPLAY_ID_NONE.
09-01 23:30:48.423   501   988 W InputReader: Device virtio_input_multi_touch_4 is associated with display ADISPLAY_ID_NONE.
09-01 23:30:48.423   501   988 W InputReader: Device virtio_input_multi_touch_11 is associated with display ADISPLAY_ID_NONE.
09-01 23:30:48.423   501   988 W InputReader: Device virtio_input_multi_touch_5 is associated with display ADISPLAY_ID_NONE.
09-01 23:30:48.423   501   988 W InputReader: Device virtio_input_multi_touch_2 is associated with display ADISPLAY_ID_NONE.
09-01 23:30:48.445 10239 10239 D LifecycleMonitor: Lifecycle status change: com.example.app1.settings.account.PasswordChangeActivity@6783525 in: PRE_ON_CREATE
09-01 23:30:48.534   501  2320 I system_server: oneway function results will be dropped but finished with status OK and parcel size 4
09-01 23:30:48.574 10239 10239 D LifecycleMonitor: Lifecycle status change: com.example.app1.settings.account.PasswordChangeActivity@6783525 in: CREATED
09-01 23:30:48.584 10239 10239 D LifecycleMonitor: Lifecycle status change: com.example.app1.settings.account.PasswordChangeActivity@6783525 in: STARTED
09-01 23:30:48.588 10239 10239 D LifecycleMonitor: Lifecycle status change: com.example.app1.settings.account.PasswordChangeActivity@6783525 in: RESUMED
09-01 23:30:48.738   290   400 D goldfish-address-space: claimShared: Ask to claim region [0x3f32e0000 0x3f3c45000]
09-01 23:30:48.742   290   400 D goldfish-address-space: claimShared: Ask to claim region [0x3f0000000 0x3f0965000]
09-01 23:30:48.751   290   400 D goldfish-address-space: claimShared: Ask to claim region [0x3f0965000 0x3f12ca000]
09-01 23:30:48.793   501   537 I ActivityTaskManager: Displayed com.example.app1/.settings.account.PasswordChangeActivity: +393ms
09-01 23:30:48.922   338   338 I perfetto: probes_producer.cc:329  Producer stop (id=19)
09-01 23:30:48.923   339   339 I perfetto: ng_service_impl.cc:1948 Tracing session 19 ended, total sessions:2
09-01 23:30:49.079 10239 10239 I ViewInteraction: Checking 'MatchesViewAssertion{viewMatcher=(view has effective visibility <VISIBLE> and view.getGlobalVisibleRect() to return non-empty rectangle)}' assertion on view view.getId() is <2131361912/com.example.app1:id/btn_continue>
09-01 23:30:49.205 10239 10239 D LifecycleMonitor: Lifecycle status change: com.example.app1.settings.account.AccountActivity@a885909 in: STOPPED
09-01 23:30:49.584 10239 10239 I ViewInteraction: Performing 'type text(Test1#)' action on view should return first matching item
09-01 23:30:49.655 10239 10239 I AssistStructure: Flattened final assist data: 2360 bytes, containing 1 windows, 11 views
09-01 23:30:49.688  1380  1380 I KeyboardViewUtil: KeyboardViewUtil.getKeyboardHeightRatio():128 systemKeyboardHeightRatio:1.000000; userKeyboardHeightRatio:1.000000.
09-01 23:30:49.689  1380  1380 I AndroidIME: AbstractIme.onActivate():84 PasswordIme.onActivate() : EditorInfo = Package = com.example.app1 : Type = Password : Learning = Disable : Suggestion = Hide : AutoCorrection = Disable : Microphone = Hide : NoPersonalizedLearning = Disable : AutoStartVoiceInput = Disable, IncognitoMode = false
09-01 23:30:49.689  9030  9030 W qei     : Pending fill request while another request in the same session was triggered. [CONTEXT service_id=177 ]
09-01 23:30:49.699  9742  9742 D BoundBrokerSvc: onBind: Intent { act=com.google.android.mdd.service.START dat=chimera-action:com.google.android.mdd.service.START cmp=com.google.android.gms/.chimera.GmsBoundBrokerService }
09-01 23:30:49.699  9742  9742 D BoundBrokerSvc: Loading bound service for intent: Intent { act=com.google.android.mdd.service.START dat=chimera-action:com.google.android.mdd.service.START cmp=com.google.android.gms/.chimera.GmsBoundBrokerService }
09-01 23:30:49.715  1380  1380 W KeyboardModeManager: KeyboardModeManager.setInputView():302 setInputView() : inputView = com.google.android.apps.inputmethod.libs.framework.core.InputView{c127a55 V.E...... ......ID 0,0-1080,1977}
09-01 23:30:49.716  1380  1380 I ConversationToQueryExtension: ConversationToQueryExtension.isEnabledForHostApp():252 Conv2Query not enabled due to current app [com.example.app1] not in whitelist
09-01 23:30:49.716  1380  1380 I ConversationToQueryExtension: ConversationToQueryExtension.onActivate():162 onActivate() : Disabled by unsupported host app
09-01 23:30:49.717  1380  1380 I CurrentMicStatusHolder: CurrentMicStatusHolder.onStartInputView():79 Current Mic status = {MicIconHidden-PasswordOrNumberOrDateInputType,}
09-01 23:30:49.717  1380  1380 I VoiceImeExtension: VoiceImeExtension.shouldStartVoiceInputAutomatically():336 No private IME option set to start voice input.
09-01 23:30:49.724  9742  9742 D BoundBrokerSvc: onBind: Intent { act=com.google.firebase.dynamiclinks.service.START pkg=com.google.android.gms }
09-01 23:30:49.724  9742  9742 D BoundBrokerSvc: Loading bound service for intent: Intent { act=com.google.firebase.dynamiclinks.service.START pkg=com.google.android.gms }
09-01 23:30:49.727   290   400 D goldfish-address-space: claimShared: Ask to claim region [0x3f2016000 0x3f28c7000]
09-01 23:30:49.753   290   400 D goldfish-address-space: claimShared: Ask to claim region [0x3f28c7000 0x3f3178000]
09-01 23:30:49.760   290   400 D goldfish-address-space: claimShared: Ask to claim region [0x3f4c06000 0x3f54b7000]
09-01 23:30:49.838   290   400 D goldfish-address-space: claimShared: Ask to claim region [0x3f54b7000 0x3f5e1c000]
09-01 23:30:49.846   290   400 D goldfish-address-space: claimShared: Ask to claim region [0x3f5e1c000 0x3f6781000]
09-01 23:30:49.862  9742  9742 D BoundBrokerSvc: onBind: Intent { act=com.google.android.gms.common.BIND_SHARED_PREFS pkg=com.google.android.gms }
09-01 23:30:49.862  9742  9742 D BoundBrokerSvc: Loading bound service for intent: Intent { act=com.google.android.gms.common.BIND_SHARED_PREFS pkg=com.google.android.gms }
09-01 23:30:49.879  9742  9742 D BoundBrokerSvc: onUnbind: Intent { act=com.google.android.gms.common.BIND_SHARED_PREFS pkg=com.google.android.gms }
09-01 23:30:49.912  9742  9742 D BoundBrokerSvc: onBind: Intent { act=com.google.android.gms.common.BIND_SHARED_PREFS pkg=com.google.android.gms }
09-01 23:30:49.912  9742  9742 D BoundBrokerSvc: Loading bound service for intent: Intent { act=com.google.android.gms.common.BIND_SHARED_PREFS pkg=com.google.android.gms }
09-01 23:30:49.927 10239 10239 D UiControllerImpl: Injecting string: "Test1#"
09-01 23:30:49.928  9742  9742 D BoundBrokerSvc: onUnbind: Intent { act=com.google.android.gms.common.BIND_SHARED_PREFS pkg=com.google.android.gms }
09-01 23:30:49.967   290   400 D goldfish-address-space: claimShared: Ask to claim region [0x3f3178000 0x3f3add000]
09-01 23:30:50.329 10239 10239 I ViewInteraction: Performing 'type text(weak)' action on view should return first matching item
09-01 23:30:50.401  1380  1380 I AndroidIME: AbstractIme.onDeactivate():161 PasswordIme.onDeactivate()
09-01 23:30:50.433  1380  1380 I KeyboardViewUtil: KeyboardViewUtil.getKeyboardHeightRatio():128 systemKeyboardHeightRatio:1.000000; userKeyboardHeightRatio:1.000000.
09-01 23:30:50.433  1380  1380 I AndroidIME: AbstractIme.onActivate():84 PasswordIme.onActivate() : EditorInfo = Package = com.example.app1 : Type = Password : Learning = Disable : Suggestion = Hide : AutoCorrection = Disable : Microphone = Hide : NoPersonalizedLearning = Disable : AutoStartVoiceInput = Disable, IncognitoMode = false
09-01 23:30:50.440   338   338 I perfetto: probes_producer.cc:329  Producer stop (id=20)
09-01 23:30:50.441   339   339 I perfetto: ng_service_impl.cc:1948 Tracing session 20 ended, total sessions:1
09-01 23:30:50.442  1380  1380 W KeyboardModeManager: KeyboardModeManager.setInputView():302 setInputView() : inputView = com.google.android.apps.inputmethod.libs.framework.core.InputView{c127a55 V.E...... .......D 0,0-1080,1977}
09-01 23:30:50.442  1380  1380 I ConversationToQueryExtension: ConversationToQueryExtension.isEnabledForHostApp():252 Conv2Query not enabled due to current app [com.example.app1] not in whitelist
09-01 23:30:50.442  1380  1380 I ConversationToQueryExtension: ConversationToQueryExtension.onActivate():162 onActivate() : Disabled by unsupported host app
09-01 23:30:50.443  1380  1380 I CurrentMicStatusHolder: CurrentMicStatusHolder.onStartInputView():79 Current Mic status = {MicIconHidden-PasswordOrNumberOrDateInputType,}
09-01 23:30:50.443  1380  1380 I VoiceImeExtension: VoiceImeExtension.shouldStartVoiceInputAutomatically():336 No private IME option set to start voice input.
09-01 23:30:50.486  9742  9742 D BoundBrokerSvc: onBind: Intent { act=com.google.android.gms.common.BIND_SHARED_PREFS pkg=com.google.android.gms }
09-01 23:30:50.486  9742  9742 D BoundBrokerSvc: Loading bound service for intent: Intent { act=com.google.android.gms.common.BIND_SHARED_PREFS pkg=com.google.android.gms }
09-01 23:30:50.494  9742  9742 D BoundBrokerSvc: onUnbind: Intent { act=com.google.android.gms.common.BIND_SHARED_PREFS pkg=com.google.android.gms }
09-01 23:30:50.501  9742  9742 D BoundBrokerSvc: onBind: Intent { act=com.google.android.gms.common.BIND_SHARED_PREFS pkg=com.google.android.gms }
09-01 23:30:50.501  9742  9742 D BoundBrokerSvc: Loading bound service for intent: Intent { act=com.google.android.gms.common.BIND_SHARED_PREFS pkg=com.google.android.gms }
09-01 23:30:50.510  9742  9742 D BoundBrokerSvc: onUnbind: Intent { act=com.google.android.gms.common.BIND_SHARED_PREFS pkg=com.google.android.gms }
09-01 23:30:50.607  9030  9040 I .gms.persisten: Background concurrent copying GC freed 220743(10MB) AllocSpace objects, 2(200KB) LOS objects, 49% free, 11MB/22MB, paused 109us total 234.893ms
09-01 23:30:50.642 10239 10239 D UiControllerImpl: Injecting string: "weak"
09-01 23:30:50.757 10239 10239 I ViewInteraction: Performing 'type text(weak)' action on view should return first matching item
09-01 23:30:50.809  1380  1380 I AndroidIME: AbstractIme.onDeactivate():161 PasswordIme.onDeactivate()
09-01 23:30:50.848  1380  1380 I KeyboardViewUtil: KeyboardViewUtil.getKeyboardHeightRatio():128 systemKeyboardHeightRatio:1.000000; userKeyboardHeightRatio:1.000000.
09-01 23:30:50.850  1380  1380 I AndroidIME: AbstractIme.onActivate():84 PasswordIme.onActivate() : EditorInfo = Package = com.example.app1 : Type = Password : Learning = Disable : Suggestion = Hide : AutoCorrection = Disable : Microphone = Hide : NoPersonalizedLearning = Disable : AutoStartVoiceInput = Disable, IncognitoMode = false
09-01 23:30:50.863  1380  1380 W KeyboardModeManager: KeyboardModeManager.setInputView():302 setInputView() : inputView = com.google.android.apps.inputmethod.libs.framework.core.InputView{c127a55 V.E...... ......ID 0,0-1080,1977}
09-01 23:30:50.864  1380  1380 I ConversationToQueryExtension: ConversationToQueryExtension.isEnabledForHostApp():252 Conv2Query not enabled due to current app [com.example.app1] not in whitelist
09-01 23:30:50.864  1380  1380 I ConversationToQueryExtension: ConversationToQueryExtension.onActivate():162 onActivate() : Disabled by unsupported host app
09-01 23:30:50.864  1380  1380 I CurrentMicStatusHolder: CurrentMicStatusHolder.onStartInputView():79 Current Mic status = {MicIconHidden-PasswordOrNumberOrDateInputType,}
09-01 23:30:50.864  1380  1380 I VoiceImeExtension: VoiceImeExtension.shouldStartVoiceInputAutomatically():336 No private IME option set to start voice input.
09-01 23:30:50.872  9742  9742 D BoundBrokerSvc: onBind: Intent { act=com.google.android.gms.common.BIND_SHARED_PREFS pkg=com.google.android.gms }
09-01 23:30:50.872  9742  9742 D BoundBrokerSvc: Loading bound service for intent: Intent { act=com.google.android.gms.common.BIND_SHARED_PREFS pkg=com.google.android.gms }
09-01 23:30:50.876  9742  9742 D BoundBrokerSvc: onUnbind: Intent { act=com.google.android.gms.common.BIND_SHARED_PREFS pkg=com.google.android.gms }
09-01 23:30:50.890  9742  9742 D BoundBrokerSvc: onBind: Intent { act=com.google.android.gms.common.BIND_SHARED_PREFS pkg=com.google.android.gms }
09-01 23:30:50.890  9742  9742 D BoundBrokerSvc: Loading bound service for intent: Intent { act=com.google.android.gms.common.BIND_SHARED_PREFS pkg=com.google.android.gms }
09-01 23:30:50.894  9742  9742 D BoundBrokerSvc: onUnbind: Intent { act=com.google.android.gms.common.BIND_SHARED_PREFS pkg=com.google.android.gms }
09-01 23:30:51.058 10239 10239 D UiControllerImpl: Injecting string: "weak"
09-01 23:30:51.168 10239 10239 I ViewInteraction: Performing 'close keyboard' action on view view.getId() is <2131361912/com.example.app1:id/btn_continue>
09-01 23:30:51.176  1380  1380 I AndroidIME: AbstractIme.onDeactivate():161 PasswordIme.onDeactivate()
09-01 23:30:51.495 10239 10239 I ViewInteraction: Performing 'single click' action on view view.getId() is <2131361912/com.example.app1:id/btn_continue>
09-01 23:30:51.500   501   564 I system_server: oneway function results will be dropped but finished with status OK and parcel size 4
09-01 23:30:51.562 10239 10431 W System  : Ignoring header X-Firebase-Locale because its value was null.
09-01 23:30:51.563   501  1975 I system_server: oneway function results will be dropped but finished with status OK and parcel size 4
09-01 23:30:51.573   501  1975 I system_server: oneway function results will be dropped but finished with status OK and parcel size 4
09-01 23:30:51.739   501   564 I system_server: oneway function results will be dropped but finished with status OK and parcel size 4
09-01 23:30:51.828 10239 10239 I ViewInteraction: Performing 'send keyCode: 4, metaState: 0 key event' action on view view.getRootView() to equal view
09-01 23:30:51.840   290   400 D goldfish-address-space: claimShared: Ask to claim region [0x3f2016000 0x3f2619000]
09-01 23:30:51.874 10239 10239 D LifecycleMonitor: Lifecycle status change: com.example.app1.settings.account.PasswordChangeActivity@6783525 in: PAUSED
09-01 23:30:51.876   501   564 W InputReader: Device virtio_input_multi_touch_9 is associated with display ADISPLAY_ID_NONE.
09-01 23:30:51.876   501   564 W InputReader: Device virtio_input_multi_touch_6 is associated with display ADISPLAY_ID_NONE.
09-01 23:30:51.876   501   564 W InputReader: Device virtio_input_multi_touch_3 is associated with display ADISPLAY_ID_NONE.
09-01 23:30:51.876   501   564 W InputReader: Device virtio_input_multi_touch_7 is associated with display ADISPLAY_ID_NONE.
09-01 23:30:51.876   501   564 W InputReader: Device virtio_input_multi_touch_8 is associated with display ADISPLAY_ID_NONE.
09-01 23:30:51.876   501   564 W InputReader: Device virtio_input_multi_touch_10 is associated with display ADISPLAY_ID_NONE.
09-01 23:30:51.876   501   564 W InputReader: Device virtio_input_multi_touch_4 is associated with display ADISPLAY_ID_NONE.
09-01 23:30:51.876   501   564 W InputReader: Device virtio_input_multi_touch_11 is associated with display ADISPLAY_ID_NONE.
09-01 23:30:51.876   501   564 W InputReader: Device virtio_input_multi_touch_5 is associated with display ADISPLAY_ID_NONE.
09-01 23:30:51.876   501   564 W InputReader: Device virtio_input_multi_touch_2 is associated with display ADISPLAY_ID_NONE.
09-01 23:30:51.876   501   564 W InputReader: Device virtio_input_multi_touch_9 is associated with display ADISPLAY_ID_NONE.
09-01 23:30:51.877   501   564 W InputReader: Device virtio_input_multi_touch_6 is associated with display ADISPLAY_ID_NONE.
09-01 23:30:51.877   501   564 W InputReader: Device virtio_input_multi_touch_3 is associated with display ADISPLAY_ID_NONE.
09-01 23:30:51.877   501   564 W InputReader: Device virtio_input_multi_touch_7 is associated with display ADISPLAY_ID_NONE.
09-01 23:30:51.877   501   564 W InputReader: Device virtio_input_multi_touch_8 is associated with display ADISPLAY_ID_NONE.
09-01 23:30:51.877   501   564 W InputReader: Device virtio_input_multi_touch_10 is associated with display ADISPLAY_ID_NONE.
09-01 23:30:51.877   501   564 W InputReader: Device virtio_input_multi_touch_4 is associated with display ADISPLAY_ID_NONE.
09-01 23:30:51.877   501   564 W InputReader: Device virtio_input_multi_touch_11 is associated with display ADISPLAY_ID_NONE.
09-01 23:30:51.877   501   564 W InputReader: Device virtio_input_multi_touch_5 is associated with display ADISPLAY_ID_NONE.
09-01 23:30:51.877   501   564 W InputReader: Device virtio_input_multi_touch_2 is associated with display ADISPLAY_ID_NONE.
09-01 23:30:51.882 10239 10239 D LifecycleMonitor: Lifecycle status change: com.example.app1.settings.account.AccountActivity@a885909 in: RESTARTED
09-01 23:30:51.894 10239 10239 D LifecycleMonitor: Lifecycle status change: com.example.app1.settings.account.AccountActivity@a885909 in: STARTED
09-01 23:30:51.910 10239 10239 D LifecycleMonitor: Lifecycle status change: com.example.app1.settings.account.AccountActivity@a885909 in: RESUMED
09-01 23:30:51.940   290   400 D goldfish-address-space: claimShared: Ask to claim region [0x3f2619000 0x3f2f7e000]
09-01 23:30:51.946   290   400 D goldfish-address-space: claimShared: Ask to claim region [0x3f0000000 0x3f0965000]
09-01 23:30:51.962   290   400 D goldfish-address-space: claimShared: Ask to claim region [0x3f0965000 0x3f12ca000]
09-01 23:30:52.088 10239 10431 W System  : Ignoring header X-Firebase-Locale because its value was null.
09-01 23:30:52.205   705   719 I ndroid.systemu: NativeAlloc concurrent copying GC freed 6258(322KB) AllocSpace objects, 0(0B) LOS objects, 49% free, 7419KB/14MB, paused 79us total 332.640ms
09-01 23:30:52.326 10239 10431 D FirebaseAuth: Notifying id token listeners about user ( jUMwGPPUP5g7wH0TmJQZzg6pvJt1 ).
09-01 23:30:52.386   290   400 D goldfish-address-space: claimShared: Ask to claim region [0x3f3add000 0x3f3b79000]
09-01 23:30:52.392   290   400 D goldfish-address-space: claimShared: Ask to claim region [0x3f3b79000 0x3f3c15000]
09-01 23:30:52.396   290   400 D goldfish-address-space: claimShared: Ask to claim region [0x3f3c15000 0x3f3cb1000]
09-01 23:30:52.467 10239 10239 D LifecycleMonitor: Lifecycle status change: com.example.app1.settings.account.PasswordChangeActivity@6783525 in: STOPPED
09-01 23:30:52.474 10239 10239 D LifecycleMonitor: Lifecycle status change: com.example.app1.settings.account.PasswordChangeActivity@6783525 in: DESTROYED
09-01 23:30:52.481  1400  1400 V InlineSuggestionRenderService: handleDestroySuggestionViews called for 0:1223176226
09-01 23:30:52.544 10239 10239 I ViewInteraction: Performing 'send keyCode: 4, metaState: 0 key event' action on view view.getRootView() to equal view
09-01 23:30:52.571   290   400 D goldfish-address-space: claimShared: Ask to claim region [0x3f2f7e000 0x3f3581000]
09-01 23:30:52.596 10239 10239 D LifecycleMonitor: Lifecycle status change: com.example.app1.settings.account.AccountActivity@a885909 in: PAUSED
09-01 23:30:52.607   501   988 W InputReader: Device virtio_input_multi_touch_9 is associated with display ADISPLAY_ID_NONE.
09-01 23:30:52.607   501   988 W InputReader: Device virtio_input_multi_touch_6 is associated with display ADISPLAY_ID_NONE.
09-01 23:30:52.607   501   988 W InputReader: Device virtio_input_multi_touch_3 is associated with display ADISPLAY_ID_NONE.
09-01 23:30:52.607   501   988 W InputReader: Device virtio_input_multi_touch_7 is associated with display ADISPLAY_ID_NONE.
09-01 23:30:52.607   501   988 W InputReader: Device virtio_input_multi_touch_8 is associated with display ADISPLAY_ID_NONE.
09-01 23:30:52.607   501   988 W InputReader: Device virtio_input_multi_touch_10 is associated with display ADISPLAY_ID_NONE.
09-01 23:30:52.607   501   988 W InputReader: Device virtio_input_multi_touch_4 is associated with display ADISPLAY_ID_NONE.
09-01 23:30:52.607   501   988 W InputReader: Device virtio_input_multi_touch_11 is associated with display ADISPLAY_ID_NONE.
09-01 23:30:52.607   501   988 W InputReader: Device virtio_input_multi_touch_5 is associated with display ADISPLAY_ID_NONE.
09-01 23:30:52.607   501   988 W InputReader: Device virtio_input_multi_touch_2 is associated with display ADISPLAY_ID_NONE.
09-01 23:30:52.607   501   988 W InputReader: Device virtio_input_multi_touch_9 is associated with display ADISPLAY_ID_NONE.
09-01 23:30:52.608   501   988 W InputReader: Device virtio_input_multi_touch_6 is associated with display ADISPLAY_ID_NONE.
09-01 23:30:52.608   501   988 W InputReader: Device virtio_input_multi_touch_3 is associated with display ADISPLAY_ID_NONE.
09-01 23:30:52.608   501   988 W InputReader: Device virtio_input_multi_touch_7 is associated with display ADISPLAY_ID_NONE.
09-01 23:30:52.608   501   988 W InputReader: Device virtio_input_multi_touch_8 is associated with display ADISPLAY_ID_NONE.
09-01 23:30:52.608   501   988 W InputReader: Device virtio_input_multi_touch_10 is associated with display ADISPLAY_ID_NONE.
09-01 23:30:52.608   501   988 W InputReader: Device virtio_input_multi_touch_4 is associated with display ADISPLAY_ID_NONE.
09-01 23:30:52.608   501   988 W InputReader: Device virtio_input_multi_touch_11 is associated with display ADISPLAY_ID_NONE.
09-01 23:30:52.608   501   988 W InputReader: Device virtio_input_multi_touch_5 is associated with display ADISPLAY_ID_NONE.
09-01 23:30:52.608   501   988 W InputReader: Device virtio_input_multi_touch_2 is associated with display ADISPLAY_ID_NONE.
09-01 23:30:52.628 10239 10239 D LifecycleMonitor: Lifecycle status change: com.example.app1.settings.menu.MenuActivity@315721c in: RESTARTED
09-01 23:30:52.629 10239 10239 D LifecycleMonitor: Lifecycle status change: com.example.app1.settings.menu.MenuActivity@315721c in: STARTED
09-01 23:30:52.632 10239 10239 D LifecycleMonitor: Lifecycle status change: com.example.app1.settings.menu.MenuActivity@315721c in: RESUMED
09-01 23:30:52.673   290   400 D goldfish-address-space: claimShared: Ask to claim region [0x3f4c06000 0x3f556b000]
09-01 23:30:52.683   290   400 D goldfish-address-space: claimShared: Ask to claim region [0x3f556b000 0x3f5ed0000]
09-01 23:30:52.689   290   290 D goldfish-address-space: claimShared: Ask to claim region [0x3f5ed0000 0x3f6835000]
09-01 23:30:52.876   705   719 I ndroid.systemu: NativeAlloc concurrent copying GC freed 1426(134KB) AllocSpace objects, 0(0B) LOS objects, 49% free, 7418KB/14MB, paused 27us total 281.128ms
09-01 23:30:52.996 10239 10251 I om.example.app: Background concurrent copying GC freed 82669(4285KB) AllocSpace objects, 59(2060KB) LOS objects, 49% free, 10220KB/19MB, paused 47us total 268.373ms
09-01 23:30:53.137 10239 10239 D LifecycleMonitor: Lifecycle status change: com.example.app1.settings.account.AccountActivity@a885909 in: STOPPED
09-01 23:30:53.139 10239 10239 D LifecycleMonitor: Lifecycle status change: com.example.app1.settings.account.AccountActivity@a885909 in: DESTROYED
09-01 23:30:53.198 10239 10239 I ViewInteraction: Checking 'MatchesViewAssertion{viewMatcher=(view has effective visibility <VISIBLE> and view.getGlobalVisibleRect() to return non-empty rectangle)}' assertion on view view.getId() is <2131362288/com.example.app1:id/sv_menu>
09-01 23:30:53.411   338   338 I perfetto: probes_producer.cc:329  Producer stop (id=21)
09-01 23:30:53.412   338   338 I perfetto: ftrace_procfs.cc:183    disabled ftrace
09-01 23:30:53.413   339   339 I perfetto: ng_service_impl.cc:1948 Tracing session 21 ended, total sessions:0
09-01 23:30:53.703 10239 10239 I ViewInteraction: Performing 'single click' action on view view.getId() is <2131362095/com.example.app1:id/logout>
09-01 23:30:53.776   501  1975 I system_server: oneway function results will be dropped but finished with status OK and parcel size 4
09-01 23:30:53.909   501  1975 I system_server: oneway function results will be dropped but finished with status OK and parcel size 4
09-01 23:30:53.942   290   400 D goldfish-address-space: claimShared: Ask to claim region [0x3f3581000 0x3f38e9000]
09-01 23:30:53.961   290   400 D goldfish-address-space: claimShared: Ask to claim region [0x3f2619000 0x3f2981000]
09-01 23:30:53.985   290   400 D goldfish-address-space: claimShared: Ask to claim region [0x3f2981000 0x3f2ce9000]
09-01 23:30:54.621 10239 10239 I ViewInteraction: Checking 'MatchesViewAssertion{viewMatcher=(view has effective visibility <VISIBLE> and view.getGlobalVisibleRect() to return non-empty rectangle)}' assertion on view view.getId() is <2131362094/com.example.app1:id/logo>
09-01 23:30:55.125 10239 10239 I ViewInteraction: Performing 'single click' action on view view.getId() is <16908313/android:id/button1>
09-01 23:30:55.186 10239 10239 D FirebaseAuth: Notifying id token listeners about a sign-out event.
09-01 23:30:55.186 10239 10239 D FirebaseAuth: Notifying auth state listeners about a sign-out event.
09-01 23:30:55.187   501   532 D EventSequenceValidator: inc AccIntentStartedEvents to 2
09-01 23:30:55.195   290   400 D goldfish-address-space: claimShared: Ask to claim region [0x3f38e9000 0x3f3eec000]
09-01 23:30:55.208   339   339 I perfetto: ing_service_impl.cc:758 Configured tracing session 22, #sources:1, duration:5000 ms, #buffers:1, total buffer size:4096 KB, total sessions:1, uid:1071 session name: ""
09-01 23:30:55.209   338   338 I perfetto: probes_producer.cc:230  Ftrace setup (target_buf=22)
09-01 23:30:55.228   501  2320 I system_server: oneway function results will be dropped but finished with status OK and parcel size 4
09-01 23:30:55.258   312   466 D AudioFlinger: mixer(0xe8438030) throttle end: throttle time(3)
09-01 23:30:55.274   338   338 I perfetto: ftrace_procfs.cc:176    enabled ftrace
09-01 23:30:55.278   501   532 D EventSequenceValidator: dec AccIntentStartedEvents to 1
09-01 23:30:55.326   501  1975 I system_server: oneway function results will be dropped but finished with status OK and parcel size 4
09-01 23:30:55.333   290   400 D goldfish-address-space: claimShared: Ask to claim region [0x3f0000000 0x3f0965000]
09-01 23:30:55.346 10239 10277 D OpenGLRenderer: endAllActiveAnimators on 0xc15ead30 (RippleDrawable) with handle 0xc1138930
09-01 23:30:55.378 10239 10239 D LifecycleMonitor: Lifecycle status change: com.example.app1.settings.menu.MenuActivity@315721c in: PAUSED
09-01 23:30:55.387   501   528 W InputReader: Device virtio_input_multi_touch_9 is associated with display ADISPLAY_ID_NONE.
09-01 23:30:55.387   501   528 W InputReader: Device virtio_input_multi_touch_6 is associated with display ADISPLAY_ID_NONE.
09-01 23:30:55.387   501   528 W InputReader: Device virtio_input_multi_touch_3 is associated with display ADISPLAY_ID_NONE.
09-01 23:30:55.387   501   528 W InputReader: Device virtio_input_multi_touch_7 is associated with display ADISPLAY_ID_NONE.
09-01 23:30:55.388   501   528 W InputReader: Device virtio_input_multi_touch_8 is associated with display ADISPLAY_ID_NONE.
09-01 23:30:55.388   501   528 W InputReader: Device virtio_input_multi_touch_10 is associated with display ADISPLAY_ID_NONE.
09-01 23:30:55.388   501   528 W InputReader: Device virtio_input_multi_touch_4 is associated with display ADISPLAY_ID_NONE.
09-01 23:30:55.389   501   528 W InputReader: Device virtio_input_multi_touch_11 is associated with display ADISPLAY_ID_NONE.
09-01 23:30:55.390   501   528 W InputReader: Device virtio_input_multi_touch_5 is associated with display ADISPLAY_ID_NONE.
09-01 23:30:55.390   501   528 W InputReader: Device virtio_input_multi_touch_2 is associated with display ADISPLAY_ID_NONE.
09-01 23:30:55.392   501   528 W InputReader: Device virtio_input_multi_touch_9 is associated with display ADISPLAY_ID_NONE.
09-01 23:30:55.396   501   528 W InputReader: Device virtio_input_multi_touch_6 is associated with display ADISPLAY_ID_NONE.
09-01 23:30:55.396   501   528 W InputReader: Device virtio_input_multi_touch_3 is associated with display ADISPLAY_ID_NONE.
09-01 23:30:55.396   501   528 W InputReader: Device virtio_input_multi_touch_7 is associated with display ADISPLAY_ID_NONE.
09-01 23:30:55.396   501   528 W InputReader: Device virtio_input_multi_touch_8 is associated with display ADISPLAY_ID_NONE.
09-01 23:30:55.396   501   528 W InputReader: Device virtio_input_multi_touch_10 is associated with display ADISPLAY_ID_NONE.
09-01 23:30:55.396   501   528 W InputReader: Device virtio_input_multi_touch_4 is associated with display ADISPLAY_ID_NONE.
09-01 23:30:55.396   501   528 W InputReader: Device virtio_input_multi_touch_11 is associated with display ADISPLAY_ID_NONE.
09-01 23:30:55.396   501   528 W InputReader: Device virtio_input_multi_touch_5 is associated with display ADISPLAY_ID_NONE.
09-01 23:30:55.396   501   528 W InputReader: Device virtio_input_multi_touch_2 is associated with display ADISPLAY_ID_NONE.
09-01 23:30:55.404 10239 10239 D LifecycleMonitor: Lifecycle status change: com.example.app1.MainActivity@b9e0581 in: DESTROYED
09-01 23:30:55.491 10239 10239 D LifecycleMonitor: Lifecycle status change: com.example.app1.authentication.LoginActivity@15d9bc in: DESTROYED
09-01 23:30:55.623 10239 10239 D LifecycleMonitor: Lifecycle status change: com.example.app1.authentication.LoginActivity@4cf0472 in: PRE_ON_CREATE
09-01 23:30:55.962   907   914 I s.nexuslaunche: NativeAlloc concurrent copying GC freed 2050(144KB) AllocSpace objects, 0(0B) LOS objects, 49% free, 3750KB/7501KB, paused 164us total 683.786ms
09-01 23:30:55.976 10239 10239 D LifecycleMonitor: Lifecycle status change: com.example.app1.authentication.LoginActivity@4cf0472 in: CREATED
09-01 23:30:55.983 10239 10239 D LifecycleMonitor: Lifecycle status change: com.example.app1.authentication.LoginActivity@4cf0472 in: STARTED
09-01 23:30:55.987 10239 10239 D LifecycleMonitor: Lifecycle status change: com.example.app1.authentication.LoginActivity@4cf0472 in: RESUMED
09-01 23:30:56.058 10239 10239 I Choreographer: Skipped 38 frames!  The application may be doing too much work on its main thread.
09-01 23:30:56.130   290   400 D goldfish-address-space: claimShared: Ask to claim region [0x3f2619000 0x3f2eca000]
09-01 23:30:56.164   290   400 D goldfish-address-space: claimShared: Ask to claim region [0x3f0965000 0x3f12ca000]
09-01 23:30:56.190   290   400 D goldfish-address-space: claimShared: Ask to claim region [0x3f6835000 0x3f70e6000]
09-01 23:30:56.240   290   290 D goldfish-address-space: claimShared: Ask to claim region [0x3f70e6000 0x3f7997000]
09-01 23:30:56.301 10239 10277 I OpenGLRenderer: Davey! duration=858ms; Flags=1, IntendedVsync=1591979950341, Vsync=1592613283649, OldestInputEvent=9223372036854775807, NewestInputEvent=0, HandleInputStart=1592624876345, AnimationStart=1592624877987, PerformTraversalsStart=1592624878489, DrawStart=1592756663473, SyncQueued=1592767111909, SyncStart=1592795867137, IssueDrawCommandsStart=1592799044298, SwapBuffers=1592806418514, FrameCompleted=1592867641766, DequeueBufferDuration=317568, QueueBufferDuration=1058211, GpuCompleted=0,
09-01 23:30:56.577   705   719 I ndroid.systemu: NativeAlloc concurrent copying GC freed 1437(130KB) AllocSpace objects, 0(0B) LOS objects, 49% free, 7495KB/14MB, paused 141us total 1.281s
09-01 23:30:56.713   501   533 I Choreographer: Skipped 32 frames!  The application may be doing too much work on its main thread.
09-01 23:30:56.733   501   533 I Choreographer: Skipped 34 frames!  The application may be doing too much work on its main thread.
09-01 23:30:56.755   501   537 I ActivityTaskManager: Displayed com.example.app1/.authentication.LoginActivity: +1s566ms
09-01 23:30:56.785 10239 10239 D LifecycleMonitor: Lifecycle status change: com.example.app1.settings.menu.MenuActivity@315721c in: STOPPED
09-01 23:30:56.788 10239 10239 D LifecycleMonitor: Lifecycle status change: com.example.app1.settings.menu.MenuActivity@315721c in: DESTROYED
09-01 23:30:57.678 10239 10239 I ViewInteraction: Checking 'MatchesViewAssertion{viewMatcher=(view has effective visibility <VISIBLE> and view.getGlobalVisibleRect() to return non-empty rectangle)}' assertion on view view.getId() is <2131362094/com.example.app1:id/logo>
09-01 23:30:58.183 10239 10239 I ViewInteraction: Performing 'type text(test@test.com)' action on view should return first matching item
09-01 23:30:58.260 10239 10239 I AssistStructure: Flattened final assist data: 2552 bytes, containing 1 windows, 14 views
09-01 23:30:58.305   501  2320 I system_server: oneway function results will be dropped but finished with status OK and parcel size 4
09-01 23:30:58.307  1380  1380 I KeyboardViewUtil: KeyboardViewUtil.getKeyboardHeightRatio():128 systemKeyboardHeightRatio:1.000000; userKeyboardHeightRatio:1.000000.
09-01 23:30:58.308  1380  1380 I AndroidIME: AbstractIme.onActivate():84 LatinIme.onActivate() : EditorInfo = Package = com.example.app1 : Type = Email : Learning = Disable : Suggestion = Show : AutoCorrection = Disable : Microphone = DisabledMic : NoPersonalizedLearning = Disable : AutoStartVoiceInput = Disable, IncognitoMode = false
09-01 23:30:58.309  1380  1380 I Delight5Facilitator: Delight5Facilitator.initializeForIme():561 initializeForIme() : Locale = [en_US], layout = qwerty
09-01 23:30:58.309  1380  1380 I VoiceInputManagerWrapper: VoiceInputManagerWrapper.cancelShutdown():55 cancelShutdown()
09-01 23:30:58.309  1380  1380 I VoiceInputManagerWrapper: VoiceInputManagerWrapper.syncLanguagePacks():67 syncLanguagePacks()
09-01 23:30:58.314  1380  3859 I SpeechFactory: SpeechRecognitionFactory.maybeScheduleAutoPackDownloadForFallback():160 maybeScheduleAutoPackDownloadForFallback()
09-01 23:30:58.321  1380  1380 I KeyboardWrapper: KeyboardWrapper.consumeEvent():264 Skip consuming an event as current keyboard is deactivated (state=0, keyboard existence=true)
09-01 23:30:58.321  1380  3859 I FallbackOnDeviceRecognitionProvider: FallbackOnDeviceRecognitionProvider.maybeScheduleAutoPackDownload():197 maybeScheduleAutoPackDownload() for language tag en-US
09-01 23:30:58.326  9030  9030 W qei     : Pending fill request while another request in the same session was triggered. [CONTEXT service_id=177 ]
09-01 23:30:58.362  1380  1380 I KeyboardViewHelper: KeyboardViewHelper.getView():164 Get view with height ratio:1.000000; experiment height ratio:1.000000.
09-01 23:30:58.395  1400  1400 V InlineSuggestionRenderService: handleDestroySuggestionViews called for 0:2132447057
09-01 23:30:58.423  1380  1380 W KeyboardModeManager: KeyboardModeManager.setInputView():302 setInputView() : inputView = com.google.android.apps.inputmethod.libs.framework.core.InputView{c127a55 V.E...... ......ID 0,0-1080,1977}
