08-10 11:08:38.157   283   283 D goldfish-address-space: claimShared: Ask to claim region [0x3f6594000 0x3f6e45000]
08-10 11:08:38.163   283   283 D goldfish-address-space: claimShared: Ask to claim region [0x3f4000000 0x3f48b1000]
08-10 11:08:38.235   283   283 D goldfish-address-space: claimShared: Ask to claim region [0x3f48b1000 0x3f5216000]
08-10 11:08:38.255   283   283 D goldfish-address-space: claimShared: Ask to claim region [0x3f5216000 0x3f5b7b000]
08-10 11:08:38.263  1340  1340 D BoundBrokerSvc: onBind: Intent { act=com.google.android.gms.common.BIND_SHARED_PREFS pkg=com.google.android.gms }
08-10 11:08:38.263  1340  1340 D BoundBrokerSvc: Loading bound service for intent: Intent { act=com.google.android.gms.common.BIND_SHARED_PREFS pkg=com.google.android.gms }
08-10 11:08:38.267  1340  1340 D BoundBrokerSvc: onUnbind: Intent { act=com.google.android.gms.common.BIND_SHARED_PREFS pkg=com.google.android.gms }
08-10 11:08:38.276  1340  1340 D BoundBrokerSvc: onBind: Intent { act=com.google.android.gms.common.BIND_SHARED_PREFS pkg=com.google.android.gms }
08-10 11:08:38.276  1340  1340 D BoundBrokerSvc: Loading bound service for intent: Intent { act=com.google.android.gms.common.BIND_SHARED_PREFS pkg=com.google.android.gms }
08-10 11:08:38.289  1340  1340 D BoundBrokerSvc: onUnbind: Intent { act=com.google.android.gms.common.BIND_SHARED_PREFS pkg=com.google.android.gms }
08-10 11:08:38.326  5713  5713 D UiControllerImpl: Injecting string: "Test1#"
08-10 11:08:38.361   283   283 D goldfish-address-space: claimShared: Ask to claim region [0x3f0603000 0x3f0f68000]
08-10 11:08:38.657  5713  5713 I ViewInteraction: Performing 'type text(NewP@ssw0rd)' action on view should return first matching item
08-10 11:08:38.709  1228  1228 I AndroidIME: AbstractIme.onDeactivate():161 PasswordIme.onDeactivate()
08-10 11:08:38.737  1228  1228 I KeyboardViewUtil: KeyboardViewUtil.getKeyboardHeightRatio():128 systemKeyboardHeightRatio:1.000000; userKeyboardHeightRatio:1.000000.
08-10 11:08:38.737  1228  1228 I AndroidIME: AbstractIme.onActivate():84 PasswordIme.onActivate() : EditorInfo = Package = com.example.app1 : Type = Password : Learning = Disable : Suggestion = Hide : AutoCorrection = Disable : Microphone = Hide : NoPersonalizedLearning = Disable : AutoStartVoiceInput = Disable, IncognitoMode = false
08-10 11:08:38.751  1228  1228 W KeyboardModeManager: KeyboardModeManager.setInputView():302 setInputView() : inputView = com.google.android.apps.inputmethod.libs.framework.core.InputView{41301d3 V.E...... .......D 0,0-1080,1977}
08-10 11:08:38.753  1228  1228 I ConversationToQueryExtension: ConversationToQueryExtension.isEnabledForHostApp():252 Conv2Query not enabled due to current app [com.example.app1] not in whitelist
08-10 11:08:38.753  1228  1228 I ConversationToQueryExtension: ConversationToQueryExtension.onActivate():162 onActivate() : Disabled by unsupported host app
08-10 11:08:38.754  1228  1228 I CurrentMicStatusHolder: CurrentMicStatusHolder.onStartInputView():79 Current Mic status = {MicIconHidden-PasswordOrNumberOrDateInputType,}
08-10 11:08:38.754  1228  1228 I VoiceImeExtension: VoiceImeExtension.shouldStartVoiceInputAutomatically():336 No private IME option set to start voice input.
08-10 11:08:38.783  1340  1340 D BoundBrokerSvc: onBind: Intent { act=com.google.android.gms.common.BIND_SHARED_PREFS pkg=com.google.android.gms }
08-10 11:08:38.783  1340  1340 D BoundBrokerSvc: Loading bound service for intent: Intent { act=com.google.android.gms.common.BIND_SHARED_PREFS pkg=com.google.android.gms }
08-10 11:08:38.789  1340  1340 D BoundBrokerSvc: onUnbind: Intent { act=com.google.android.gms.common.BIND_SHARED_PREFS pkg=com.google.android.gms }
08-10 11:08:38.798  1340  1340 D BoundBrokerSvc: onBind: Intent { act=com.google.android.gms.common.BIND_SHARED_PREFS pkg=com.google.android.gms }
08-10 11:08:38.798  1340  1340 D BoundBrokerSvc: Loading bound service for intent: Intent { act=com.google.android.gms.common.BIND_SHARED_PREFS pkg=com.google.android.gms }
08-10 11:08:38.802  1340  1340 D BoundBrokerSvc: onUnbind: Intent { act=com.google.android.gms.common.BIND_SHARED_PREFS pkg=com.google.android.gms }
08-10 11:08:38.946  5713  5713 D UiControllerImpl: Injecting string: "NewP@ssw0rd"
08-10 11:08:39.478  5713  5713 I ViewInteraction: Performing 'type text(NewP@ssw0rd)' action on view should return first matching item
08-10 11:08:39.530  1228  1228 I AndroidIME: AbstractIme.onDeactivate():161 PasswordIme.onDeactivate()
08-10 11:08:39.556  1228  1228 I KeyboardViewUtil: KeyboardViewUtil.getKeyboardHeightRatio():128 systemKeyboardHeightRatio:1.000000; userKeyboardHeightRatio:1.000000.
08-10 11:08:39.557  1228  1228 I AndroidIME: AbstractIme.onActivate():84 PasswordIme.onActivate() : EditorInfo = Package = com.example.app1 : Type = Password : Learning = Disable : Suggestion = Hide : AutoCorrection = Disable : Microphone = Hide : NoPersonalizedLearning = Disable : AutoStartVoiceInput = Disable, IncognitoMode = false
08-10 11:08:39.564  1228  1228 W KeyboardModeManager: KeyboardModeManager.setInputView():302 setInputView() : inputView = com.google.android.apps.inputmethod.libs.framework.core.InputView{41301d3 V.E...... ......ID 0,0-1080,1977}
08-10 11:08:39.565  1228  1228 I ConversationToQueryExtension: ConversationToQueryExtension.isEnabledForHostApp():252 Conv2Query not enabled due to current app [com.example.app1] not in whitelist
08-10 11:08:39.565  1228  1228 I ConversationToQueryExtension: ConversationToQueryExtension.onActivate():162 onActivate() : Disabled by unsupported host app
08-10 11:08:39.565  1228  1228 I CurrentMicStatusHolder: CurrentMicStatusHolder.onStartInputView():79 Current Mic status = {MicIconHidden-PasswordOrNumberOrDateInputType,}
08-10 11:08:39.566  1228  1228 I VoiceImeExtension: VoiceImeExtension.shouldStartVoiceInputAutomatically():336 No private IME option set to start voice input.
08-10 11:08:39.605  1340  1340 D BoundBrokerSvc: onBind: Intent { act=com.google.android.gms.common.BIND_SHARED_PREFS pkg=com.google.android.gms }
08-10 11:08:39.605  1340  1340 D BoundBrokerSvc: Loading bound service for intent: Intent { act=com.google.android.gms.common.BIND_SHARED_PREFS pkg=com.google.android.gms }
08-10 11:08:39.609  1340  1340 D BoundBrokerSvc: onUnbind: Intent { act=com.google.android.gms.common.BIND_SHARED_PREFS pkg=com.google.android.gms }
08-10 11:08:39.612  1340  1340 D BoundBrokerSvc: onBind: Intent { act=com.google.android.gms.common.BIND_SHARED_PREFS pkg=com.google.android.gms }
08-10 11:08:39.613  1340  1340 D BoundBrokerSvc: Loading bound service for intent: Intent { act=com.google.android.gms.common.BIND_SHARED_PREFS pkg=com.google.android.gms }
08-10 11:08:39.616  1340  1340 D BoundBrokerSvc: onUnbind: Intent { act=com.google.android.gms.common.BIND_SHARED_PREFS pkg=com.google.android.gms }
08-10 11:08:39.768  5713  5713 D UiControllerImpl: Injecting string: "NewP@ssw0rd"
08-10 11:08:39.862   522  1401 I system_server: oneway function results will be dropped but finished with status OK and parcel size 4
08-10 11:08:40.300  5713  5713 I ViewInteraction: Performing 'close keyboard' action on view view.getId() is <2131361912/com.example.app1:id/btn_continue>
08-10 11:08:40.321  1228  1228 I AndroidIME: AbstractIme.onDeactivate():161 PasswordIme.onDeactivate()
08-10 11:08:40.654  5713  5713 I ViewInteraction: Performing 'single click' action on view view.getId() is <2131361912/com.example.app1:id/btn_continue>
08-10 11:08:40.719   522  1401 I system_server: oneway function results will be dropped but finished with status OK and parcel size 4
08-10 11:08:40.720   522  1401 I system_server: oneway function results will be dropped but finished with status OK and parcel size 4
08-10 11:08:40.720  5713  5747 W System  : Ignoring header X-Firebase-Locale because its value was null.
08-10 11:08:40.722   522   923 I system_server: oneway function results will be dropped but finished with status OK and parcel size 4
08-10 11:08:40.870   522  2040 I system_server: oneway function results will be dropped but finished with status OK and parcel size 4
08-10 11:08:40.977  5713  5713 I ViewInteraction: Performing 'send keyCode: 4, metaState: 0 key event' action on view view.getRootView() to equal view
08-10 11:08:41.001   283   283 D goldfish-address-space: claimShared: Ask to claim region [0x3f26c4000 0x3f2cc7000]
08-10 11:08:41.033  5713  5713 D LifecycleMonitor: Lifecycle status change: com.example.app1.settings.account.PasswordChangeActivity@8cc761f in: PAUSED
08-10 11:08:41.050   522   923 W InputReader: Device virtio_input_multi_touch_10 is associated with display ADISPLAY_ID_NONE.
08-10 11:08:41.050   522   923 W InputReader: Device virtio_input_multi_touch_4 is associated with display ADISPLAY_ID_NONE.
08-10 11:08:41.050   522   923 W InputReader: Device virtio_input_multi_touch_11 is associated with display ADISPLAY_ID_NONE.
08-10 11:08:41.050   522   923 W InputReader: Device virtio_input_multi_touch_5 is associated with display ADISPLAY_ID_NONE.
08-10 11:08:41.050   522   923 W InputReader: Device virtio_input_multi_touch_2 is associated with display ADISPLAY_ID_NONE.
08-10 11:08:41.050   522   923 W InputReader: Device virtio_input_multi_touch_9 is associated with display ADISPLAY_ID_NONE.
08-10 11:08:41.050   522   923 W InputReader: Device virtio_input_multi_touch_6 is associated with display ADISPLAY_ID_NONE.
08-10 11:08:41.050   522   923 W InputReader: Device virtio_input_multi_touch_3 is associated with display ADISPLAY_ID_NONE.
08-10 11:08:41.050   522   923 W InputReader: Device virtio_input_multi_touch_7 is associated with display ADISPLAY_ID_NONE.
08-10 11:08:41.050   522   923 W InputReader: Device virtio_input_multi_touch_8 is associated with display ADISPLAY_ID_NONE.
08-10 11:08:41.051   522   923 W InputReader: Device virtio_input_multi_touch_10 is associated with display ADISPLAY_ID_NONE.
08-10 11:08:41.051   522   923 W InputReader: Device virtio_input_multi_touch_4 is associated with display ADISPLAY_ID_NONE.
08-10 11:08:41.051   522   923 W InputReader: Device virtio_input_multi_touch_11 is associated with display ADISPLAY_ID_NONE.
08-10 11:08:41.051   522   923 W InputReader: Device virtio_input_multi_touch_5 is associated with display ADISPLAY_ID_NONE.
08-10 11:08:41.051   522   923 W InputReader: Device virtio_input_multi_touch_2 is associated with display ADISPLAY_ID_NONE.
08-10 11:08:41.051   522   923 W InputReader: Device virtio_input_multi_touch_9 is associated with display ADISPLAY_ID_NONE.
08-10 11:08:41.051   522   923 W InputReader: Device virtio_input_multi_touch_6 is associated with display ADISPLAY_ID_NONE.
08-10 11:08:41.051   522   923 W InputReader: Device virtio_input_multi_touch_3 is associated with display ADISPLAY_ID_NONE.
08-10 11:08:41.052   522   923 W InputReader: Device virtio_input_multi_touch_7 is associated with display ADISPLAY_ID_NONE.
08-10 11:08:41.052   522   923 W InputReader: Device virtio_input_multi_touch_8 is associated with display ADISPLAY_ID_NONE.
08-10 11:08:41.071  5713  5713 D LifecycleMonitor: Lifecycle status change: com.example.app1.settings.account.AccountActivity@faef560 in: RESTARTED
08-10 11:08:41.095  5713  5713 D LifecycleMonitor: Lifecycle status change: com.example.app1.settings.account.AccountActivity@faef560 in: STARTED
08-10 11:08:41.101  5713  5713 D LifecycleMonitor: Lifecycle status change: com.example.app1.settings.account.AccountActivity@faef560 in: RESUMED
08-10 11:08:41.151   283   283 D goldfish-address-space: claimShared: Ask to claim region [0x3f7320000 0x3f7c85000]
08-10 11:08:41.162   283   283 D goldfish-address-space: claimShared: Ask to claim region [0x3f5b7b000 0x3f64e0000]
08-10 11:08:41.188   283   283 D goldfish-address-space: claimShared: Ask to claim region [0x3f64e0000 0x3f6e45000]
08-10 11:08:41.284  5713  5747 W System  : Ignoring header X-Firebase-Locale because its value was null.
08-10 11:08:41.404  1071  1081 I s.nexuslaunche: NativeAlloc concurrent copying GC freed 4312(277KB) AllocSpace objects, 0(0B) LOS objects, 49% free, 3602KB/7205KB, paused 49us total 300.313ms
08-10 11:08:41.406  1071  1083 W System  : A resource failed to call release.
08-10 11:08:41.406  1071  1083 W System  : A resource failed to call release.
08-10 11:08:41.425   742   753 I ndroid.systemu: NativeAlloc concurrent copying GC freed 5633(274KB) AllocSpace objects, 0(0B) LOS objects, 49% free, 6731KB/13MB, paused 52us total 320.648ms
08-10 11:08:41.647  5713  5747 D FirebaseAuth: Notifying id token listeners about user ( j31qI9IcTMOEVBO0pnWhhKXdy612 ).
08-10 11:08:41.677  5713  5713 D LifecycleMonitor: Lifecycle status change: com.example.app1.settings.account.PasswordChangeActivity@8cc761f in: STOPPED
08-10 11:08:41.682  5713  5713 D LifecycleMonitor: Lifecycle status change: com.example.app1.settings.account.PasswordChangeActivity@8cc761f in: DESTROYED
08-10 11:08:41.690  1191  1206 I .gms.persisten: oneway function results will be dropped but finished with status UNKNOWN_TRANSACTION and parcel size 80
08-10 11:08:41.691  1015  1015 V InlineSuggestionRenderService: handleDestroySuggestionViews called for 0:323160772
08-10 11:08:41.706  5713  5747 W System  : Ignoring header X-Firebase-Locale because its value was null.
08-10 11:08:41.718  5713  5713 I ViewInteraction: Performing 'send keyCode: 4, metaState: 0 key event' action on view view.getRootView() to equal view
08-10 11:08:41.735   283   283 D goldfish-address-space: claimShared: Ask to claim region [0x3f0603000 0x3f0c06000]
08-10 11:08:41.759  5713  5713 D LifecycleMonitor: Lifecycle status change: com.example.app1.settings.account.AccountActivity@faef560 in: PAUSED
08-10 11:08:41.761   522  1396 W InputReader: Device virtio_input_multi_touch_10 is associated with display ADISPLAY_ID_NONE.
08-10 11:08:41.761   522  1396 W InputReader: Device virtio_input_multi_touch_4 is associated with display ADISPLAY_ID_NONE.
08-10 11:08:41.761   522  1396 W InputReader: Device virtio_input_multi_touch_11 is associated with display ADISPLAY_ID_NONE.
08-10 11:08:41.761   522  1396 W InputReader: Device virtio_input_multi_touch_5 is associated with display ADISPLAY_ID_NONE.
08-10 11:08:41.761   522  1396 W InputReader: Device virtio_input_multi_touch_2 is associated with display ADISPLAY_ID_NONE.
08-10 11:08:41.761   522  1396 W InputReader: Device virtio_input_multi_touch_9 is associated with display ADISPLAY_ID_NONE.
08-10 11:08:41.761   522  1396 W InputReader: Device virtio_input_multi_touch_6 is associated with display ADISPLAY_ID_NONE.
08-10 11:08:41.762   522  1396 W InputReader: Device virtio_input_multi_touch_3 is associated with display ADISPLAY_ID_NONE.
08-10 11:08:41.762   522  1396 W InputReader: Device virtio_input_multi_touch_7 is associated with display ADISPLAY_ID_NONE.
08-10 11:08:41.762   522  1396 W InputReader: Device virtio_input_multi_touch_8 is associated with display ADISPLAY_ID_NONE.
08-10 11:08:41.762   522  1396 W InputReader: Device virtio_input_multi_touch_10 is associated with display ADISPLAY_ID_NONE.
08-10 11:08:41.762   522  1396 W InputReader: Device virtio_input_multi_touch_4 is associated with display ADISPLAY_ID_NONE.
08-10 11:08:41.762   522  1396 W InputReader: Device virtio_input_multi_touch_11 is associated with display ADISPLAY_ID_NONE.
08-10 11:08:41.762   522  1396 W InputReader: Device virtio_input_multi_touch_5 is associated with display ADISPLAY_ID_NONE.
08-10 11:08:41.762   522  1396 W InputReader: Device virtio_input_multi_touch_2 is associated with display ADISPLAY_ID_NONE.
08-10 11:08:41.762   522  1396 W InputReader: Device virtio_input_multi_touch_9 is associated with display ADISPLAY_ID_NONE.
08-10 11:08:41.762   522  1396 W InputReader: Device virtio_input_multi_touch_6 is associated with display ADISPLAY_ID_NONE.
08-10 11:08:41.762   522  1396 W InputReader: Device virtio_input_multi_touch_3 is associated with display ADISPLAY_ID_NONE.
08-10 11:08:41.762   522  1396 W InputReader: Device virtio_input_multi_touch_7 is associated with display ADISPLAY_ID_NONE.
08-10 11:08:41.762   522  1396 W InputReader: Device virtio_input_multi_touch_8 is associated with display ADISPLAY_ID_NONE.
08-10 11:08:41.768  5713  5713 D LifecycleMonitor: Lifecycle status change: com.example.app1.settings.menu.MenuActivity@75a563b in: RESTARTED
08-10 11:08:41.769  5713  5713 D LifecycleMonitor: Lifecycle status change: com.example.app1.settings.menu.MenuActivity@75a563b in: STARTED
08-10 11:08:41.771  5713  5713 D LifecycleMonitor: Lifecycle status change: com.example.app1.settings.menu.MenuActivity@75a563b in: RESUMED
08-10 11:08:41.794   283   283 D goldfish-address-space: claimShared: Ask to claim region [0x3f4000000 0x3f4965000]
08-10 11:08:41.797   283   283 D goldfish-address-space: claimShared: Ask to claim region [0x3f4965000 0x3f52ca000]
08-10 11:08:41.799   283   283 D goldfish-address-space: claimShared: Ask to claim region [0x3f8000000 0x3f8965000]
08-10 11:08:41.833  5713  5742 I om.example.app: IncrementDisableThreadFlip blocked for 13.635ms
08-10 11:08:41.920   742   753 I ndroid.systemu: NativeAlloc concurrent copying GC freed 1098(106KB) AllocSpace objects, 0(0B) LOS objects, 49% free, 6737KB/13MB, paused 27us total 163.186ms
08-10 11:08:41.921  5713  5747 W System  : Ignoring header X-Firebase-Locale because its value was null.
08-10 11:08:42.040  5713  5725 I om.example.app: Background concurrent copying GC freed 168819(7834KB) AllocSpace objects, 86(4664KB) LOS objects, 49% free, 10MB/21MB, paused 30.032ms total 360.954ms
08-10 11:08:42.134  5713  5727 W System  : A resource failed to call end.
08-10 11:08:42.295  5713  5713 D LifecycleMonitor: Lifecycle status change: com.example.app1.settings.account.AccountActivity@faef560 in: STOPPED
08-10 11:08:42.297  5713  5713 D LifecycleMonitor: Lifecycle status change: com.example.app1.settings.account.AccountActivity@faef560 in: DESTROYED
08-10 11:08:42.328  5713  5713 I ViewInteraction: Checking 'MatchesViewAssertion{viewMatcher=(view has effective visibility <VISIBLE> and view.getGlobalVisibleRect() to return non-empty rectangle)}' assertion on view view.getId() is <2131362288/com.example.app1:id/sv_menu>
08-10 11:08:42.360  5713  5747 D FirebaseAuth: Notifying id token listeners about user ( j31qI9IcTMOEVBO0pnWhhKXdy612 ).
08-10 11:08:42.390   283   283 D goldfish-address-space: claimShared: Ask to claim region [0x3f3b7b000 0x3f3bd8000]
08-10 11:08:42.398   283   283 D goldfish-address-space: claimShared: Ask to claim region [0x3f3bd8000 0x3f3c35000]
08-10 11:08:42.404   283   283 D goldfish-address-space: claimShared: Ask to claim region [0x3f3c35000 0x3f3c92000]
08-10 11:08:42.833  5713  5713 I ViewInteraction: Performing 'single click' action on view view.getId() is <2131362095/com.example.app1:id/logout>
08-10 11:08:42.964   522   923 I system_server: oneway function results will be dropped but finished with status OK and parcel size 4
08-10 11:08:43.050   283   283 D goldfish-address-space: claimShared: Ask to claim region [0x3f3c92000 0x3f3ffa000]
08-10 11:08:43.072   283   283 D goldfish-address-space: claimShared: Ask to claim region [0x3f0c06000 0x3f0f6e000]
08-10 11:08:43.084   283  1733 D goldfish-address-space: claimShared: Ask to claim region [0x3f7320000 0x3f7688000]
08-10 11:08:43.105   522  1528 I system_server: oneway function results will be dropped but finished with status OK and parcel size 4
08-10 11:08:43.695  5713  5713 I ViewInteraction: Checking 'MatchesViewAssertion{viewMatcher=(view has effective visibility <VISIBLE> and view.getGlobalVisibleRect() to return non-empty rectangle)}' assertion on view view.getId() is <2131362094/com.example.app1:id/logo>
08-10 11:08:44.204  5713  5713 I ViewInteraction: Performing 'single click' action on view view.getId() is <16908313/android:id/button1>
08-10 11:08:44.335  5713  5713 D FirebaseAuth: Notifying id token listeners about a sign-out event.
08-10 11:08:44.335  5713  5713 D FirebaseAuth: Notifying auth state listeners about a sign-out event.
08-10 11:08:44.368   283  1733 D goldfish-address-space: claimShared: Ask to claim region [0x3f7688000 0x3f7c8b000]
08-10 11:08:44.381   522   547 D EventSequenceValidator: Transition from INTENT_FAILED to INTENT_STARTED
08-10 11:08:44.391   522   923 I system_server: oneway function results will be dropped but finished with status OK and parcel size 4
08-10 11:08:44.526   522  2040 I system_server: oneway function results will be dropped but finished with status OK and parcel size 4
08-10 11:08:44.625   283  1733 D goldfish-address-space: claimShared: Ask to claim region [0x3f52ca000 0x3f5c2f000]
08-10 11:08:44.691   522   547 D EventSequenceValidator: Transition from INTENT_STARTED to INTENT_FAILED
08-10 11:08:44.918  5713  5713 D LifecycleMonitor: Lifecycle status change: com.example.app1.settings.menu.MenuActivity@75a563b in: PAUSED
08-10 11:08:44.928   522  2040 W InputReader: Device virtio_input_multi_touch_10 is associated with display ADISPLAY_ID_NONE.
08-10 11:08:44.928   522  2040 W InputReader: Device virtio_input_multi_touch_4 is associated with display ADISPLAY_ID_NONE.
08-10 11:08:44.928   522  2040 W InputReader: Device virtio_input_multi_touch_11 is associated with display ADISPLAY_ID_NONE.
08-10 11:08:44.928   522  2040 W InputReader: Device virtio_input_multi_touch_5 is associated with display ADISPLAY_ID_NONE.
08-10 11:08:44.928   522  2040 W InputReader: Device virtio_input_multi_touch_2 is associated with display ADISPLAY_ID_NONE.
08-10 11:08:44.928   522  2040 W InputReader: Device virtio_input_multi_touch_9 is associated with display ADISPLAY_ID_NONE.
08-10 11:08:44.928   522  2040 W InputReader: Device virtio_input_multi_touch_6 is associated with display ADISPLAY_ID_NONE.
08-10 11:08:44.928   522  2040 W InputReader: Device virtio_input_multi_touch_3 is associated with display ADISPLAY_ID_NONE.
08-10 11:08:44.928   522  2040 W InputReader: Device virtio_input_multi_touch_7 is associated with display ADISPLAY_ID_NONE.
08-10 11:08:44.928   522  2040 W InputReader: Device virtio_input_multi_touch_8 is associated with display ADISPLAY_ID_NONE.
08-10 11:08:44.937   522  2040 W InputReader: Device virtio_input_multi_touch_10 is associated with display ADISPLAY_ID_NONE.
08-10 11:08:44.937   522  2040 W InputReader: Device virtio_input_multi_touch_4 is associated with display ADISPLAY_ID_NONE.
08-10 11:08:44.937   522  2040 W InputReader: Device virtio_input_multi_touch_11 is associated with display ADISPLAY_ID_NONE.
08-10 11:08:44.937   522  2040 W InputReader: Device virtio_input_multi_touch_5 is associated with display ADISPLAY_ID_NONE.
08-10 11:08:44.937   522  2040 W InputReader: Device virtio_input_multi_touch_2 is associated with display ADISPLAY_ID_NONE.
08-10 11:08:44.937   522  2040 W InputReader: Device virtio_input_multi_touch_9 is associated with display ADISPLAY_ID_NONE.
08-10 11:08:44.937   522  2040 W InputReader: Device virtio_input_multi_touch_6 is associated with display ADISPLAY_ID_NONE.
08-10 11:08:44.938   522  2040 W InputReader: Device virtio_input_multi_touch_3 is associated with display ADISPLAY_ID_NONE.
08-10 11:08:44.938   522  2040 W InputReader: Device virtio_input_multi_touch_7 is associated with display ADISPLAY_ID_NONE.
08-10 11:08:44.938   522  2040 W InputReader: Device virtio_input_multi_touch_8 is associated with display ADISPLAY_ID_NONE.
08-10 11:08:44.961  5713  5713 D LifecycleMonitor: Lifecycle status change: com.example.app1.MainActivity@69e1909 in: DESTROYED
08-10 11:08:45.002  5713  5713 D LifecycleMonitor: Lifecycle status change: com.example.app1.authentication.LoginActivity@4c06411 in: DESTROYED
08-10 11:08:45.086  5713  5713 D LifecycleMonitor: Lifecycle status change: com.example.app1.authentication.LoginActivity@2ab0aee in: PRE_ON_CREATE
08-10 11:08:45.436   742   753 I ndroid.systemu: NativeAlloc concurrent copying GC freed 1398(141KB) AllocSpace objects, 0(0B) LOS objects, 49% free, 6808KB/13MB, paused 43us total 778.926ms
08-10 11:08:45.598  5713  5713 D LifecycleMonitor: Lifecycle status change: com.example.app1.authentication.LoginActivity@2ab0aee in: CREATED
08-10 11:08:45.614  5713  5713 D LifecycleMonitor: Lifecycle status change: com.example.app1.authentication.LoginActivity@2ab0aee in: STARTED
08-10 11:08:45.618  5713  5713 D LifecycleMonitor: Lifecycle status change: com.example.app1.authentication.LoginActivity@2ab0aee in: RESUMED
08-10 11:08:45.700  1071  1081 I s.nexuslaunche: NativeAlloc concurrent copying GC freed 880(101KB) AllocSpace objects, 0(0B) LOS objects, 49% free, 3598KB/7196KB, paused 408us total 1.120s
08-10 11:08:45.773  5713  5713 I Choreographer: Skipped 46 frames!  The application may be doing too much work on its main thread.
08-10 11:08:45.820   283  1733 D goldfish-address-space: claimShared: Ask to claim region [0x3f5c2f000 0x3f64e0000]
08-10 11:08:45.839   283  1733 D goldfish-address-space: claimShared: Ask to claim region [0x3f64e0000 0x3f6d91000]
08-10 11:08:45.861   283  1733 D goldfish-address-space: claimShared: Ask to claim region [0x3f8965000 0x3f9216000]
08-10 11:08:45.892   283  1733 D goldfish-address-space: claimShared: Ask to claim region [0x3f9216000 0x3f9b7b000]
08-10 11:08:46.111  5713  5745 I OpenGLRenderer: Davey! duration=1086ms; Flags=1, IntendedVsync=687422361465, Vsync=688189028101, OldestInputEvent=9223372036854775807, NewestInputEvent=0, HandleInputStart=688204956854, AnimationStart=688204958225, PerformTraversalsStart=688204958691, DrawStart=688318072359, SyncQueued=688478985482, SyncStart=688512586008, IssueDrawCommandsStart=688512862635, SwapBuffers=688522417958, FrameCompleted=688542051873, DequeueBufferDuration=2381849, QueueBufferDuration=6219609, GpuCompleted=659773210338,
08-10 11:08:46.168   522   554 I ActivityTaskManager: Displayed com.example.app1/.authentication.LoginActivity: +1s828ms
08-10 11:08:46.380  5713  5713 D LifecycleMonitor: Lifecycle status change: com.example.app1.settings.menu.MenuActivity@75a563b in: STOPPED
08-10 11:08:46.393  5713  5713 D LifecycleMonitor: Lifecycle status change: com.example.app1.settings.menu.MenuActivity@75a563b in: DESTROYED
08-10 11:08:47.198   522   531 I system_server: NativeAlloc concurrent copying GC freed 127700(4961KB) AllocSpace objects, 52(1936KB) LOS objects, 50% free, 16MB/33MB, paused 209us total 1.590s
08-10 11:08:47.212   522   532 W JavaBinder: BinderProxy is being destroyed but the application did not call unlinkToDeath to unlink all of its death recipients beforehand.  Releasing leaked death recipient: com.android.server.AlarmManagerService$2
08-10 11:08:47.212   522   532 I BpBinder: onLastStrongRef automatically unlinking death recipients: <uncached descriptor>
08-10 11:08:47.213   522   532 W JavaBinder: BinderProxy is being destroyed but the application did not call unlinkToDeath to unlink all of its death recipients beforehand.  Releasing leaked death recipient: com.android.server.AlarmManagerService$2
08-10 11:08:47.213   522   532 I BpBinder: onLastStrongRef automatically unlinking death recipients: <uncached descriptor>
08-10 11:08:47.218   522   532 W JavaBinder: BinderProxy is being destroyed but the application did not call unlinkToDeath to unlink all of its death recipients beforehand.  Releasing leaked death recipient: com.android.server.AlarmManagerService$2
08-10 11:08:47.218   522   532 I BpBinder: onLastStrongRef automatically unlinking death recipients: <uncached descriptor>
08-10 11:08:47.219   522   532 W JavaBinder: BinderProxy is being destroyed but the application did not call unlinkToDeath to unlink all of its death recipients beforehand.  Releasing leaked death recipient: com.android.server.AlarmManagerService$2
08-10 11:08:47.219   522   532 I BpBinder: onLastStrongRef automatically unlinking death recipients: <uncached descriptor>
08-10 11:08:47.222   522   533 W System  : A resource failed to call release.
08-10 11:08:47.273   522   533 I chatty  : uid=1000(system) FinalizerDaemon identical 22 lines
08-10 11:08:47.273   522   533 W System  : A resource failed to call release.
08-10 11:08:47.481   522  1528 I system_server: oneway function results will be dropped but finished with status OK and parcel size 4
08-10 11:08:47.659  5713  5713 I ViewInteraction: Checking 'MatchesViewAssertion{viewMatcher=(view has effective visibility <VISIBLE> and view.getGlobalVisibleRect() to return non-empty rectangle)}' assertion on view view.getId() is <2131362094/com.example.app1:id/logo>
08-10 11:08:48.163  5713  5713 I ViewInteraction: Performing 'type text(test@test.com)' action on view should return first matching item
08-10 11:08:48.245  5713  5713 I AssistStructure: Flattened final assist data: 2552 bytes, containing 1 windows, 14 views
08-10 11:08:48.302  1228  1228 I KeyboardViewUtil: KeyboardViewUtil.getKeyboardHeightRatio():128 systemKeyboardHeightRatio:1.000000; userKeyboardHeightRatio:1.000000.
08-10 11:08:48.302  1228  1228 I AndroidIME: AbstractIme.onActivate():84 LatinIme.onActivate() : EditorInfo = Package = com.example.app1 : Type = Email : Learning = Disable : Suggestion = Show : AutoCorrection = Disable : Microphone = DisabledMic : NoPersonalizedLearning = Disable : AutoStartVoiceInput = Disable, IncognitoMode = false
08-10 11:08:48.304  1228  1228 I Delight5Facilitator: Delight5Facilitator.initializeForIme():561 initializeForIme() : Locale = [en_US], layout = qwerty
08-10 11:08:48.305  1228  1228 I VoiceInputManagerWrapper: VoiceInputManagerWrapper.cancelShutdown():55 cancelShutdown()
08-10 11:08:48.305  1228  1228 I VoiceInputManagerWrapper: VoiceInputManagerWrapper.syncLanguagePacks():67 syncLanguagePacks()
08-10 11:08:48.324  1228  5346 I SpeechFactory: SpeechRecognitionFactory.maybeScheduleAutoPackDownloadForFallback():160 maybeScheduleAutoPackDownloadForFallback()
08-10 11:08:48.327  1228  5346 I FallbackOnDeviceRecognitionProvider: FallbackOnDeviceRecognitionProvider.maybeScheduleAutoPackDownload():197 maybeScheduleAutoPackDownload() for language tag en-US
08-10 11:08:48.362  1228  1228 I KeyboardWrapper: KeyboardWrapper.consumeEvent():264 Skip consuming an event as current keyboard is deactivated (state=0, keyboard existence=true)
08-10 11:08:48.385  1191  1191 W qei     : Pending fill request while another request in the same session was triggered. [CONTEXT service_id=177 ]
08-10 11:08:48.431  1015  1015 V InlineSuggestionRenderService: handleDestroySuggestionViews called for 0:1824583361
08-10 11:08:48.484  1228  1228 I KeyboardViewHelper: KeyboardViewHelper.getView():164 Get view with height ratio:1.000000; experiment height ratio:1.000000.
08-10 11:08:48.508  5713  5713 D UiControllerImpl: Injecting string: "test@test.com"
08-10 11:08:48.551  1228  1228 W KeyboardModeManager: KeyboardModeManager.setInputView():302 setInputView() : inputView = com.google.android.apps.inputmethod.libs.framework.core.InputView{41301d3 V.E...... ......ID 0,0-1080,1977}
08-10 11:08:48.553  1228  1228 I ConversationToQueryExtension: ConversationToQueryExtension.isEnabledForHostApp():252 Conv2Query not enabled due to current app [com.example.app1] not in whitelist
08-10 11:08:48.553  1228  1228 I ConversationToQueryExtension: ConversationToQueryExtension.onActivate():162 onActivate() : Disabled by unsupported host app
08-10 11:08:48.556  1228  1228 I CurrentMicStatusHolder: CurrentMicStatusHolder.onStartInputView():79 Current Mic status = {MicIconHidden-EmailInputType,}
08-10 11:08:48.556  1228  1228 I VoiceImeExtension: VoiceImeExtension.shouldStartVoiceInputAutomatically():336 No private IME option set to start voice input.
08-10 11:08:48.584  1340  1340 D BoundBrokerSvc: onBind: Intent { act=com.google.android.gms.common.BIND_SHARED_PREFS pkg=com.google.android.gms }
08-10 11:08:48.584  1340  1340 D BoundBrokerSvc: Loading bound service for intent: Intent { act=com.google.android.gms.common.BIND_SHARED_PREFS pkg=com.google.android.gms }
08-10 11:08:48.596  1340  1340 D BoundBrokerSvc: onUnbind: Intent { act=com.google.android.gms.common.BIND_SHARED_PREFS pkg=com.google.android.gms }
08-10 11:08:48.639   283  1733 D goldfish-address-space: claimShared: Ask to claim region [0x3f0000000 0x3f08b1000]
08-10 11:08:48.673  1340  1340 D BoundBrokerSvc: onBind: Intent { act=com.google.android.gms.common.BIND_SHARED_PREFS pkg=com.google.android.gms }
08-10 11:08:48.673  1340  1340 D BoundBrokerSvc: Loading bound service for intent: Intent { act=com.google.android.gms.common.BIND_SHARED_PREFS pkg=com.google.android.gms }
08-10 11:08:48.688   283  1733 D goldfish-address-space: claimShared: Ask to claim region [0x3f08b1000 0x3f1162000]
08-10 11:08:48.704   283  1733 D goldfish-address-space: claimShared: Ask to claim region [0x3f1162000 0x3f1a13000]
08-10 11:08:48.776  1340  1340 D BoundBrokerSvc: onUnbind: Intent { act=com.google.android.gms.common.BIND_SHARED_PREFS pkg=com.google.android.gms }
08-10 11:08:48.895   283  1733 D goldfish-address-space: claimShared: Ask to claim region [0x3f1a13000 0x3f22c4000]
08-10 11:08:48.952   283  1733 D goldfish-address-space: claimShared: Ask to claim region [0x3f22c4000 0x3f2b75000]
08-10 11:08:49.049   283  1733 D goldfish-address-space: claimShared: Ask to claim region [0x3f2b75000 0x3f3426000]
08-10 11:08:49.325  1228  2196 I native  : input-context-store.cc:173 Ignoring stale client request for FetchSuggestions
08-10 11:08:49.366  1228  1228 W InputContextProxy: InputContextProxy.applyClientDiffInternal():832 Ignore [FetchSuggestions] diff due to stale request: 654<664, inputStateId=532, lastInputStateId=532
08-10 11:08:49.486  1228  1228 E InputContextLock: InputContextLock.maybeTrackAcquireLockTime():29 Acquire InputContextLock takes 13 ms, mainThreadForSure=true.
08-10 11:08:49.549  1228  2196 I native  : input-context-store.cc:124 Ignoring stale client request for FetchSuggestions
08-10 11:08:49.571  1228  1228 W InputContextProxy: InputContextProxy.applyClientDiffInternal():832 Ignore [FetchSuggestions] diff due to stale request: 665<667, inputStateId=0, lastInputStateId=534
08-10 11:08:50.083  5713  5713 I ViewInteraction: Performing 'type text(NewP@ssw0rd)' action on view should return first matching item
08-10 11:08:50.145  1228  1228 W TooltipLifecycleManager: TooltipLifecycleManager.dismissTooltip():130 dismissTooltip(): tooltip with id inline_suggestion_tooltip not found in tooltipManager.
08-10 11:08:50.146  1228  1228 W TooltipLifecycleManager: TooltipLifecycleManager.dismissTooltip():130 dismissTooltip(): tooltip with id inline_suggestion_tooltip not found in tooltipManager.
08-10 11:08:50.165  1228  1228 I KeyboardWrapper: KeyboardWrapper.consumeEvent():264 Skip consuming an event as current keyboard is deactivated (state=0, keyboard existence=true)
08-10 11:08:50.165  1228  1228 I VoiceInputManagerWrapper: VoiceInputManagerWrapper.shutdown():77 shutdown()
08-10 11:08:50.168  1228  1228 I AndroidIME: AbstractIme.onDeactivate():161 LatinIme.onDeactivate()
08-10 11:08:50.203  5713  5713 W IInputConnectionWrapper: beginBatchEdit on inactive InputConnection
08-10 11:08:50.203  5713  5713 W IInputConnectionWrapper: endBatchEdit on inactive InputConnection
08-10 11:08:50.254  1228  1228 I KeyboardViewUtil: KeyboardViewUtil.getKeyboardHeightRatio():128 systemKeyboardHeightRatio:1.000000; userKeyboardHeightRatio:1.000000.
08-10 11:08:50.281  1228  1228 I AndroidIME: AbstractIme.onActivate():84 PasswordIme.onActivate() : EditorInfo = Package = com.example.app1 : Type = Password : Learning = Disable : Suggestion = Hide : AutoCorrection = Disable : Microphone = Hide : NoPersonalizedLearning = Disable : AutoStartVoiceInput = Disable, IncognitoMode = false
08-10 11:08:50.306  1228  1228 I KeyboardViewHelper: KeyboardViewHelper.getView():164 Get view with height ratio:1.000000; experiment height ratio:1.000000.
08-10 11:08:50.369  1228  1228 W TooltipLifecycleManager: TooltipLifecycleManager.dismissTooltip():130 dismissTooltip(): tooltip with id inline_suggestion_tooltip not found in tooltipManager.
08-10 11:08:50.373  1228  1228 W KeyboardModeManager: KeyboardModeManager.setInputView():302 setInputView() : inputView = com.google.android.apps.inputmethod.libs.framework.core.InputView{41301d3 V.E...... ......ID 0,0-1080,1977}
08-10 11:08:50.374  1228  1228 I ConversationToQueryExtension: ConversationToQueryExtension.isEnabledForHostApp():252 Conv2Query not enabled due to current app [com.example.app1] not in whitelist
08-10 11:08:50.374  1228  1228 I ConversationToQueryExtension: ConversationToQueryExtension.onActivate():162 onActivate() : Disabled by unsupported host app
08-10 11:08:50.375  1228  1228 I CurrentMicStatusHolder: CurrentMicStatusHolder.onStartInputView():79 Current Mic status = {MicIconHidden-PasswordOrNumberOrDateInputType,}
08-10 11:08:50.376  1228  1228 I VoiceImeExtension: VoiceImeExtension.shouldStartVoiceInputAutomatically():336 No private IME option set to start voice input.
08-10 11:08:50.439  5713  5713 D UiControllerImpl: Injecting string: "NewP@ssw0rd"
08-10 11:08:50.518  1340  1340 D BoundBrokerSvc: onBind: Intent { act=com.google.android.gms.common.BIND_SHARED_PREFS pkg=com.google.android.gms }
08-10 11:08:50.518  1340  1340 D BoundBrokerSvc: Loading bound service for intent: Intent { act=com.google.android.gms.common.BIND_SHARED_PREFS pkg=com.google.android.gms }
08-10 11:08:50.530  1340  1340 D BoundBrokerSvc: onUnbind: Intent { act=com.google.android.gms.common.BIND_SHARED_PREFS pkg=com.google.android.gms }
08-10 11:08:50.603  1340  1340 D BoundBrokerSvc: onBind: Intent { act=com.google.android.gms.common.BIND_SHARED_PREFS pkg=com.google.android.gms }
08-10 11:08:50.603  1340  1340 D BoundBrokerSvc: Loading bound service for intent: Intent { act=com.google.android.gms.common.BIND_SHARED_PREFS pkg=com.google.android.gms }
08-10 11:08:50.644  1340  1340 D BoundBrokerSvc: onUnbind: Intent { act=com.google.android.gms.common.BIND_SHARED_PREFS pkg=com.google.android.gms }
08-10 11:08:51.746  5713  5713 I ViewInteraction: Performing 'close keyboard' action on view view.getId() is <2131362250/com.example.app1:id/sign_in>
08-10 11:08:51.789  1228  1228 I AndroidIME: AbstractIme.onDeactivate():161 PasswordIme.onDeactivate()
08-10 11:08:51.927  1228  1236 W putmethod.lati: Suspending all threads took: 74.427ms
08-10 11:08:52.149  5713  5713 I ViewInteraction: Performing 'single click' action on view view.getId() is <2131362250/com.example.app1:id/sign_in>
08-10 11:08:52.379   522   547 D EventSequenceValidator: Transition from INTENT_FAILED to INTENT_STARTED
08-10 11:08:52.404   522  1396 I system_server: oneway function results will be dropped but finished with status OK and parcel size 4
08-10 11:08:52.410   522  1396 I chatty  : uid=1000(system) Binder:522_C identical 1 line
08-10 11:08:52.411   522  1396 I system_server: oneway function results will be dropped but finished with status OK and parcel size 4
08-10 11:08:52.500   269  5370 W android.hardware.audio.service.ranchu: TinyalsaSink::write:125 pcm_write was late reading frames, dropping 22131 us of audio
08-10 11:08:52.502   325   431 D AudioFlinger: mixer(0xe99a2030) throttle end: throttle time(5)
08-10 11:08:52.558   522   923 I system_server: oneway function results will be dropped but finished with status OK and parcel size 4
08-10 11:08:52.567   522   547 D EventSequenceValidator: Transition from INTENT_STARTED to INTENT_FAILED
08-10 11:08:52.697  5713  5713 D LifecycleMonitor: Lifecycle status change: com.example.app1.authentication.LoginActivity@2ab0aee in: PAUSED
08-10 11:08:52.714   522  1401 W InputReader: Device virtio_input_multi_touch_10 is associated with display ADISPLAY_ID_NONE.
08-10 11:08:52.714   522  1401 W InputReader: Device virtio_input_multi_touch_4 is associated with display ADISPLAY_ID_NONE.
08-10 11:08:52.714   522  1401 W InputReader: Device virtio_input_multi_touch_11 is associated with display ADISPLAY_ID_NONE.
08-10 11:08:52.714   522  1401 W InputReader: Device virtio_input_multi_touch_5 is associated with display ADISPLAY_ID_NONE.
08-10 11:08:52.714   522  1401 W InputReader: Device virtio_input_multi_touch_2 is associated with display ADISPLAY_ID_NONE.
08-10 11:08:52.714   522  1401 W InputReader: Device virtio_input_multi_touch_9 is associated with display ADISPLAY_ID_NONE.
08-10 11:08:52.714   522  1401 W InputReader: Device virtio_input_multi_touch_6 is associated with display ADISPLAY_ID_NONE.
08-10 11:08:52.714   522  1401 W InputReader: Device virtio_input_multi_touch_3 is associated with display ADISPLAY_ID_NONE.
08-10 11:08:52.714   522  1401 W InputReader: Device virtio_input_multi_touch_7 is associated with display ADISPLAY_ID_NONE.
08-10 11:08:52.714   522  1401 W InputReader: Device virtio_input_multi_touch_8 is associated with display ADISPLAY_ID_NONE.
08-10 11:08:52.750   522  1401 W InputReader: Device virtio_input_multi_touch_10 is associated with display ADISPLAY_ID_NONE.
08-10 11:08:52.750   522  1401 W InputReader: Device virtio_input_multi_touch_4 is associated with display ADISPLAY_ID_NONE.
08-10 11:08:52.750   522  1401 W InputReader: Device virtio_input_multi_touch_11 is associated with display ADISPLAY_ID_NONE.
08-10 11:08:52.750   522  1401 W InputReader: Device virtio_input_multi_touch_5 is associated with display ADISPLAY_ID_NONE.
08-10 11:08:52.750   522  1401 W InputReader: Device virtio_input_multi_touch_2 is associated with display ADISPLAY_ID_NONE.
08-10 11:08:52.750   522  1401 W InputReader: Device virtio_input_multi_touch_9 is associated with display ADISPLAY_ID_NONE.
08-10 11:08:52.750   522  1401 W InputReader: Device virtio_input_multi_touch_6 is associated with display ADISPLAY_ID_NONE.
08-10 11:08:52.750   522  1401 W InputReader: Device virtio_input_multi_touch_3 is associated with display ADISPLAY_ID_NONE.
08-10 11:08:52.750   522  1401 W InputReader: Device virtio_input_multi_touch_7 is associated with display ADISPLAY_ID_NONE.
08-10 11:08:52.750   522  1401 W InputReader: Device virtio_input_multi_touch_8 is associated with display ADISPLAY_ID_NONE.
08-10 11:08:52.922  5713  5713 D LifecycleMonitor: Lifecycle status change: com.example.app1.authentication.SimpleSignInActivity@c8c032d in: PRE_ON_CREATE
08-10 11:08:52.955  5713  5747 W System  : Ignoring header X-Firebase-Locale because its value was null.
08-10 11:08:53.033  5713  5713 D LifecycleMonitor: Lifecycle status change: com.example.app1.authentication.SimpleSignInActivity@c8c032d in: CREATED
08-10 11:08:53.041  5713  5713 D LifecycleMonitor: Lifecycle status change: com.example.app1.authentication.SimpleSignInActivity@c8c032d in: STARTED
08-10 11:08:53.050  5713  5713 D LifecycleMonitor: Lifecycle status change: com.example.app1.authentication.SimpleSignInActivity@c8c032d in: RESUMED
08-10 11:08:53.106   283  1733 D goldfish-address-space: claimShared: Ask to claim region [0x3f3426000 0x3f3d8b000]
08-10 11:08:53.116   283  1733 D goldfish-address-space: claimShared: Ask to claim region [0x3f0000000 0x3f0965000]
08-10 11:08:53.134   283  1733 D goldfish-address-space: claimShared: Ask to claim region [0x3f0965000 0x3f12ca000]
08-10 11:08:53.167   522   554 I ActivityTaskManager: Displayed com.example.app1/.authentication.SimpleSignInActivity: +781ms
08-10 11:08:53.377  5713  5747 W System  : Ignoring header X-Firebase-Locale because its value was null.
08-10 11:08:53.465   283  1733 D goldfish-address-space: claimShared: Ask to claim region [0x3f0000000 0x3f0965000]
08-10 11:08:53.510   283  1733 D goldfish-address-space: claimShared: Ask to claim region [0x3f4000000 0x3f4965000]
08-10 11:08:53.589   283  1733 D goldfish-address-space: claimShared: Ask to claim region [0x3f3426000 0x3f3d8b000]
08-10 11:08:53.695  5713  5747 D FirebaseAuth: Notifying id token listeners about user ( j31qI9IcTMOEVBO0pnWhhKXdy612 ).
08-10 11:08:53.695  5713  5747 D FirebaseAuth: Notifying auth state listeners about user ( j31qI9IcTMOEVBO0pnWhhKXdy612 ).
08-10 11:08:53.793   283  1733 D goldfish-address-space: claimShared: Ask to claim region [0x3f0965000 0x3f0f68000]
08-10 11:08:53.948  5713  5713 D LifecycleMonitor: Lifecycle status change: com.example.app1.authentication.SimpleSignInActivity@c8c032d in: PAUSED
08-10 11:08:53.952   522  1396 W InputReader: Device virtio_input_multi_touch_10 is associated with display ADISPLAY_ID_NONE.
08-10 11:08:53.952   522  1396 W InputReader: Device virtio_input_multi_touch_4 is associated with display ADISPLAY_ID_NONE.
08-10 11:08:53.952   522  1396 W InputReader: Device virtio_input_multi_touch_11 is associated with display ADISPLAY_ID_NONE.
08-10 11:08:53.952   522  1396 W InputReader: Device virtio_input_multi_touch_5 is associated with display ADISPLAY_ID_NONE.
08-10 11:08:53.952   522  1396 W InputReader: Device virtio_input_multi_touch_2 is associated with display ADISPLAY_ID_NONE.
08-10 11:08:53.952   522  1396 W InputReader: Device virtio_input_multi_touch_9 is associated with display ADISPLAY_ID_NONE.
08-10 11:08:53.952   522  1396 W InputReader: Device virtio_input_multi_touch_6 is associated with display ADISPLAY_ID_NONE.
08-10 11:08:53.952   522  1396 W InputReader: Device virtio_input_multi_touch_3 is associated with display ADISPLAY_ID_NONE.
08-10 11:08:53.952   522  1396 W InputReader: Device virtio_input_multi_touch_7 is associated with display ADISPLAY_ID_NONE.
08-10 11:08:53.952   522  1396 W InputReader: Device virtio_input_multi_touch_8 is associated with display ADISPLAY_ID_NONE.
08-10 11:08:53.952   522  1396 W InputReader: Device virtio_input_multi_touch_10 is associated with display ADISPLAY_ID_NONE.
08-10 11:08:53.952   522  1396 W InputReader: Device virtio_input_multi_touch_4 is associated with display ADISPLAY_ID_NONE.
08-10 11:08:53.952   522  1396 W InputReader: Device virtio_input_multi_touch_11 is associated with display ADISPLAY_ID_NONE.
08-10 11:08:53.953   522  1396 W InputReader: Device virtio_input_multi_touch_5 is associated with display ADISPLAY_ID_NONE.
08-10 11:08:53.953   522  1396 W InputReader: Device virtio_input_multi_touch_2 is associated with display ADISPLAY_ID_NONE.
08-10 11:08:53.953   522  1396 W InputReader: Device virtio_input_multi_touch_9 is associated with display ADISPLAY_ID_NONE.
08-10 11:08:53.953   522  1396 W InputReader: Device virtio_input_multi_touch_6 is associated with display ADISPLAY_ID_NONE.
08-10 11:08:53.953   522  1396 W InputReader: Device virtio_input_multi_touch_3 is associated with display ADISPLAY_ID_NONE.
08-10 11:08:53.953   522  1396 W InputReader: Device virtio_input_multi_touch_7 is associated with display ADISPLAY_ID_NONE.
08-10 11:08:53.953   522  1396 W InputReader: Device virtio_input_multi_touch_8 is associated with display ADISPLAY_ID_NONE.
08-10 11:08:53.993   522   547 D EventSequenceValidator: Transition from INTENT_FAILED to INTENT_STARTED
08-10 11:08:54.018   522   547 D EventSequenceValidator: Transition from INTENT_STARTED to INTENT_FAILED
08-10 11:08:54.030   522  5379 D HostConnection: HostConnection::get() New Host Connection established 0xf4579ac0, tid 5379
08-10 11:08:54.071   522  5379 D HostConnection: HostComposition ext ANDROID_EMU_CHECKSUM_HELPER_v1 ANDROID_EMU_native_sync_v2 ANDROID_EMU_native_sync_v3 ANDROID_EMU_native_sync_v4 ANDROID_EMU_dma_v1 ANDROID_EMU_direct_mem ANDROID_EMU_host_composition_v1 ANDROID_EMU_host_composition_v2 ANDROID_EMU_vulkan ANDROID_EMU_deferred_vulkan_commands ANDROID_EMU_vulkan_null_optional_strings ANDROID_EMU_vulkan_create_resources_with_requirements ANDROID_EMU_YUV_Cache ANDROID_EMU_vulkan_ignored_handles ANDROID_EMU_has_shared_slots_host_memory_allocator ANDROID_EMU_vulkan_free_memory_sync ANDROID_EMU_vulkan_shader_float16_int8 ANDROID_EMU_vulkan_async_queue_submit ANDROID_EMU_sync_buffer_data ANDROID_EMU_read_color_buffer_dma GL_OES_EGL_image_external_essl3 GL_OES_vertex_array_object GL_KHR_texture_compression_astc_ldr ANDROID_EMU_host_side_tracing ANDROID_EMU_gles_max_version_3_0
08-10 11:08:54.072   522  5379 W OpenGLRenderer: Failed to choose config with EGL_SWAP_BEHAVIOR_PRESERVED, retrying without...
08-10 11:08:54.076   522  5379 D EGL_emulation: eglCreateContext: 0xb814d280: maj 3 min 0 rcv 3
08-10 11:08:54.079   522  5379 D EGL_emulation: eglMakeCurrent: 0xb814d280: ver 3 0 (tinfo 0xbfafbdd0) (first time)
08-10 11:08:54.145   283  1733 D goldfish-address-space: claimShared: Ask to claim region [0x3f3d8b000 0x3f3dc4000]
08-10 11:08:54.150   283  1733 D goldfish-address-space: claimShared: Ask to claim region [0x3f3dc4000 0x3f3dfd000]
08-10 11:08:54.157   283  1733 D goldfish-address-space: claimShared: Ask to claim region [0x3f3dfd000 0x3f3e36000]
08-10 11:08:54.277  5713  5713 D LifecycleMonitor: Lifecycle status change: com.example.app1.MainActivity@254eb1 in: PRE_ON_CREATE
08-10 11:08:54.412   742   753 I ndroid.systemu: NativeAlloc concurrent copying GC freed 4697(260KB) AllocSpace objects, 0(0B) LOS objects, 49% free, 6809KB/13MB, paused 86us total 497.772ms
08-10 11:08:54.502  5713  5713 D LifecycleMonitor: Lifecycle status change: com.example.app1.MainActivity@254eb1 in: CREATED
08-10 11:08:54.514  5713  5713 D LifecycleMonitor: Lifecycle status change: com.example.app1.MainActivity@254eb1 in: STARTED
08-10 11:08:54.517  5713  5713 D LifecycleMonitor: Lifecycle status change: com.example.app1.MainActivity@254eb1 in: RESUMED
08-10 11:08:54.591   283  1733 D goldfish-address-space: claimShared: Ask to claim region [0x3f0f68000 0x3f18cd000]
08-10 11:08:54.627  5713  5713 E RecyclerView: No adapter attached; skipping layout
08-10 11:08:54.633   283   283 D goldfish-address-space: claimShared: Ask to claim region [0x3f4965000 0x3f52ca000]
08-10 11:08:54.729   283   332 D goldfish-address-space: claimShared: Ask to claim region [0x3f52ca000 0x3f5c2f000]
08-10 11:08:54.891   522   554 I ActivityTaskManager: Displayed com.example.app1/.MainActivity: +966ms
08-10 11:08:55.506   522  1401 I system_server: oneway function results will be dropped but finished with status OK and parcel size 4
