09-01 23:33:52.613 10239 10267 I TestRunner: started: signInAndChangePasswordConfirmationFail(com.example.app1.AuthenticationTests)
09-01 23:33:52.660 10239 10267 D FirebaseAuth: Notifying id token listeners about a sign-out event.
09-01 23:33:52.660 10239 10267 D FirebaseAuth: Notifying auth state listeners about a sign-out event.
09-01 23:33:52.665   705   719 I ndroid.systemu: NativeAlloc concurrent copying GC freed 3478(230KB) AllocSpace objects, 2(40KB) LOS objects, 49% free, 7554KB/14MB, paused 186us total 1.139s
09-01 23:33:52.674   501   532 D EventSequenceValidator: inc AccIntentStartedEvents to 2
09-01 23:33:52.699  9030  9107 E AbstractGmsTracer: Traced class shouldn't be obfuscated: aojl [CONTEXT service_id=259 ]
09-01 23:33:52.706 10239 10945 W System  : Ignoring header X-Firebase-Locale because its value was null.
09-01 23:33:52.710   501   631 W InputReader: Device virtio_input_multi_touch_9 is associated with display ADISPLAY_ID_NONE.
09-01 23:33:52.710   501   631 W InputReader: Device virtio_input_multi_touch_6 is associated with display ADISPLAY_ID_NONE.
09-01 23:33:52.710   501   631 W InputReader: Device virtio_input_multi_touch_3 is associated with display ADISPLAY_ID_NONE.
09-01 23:33:52.710   501   631 W InputReader: Device virtio_input_multi_touch_7 is associated with display ADISPLAY_ID_NONE.
09-01 23:33:52.710   501   631 W InputReader: Device virtio_input_multi_touch_8 is associated with display ADISPLAY_ID_NONE.
09-01 23:33:52.710   501   631 W InputReader: Device virtio_input_multi_touch_10 is associated with display ADISPLAY_ID_NONE.
09-01 23:33:52.710   501   631 W InputReader: Device virtio_input_multi_touch_4 is associated with display ADISPLAY_ID_NONE.
09-01 23:33:52.710   501   631 W InputReader: Device virtio_input_multi_touch_11 is associated with display ADISPLAY_ID_NONE.
09-01 23:33:52.710   501   631 W InputReader: Device virtio_input_multi_touch_5 is associated with display ADISPLAY_ID_NONE.
09-01 23:33:52.710   501   631 W InputReader: Device virtio_input_multi_touch_2 is associated with display ADISPLAY_ID_NONE.
09-01 23:33:52.711   501   631 W InputReader: Device virtio_input_multi_touch_9 is associated with display ADISPLAY_ID_NONE.
09-01 23:33:52.711   501   631 W InputReader: Device virtio_input_multi_touch_6 is associated with display ADISPLAY_ID_NONE.
09-01 23:33:52.711   501   631 W InputReader: Device virtio_input_multi_touch_3 is associated with display ADISPLAY_ID_NONE.
09-01 23:33:52.711   501   631 W InputReader: Device virtio_input_multi_touch_7 is associated with display ADISPLAY_ID_NONE.
09-01 23:33:52.711   501   631 W InputReader: Device virtio_input_multi_touch_8 is associated with display ADISPLAY_ID_NONE.
09-01 23:33:52.711   501   631 W InputReader: Device virtio_input_multi_touch_10 is associated with display ADISPLAY_ID_NONE.
09-01 23:33:52.711   501   631 W InputReader: Device virtio_input_multi_touch_4 is associated with display ADISPLAY_ID_NONE.
09-01 23:33:52.711   501   631 W InputReader: Device virtio_input_multi_touch_11 is associated with display ADISPLAY_ID_NONE.
09-01 23:33:52.711   501   631 W InputReader: Device virtio_input_multi_touch_5 is associated with display ADISPLAY_ID_NONE.
09-01 23:33:52.711   501   631 W InputReader: Device virtio_input_multi_touch_2 is associated with display ADISPLAY_ID_NONE.
09-01 23:33:52.723   339   339 I perfetto: ing_service_impl.cc:758 Configured tracing session 32, #sources:1, duration:5000 ms, #buffers:1, total buffer size:4096 KB, total sessions:1, uid:1071 session name: ""
09-01 23:33:52.724   338   338 I perfetto: probes_producer.cc:230  Ftrace setup (target_buf=32)
09-01 23:33:52.769  9030  9107 E AbstractGmsTracer: Traced class shouldn't be obfuscated: aoja [CONTEXT service_id=259 ]
09-01 23:33:52.791 10239 10239 D LifecycleMonitor: Lifecycle status change: com.example.app1.authentication.LoginActivity@fc36334 in: PRE_ON_CREATE
09-01 23:33:52.809   338   338 I perfetto: ftrace_procfs.cc:176    enabled ftrace
09-01 23:33:52.839   290   290 D goldfish-address-space: claimShared: Ask to claim region [0x3f4000000 0x3f4965000]
09-01 23:33:52.989 10239 10239 D LifecycleMonitor: Lifecycle status change: com.example.app1.authentication.LoginActivity@fc36334 in: CREATED
09-01 23:33:52.996 10239 10239 D LifecycleMonitor: Lifecycle status change: com.example.app1.authentication.LoginActivity@fc36334 in: STARTED
09-01 23:33:52.998 10239 10239 D LifecycleMonitor: Lifecycle status change: com.example.app1.authentication.LoginActivity@fc36334 in: RESUMED
09-01 23:33:53.153   290   290 D goldfish-address-space: claimShared: Ask to claim region [0x3f4965000 0x3f52ca000]
09-01 23:33:53.243   290   290 D goldfish-address-space: claimShared: Ask to claim region [0x3f52ca000 0x3f5b7b000]
09-01 23:33:53.257   290   290 D goldfish-address-space: claimShared: Ask to claim region [0x3f5b7b000 0x3f642c000]
09-01 23:33:53.259   290  5663 D goldfish-address-space: claimShared: Ask to claim region [0x3f642c000 0x3f6cdd000]
09-01 23:33:53.357 10239 10945 W System  : Ignoring header X-Firebase-Locale because its value was null.
09-01 23:33:53.489   290   290 D goldfish-address-space: claimShared: Ask to claim region [0x3fafba000 0x3fb91f000]
09-01 23:33:53.756 10239 10239 D RootViewPicker: Root not ready - waiting: 10ms for one to appear.
09-01 23:33:53.762 10818 10818 D BoundBrokerSvc: onBind: Intent { act=com.google.android.gms.measurement.START pkg=com.google.android.gms }
09-01 23:33:53.763 10818 10818 D BoundBrokerSvc: Loading bound service for intent: Intent { act=com.google.android.gms.measurement.START pkg=com.google.android.gms }
09-01 23:33:53.784 10239 10239 D RootViewPicker: Root not ready - waiting: 25ms for one to appear.
09-01 23:33:53.817 10239 10239 D RootViewPicker: Root not ready - waiting: 50ms for one to appear.
09-01 23:33:53.848 10239 10945 D FirebaseAuth: Notifying id token listeners about user ( bSfSE2fKiiVdyK3RdmEt40uGZ3G3 ).
09-01 23:33:53.849 10239 10945 D FirebaseAuth: Notifying auth state listeners about user ( bSfSE2fKiiVdyK3RdmEt40uGZ3G3 ).
09-01 23:33:53.878 10239 10239 D RootViewPicker: Root not ready - waiting: 100ms for one to appear.
09-01 23:33:53.889   501   537 D ArtManagerInternalImpl: /data/misc/iorapd/com.example.app1/1/com.example.app1.authentication.LoginActivity/compiled_traces/compiled_trace.pb doesn't exist
09-01 23:33:53.920   501   537 I ActivityTaskManager: Displayed com.example.app1/.authentication.LoginActivity: +1s197ms
09-01 23:33:53.963   501   532 D EventSequenceValidator: dec AccIntentStartedEvents to 1
09-01 23:33:54.061 10239 10239 I ViewInteraction: Checking 'MatchesViewAssertion{viewMatcher=(view has effective visibility <VISIBLE> and view.getGlobalVisibleRect() to return non-empty rectangle)}' assertion on view view.getId() is <2131362094/com.example.app1:id/logo>
09-01 23:33:54.202  9137  9725 I PBSessionCacheImpl: Deleted sessionId[40186613039216912] from persistence.
09-01 23:33:54.263  9137  9220 W SearchServiceCore: Abort, client detached.
09-01 23:33:54.265  9137  9220 I MicroDetectionState: Should stop hotword detection immediately - false
09-01 23:33:54.600 10239 10239 I ViewInteraction: Performing 'type text(test@test.com)' action on view should return first matching item
09-01 23:33:54.699 10239 10239 I AssistStructure: Flattened final assist data: 2552 bytes, containing 1 windows, 14 views
09-01 23:33:54.729  1380  1380 I KeyboardViewUtil: KeyboardViewUtil.getKeyboardHeightRatio():128 systemKeyboardHeightRatio:1.000000; userKeyboardHeightRatio:1.000000.
09-01 23:33:54.747  1380  1380 I AndroidIME: AbstractIme.onActivate():84 LatinIme.onActivate() : EditorInfo = Package = com.example.app1 : Type = Email : Learning = Disable : Suggestion = Show : AutoCorrection = Disable : Microphone = DisabledMic : NoPersonalizedLearning = Disable : AutoStartVoiceInput = Disable, IncognitoMode = false
09-01 23:33:54.747  1380  1380 I Delight5Facilitator: Delight5Facilitator.initializeForIme():561 initializeForIme() : Locale = [en_US], layout = qwerty
09-01 23:33:54.747  1380  1380 I VoiceInputManagerWrapper: VoiceInputManagerWrapper.cancelShutdown():55 cancelShutdown()
09-01 23:33:54.747  1380  1380 I VoiceInputManagerWrapper: VoiceInputManagerWrapper.syncLanguagePacks():67 syncLanguagePacks()
09-01 23:33:54.751  1380  1380 I KeyboardWrapper: KeyboardWrapper.consumeEvent():264 Skip consuming an event as current keyboard is deactivated (state=0, keyboard existence=true)
09-01 23:33:54.752  1380  3859 I SpeechFactory: SpeechRecognitionFactory.maybeScheduleAutoPackDownloadForFallback():160 maybeScheduleAutoPackDownloadForFallback()
09-01 23:33:54.752  1380  3859 I FallbackOnDeviceRecognitionProvider: FallbackOnDeviceRecognitionProvider.maybeScheduleAutoPackDownload():197 maybeScheduleAutoPackDownload() for language tag en-US
09-01 23:33:54.797  9030  9030 W qei     : Pending fill request while another request in the same session was triggered. [CONTEXT service_id=177 ]
09-01 23:33:54.804 10818 10818 D BoundBrokerSvc: onBind: Intent { act=com.google.android.mdd.service.START dat=chimera-action:com.google.android.mdd.service.START cmp=com.google.android.gms/.chimera.GmsBoundBrokerService }
09-01 23:33:54.804 10818 10818 D BoundBrokerSvc: Loading bound service for intent: Intent { act=com.google.android.mdd.service.START dat=chimera-action:com.google.android.mdd.service.START cmp=com.google.android.gms/.chimera.GmsBoundBrokerService }
09-01 23:33:54.852  1400  1400 V InlineSuggestionRenderService: handleDestroySuggestionViews called for 0:1053032481
09-01 23:33:54.872  1380  1380 I KeyboardViewHelper: KeyboardViewHelper.getView():164 Get view with height ratio:1.000000; experiment height ratio:1.000000.
09-01 23:33:54.947 10239 10239 D UiControllerImpl: Injecting string: "test@test.com"
09-01 23:33:55.002  1380  1380 W KeyboardModeManager: KeyboardModeManager.setInputView():302 setInputView() : inputView = com.google.android.apps.inputmethod.libs.framework.core.InputView{c127a55 V.E...... ......ID 0,0-1080,1977}
09-01 23:33:55.002  1380  1380 I ConversationToQueryExtension: ConversationToQueryExtension.isEnabledForHostApp():252 Conv2Query not enabled due to current app [com.example.app1] not in whitelist
09-01 23:33:55.003  1380  1380 I ConversationToQueryExtension: ConversationToQueryExtension.onActivate():162 onActivate() : Disabled by unsupported host app
09-01 23:33:55.003  1380  1380 I CurrentMicStatusHolder: CurrentMicStatusHolder.onStartInputView():79 Current Mic status = {MicIconHidden-EmailInputType,}
09-01 23:33:55.003  1380  1380 I VoiceImeExtension: VoiceImeExtension.shouldStartVoiceInputAutomatically():336 No private IME option set to start voice input.
09-01 23:33:55.023 10818 10818 D BoundBrokerSvc: onBind: Intent { act=com.google.firebase.dynamiclinks.service.START pkg=com.google.android.gms }
09-01 23:33:55.023 10818 10818 D BoundBrokerSvc: Loading bound service for intent: Intent { act=com.google.firebase.dynamiclinks.service.START pkg=com.google.android.gms }
09-01 23:33:55.092   290   290 D goldfish-address-space: claimShared: Ask to claim region [0x3f31ac000 0x3f3a5d000]
09-01 23:33:55.097   290   290 D goldfish-address-space: claimShared: Ask to claim region [0x3f0000000 0x3f08b1000]
09-01 23:33:55.110   290  5663 D goldfish-address-space: claimShared: Ask to claim region [0x3f08b1000 0x3f1162000]
09-01 23:33:55.209   290  5663 D goldfish-address-space: claimShared: Ask to claim region [0x3f1162000 0x3f1a13000]
09-01 23:33:55.253   290  5663 D goldfish-address-space: claimShared: Ask to claim region [0x3f1a13000 0x3f22c4000]
09-01 23:33:55.264 10818 10818 D BoundBrokerSvc: onBind: Intent { act=com.google.android.gms.common.BIND_SHARED_PREFS pkg=com.google.android.gms }
09-01 23:33:55.264 10818 10818 D BoundBrokerSvc: Loading bound service for intent: Intent { act=com.google.android.gms.common.BIND_SHARED_PREFS pkg=com.google.android.gms }
09-01 23:33:55.288 10818 10818 D BoundBrokerSvc: onUnbind: Intent { act=com.google.android.gms.common.BIND_SHARED_PREFS pkg=com.google.android.gms }
09-01 23:33:55.321 10818 10818 D BoundBrokerSvc: onBind: Intent { act=com.google.android.gms.common.BIND_SHARED_PREFS pkg=com.google.android.gms }
09-01 23:33:55.322 10818 10818 D BoundBrokerSvc: Loading bound service for intent: Intent { act=com.google.android.gms.common.BIND_SHARED_PREFS pkg=com.google.android.gms }
09-01 23:33:55.345   290  5663 D goldfish-address-space: claimShared: Ask to claim region [0x3f22c4000 0x3f2b75000]
09-01 23:33:55.371 10818 10818 D BoundBrokerSvc: onUnbind: Intent { act=com.google.android.gms.common.BIND_SHARED_PREFS pkg=com.google.android.gms }
09-01 23:33:55.533  1380  2546 I native  : input-context-store.cc:173 Ignoring stale client request for FetchSuggestions
09-01 23:33:55.596  1380  1380 W InputContextProxy: InputContextProxy.applyClientDiffInternal():832 Ignore [FetchSuggestions] diff due to stale request: 384<389, inputStateId=315, lastInputStateId=316
09-01 23:33:55.603  1380  2546 I native  : input-context-store.cc:173 Ignoring stale client request for FetchSuggestions
09-01 23:33:55.614  1380  1380 W InputContextProxy: InputContextProxy.applyClientDiffInternal():832 Ignore [FetchSuggestions] diff due to stale request: 388<391, inputStateId=316, lastInputStateId=316
09-01 23:33:55.644  1380  2546 E InputContextLock: InputContextLock.maybeTrackAcquireLockTime():29 Acquire InputContextLock takes 7 ms, mainThreadForSure=false.
09-01 23:33:55.845 10239 10251 I om.example.app: Background young concurrent copying GC freed 92254(4296KB) AllocSpace objects, 103(5384KB) LOS objects, 37% free, 16MB/25MB, paused 131us total 563.627ms
09-01 23:33:55.975 10239 10253 W System  : A resource failed to call end.
09-01 23:33:55.975 10239 10253 W System  : A resource failed to call end.
09-01 23:33:56.418 10239 10239 I ViewInteraction: Performing 'type text(Test1#)' action on view should return first matching item
09-01 23:33:56.513  1380  1380 W TooltipLifecycleManager: TooltipLifecycleManager.dismissTooltip():130 dismissTooltip(): tooltip with id inline_suggestion_tooltip not found in tooltipManager.
09-01 23:33:56.513  1380  1380 W TooltipLifecycleManager: TooltipLifecycleManager.dismissTooltip():130 dismissTooltip(): tooltip with id inline_suggestion_tooltip not found in tooltipManager.
09-01 23:33:56.522  1380  1380 I KeyboardWrapper: KeyboardWrapper.consumeEvent():264 Skip consuming an event as current keyboard is deactivated (state=0, keyboard existence=true)
09-01 23:33:56.534  1380  1380 I VoiceInputManagerWrapper: VoiceInputManagerWrapper.shutdown():77 shutdown()
09-01 23:33:56.543  1380  1380 I AndroidIME: AbstractIme.onDeactivate():161 LatinIme.onDeactivate()
09-01 23:33:56.571 10239 10239 W IInputConnectionWrapper: beginBatchEdit on inactive InputConnection
09-01 23:33:56.571 10239 10239 W IInputConnectionWrapper: endBatchEdit on inactive InputConnection
09-01 23:33:56.631  1380  1380 I KeyboardViewUtil: KeyboardViewUtil.getKeyboardHeightRatio():128 systemKeyboardHeightRatio:1.000000; userKeyboardHeightRatio:1.000000.
09-01 23:33:56.631  1380  1380 I AndroidIME: AbstractIme.onActivate():84 PasswordIme.onActivate() : EditorInfo = Package = com.example.app1 : Type = Password : Learning = Disable : Suggestion = Hide : AutoCorrection = Disable : Microphone = Hide : NoPersonalizedLearning = Disable : AutoStartVoiceInput = Disable, IncognitoMode = false
09-01 23:33:56.680  1380  1380 I KeyboardViewHelper: KeyboardViewHelper.getView():164 Get view with height ratio:1.000000; experiment height ratio:1.000000.
09-01 23:33:56.767  1380  1380 W TooltipLifecycleManager: TooltipLifecycleManager.dismissTooltip():130 dismissTooltip(): tooltip with id inline_suggestion_tooltip not found in tooltipManager.
09-01 23:33:56.777  1380  1380 W KeyboardModeManager: KeyboardModeManager.setInputView():302 setInputView() : inputView = com.google.android.apps.inputmethod.libs.framework.core.InputView{c127a55 V.E...... ......ID 0,0-1080,1977}
09-01 23:33:56.781  1380  1380 I ConversationToQueryExtension: ConversationToQueryExtension.isEnabledForHostApp():252 Conv2Query not enabled due to current app [com.example.app1] not in whitelist
09-01 23:33:56.782  1380  1380 I ConversationToQueryExtension: ConversationToQueryExtension.onActivate():162 onActivate() : Disabled by unsupported host app
09-01 23:33:56.782  1380  1380 I CurrentMicStatusHolder: CurrentMicStatusHolder.onStartInputView():79 Current Mic status = {MicIconHidden-PasswordOrNumberOrDateInputType,}
09-01 23:33:56.782  1380  1380 I VoiceImeExtension: VoiceImeExtension.shouldStartVoiceInputAutomatically():336 No private IME option set to start voice input.
09-01 23:33:56.826 10239 10239 D UiControllerImpl: Injecting string: "Test1#"
09-01 23:33:56.857 10818 10818 D BoundBrokerSvc: onBind: Intent { act=com.google.android.gms.common.BIND_SHARED_PREFS pkg=com.google.android.gms }
09-01 23:33:56.857 10818 10818 D BoundBrokerSvc: Loading bound service for intent: Intent { act=com.google.android.gms.common.BIND_SHARED_PREFS pkg=com.google.android.gms }
09-01 23:33:56.964 10818 10818 D BoundBrokerSvc: onUnbind: Intent { act=com.google.android.gms.common.BIND_SHARED_PREFS pkg=com.google.android.gms }
09-01 23:33:56.968 10818 10818 D BoundBrokerSvc: onBind: Intent { act=com.google.android.gms.common.BIND_SHARED_PREFS pkg=com.google.android.gms }
09-01 23:33:56.968 10818 10818 D BoundBrokerSvc: Loading bound service for intent: Intent { act=com.google.android.gms.common.BIND_SHARED_PREFS pkg=com.google.android.gms }
09-01 23:33:57.063 10818 10818 D BoundBrokerSvc: onUnbind: Intent { act=com.google.android.gms.common.BIND_SHARED_PREFS pkg=com.google.android.gms }
09-01 23:33:57.726   338   338 I perfetto: probes_producer.cc:329  Producer stop (id=32)
09-01 23:33:57.732   339   339 I perfetto: ng_service_impl.cc:1948 Tracing session 32 ended, total sessions:0
09-01 23:33:57.762 10239 10239 I ViewInteraction: Performing 'close keyboard' action on view view.getId() is <2131362250/com.example.app1:id/sign_in>
09-01 23:33:57.775   338   338 I perfetto: ftrace_procfs.cc:183    disabled ftrace
09-01 23:33:57.795  1380  1380 I AndroidIME: AbstractIme.onDeactivate():161 PasswordIme.onDeactivate()
09-01 23:33:58.134 10239 10239 I ViewInteraction: Performing 'single click' action on view view.getId() is <2131362250/com.example.app1:id/sign_in>
09-01 23:33:58.275   501   532 D EventSequenceValidator: inc AccIntentStartedEvents to 2
09-01 23:33:58.329   501  2172 I system_server: oneway function results will be dropped but finished with status OK and parcel size 4
09-01 23:33:58.435   501   532 D EventSequenceValidator: dec AccIntentStartedEvents to 1
09-01 23:33:58.445   501  2172 I system_server: oneway function results will be dropped but finished with status OK and parcel size 4
09-01 23:33:58.510   339   339 I perfetto: ing_service_impl.cc:758 Configured tracing session 33, #sources:1, duration:5000 ms, #buffers:1, total buffer size:4096 KB, total sessions:1, uid:1071 session name: ""
09-01 23:33:58.515   338   338 I perfetto: probes_producer.cc:230  Ftrace setup (target_buf=33)
09-01 23:33:58.554 10239 10239 D LifecycleMonitor: Lifecycle status change: com.example.app1.authentication.LoginActivity@fc36334 in: PAUSED
09-01 23:33:58.554   501  2172 I system_server: oneway function results will be dropped but finished with status OK and parcel size 4
09-01 23:33:58.559   501  2172 W InputReader: Device virtio_input_multi_touch_9 is associated with display ADISPLAY_ID_NONE.
09-01 23:33:58.559   501  2172 W InputReader: Device virtio_input_multi_touch_6 is associated with display ADISPLAY_ID_NONE.
09-01 23:33:58.559   501  2172 W InputReader: Device virtio_input_multi_touch_3 is associated with display ADISPLAY_ID_NONE.
09-01 23:33:58.559   501  2172 W InputReader: Device virtio_input_multi_touch_7 is associated with display ADISPLAY_ID_NONE.
09-01 23:33:58.559   501  2172 W InputReader: Device virtio_input_multi_touch_8 is associated with display ADISPLAY_ID_NONE.
09-01 23:33:58.559   501  2172 W InputReader: Device virtio_input_multi_touch_10 is associated with display ADISPLAY_ID_NONE.
09-01 23:33:58.559   501  2172 W InputReader: Device virtio_input_multi_touch_4 is associated with display ADISPLAY_ID_NONE.
09-01 23:33:58.559   501  2172 W InputReader: Device virtio_input_multi_touch_11 is associated with display ADISPLAY_ID_NONE.
09-01 23:33:58.559   501  2172 W InputReader: Device virtio_input_multi_touch_5 is associated with display ADISPLAY_ID_NONE.
09-01 23:33:58.559   501  2172 W InputReader: Device virtio_input_multi_touch_2 is associated with display ADISPLAY_ID_NONE.
09-01 23:33:58.560   501  2172 W InputReader: Device virtio_input_multi_touch_9 is associated with display ADISPLAY_ID_NONE.
09-01 23:33:58.560   501  2172 W InputReader: Device virtio_input_multi_touch_6 is associated with display ADISPLAY_ID_NONE.
09-01 23:33:58.560   501  2172 W InputReader: Device virtio_input_multi_touch_3 is associated with display ADISPLAY_ID_NONE.
09-01 23:33:58.560   501  2172 W InputReader: Device virtio_input_multi_touch_7 is associated with display ADISPLAY_ID_NONE.
09-01 23:33:58.560   501  2172 W InputReader: Device virtio_input_multi_touch_8 is associated with display ADISPLAY_ID_NONE.
09-01 23:33:58.560   501  2172 W InputReader: Device virtio_input_multi_touch_10 is associated with display ADISPLAY_ID_NONE.
09-01 23:33:58.560   501  2172 W InputReader: Device virtio_input_multi_touch_4 is associated with display ADISPLAY_ID_NONE.
09-01 23:33:58.560   501  2172 W InputReader: Device virtio_input_multi_touch_11 is associated with display ADISPLAY_ID_NONE.
09-01 23:33:58.560   501  2172 W InputReader: Device virtio_input_multi_touch_5 is associated with display ADISPLAY_ID_NONE.
09-01 23:33:58.561   501  2172 W InputReader: Device virtio_input_multi_touch_2 is associated with display ADISPLAY_ID_NONE.
09-01 23:33:58.844 10239 10239 D LifecycleMonitor: Lifecycle status change: com.example.app1.authentication.SimpleSignInActivity@dd3fd3d in: PRE_ON_CREATE
09-01 23:33:58.876 10239 10239 W om.example.app: JNI critical lock held for 18.012ms on Thread[1,tid=10239,Runnable,Thread*=0xe5585410,peer=0x72a0c300,"main"]
09-01 23:33:58.918 10239 10945 W System  : Ignoring header X-Firebase-Locale because its value was null.
09-01 23:33:58.998 10239 10239 D LifecycleMonitor: Lifecycle status change: com.example.app1.authentication.SimpleSignInActivity@dd3fd3d in: CREATED
09-01 23:33:59.001 10239 10239 D LifecycleMonitor: Lifecycle status change: com.example.app1.authentication.SimpleSignInActivity@dd3fd3d in: STARTED
09-01 23:33:59.009 10239 10239 D LifecycleMonitor: Lifecycle status change: com.example.app1.authentication.SimpleSignInActivity@dd3fd3d in: RESUMED
09-01 23:33:58.965   338   338 I perfetto: ftrace_procfs.cc:176    enabled ftrace
09-01 23:33:59.202   290  5663 D goldfish-address-space: claimShared: Ask to claim region [0x3f31ac000 0x3f3b11000]
09-01 23:33:59.245   290  5663 D goldfish-address-space: claimShared: Ask to claim region [0x3f0000000 0x3f0965000]
09-01 23:33:59.274   290  5663 D goldfish-address-space: claimShared: Ask to claim region [0x3f4000000 0x3f4965000]
09-01 23:33:59.687   411   411 E wifi_forwarder: qemu_pipe_open_ns:62: Could not connect to the 'pipe:qemud:wififorward' service: Invalid argument
09-01 23:33:59.687   411   411 E wifi_forwarder: RemoteConnection failed to initialize: RemoteConnection failed to open pipe
09-01 23:33:59.702 10239 10945 W System  : Ignoring header X-Firebase-Locale because its value was null.
09-01 23:33:59.762   409   409 E netmgr  : qemu_pipe_open_ns:62: Could not connect to the 'pipe:qemud:network' service: Invalid argument
09-01 23:33:59.762   409   409 E netmgr  : Failed to open QEMU pipe 'qemud:network': Invalid argument
09-01 23:33:59.772   501   537 I ActivityTaskManager: Displayed com.example.app1/.authentication.SimpleSignInActivity: +1s44ms
09-01 23:33:59.811   290  5663 D goldfish-address-space: claimShared: Ask to claim region [0x3f4000000 0x3f4965000]
09-01 23:33:59.924   290  5663 D goldfish-address-space: claimShared: Ask to claim region [0x3f4965000 0x3f52ca000]
09-01 23:33:59.994   290  5663 D goldfish-address-space: claimShared: Ask to claim region [0x3f31ac000 0x3f3b11000]
09-01 23:34:00.094 10239 10945 D FirebaseAuth: Notifying id token listeners about user ( bSfSE2fKiiVdyK3RdmEt40uGZ3G3 ).
09-01 23:34:00.265   290  5663 D goldfish-address-space: claimShared: Ask to claim region [0x3f0000000 0x3f0603000]
09-01 23:34:00.368   501  4011 D HostConnection: HostConnection::get() New Host Connection established 0xf32d4e50, tid 4011
09-01 23:34:00.387   501   532 D EventSequenceValidator: inc AccIntentStartedEvents to 2
09-01 23:34:00.412 10239 10239 D LifecycleMonitor: Lifecycle status change: com.example.app1.authentication.SimpleSignInActivity@dd3fd3d in: PAUSED
09-01 23:34:00.418   501  1952 W InputReader: Device virtio_input_multi_touch_9 is associated with display ADISPLAY_ID_NONE.
09-01 23:34:00.418   501  1952 W InputReader: Device virtio_input_multi_touch_6 is associated with display ADISPLAY_ID_NONE.
09-01 23:34:00.418   501  1952 W InputReader: Device virtio_input_multi_touch_3 is associated with display ADISPLAY_ID_NONE.
09-01 23:34:00.418   501  1952 W InputReader: Device virtio_input_multi_touch_7 is associated with display ADISPLAY_ID_NONE.
09-01 23:34:00.418   501  1952 W InputReader: Device virtio_input_multi_touch_8 is associated with display ADISPLAY_ID_NONE.
09-01 23:34:00.418   501  1952 W InputReader: Device virtio_input_multi_touch_10 is associated with display ADISPLAY_ID_NONE.
09-01 23:34:00.418   501  1952 W InputReader: Device virtio_input_multi_touch_4 is associated with display ADISPLAY_ID_NONE.
09-01 23:34:00.418   501  1952 W InputReader: Device virtio_input_multi_touch_11 is associated with display ADISPLAY_ID_NONE.
09-01 23:34:00.418   501  1952 W InputReader: Device virtio_input_multi_touch_5 is associated with display ADISPLAY_ID_NONE.
09-01 23:34:00.418   501  1952 W InputReader: Device virtio_input_multi_touch_2 is associated with display ADISPLAY_ID_NONE.
09-01 23:34:00.421   501  1952 W InputReader: Device virtio_input_multi_touch_9 is associated with display ADISPLAY_ID_NONE.
09-01 23:34:00.421   501  1952 W InputReader: Device virtio_input_multi_touch_6 is associated with display ADISPLAY_ID_NONE.
09-01 23:34:00.421   501  1952 W InputReader: Device virtio_input_multi_touch_3 is associated with display ADISPLAY_ID_NONE.
09-01 23:34:00.421   501  1952 W InputReader: Device virtio_input_multi_touch_7 is associated with display ADISPLAY_ID_NONE.
09-01 23:34:00.421   501  1952 W InputReader: Device virtio_input_multi_touch_8 is associated with display ADISPLAY_ID_NONE.
09-01 23:34:00.421   501  1952 W InputReader: Device virtio_input_multi_touch_10 is associated with display ADISPLAY_ID_NONE.
09-01 23:34:00.421   501  1952 W InputReader: Device virtio_input_multi_touch_4 is associated with display ADISPLAY_ID_NONE.
09-01 23:34:00.421   501  1952 W InputReader: Device virtio_input_multi_touch_11 is associated with display ADISPLAY_ID_NONE.
09-01 23:34:00.421   501  1952 W InputReader: Device virtio_input_multi_touch_5 is associated with display ADISPLAY_ID_NONE.
09-01 23:34:00.421   501  1952 W InputReader: Device virtio_input_multi_touch_2 is associated with display ADISPLAY_ID_NONE.
09-01 23:34:00.460   501   532 D EventSequenceValidator: dec AccIntentStartedEvents to 1
09-01 23:34:00.509   501  4011 D HostConnection: HostComposition ext ANDROID_EMU_CHECKSUM_HELPER_v1 ANDROID_EMU_native_sync_v2 ANDROID_EMU_native_sync_v3 ANDROID_EMU_native_sync_v4 ANDROID_EMU_dma_v1 ANDROID_EMU_direct_mem ANDROID_EMU_host_composition_v1 ANDROID_EMU_host_composition_v2 ANDROID_EMU_vulkan ANDROID_EMU_deferred_vulkan_commands ANDROID_EMU_vulkan_null_optional_strings ANDROID_EMU_vulkan_create_resources_with_requirements ANDROID_EMU_YUV_Cache ANDROID_EMU_vulkan_ignored_handles ANDROID_EMU_has_shared_slots_host_memory_allocator ANDROID_EMU_vulkan_free_memory_sync ANDROID_EMU_vulkan_shader_float16_int8 ANDROID_EMU_vulkan_async_queue_submit ANDROID_EMU_sync_buffer_data ANDROID_EMU_read_color_buffer_dma GL_OES_EGL_image_external_essl3 GL_OES_vertex_array_object GL_KHR_texture_compression_astc_ldr ANDROID_EMU_host_side_tracing ANDROID_EMU_gles_max_version_3_0
09-01 23:34:00.512   501  4011 W OpenGLRenderer: Failed to choose config with EGL_SWAP_BEHAVIOR_PRESERVED, retrying without...
09-01 23:34:00.514   501  4011 D EGL_emulation: eglCreateContext: 0xb0ec3490: maj 3 min 0 rcv 3
09-01 23:34:00.532   501  4011 D EGL_emulation: eglMakeCurrent: 0xb0ec3490: ver 3 0 (tinfo 0xbac6f8f0) (first time)
09-01 23:34:00.577   290  5663 D goldfish-address-space: claimShared: Ask to claim region [0x3f3b11000 0x3f3b4a000]
09-01 23:34:00.599   290  5663 D goldfish-address-space: claimShared: Ask to claim region [0x3f3b4a000 0x3f3b83000]
09-01 23:34:00.608   290  5663 D goldfish-address-space: claimShared: Ask to claim region [0x3f3b83000 0x3f3bbc000]
09-01 23:34:00.612 10239 10239 D LifecycleMonitor: Lifecycle status change: com.example.app1.MainActivity@dd02089 in: PRE_ON_CREATE
09-01 23:34:00.804 10239 10239 D LifecycleMonitor: Lifecycle status change: com.example.app1.MainActivity@dd02089 in: CREATED
09-01 23:34:00.821 10239 10239 D LifecycleMonitor: Lifecycle status change: com.example.app1.MainActivity@dd02089 in: STARTED
09-01 23:34:00.826 10239 10239 D LifecycleMonitor: Lifecycle status change: com.example.app1.MainActivity@dd02089 in: RESUMED
09-01 23:34:00.888 10239 10239 E RecyclerView: No adapter attached; skipping layout
09-01 23:34:00.890   290  5663 D goldfish-address-space: claimShared: Ask to claim region [0x3f0603000 0x3f0f68000]
09-01 23:34:00.976   290  5663 D goldfish-address-space: claimShared: Ask to claim region [0x3f52ca000 0x3f5c2f000]
09-01 23:34:00.978   290  5663 D goldfish-address-space: claimShared: Ask to claim region [0x3f5c2f000 0x3f6594000]
09-01 23:34:01.061   501   537 I ActivityTaskManager: Displayed com.example.app1/.MainActivity: +688ms
09-01 23:34:01.483   501  1172 I system_server: oneway function results will be dropped but finished with status OK and parcel size 4
09-01 23:34:01.501 10239 10351 W SyncTree: Listen at /users/bSfSE2fKiiVdyK3RdmEt40uGZ3G3/topics failed: DatabaseError: Permission denied
09-01 23:34:01.535   705   719 I ndroid.systemu: NativeAlloc concurrent copying GC freed 7974(418KB) AllocSpace objects, 0(0B) LOS objects, 49% free, 7480KB/14MB, paused 114us total 1.021s
09-01 23:34:01.622 10239 10239 D LifecycleMonitor: Lifecycle status change: com.example.app1.authentication.LoginActivity@fc36334 in: STOPPED
09-01 23:34:01.708 10239 10239 D LifecycleMonitor: Lifecycle status change: com.example.app1.authentication.SimpleSignInActivity@dd3fd3d in: STOPPED
09-01 23:34:01.708 10239 10239 D LifecycleMonitor: Lifecycle status change: com.example.app1.authentication.SimpleSignInActivity@dd3fd3d in: DESTROYED
09-01 23:34:01.755 10239 10239 W ERROR UPDATING DATA: Failed to read value.
09-01 23:34:01.755 10239 10239 W ERROR UPDATING DATA: com.google.firebase.database.DatabaseException: Firebase Database error: Permission denied
09-01 23:34:01.755 10239 10239 W ERROR UPDATING DATA: 	at com.google.firebase.database.DatabaseError.toException(DatabaseError.java:230)
09-01 23:34:01.755 10239 10239 W ERROR UPDATING DATA: 	at com.example.app1.MainActivity$onCreate$3.onCancelled(MainActivity.kt:107)
09-01 23:34:01.755 10239 10239 W ERROR UPDATING DATA: 	at com.google.firebase.database.core.ValueEventRegistration.fireCancelEvent(ValueEventRegistration.java:80)
09-01 23:34:01.755 10239 10239 W ERROR UPDATING DATA: 	at com.google.firebase.database.core.view.CancelEvent.fire(CancelEvent.java:40)
09-01 23:34:01.755 10239 10239 W ERROR UPDATING DATA: 	at com.google.firebase.database.core.view.EventRaiser$1.run(EventRaiser.java:55)
09-01 23:34:01.755 10239 10239 W ERROR UPDATING DATA: 	at android.os.Handler.handleCallback(Handler.java:938)
09-01 23:34:01.755 10239 10239 W ERROR UPDATING DATA: 	at android.os.Handler.dispatchMessage(Handler.java:99)
09-01 23:34:01.755 10239 10239 W ERROR UPDATING DATA: 	at android.os.Looper.loop(Looper.java:223)
09-01 23:34:01.755 10239 10239 W ERROR UPDATING DATA: 	at android.app.ActivityThread.main(ActivityThread.java:7656)
09-01 23:34:01.755 10239 10239 W ERROR UPDATING DATA: 	at java.lang.reflect.Method.invoke(Native Method)
09-01 23:34:01.755 10239 10239 W ERROR UPDATING DATA: 	at com.android.internal.os.RuntimeInit$MethodAndArgsCaller.run(RuntimeInit.java:592)
09-01 23:34:01.755 10239 10239 W ERROR UPDATING DATA: 	at com.android.internal.os.ZygoteInit.main(ZygoteInit.java:947)
09-01 23:34:03.485 10239 10251 I om.example.app: Background concurrent copying GC freed 95557(5413KB) AllocSpace objects, 74(9252KB) LOS objects, 49% free, 14MB/28MB, paused 115us total 806.500ms
09-01 23:34:03.511   338   338 I perfetto: probes_producer.cc:329  Producer stop (id=33)
09-01 23:34:03.516   338   338 I perfetto: ftrace_procfs.cc:183    disabled ftrace
09-01 23:34:03.518   339   339 I perfetto: ng_service_impl.cc:1948 Tracing session 33 ended, total sessions:0
09-01 23:34:03.603 10239 10253 W System  : A resource failed to call dispose.
09-01 23:34:03.712 10239 10816 W System.err: java.io.FileNotFoundException: https://st.ilfattoquotidiano.it/wp-content/themes/ifq-2019/assets/img/ifq-logo-squared.png
09-01 23:34:03.712 10239 10816 W System.err: 	at com.android.okhttp.internal.huc.HttpURLConnectionImpl.getInputStream(HttpURLConnectionImpl.java:255)
09-01 23:34:03.712 10239 10816 W System.err: 	at com.android.okhttp.internal.huc.DelegatingHttpsURLConnection.getInputStream(DelegatingHttpsURLConnection.java:211)
09-01 23:34:03.712 10239 10816 W System.err: 	at com.android.okhttp.internal.huc.HttpsURLConnectionImpl.getInputStream(HttpsURLConnectionImpl.java:30)
09-01 23:34:03.712 10239 10816 W System.err: 	at com.example.app1.CustomFeeder.getIcon(CustomFeeder.kt:173)
09-01 23:34:03.712 10239 10816 W System.err: 	at com.example.app1.CustomFeeder$setFeed$1.invokeSuspend(CustomFeeder.kt:112)
09-01 23:34:03.713 10239 10816 W System.err: 	at kotlin.coroutines.jvm.internal.BaseContinuationImpl.resumeWith(ContinuationImpl.kt:33)
09-01 23:34:03.713 10239 10816 W System.err: 	at kotlinx.coroutines.DispatchedTask.run(DispatchedTask.kt:106)
09-01 23:34:03.713 10239 10816 W System.err: 	at kotlinx.coroutines.internal.LimitedDispatcher.run(LimitedDispatcher.kt:42)
09-01 23:34:03.713 10239 10816 W System.err: 	at kotlinx.coroutines.scheduling.TaskImpl.run(Tasks.kt:95)
09-01 23:34:03.713 10239 10816 W System.err: 	at kotlinx.coroutines.scheduling.CoroutineScheduler.runSafely(CoroutineScheduler.kt:570)
09-01 23:34:03.713 10239 10816 W System.err: 	at kotlinx.coroutines.scheduling.CoroutineScheduler$Worker.executeTask(CoroutineScheduler.kt:749)
09-01 23:34:03.713 10239 10816 W System.err: 	at kotlinx.coroutines.scheduling.CoroutineScheduler$Worker.runWorker(CoroutineScheduler.kt:677)
09-01 23:34:03.713 10239 10816 W System.err: 	at kotlinx.coroutines.scheduling.CoroutineScheduler$Worker.run(CoroutineScheduler.kt:664)
09-01 23:34:04.669 10239 10251 I om.example.app: Background young concurrent copying GC freed 57860(3095KB) AllocSpace objects, 66(12MB) LOS objects, 43% free, 16MB/28MB, paused 8.821ms total 173.755ms
09-01 23:34:04.676 10239 10253 W System  : A resource failed to call end.
09-01 23:34:06.431 10239 10816 W System.err: java.io.FileNotFoundException: https://api-msfnews.mediaset.net/tgcom24/redirect/27493679
09-01 23:34:06.431 10239 10816 W System.err: 	at com.android.okhttp.internal.huc.HttpURLConnectionImpl.getInputStream(HttpURLConnectionImpl.java:255)
09-01 23:34:06.431 10239 10816 W System.err: 	at com.android.okhttp.internal.huc.DelegatingHttpsURLConnection.getInputStream(DelegatingHttpsURLConnection.java:211)
09-01 23:34:06.431 10239 10816 W System.err: 	at com.android.okhttp.internal.huc.HttpsURLConnectionImpl.getInputStream(HttpsURLConnectionImpl.java:30)
09-01 23:34:06.431 10239 10816 W System.err: 	at java.net.URL.openStream(URL.java:1072)
09-01 23:34:06.431 10239 10816 W System.err: 	at kotlin.io.TextStreamsKt.readBytes(ReadWrite.kt:150)
09-01 23:34:06.432 10239 10816 W System.err: 	at com.example.app1.CustomFeeder.getIcon(CustomFeeder.kt:148)
09-01 23:34:06.432 10239 10816 W System.err: 	at com.example.app1.CustomFeeder$setFeed$1.invokeSuspend(CustomFeeder.kt:112)
09-01 23:34:06.432 10239 10816 W System.err: 	at kotlin.coroutines.jvm.internal.BaseContinuationImpl.resumeWith(ContinuationImpl.kt:33)
09-01 23:34:06.432 10239 10816 W System.err: 	at kotlinx.coroutines.DispatchedTask.run(DispatchedTask.kt:106)
09-01 23:34:06.432 10239 10816 W System.err: 	at kotlinx.coroutines.internal.LimitedDispatcher.run(LimitedDispatcher.kt:42)
09-01 23:34:06.432 10239 10816 W System.err: 	at kotlinx.coroutines.scheduling.TaskImpl.run(Tasks.kt:95)
09-01 23:34:06.432 10239 10816 W System.err: 	at kotlinx.coroutines.scheduling.CoroutineScheduler.runSafely(CoroutineScheduler.kt:570)
09-01 23:34:06.432 10239 10816 W System.err: 	at kotlinx.coroutines.scheduling.CoroutineScheduler$Worker.executeTask(CoroutineScheduler.kt:749)
09-01 23:34:06.432 10239 10816 W System.err: 	at kotlinx.coroutines.scheduling.CoroutineScheduler$Worker.runWorker(CoroutineScheduler.kt:677)
09-01 23:34:06.432 10239 10816 W System.err: 	at kotlinx.coroutines.scheduling.CoroutineScheduler$Worker.run(CoroutineScheduler.kt:664)
09-01 23:34:07.634 10239 10251 I om.example.app: Background concurrent copying GC freed 177516(7788KB) AllocSpace objects, 111(11MB) LOS objects, 49% free, 10141KB/19MB, paused 22us total 154.918ms
09-01 23:34:07.813 10239 10253 W System  : A resource failed to call end.
09-01 23:34:08.405  1380  1390 W putmethod.lati: Suspending all threads took: 7.956ms
09-01 23:34:10.022 10818 10818 D BoundBrokerSvc: onUnbind: Intent { act=com.google.android.mdd.service.START dat=chimera-action:com.google.android.mdd.service.START cmp=com.google.android.gms/.chimera.GmsBoundBrokerService }
09-01 23:34:10.810 10239 10251 I om.example.app: Background concurrent copying GC freed 76129(2887KB) AllocSpace objects, 83(8192KB) LOS objects, 49% free, 9218KB/18MB, paused 40us total 103.856ms
09-01 23:34:10.812 10239 10253 W System  : A resource failed to call end.
09-01 23:34:10.829 10239 10253 I chatty  : uid=10155(com.example.app1) FinalizerDaemon identical 1 line
09-01 23:34:10.829 10239 10253 W System  : A resource failed to call end.
09-01 23:34:11.529 10239 10816 W System.err: org.xmlpull.v1.XmlPullParserException: name expected (position:START_TAG <a.length>@48:85 in java.io.InputStreamReader@5d17676)
09-01 23:34:11.529 10239 10816 W System.err: 	at com.android.org.kxml2.io.KXmlParser.checkRelaxed(KXmlParser.java:305)
09-01 23:34:11.529 10239 10816 W System.err: 	at com.android.org.kxml2.io.KXmlParser.readName(KXmlParser.java:1548)
09-01 23:34:11.529 10239 10816 W System.err: 	at com.android.org.kxml2.io.KXmlParser.parseStartTag(KXmlParser.java:1091)
09-01 23:34:11.529 10239 10816 W System.err: 	at com.android.org.kxml2.io.KXmlParser.next(KXmlParser.java:372)
09-01 23:34:11.529 10239 10816 W System.err: 	at com.android.org.kxml2.io.KXmlParser.next(KXmlParser.java:313)
09-01 23:34:11.529 10239 10816 W System.err: 	at tw.ktrssreader.parser.AndroidParserBase.skip(AndroidParserBase.kt:145)
09-01 23:34:11.529 10239 10816 W System.err: 	at tw.ktrssreader.parser.AndroidParserBase.access$skip(AndroidParserBase.kt:69)
09-01 23:34:11.529 10239 10816 W System.err: 	at tw.ktrssreader.parser.AndroidParserBase.parseStandardChannel(AndroidParserBase.kt:466)
09-01 23:34:11.529 10239 10816 W System.err: 	at tw.ktrssreader.parser.AndroidRssStandardParser.parse(AndroidRssStandardParser.kt:27)
09-01 23:34:11.529 10239 10816 W System.err: 	at tw.ktrssreader.parser.AndroidRssStandardParser.parse(AndroidRssStandardParser.kt:22)
09-01 23:34:11.529 10239 10816 W System.err: 	at com.example.app1.CustomFeeder$setFeed$1.invokeSuspend(CustomFeeder.kt:255)
09-01 23:34:11.529 10239 10816 W System.err: 	at kotlin.coroutines.jvm.internal.BaseContinuationImpl.resumeWith(ContinuationImpl.kt:33)
09-01 23:34:11.529 10239 10816 W System.err: 	at kotlinx.coroutines.DispatchedTask.run(DispatchedTask.kt:106)
09-01 23:34:11.529 10239 10816 W System.err: 	at kotlinx.coroutines.internal.LimitedDispatcher.run(LimitedDispatcher.kt:42)
09-01 23:34:11.529 10239 10816 W System.err: 	at kotlinx.coroutines.scheduling.TaskImpl.run(Tasks.kt:95)
09-01 23:34:11.529 10239 10816 W System.err: 	at kotlinx.coroutines.scheduling.CoroutineScheduler.runSafely(CoroutineScheduler.kt:570)
09-01 23:34:11.529 10239 10816 W System.err: 	at kotlinx.coroutines.scheduling.CoroutineScheduler$Worker.executeTask(CoroutineScheduler.kt:749)
09-01 23:34:11.529 10239 10816 W System.err: 	at kotlinx.coroutines.scheduling.CoroutineScheduler$Worker.runWorker(CoroutineScheduler.kt:677)
09-01 23:34:11.529 10239 10816 W System.err: 	at kotlinx.coroutines.scheduling.CoroutineScheduler$Worker.run(CoroutineScheduler.kt:664)
09-01 23:34:11.899 10818 10818 D BoundBrokerSvc: onUnbind: Intent { act=com.google.firebase.dynamiclinks.service.START pkg=com.google.android.gms }
09-01 23:34:12.214 10818 10818 D BoundBrokerSvc: onUnbind: Intent { act=com.google.android.gms.measurement.START pkg=com.google.android.gms }
09-01 23:34:12.398  9137  9220 I WorkerManager: dispose()
09-01 23:34:12.400  9137  9220 W ThreadPoolDumper: Queue length for executor EventBus is now 11. Perhaps some tasks are too long, or the pool is too small.
09-01 23:34:16.572  1380  1459 I VoiceInputManagerWrapper: VoiceInputManagerWrapper.shutdownVoiceInternal():95 shutdownVoiceInternal()
09-01 23:34:23.517   197   215 E android.system.suspend@1.0-service: Error opening kernel wakelock stats for: wakeup34: Permission denied
09-01 23:34:23.516   197   197 W Binder:197_1: type=1400 audit(0.0:314): avc: denied { read } for name="wakeup34" dev="sysfs" ino=18627 scontext=u:r:system_suspend:s0 tcontext=u:object_r:sysfs:s0 tclass=dir permissive=0
09-01 23:34:23.529   197   215 E android.system.suspend@1.0-service: Error opening kernel wakelock stats for: wakeup35: Permission denied
09-01 23:34:23.528   197   197 W Binder:197_1: type=1400 audit(0.0:315): avc: denied { read } for name="wakeup35" dev="sysfs" ino=18690 scontext=u:r:system_suspend:s0 tcontext=u:object_r:sysfs:s0 tclass=dir permissive=0
09-01 23:34:34.398  8679  8679 I Finsky  : [2] abyu.onStartJob(3): SCH: onJobSchedulerWakeup with jobId 9009
09-01 23:34:34.404  8679  8679 I Finsky  : [2] abtz.a(9): SCH: Scheduling fallback job with id: 9034, and delay: 43200000 ms
09-01 23:34:34.421   501  2382 D WifiNl80211Manager: Scan result ready event
09-01 23:34:34.421   501  2382 D WifiNative: Scan result ready event
09-01 23:34:34.445  8679  8679 I Finsky  : [2] abtz.b(9): SCH: Scheduling fallback in 64799999 (absolute: 66611010)
09-01 23:34:34.649  8679  8679 I Finsky  : [2] abui.handleMessage(8): SCH: DeviceState: DeviceState{currentTime=1662068074645, isCharging=false, isIdle=false, netAny=true, netNotRoaming=true, netUnmetered=true, batteryPercent=100.0}
09-01 23:34:34.657  8679 11003 I Finsky  : [797] abwt.b(5): SCH: Jobs in database: 1-1337 2-48879 3-1 10-78 24-77777777 26-1414141414 31-305419896
09-01 23:34:34.661  8679  8679 I Finsky  : [2] abuj.b(10): SCH: Running job: 26-1414141414
09-01 23:34:34.665  8679  8679 I Finsky  : [2] abui.handleMessage(68): SCH: RunningQueue size: 1, PendingQueue size: 0
09-01 23:34:34.665  8679  8679 I Finsky  : [2] abuj.p(3): SCH: Running queue: 26-1414141414
09-01 23:34:34.675  8679  8731 I Finsky  : [660] jjc.a(19): [Counters Flush] Successfully generated counter events
09-01 23:34:34.675  8679  8722 I Finsky  : [651] ojw.a(1): [Counters Flush] Counters flushed successfully
09-01 23:34:34.677  8679  8722 I Finsky  : [651] abvs.n(4): SCH: jobFinished: 26-1414141414. TimeElapsed: 15ms.
09-01 23:34:34.678  8679  8679 I Finsky  : [2] abuj.e(7): SCH: Job 26-1414141414 finished. Rescheduling.
09-01 23:34:34.678  8679  8679 I Finsky  : [2] abui.handleMessage(68): SCH: RunningQueue size: 0, PendingQueue size: 0
09-01 23:34:34.679  8679  8679 I Finsky  : [2] abui.handleMessage(26): SCH: Executor finished
09-01 23:34:34.698  8679  8679 I Finsky  : [2] abwt.b(5): SCH: Jobs in database: 1-1337 2-48879 3-1 10-78 24-77777777 26-1414141414 31-305419896
09-01 23:34:34.705  8679  8679 I Finsky  : [2] abvf.d(37): SCH: ConstraintMapping: 24-77777777,  -> L: 0ms, D: 81899486ms, C: false, I: true, N: 0
09-01 23:34:34.705  8679  8679 I Finsky  : [2] abvf.d(37): SCH: ConstraintMapping: 1-1337, 31-305419896,  -> L: 258878ms, D: 47280633ms, C: false, I: false, N: 1
09-01 23:34:34.705  8679  8679 I Finsky  : [2] abvf.d(37): SCH: ConstraintMapping: 10-78,  -> L: 0ms, D: 85493299ms, C: false, I: true, N: 1
09-01 23:34:34.707  8679  8698 I android.vendin: Waiting for a blocking GC ProfileSaver
09-01 23:34:34.708  8679  8679 I Finsky  : [2] abvf.d(37): SCH: ConstraintMapping: 2-48879, 3-1,  -> L: 0ms, D: 85493276ms, C: true, I: true, N: 2
09-01 23:34:34.708  8679  8679 I Finsky  : [2] abvf.d(37): SCH: ConstraintMapping: 26-1414141414,  -> L: 43199975ms, D: 44099975ms, C: false, I: false, N: 0
09-01 23:34:34.724  8679  8679 I Finsky  : [2] abvf.f(7): SCH: Cancelling existing jobscheduler jobs: 9007 9002 9001 9008
09-01 23:34:34.724  8679  8679 I Finsky  : [2] abvf.e(8): SCH: Throttling wakeup for job 9000 (expected to run in 0 ms) due to recent wakeup
09-01 23:34:34.724  8679  8679 I Finsky  : [2] abvf.e(23): SCH: Scheduling job Id: 9000, L: 30000, D: 81899486, C: false, I: true, N: 0
09-01 23:34:34.726  8679  8679 I Finsky  : [2] abvf.e(23): SCH: Scheduling job Id: 9003, L: 258878, D: 47280633, C: false, I: false, N: 1
09-01 23:34:34.731  8679  8679 I Finsky  : [2] abvf.e(8): SCH: Throttling wakeup for job 9004 (expected to run in 0 ms) due to recent wakeup
09-01 23:34:34.731  8679  8679 I Finsky  : [2] abvf.e(23): SCH: Scheduling job Id: 9004, L: 30000, D: 85493299, C: false, I: true, N: 1
09-01 23:34:34.737  8679  8679 I Finsky  : [2] abvf.e(8): SCH: Throttling wakeup for job 9005 (expected to run in 0 ms) due to recent wakeup
09-01 23:34:34.738  8679  8679 I Finsky  : [2] abvf.e(23): SCH: Scheduling job Id: 9005, L: 30000, D: 85493276, C: true, I: true, N: 2
09-01 23:34:34.740  8679  8679 I Finsky  : [2] abvf.e(23): SCH: Scheduling job Id: 9006, L: 43199975, D: 44099975, C: false, I: false, N: 0
09-01 23:34:34.747  8679  8698 I android.vendin: WaitForGcToComplete blocked ProfileSaver on ProfileSaver for 41.011ms
09-01 23:34:40.241 10239 10239 I ViewInteraction: Checking 'MatchesViewAssertion{viewMatcher=(view has effective visibility <VISIBLE> and view.getGlobalVisibleRect() to return non-empty rectangle)}' assertion on view view.getId() is <2131362216/com.example.app1:id/rv>
09-01 23:34:40.752 10239 10239 I ViewInteraction: Checking 'MatchesViewAssertion{viewMatcher=(view has effective visibility <VISIBLE> and view.getGlobalVisibleRect() to return non-empty rectangle)}' assertion on view view.getId() is <2131361885/com.example.app1:id/app_bar_search>
09-01 23:34:41.255 10239 10239 I ViewInteraction: Performing 'single click' action on view view.getContentDescription() is "btn_menu"
09-01 23:34:41.324   501   532 D EventSequenceValidator: inc AccIntentStartedEvents to 2
09-01 23:34:41.334   501  2172 I system_server: oneway function results will be dropped but finished with status OK and parcel size 4
09-01 23:34:41.335   501  2172 I system_server: oneway function results will be dropped but finished with status OK and parcel size 4
09-01 23:34:41.350   501   532 D EventSequenceValidator: dec AccIntentStartedEvents to 1
09-01 23:34:41.357 10239 10239 D LifecycleMonitor: Lifecycle status change: com.example.app1.MainActivity@dd02089 in: PAUSED
09-01 23:34:41.358   501  2382 W InputReader: Device virtio_input_multi_touch_9 is associated with display ADISPLAY_ID_NONE.
09-01 23:34:41.358   501  2382 W InputReader: Device virtio_input_multi_touch_6 is associated with display ADISPLAY_ID_NONE.
09-01 23:34:41.358   501  2382 W InputReader: Device virtio_input_multi_touch_3 is associated with display ADISPLAY_ID_NONE.
09-01 23:34:41.358   501  2382 W InputReader: Device virtio_input_multi_touch_7 is associated with display ADISPLAY_ID_NONE.
09-01 23:34:41.358   501  2382 W InputReader: Device virtio_input_multi_touch_8 is associated with display ADISPLAY_ID_NONE.
09-01 23:34:41.358   501  2382 W InputReader: Device virtio_input_multi_touch_10 is associated with display ADISPLAY_ID_NONE.
09-01 23:34:41.358   501  2382 W InputReader: Device virtio_input_multi_touch_4 is associated with display ADISPLAY_ID_NONE.
09-01 23:34:41.358   501  2382 W InputReader: Device virtio_input_multi_touch_11 is associated with display ADISPLAY_ID_NONE.
09-01 23:34:41.359   501  2382 W InputReader: Device virtio_input_multi_touch_5 is associated with display ADISPLAY_ID_NONE.
09-01 23:34:41.359   501  2382 W InputReader: Device virtio_input_multi_touch_2 is associated with display ADISPLAY_ID_NONE.
09-01 23:34:41.359   501  2382 W InputReader: Device virtio_input_multi_touch_9 is associated with display ADISPLAY_ID_NONE.
09-01 23:34:41.359   501  2382 W InputReader: Device virtio_input_multi_touch_6 is associated with display ADISPLAY_ID_NONE.
09-01 23:34:41.359   501  2382 W InputReader: Device virtio_input_multi_touch_3 is associated with display ADISPLAY_ID_NONE.
09-01 23:34:41.359   501  2382 W InputReader: Device virtio_input_multi_touch_7 is associated with display ADISPLAY_ID_NONE.
09-01 23:34:41.359   501  2382 W InputReader: Device virtio_input_multi_touch_8 is associated with display ADISPLAY_ID_NONE.
09-01 23:34:41.359   501  2382 W InputReader: Device virtio_input_multi_touch_10 is associated with display ADISPLAY_ID_NONE.
