09-01 23:29:45.882   501   528 W InputReader: Device virtio_input_multi_touch_8 is associated with display ADISPLAY_ID_NONE.
09-01 23:29:45.882   501   528 W InputReader: Device virtio_input_multi_touch_10 is associated with display ADISPLAY_ID_NONE.
09-01 23:29:45.882   501   528 W InputReader: Device virtio_input_multi_touch_4 is associated with display ADISPLAY_ID_NONE.
09-01 23:29:45.882   501   528 W InputReader: Device virtio_input_multi_touch_11 is associated with display ADISPLAY_ID_NONE.
09-01 23:29:45.882   501   528 W InputReader: Device virtio_input_multi_touch_5 is associated with display ADISPLAY_ID_NONE.
09-01 23:29:45.882   501   528 W InputReader: Device virtio_input_multi_touch_2 is associated with display ADISPLAY_ID_NONE.
09-01 23:29:45.885   501  2320 I system_server: oneway function results will be dropped but finished with status OK and parcel size 4
09-01 23:29:45.939 10239 10239 D LifecycleMonitor: Lifecycle status change: com.example.app1.settings.account.AccountActivity@7dcc007 in: PRE_ON_CREATE
09-01 23:29:46.058   501   528 I system_server: oneway function results will be dropped but finished with status OK and parcel size 4
09-01 23:29:46.151 10239 10239 D LifecycleMonitor: Lifecycle status change: com.example.app1.settings.account.AccountActivity@7dcc007 in: CREATED
09-01 23:29:46.159 10239 10239 D LifecycleMonitor: Lifecycle status change: com.example.app1.settings.account.AccountActivity@7dcc007 in: STARTED
09-01 23:29:46.163 10239 10239 D LifecycleMonitor: Lifecycle status change: com.example.app1.settings.account.AccountActivity@7dcc007 in: RESUMED
09-01 23:29:46.229   290   290 D goldfish-address-space: claimShared: Ask to claim region [0x3f9c80000 0x3fa5e5000]
09-01 23:29:46.246   290   290 D goldfish-address-space: claimShared: Ask to claim region [0x3f8000000 0x3f8965000]
09-01 23:29:46.257   290   290 D goldfish-address-space: claimShared: Ask to claim region [0x3f8965000 0x3f92ca000]
09-01 23:29:46.363   501   537 I ActivityTaskManager: Displayed com.example.app1/.settings.account.AccountActivity: +502ms
09-01 23:29:46.839 10239 10239 D LifecycleMonitor: Lifecycle status change: com.example.app1.settings.menu.MenuActivity@f0f5cbd in: STOPPED
09-01 23:29:47.991 10239 10239 I ViewInteraction: Checking 'MatchesViewAssertion{viewMatcher=(view has effective visibility <VISIBLE> and view.getGlobalVisibleRect() to return non-empty rectangle)}' assertion on view view.getId() is <2131361970/com.example.app1:id/decoration>
09-01 23:29:48.495 10239 10239 I ViewInteraction: Performing 'single click' action on view view.getId() is <2131361975/com.example.app1:id/delete_account>
09-01 23:29:48.561   501  2320 I system_server: oneway function results will be dropped but finished with status OK and parcel size 4
09-01 23:29:48.693   501  1652 I system_server: oneway function results will be dropped but finished with status OK and parcel size 4
09-01 23:29:48.745   290   290 D goldfish-address-space: claimShared: Ask to claim region [0x3f5ed0000 0x3f6273000]
09-01 23:29:48.764   290   290 D goldfish-address-space: claimShared: Ask to claim region [0x3f6273000 0x3f6616000]
09-01 23:29:48.777   290  5663 D goldfish-address-space: claimShared: Ask to claim region [0x3f6616000 0x3f69b9000]
09-01 23:29:48.801   197   215 E android.system.suspend@1.0-service: Error opening kernel wakelock stats for: wakeup34: Permission denied
09-01 23:29:48.816   197   215 E android.system.suspend@1.0-service: Error opening kernel wakelock stats for: wakeup35: Permission denied
09-01 23:29:48.792   197   197 W Binder:197_1: type=1400 audit(0.0:300): avc: denied { read } for name="wakeup34" dev="sysfs" ino=18627 scontext=u:r:system_suspend:s0 tcontext=u:object_r:sysfs:s0 tclass=dir permissive=0
09-01 23:29:48.812   197   197 W Binder:197_1: type=1400 audit(0.0:301): avc: denied { read } for name="wakeup35" dev="sysfs" ino=18690 scontext=u:r:system_suspend:s0 tcontext=u:object_r:sysfs:s0 tclass=dir permissive=0
09-01 23:29:49.085 10239 10239 I ViewInteraction: Checking 'MatchesViewAssertion{viewMatcher=(view has effective visibility <VISIBLE> and view.getGlobalVisibleRect() to return non-empty rectangle)}' assertion on view view.getId() is <2131362094/com.example.app1:id/logo>
09-01 23:29:49.591 10239 10239 I ViewInteraction: Performing 'single click' action on view view.getId() is <16908313/android:id/button1>
09-01 23:29:49.657 10239 10431 W System  : Ignoring header X-Firebase-Locale because its value was null.
09-01 23:29:49.662 10239 10277 D OpenGLRenderer: endAllActiveAnimators on 0xc0769030 (RippleDrawable) with handle 0xbfb117f0
09-01 23:29:49.667   501  1652 I system_server: oneway function results will be dropped but finished with status OK and parcel size 4
09-01 23:29:49.800   501  2320 I system_server: oneway function results will be dropped but finished with status OK and parcel size 4
09-01 23:29:50.170 10239 10431 D FirebaseAuth: Notifying id token listeners about a sign-out event.
09-01 23:29:50.170 10239 10431 D FirebaseAuth: Notifying auth state listeners about a sign-out event.
09-01 23:29:50.170 10239 10239 D FirebaseAuth: Notifying id token listeners about a sign-out event.
09-01 23:29:50.170 10239 10239 D FirebaseAuth: Notifying auth state listeners about a sign-out event.
09-01 23:29:50.178   501   532 D EventSequenceValidator: inc AccIntentStartedEvents to 2
09-01 23:29:50.188   339   339 I perfetto: ing_service_impl.cc:758 Configured tracing session 16, #sources:1, duration:5000 ms, #buffers:1, total buffer size:4096 KB, total sessions:1, uid:1071 session name: ""
09-01 23:29:50.189   338   338 I perfetto: probes_producer.cc:230  Ftrace setup (target_buf=16)
09-01 23:29:50.193   290   290 D goldfish-address-space: claimShared: Ask to claim region [0x3f5ed0000 0x3f64d3000]
09-01 23:29:50.222   338   338 I perfetto: ftrace_procfs.cc:176    enabled ftrace
09-01 23:29:50.226 10239 10239 D LifecycleMonitor: Lifecycle status change: com.example.app1.settings.account.AccountActivity@7dcc007 in: PAUSED
09-01 23:29:50.225   501   532 D EventSequenceValidator: dec AccIntentStartedEvents to 1
09-01 23:29:50.228   501   528 W InputReader: Device virtio_input_multi_touch_9 is associated with display ADISPLAY_ID_NONE.
09-01 23:29:50.228   501   528 W InputReader: Device virtio_input_multi_touch_6 is associated with display ADISPLAY_ID_NONE.
09-01 23:29:50.228   501   528 W InputReader: Device virtio_input_multi_touch_3 is associated with display ADISPLAY_ID_NONE.
09-01 23:29:50.228   501   528 W InputReader: Device virtio_input_multi_touch_7 is associated with display ADISPLAY_ID_NONE.
09-01 23:29:50.228   501   528 W InputReader: Device virtio_input_multi_touch_8 is associated with display ADISPLAY_ID_NONE.
09-01 23:29:50.228   501   528 W InputReader: Device virtio_input_multi_touch_10 is associated with display ADISPLAY_ID_NONE.
09-01 23:29:50.228   501   528 W InputReader: Device virtio_input_multi_touch_4 is associated with display ADISPLAY_ID_NONE.
09-01 23:29:50.228   501   528 W InputReader: Device virtio_input_multi_touch_11 is associated with display ADISPLAY_ID_NONE.
09-01 23:29:50.229   501   528 W InputReader: Device virtio_input_multi_touch_5 is associated with display ADISPLAY_ID_NONE.
09-01 23:29:50.229   501   528 W InputReader: Device virtio_input_multi_touch_2 is associated with display ADISPLAY_ID_NONE.
09-01 23:29:50.229   501   528 W InputReader: Device virtio_input_multi_touch_9 is associated with display ADISPLAY_ID_NONE.
09-01 23:29:50.229   501   528 W InputReader: Device virtio_input_multi_touch_6 is associated with display ADISPLAY_ID_NONE.
09-01 23:29:50.229   501   528 W InputReader: Device virtio_input_multi_touch_3 is associated with display ADISPLAY_ID_NONE.
09-01 23:29:50.229   501   528 W InputReader: Device virtio_input_multi_touch_7 is associated with display ADISPLAY_ID_NONE.
09-01 23:29:50.229   501   528 W InputReader: Device virtio_input_multi_touch_8 is associated with display ADISPLAY_ID_NONE.
09-01 23:29:50.229   501   528 W InputReader: Device virtio_input_multi_touch_10 is associated with display ADISPLAY_ID_NONE.
09-01 23:29:50.229   501   528 W InputReader: Device virtio_input_multi_touch_4 is associated with display ADISPLAY_ID_NONE.
09-01 23:29:50.229   501   528 W InputReader: Device virtio_input_multi_touch_11 is associated with display ADISPLAY_ID_NONE.
09-01 23:29:50.229   501   528 W InputReader: Device virtio_input_multi_touch_5 is associated with display ADISPLAY_ID_NONE.
09-01 23:29:50.229   501   528 W InputReader: Device virtio_input_multi_touch_2 is associated with display ADISPLAY_ID_NONE.
09-01 23:29:50.236 10239 10239 D LifecycleMonitor: Lifecycle status change: com.example.app1.settings.menu.MenuActivity@f0f5cbd in: DESTROYED
09-01 23:29:50.243 10239 10239 D LifecycleMonitor: Lifecycle status change: com.example.app1.MainActivity@2dd4ac8 in: DESTROYED
09-01 23:29:50.254   290   290 D goldfish-address-space: claimShared: Ask to claim region [0x3f7ec0000 0x3f7f21000]
09-01 23:29:50.259 10239 10239 D LifecycleMonitor: Lifecycle status change: com.example.app1.authentication.LoginActivity@ee5d2fa in: DESTROYED
09-01 23:29:50.264   290  5663 D goldfish-address-space: claimShared: Ask to claim region [0x3f7f21000 0x3f7f82000]
09-01 23:29:50.266   290   290 D goldfish-address-space: claimShared: Ask to claim region [0x3f4603000 0x3f4f68000]
09-01 23:29:50.278 10239 10239 D LifecycleMonitor: Lifecycle status change: com.example.app1.authentication.LoginActivity@752d8c3 in: PRE_ON_CREATE
09-01 23:29:50.280   290  5663 D goldfish-address-space: claimShared: Ask to claim region [0x3f7f82000 0x3f7fe3000]
09-01 23:29:50.374 10239 10239 D LifecycleMonitor: Lifecycle status change: com.example.app1.authentication.LoginActivity@752d8c3 in: CREATED
09-01 23:29:50.377 10239 10239 D LifecycleMonitor: Lifecycle status change: com.example.app1.authentication.LoginActivity@752d8c3 in: STARTED
09-01 23:29:50.378 10239 10239 D LifecycleMonitor: Lifecycle status change: com.example.app1.authentication.LoginActivity@752d8c3 in: RESUMED
09-01 23:29:50.392   290  5663 D goldfish-address-space: claimShared: Ask to claim region [0x3f7f21000 0x3f7f82000]
09-01 23:29:50.428   290  5663 D goldfish-address-space: claimShared: Ask to claim region [0x3fafba000 0x3fb86b000]
09-01 23:29:50.433   290  5663 D goldfish-address-space: claimShared: Ask to claim region [0x3fc965000 0x3fd216000]
09-01 23:29:50.445   290   290 D goldfish-address-space: claimShared: Ask to claim region [0x3fd216000 0x3fdac7000]
09-01 23:29:50.507   290  5663 D goldfish-address-space: claimShared: Ask to claim region [0x3f7f82000 0x3f7fe3000]
09-01 23:29:50.563   501   537 I ActivityTaskManager: Displayed com.example.app1/.authentication.LoginActivity: +378ms
09-01 23:29:50.573   290  5663 D goldfish-address-space: claimShared: Ask to claim region [0x3fdac7000 0x3fe42c000]
09-01 23:29:50.725   907   914 I s.nexuslaunche: NativeAlloc concurrent copying GC freed 12076(525KB) AllocSpace objects, 0(0B) LOS objects, 49% free, 3769KB/7538KB, paused 42us total 462.834ms
09-01 23:29:50.727   907   916 W System  : A resource failed to call release.
09-01 23:29:50.728   907   916 I chatty  : uid=10136(com.google.android.apps.nexuslauncher) FinalizerDaemon identical 4 lines
09-01 23:29:50.730   907   916 W System  : A resource failed to call release.
09-01 23:29:50.838   705   719 I ndroid.systemu: NativeAlloc concurrent copying GC freed 4600(262KB) AllocSpace objects, 0(0B) LOS objects, 49% free, 7467KB/14MB, paused 77us total 481.481ms
09-01 23:29:50.917 10239 10239 I ViewInteraction: Checking 'MatchesViewAssertion{viewMatcher=(view has effective visibility <VISIBLE> and view.getGlobalVisibleRect() to return non-empty rectangle)}' assertion on view view.getId() is <2131362094/com.example.app1:id/logo>
09-01 23:29:50.918 10239 10251 I om.example.app: Background young concurrent copying GC freed 52844(2662KB) AllocSpace objects, 75(2872KB) LOS objects, 27% free, 11MB/16MB, paused 14.146ms total 638.319ms
09-01 23:29:51.089 10239 10239 D LifecycleMonitor: Lifecycle status change: com.example.app1.settings.account.AccountActivity@7dcc007 in: STOPPED
09-01 23:29:51.091 10239 10239 D LifecycleMonitor: Lifecycle status change: com.example.app1.settings.account.AccountActivity@7dcc007 in: DESTROYED
09-01 23:29:51.420 10239 10239 I ViewInteraction: Performing 'type text(test@test.com)' action on view should return first matching item
09-01 23:29:51.506 10239 10239 I AssistStructure: Flattened final assist data: 2552 bytes, containing 1 windows, 14 views
09-01 23:29:51.523  1380  1380 I KeyboardViewUtil: KeyboardViewUtil.getKeyboardHeightRatio():128 systemKeyboardHeightRatio:1.000000; userKeyboardHeightRatio:1.000000.
09-01 23:29:51.524  1380  1380 I AndroidIME: AbstractIme.onActivate():84 LatinIme.onActivate() : EditorInfo = Package = com.example.app1 : Type = Email : Learning = Disable : Suggestion = Show : AutoCorrection = Disable : Microphone = DisabledMic : NoPersonalizedLearning = Disable : AutoStartVoiceInput = Disable, IncognitoMode = false
09-01 23:29:51.525  1380  1380 I Delight5Facilitator: Delight5Facilitator.initializeForIme():561 initializeForIme() : Locale = [en_US], layout = qwerty
09-01 23:29:51.525  1380  1380 I VoiceInputManagerWrapper: VoiceInputManagerWrapper.cancelShutdown():55 cancelShutdown()
09-01 23:29:51.525  1380  1380 I VoiceInputManagerWrapper: VoiceInputManagerWrapper.syncLanguagePacks():67 syncLanguagePacks()
09-01 23:29:51.525  9030  9030 W qei     : Pending fill request while another request in the same session was triggered. [CONTEXT service_id=177 ]
09-01 23:29:51.528  1380  1380 I KeyboardWrapper: KeyboardWrapper.consumeEvent():264 Skip consuming an event as current keyboard is deactivated (state=0, keyboard existence=true)
09-01 23:29:51.529  1380  3859 I SpeechFactory: SpeechRecognitionFactory.maybeScheduleAutoPackDownloadForFallback():160 maybeScheduleAutoPackDownloadForFallback()
09-01 23:29:51.529  1380  3859 I FallbackOnDeviceRecognitionProvider: FallbackOnDeviceRecognitionProvider.maybeScheduleAutoPackDownload():197 maybeScheduleAutoPackDownload() for language tag en-US
09-01 23:29:51.545  9742  9742 D BoundBrokerSvc: onBind: Intent { act=com.google.android.mdd.service.START dat=chimera-action:com.google.android.mdd.service.START cmp=com.google.android.gms/.chimera.GmsBoundBrokerService }
09-01 23:29:51.546  9742  9742 D BoundBrokerSvc: Loading bound service for intent: Intent { act=com.google.android.mdd.service.START dat=chimera-action:com.google.android.mdd.service.START cmp=com.google.android.gms/.chimera.GmsBoundBrokerService }
09-01 23:29:51.562  1400  1400 V InlineSuggestionRenderService: handleDestroySuggestionViews called for 0:1326111938
09-01 23:29:51.574  1380  1380 I KeyboardViewHelper: KeyboardViewHelper.getView():164 Get view with height ratio:1.000000; experiment height ratio:1.000000.
09-01 23:29:51.599  1380  1380 W KeyboardModeManager: KeyboardModeManager.setInputView():302 setInputView() : inputView = com.google.android.apps.inputmethod.libs.framework.core.InputView{c127a55 V.E...... ......ID 0,0-1080,1977}
09-01 23:29:51.600  1380  1380 I ConversationToQueryExtension: ConversationToQueryExtension.isEnabledForHostApp():252 Conv2Query not enabled due to current app [com.example.app1] not in whitelist
09-01 23:29:51.600  1380  1380 I ConversationToQueryExtension: ConversationToQueryExtension.onActivate():162 onActivate() : Disabled by unsupported host app
09-01 23:29:51.600  1380  1380 I CurrentMicStatusHolder: CurrentMicStatusHolder.onStartInputView():79 Current Mic status = {MicIconHidden-EmailInputType,}
09-01 23:29:51.600  1380  1380 I VoiceImeExtension: VoiceImeExtension.shouldStartVoiceInputAutomatically():336 No private IME option set to start voice input.
09-01 23:29:51.605  9742  9742 D BoundBrokerSvc: onBind: Intent { act=com.google.firebase.dynamiclinks.service.START pkg=com.google.android.gms }
09-01 23:29:51.605  9742  9742 D BoundBrokerSvc: Loading bound service for intent: Intent { act=com.google.firebase.dynamiclinks.service.START pkg=com.google.android.gms }
09-01 23:29:51.612   290  5663 D goldfish-address-space: claimShared: Ask to claim region [0x3f4603000 0x3f4eb4000]
09-01 23:29:51.624   290  5663 D goldfish-address-space: claimShared: Ask to claim region [0x3f9c80000 0x3fa531000]
09-01 23:29:51.635   290  5663 D goldfish-address-space: claimShared: Ask to claim region [0x3f8000000 0x3f88b1000]
09-01 23:29:51.727   290  5663 D goldfish-address-space: claimShared: Ask to claim region [0x3f88b1000 0x3f9162000]
09-01 23:29:51.743   290  5663 D goldfish-address-space: claimShared: Ask to claim region [0x3fdac7000 0x3fe378000]
09-01 23:29:51.775  9742  9742 D BoundBrokerSvc: onBind: Intent { act=com.google.android.gms.common.BIND_SHARED_PREFS pkg=com.google.android.gms }
09-01 23:29:51.775  9742  9742 D BoundBrokerSvc: Loading bound service for intent: Intent { act=com.google.android.gms.common.BIND_SHARED_PREFS pkg=com.google.android.gms }
09-01 23:29:51.778  9742  9742 D BoundBrokerSvc: onUnbind: Intent { act=com.google.android.gms.common.BIND_SHARED_PREFS pkg=com.google.android.gms }
09-01 23:29:51.798  9742  9742 D BoundBrokerSvc: onBind: Intent { act=com.google.android.gms.common.BIND_SHARED_PREFS pkg=com.google.android.gms }
09-01 23:29:51.798  9742  9742 D BoundBrokerSvc: Loading bound service for intent: Intent { act=com.google.android.gms.common.BIND_SHARED_PREFS pkg=com.google.android.gms }
09-01 23:29:51.801  9742  9742 D BoundBrokerSvc: onUnbind: Intent { act=com.google.android.gms.common.BIND_SHARED_PREFS pkg=com.google.android.gms }
09-01 23:29:51.821 10239 10239 D UiControllerImpl: Injecting string: "test@test.com"
09-01 23:29:51.835   290  5663 D goldfish-address-space: claimShared: Ask to claim region [0x3fafba000 0x3fb86b000]
09-01 23:29:51.926  1380  2546 I native  : input-context-store.cc:173 Ignoring stale client request for FetchSuggestions
09-01 23:29:51.964  1380  1380 W InputContextProxy: InputContextProxy.applyClientDiffInternal():832 Ignore [FetchSuggestions] diff due to stale request: 151<155, inputStateId=122, lastInputStateId=122
09-01 23:29:51.994  1380  1380 W InputContextProxy: InputContextProxy.applyClientDiffInternal():832 Ignore [FetchSuggestions] diff due to stale request: 155<156, inputStateId=123, lastInputStateId=124
09-01 23:29:52.041  1380  1380 W InputContextProxy: InputContextProxy.applyClientDiffInternal():832 Ignore [FetchSuggestions] diff due to stale request: 158<159, inputStateId=125, lastInputStateId=124
09-01 23:29:52.288  1380  1389 I putmethod.lati: JIT allocated 73KB for compiled code of boolean bve.a(kpy, java.lang.Object[])
09-01 23:29:52.447 10239 10239 I ViewInteraction: Performing 'type text(Test1#)' action on view should return first matching item
09-01 23:29:52.502  1380  1380 W TooltipLifecycleManager: TooltipLifecycleManager.dismissTooltip():130 dismissTooltip(): tooltip with id inline_suggestion_tooltip not found in tooltipManager.
09-01 23:29:52.503  1380  1380 W TooltipLifecycleManager: TooltipLifecycleManager.dismissTooltip():130 dismissTooltip(): tooltip with id inline_suggestion_tooltip not found in tooltipManager.
09-01 23:29:52.505  1380  1380 I KeyboardWrapper: KeyboardWrapper.consumeEvent():264 Skip consuming an event as current keyboard is deactivated (state=0, keyboard existence=true)
09-01 23:29:52.505  1380  1380 I VoiceInputManagerWrapper: VoiceInputManagerWrapper.shutdown():77 shutdown()
09-01 23:29:52.506  1380  1380 I AndroidIME: AbstractIme.onDeactivate():161 LatinIme.onDeactivate()
09-01 23:29:52.520 10239 10239 W IInputConnectionWrapper: beginBatchEdit on inactive InputConnection
09-01 23:29:52.520 10239 10239 W IInputConnectionWrapper: endBatchEdit on inactive InputConnection
09-01 23:29:52.541  1380  1380 I KeyboardViewUtil: KeyboardViewUtil.getKeyboardHeightRatio():128 systemKeyboardHeightRatio:1.000000; userKeyboardHeightRatio:1.000000.
09-01 23:29:52.541  1380  1380 I AndroidIME: AbstractIme.onActivate():84 PasswordIme.onActivate() : EditorInfo = Package = com.example.app1 : Type = Password : Learning = Disable : Suggestion = Hide : AutoCorrection = Disable : Microphone = Hide : NoPersonalizedLearning = Disable : AutoStartVoiceInput = Disable, IncognitoMode = false
09-01 23:29:52.545  1380  1380 I KeyboardViewHelper: KeyboardViewHelper.getView():164 Get view with height ratio:1.000000; experiment height ratio:1.000000.
09-01 23:29:52.568  1380  1380 W TooltipLifecycleManager: TooltipLifecycleManager.dismissTooltip():130 dismissTooltip(): tooltip with id inline_suggestion_tooltip not found in tooltipManager.
09-01 23:29:52.571  1380  1380 W KeyboardModeManager: KeyboardModeManager.setInputView():302 setInputView() : inputView = com.google.android.apps.inputmethod.libs.framework.core.InputView{c127a55 V.E...... ......ID 0,0-1080,1977}
09-01 23:29:52.571  1380  1380 I ConversationToQueryExtension: ConversationToQueryExtension.isEnabledForHostApp():252 Conv2Query not enabled due to current app [com.example.app1] not in whitelist
09-01 23:29:52.571  1380  1380 I ConversationToQueryExtension: ConversationToQueryExtension.onActivate():162 onActivate() : Disabled by unsupported host app
09-01 23:29:52.571  1380  1380 I CurrentMicStatusHolder: CurrentMicStatusHolder.onStartInputView():79 Current Mic status = {MicIconHidden-PasswordOrNumberOrDateInputType,}
09-01 23:29:52.572  1380  1380 I VoiceImeExtension: VoiceImeExtension.shouldStartVoiceInputAutomatically():336 No private IME option set to start voice input.
09-01 23:29:52.594  9742  9742 D BoundBrokerSvc: onBind: Intent { act=com.google.android.gms.common.BIND_SHARED_PREFS pkg=com.google.android.gms }
09-01 23:29:52.594  9742  9742 D BoundBrokerSvc: Loading bound service for intent: Intent { act=com.google.android.gms.common.BIND_SHARED_PREFS pkg=com.google.android.gms }
09-01 23:29:52.608  9742  9742 D BoundBrokerSvc: onUnbind: Intent { act=com.google.android.gms.common.BIND_SHARED_PREFS pkg=com.google.android.gms }
09-01 23:29:52.615  9742  9742 D BoundBrokerSvc: onBind: Intent { act=com.google.android.gms.common.BIND_SHARED_PREFS pkg=com.google.android.gms }
09-01 23:29:52.615  9742  9742 D BoundBrokerSvc: Loading bound service for intent: Intent { act=com.google.android.gms.common.BIND_SHARED_PREFS pkg=com.google.android.gms }
09-01 23:29:52.623  9742  9742 D BoundBrokerSvc: onUnbind: Intent { act=com.google.android.gms.common.BIND_SHARED_PREFS pkg=com.google.android.gms }
09-01 23:29:52.758 10239 10239 D UiControllerImpl: Injecting string: "Test1#"
09-01 23:29:52.761   501  1975 I system_server: oneway function results will be dropped but finished with status OK and parcel size 4
09-01 23:29:53.082 10239 10239 I ViewInteraction: Performing 'close keyboard' action on view view.getId() is <2131362250/com.example.app1:id/sign_in>
09-01 23:29:53.110  1380  1380 I AndroidIME: AbstractIme.onDeactivate():161 PasswordIme.onDeactivate()
09-01 23:29:53.441 10239 10239 I ViewInteraction: Performing 'single click' action on view view.getId() is <2131362250/com.example.app1:id/sign_in>
09-01 23:29:53.501   501  2320 I system_server: oneway function results will be dropped but finished with status OK and parcel size 4
09-01 23:29:53.502   501   564 I system_server: oneway function results will be dropped but finished with status OK and parcel size 4
09-01 23:29:53.510   501   532 D EventSequenceValidator: inc AccIntentStartedEvents to 2
09-01 23:29:53.515   339   339 I perfetto: ing_service_impl.cc:758 Configured tracing session 17, #sources:1, duration:5000 ms, #buffers:1, total buffer size:4096 KB, total sessions:2, uid:1071 session name: ""
09-01 23:29:53.516   338   338 I perfetto: probes_producer.cc:230  Ftrace setup (target_buf=17)
09-01 23:29:53.520   501   532 D EventSequenceValidator: dec AccIntentStartedEvents to 1
09-01 23:29:53.526 10239 10239 D LifecycleMonitor: Lifecycle status change: com.example.app1.authentication.LoginActivity@752d8c3 in: PAUSED
09-01 23:29:53.528   501   988 W InputReader: Device virtio_input_multi_touch_9 is associated with display ADISPLAY_ID_NONE.
09-01 23:29:53.528   501   988 W InputReader: Device virtio_input_multi_touch_6 is associated with display ADISPLAY_ID_NONE.
09-01 23:29:53.528   501   988 W InputReader: Device virtio_input_multi_touch_3 is associated with display ADISPLAY_ID_NONE.
09-01 23:29:53.528   501   988 W InputReader: Device virtio_input_multi_touch_7 is associated with display ADISPLAY_ID_NONE.
09-01 23:29:53.528   501   988 W InputReader: Device virtio_input_multi_touch_8 is associated with display ADISPLAY_ID_NONE.
09-01 23:29:53.528   501   988 W InputReader: Device virtio_input_multi_touch_10 is associated with display ADISPLAY_ID_NONE.
09-01 23:29:53.528   501   988 W InputReader: Device virtio_input_multi_touch_4 is associated with display ADISPLAY_ID_NONE.
09-01 23:29:53.528   501   988 W InputReader: Device virtio_input_multi_touch_11 is associated with display ADISPLAY_ID_NONE.
09-01 23:29:53.528   501   988 W InputReader: Device virtio_input_multi_touch_5 is associated with display ADISPLAY_ID_NONE.
09-01 23:29:53.528   501   988 W InputReader: Device virtio_input_multi_touch_2 is associated with display ADISPLAY_ID_NONE.
09-01 23:29:53.529   501   988 W InputReader: Device virtio_input_multi_touch_9 is associated with display ADISPLAY_ID_NONE.
09-01 23:29:53.529   501   988 W InputReader: Device virtio_input_multi_touch_6 is associated with display ADISPLAY_ID_NONE.
09-01 23:29:53.529   501   988 W InputReader: Device virtio_input_multi_touch_3 is associated with display ADISPLAY_ID_NONE.
09-01 23:29:53.529   501   988 W InputReader: Device virtio_input_multi_touch_7 is associated with display ADISPLAY_ID_NONE.
09-01 23:29:53.529   501   988 W InputReader: Device virtio_input_multi_touch_8 is associated with display ADISPLAY_ID_NONE.
09-01 23:29:53.529   501   988 W InputReader: Device virtio_input_multi_touch_10 is associated with display ADISPLAY_ID_NONE.
09-01 23:29:53.529   501   988 W InputReader: Device virtio_input_multi_touch_4 is associated with display ADISPLAY_ID_NONE.
09-01 23:29:53.529   501   988 W InputReader: Device virtio_input_multi_touch_11 is associated with display ADISPLAY_ID_NONE.
09-01 23:29:53.529   501   988 W InputReader: Device virtio_input_multi_touch_5 is associated with display ADISPLAY_ID_NONE.
09-01 23:29:53.529   501   988 W InputReader: Device virtio_input_multi_touch_2 is associated with display ADISPLAY_ID_NONE.
09-01 23:29:53.585 10239 10239 D LifecycleMonitor: Lifecycle status change: com.example.app1.authentication.SimpleSignInActivity@e54b6a0 in: PRE_ON_CREATE
09-01 23:29:53.589 10239 10431 W System  : Ignoring header X-Firebase-Locale because its value was null.
09-01 23:29:53.601 10239 10239 D LifecycleMonitor: Lifecycle status change: com.example.app1.authentication.SimpleSignInActivity@e54b6a0 in: CREATED
09-01 23:29:53.606 10239 10239 D LifecycleMonitor: Lifecycle status change: com.example.app1.authentication.SimpleSignInActivity@e54b6a0 in: STARTED
09-01 23:29:53.619 10239 10239 D LifecycleMonitor: Lifecycle status change: com.example.app1.authentication.SimpleSignInActivity@e54b6a0 in: RESUMED
09-01 23:29:53.653   501  1975 I system_server: oneway function results will be dropped but finished with status OK and parcel size 4
09-01 23:29:53.740   290  5663 D goldfish-address-space: claimShared: Ask to claim region [0x3f4603000 0x3f4f68000]
09-01 23:29:53.746   290  5663 D goldfish-address-space: claimShared: Ask to claim region [0x3f9c80000 0x3fa5e5000]
09-01 23:29:53.753   290  5663 D goldfish-address-space: claimShared: Ask to claim region [0x3fe378000 0x3fecdd000]
09-01 23:29:53.850   501   537 I ActivityTaskManager: Displayed com.example.app1/.authentication.SimpleSignInActivity: +352ms
09-01 23:29:53.888   290  5663 D goldfish-address-space: claimShared: Ask to claim region [0x3f64d3000 0x3f6ad6000]
09-01 23:29:53.946   501  4011 D HostConnection: HostConnection::get() New Host Connection established 0xb0ec6fa0, tid 4011
09-01 23:29:53.969 10239 10239 D LifecycleMonitor: Lifecycle status change: com.example.app1.authentication.SimpleSignInActivity@e54b6a0 in: PAUSED
09-01 23:29:54.015   501  4011 D HostConnection: HostComposition ext ANDROID_EMU_CHECKSUM_HELPER_v1 ANDROID_EMU_native_sync_v2 ANDROID_EMU_native_sync_v3 ANDROID_EMU_native_sync_v4 ANDROID_EMU_dma_v1 ANDROID_EMU_direct_mem ANDROID_EMU_host_composition_v1 ANDROID_EMU_host_composition_v2 ANDROID_EMU_vulkan ANDROID_EMU_deferred_vulkan_commands ANDROID_EMU_vulkan_null_optional_strings ANDROID_EMU_vulkan_create_resources_with_requirements ANDROID_EMU_YUV_Cache ANDROID_EMU_vulkan_ignored_handles ANDROID_EMU_has_shared_slots_host_memory_allocator ANDROID_EMU_vulkan_free_memory_sync ANDROID_EMU_vulkan_shader_float16_int8 ANDROID_EMU_vulkan_async_queue_submit ANDROID_EMU_sync_buffer_data ANDROID_EMU_read_color_buffer_dma GL_OES_EGL_image_external_essl3 GL_OES_vertex_array_object GL_KHR_texture_compression_astc_ldr ANDROID_EMU_host_side_tracing ANDROID_EMU_gles_max_version_3_0
09-01 23:29:54.018   501  1975 W InputReader: Device virtio_input_multi_touch_9 is associated with display ADISPLAY_ID_NONE.
09-01 23:29:54.018   501  1975 W InputReader: Device virtio_input_multi_touch_6 is associated with display ADISPLAY_ID_NONE.
09-01 23:29:54.018   501  1975 W InputReader: Device virtio_input_multi_touch_3 is associated with display ADISPLAY_ID_NONE.
09-01 23:29:54.018   501  1975 W InputReader: Device virtio_input_multi_touch_7 is associated with display ADISPLAY_ID_NONE.
09-01 23:29:54.018   501  1975 W InputReader: Device virtio_input_multi_touch_8 is associated with display ADISPLAY_ID_NONE.
09-01 23:29:54.018   501  1975 W InputReader: Device virtio_input_multi_touch_10 is associated with display ADISPLAY_ID_NONE.
09-01 23:29:54.018   501  1975 W InputReader: Device virtio_input_multi_touch_4 is associated with display ADISPLAY_ID_NONE.
09-01 23:29:54.018   501  1975 W InputReader: Device virtio_input_multi_touch_11 is associated with display ADISPLAY_ID_NONE.
09-01 23:29:54.018   501  1975 W InputReader: Device virtio_input_multi_touch_5 is associated with display ADISPLAY_ID_NONE.
09-01 23:29:54.018   501  1975 W InputReader: Device virtio_input_multi_touch_2 is associated with display ADISPLAY_ID_NONE.
09-01 23:29:54.019   501  1975 W InputReader: Device virtio_input_multi_touch_9 is associated with display ADISPLAY_ID_NONE.
09-01 23:29:54.019   501  1975 W InputReader: Device virtio_input_multi_touch_6 is associated with display ADISPLAY_ID_NONE.
09-01 23:29:54.019   501  1975 W InputReader: Device virtio_input_multi_touch_3 is associated with display ADISPLAY_ID_NONE.
09-01 23:29:54.019   501  1975 W InputReader: Device virtio_input_multi_touch_7 is associated with display ADISPLAY_ID_NONE.
09-01 23:29:54.019   501  1975 W InputReader: Device virtio_input_multi_touch_8 is associated with display ADISPLAY_ID_NONE.
09-01 23:29:54.019   501  1975 W InputReader: Device virtio_input_multi_touch_10 is associated with display ADISPLAY_ID_NONE.
09-01 23:29:54.019   501  1975 W InputReader: Device virtio_input_multi_touch_4 is associated with display ADISPLAY_ID_NONE.
09-01 23:29:54.019   501  1975 W InputReader: Device virtio_input_multi_touch_11 is associated with display ADISPLAY_ID_NONE.
09-01 23:29:54.019   501  1975 W InputReader: Device virtio_input_multi_touch_5 is associated with display ADISPLAY_ID_NONE.
09-01 23:29:54.019   501  1975 W InputReader: Device virtio_input_multi_touch_2 is associated with display ADISPLAY_ID_NONE.
09-01 23:29:54.030   501  4011 W OpenGLRenderer: Failed to choose config with EGL_SWAP_BEHAVIOR_PRESERVED, retrying without...
09-01 23:29:54.038   501  4011 D EGL_emulation: eglCreateContext: 0xb0ec5090: maj 3 min 0 rcv 3
09-01 23:29:54.039   501  4011 D EGL_emulation: eglMakeCurrent: 0xb0ec5090: ver 3 0 (tinfo 0xbac6f8f0) (first time)
09-01 23:29:54.074 10239 10239 D LifecycleMonitor: Lifecycle status change: com.example.app1.authentication.LoginActivity@752d8c3 in: RESUMED
09-01 23:29:54.095   290  5663 D goldfish-address-space: claimShared: Ask to claim region [0x3f7ec0000 0x3f7f5c000]
09-01 23:29:54.097 10239 10239 D LifecycleMonitor: Lifecycle status change: com.example.app1.authentication.SimpleSignInActivity@e54b6a0 in: STOPPED
09-01 23:29:54.110   290  5663 D goldfish-address-space: claimShared: Ask to claim region [0x3f7f5c000 0x3f7ff8000]
09-01 23:29:54.118 10239 10239 D LifecycleMonitor: Lifecycle status change: com.example.app1.authentication.SimpleSignInActivity@e54b6a0 in: DESTROYED
09-01 23:29:54.142   290  5663 D goldfish-address-space: claimShared: Ask to claim region [0x3f6ad6000 0x3f6b72000]
09-01 23:29:54.242   705   719 I ndroid.systemu: NativeAlloc concurrent copying GC freed 5590(303KB) AllocSpace objects, 0(0B) LOS objects, 49% free, 7440KB/14MB, paused 29us total 314.717ms
09-01 23:29:55.192   338   338 I perfetto: probes_producer.cc:329  Producer stop (id=16)
09-01 23:29:55.193   339   339 I perfetto: ng_service_impl.cc:1948 Tracing session 16 ended, total sessions:1
09-01 23:29:55.402 10239 10239 I ViewInteraction: Checking 'MatchesViewAssertion{viewMatcher=(view has effective visibility <VISIBLE> and view.getGlobalVisibleRect() to return non-empty rectangle)}' assertion on view view.getId() is <2131362094/com.example.app1:id/logo>
09-01 23:29:55.627  9030 10104 I NetworkScheduler.Stats: Task com.google.android.gms/com.google.android.gms.checkin.CheckinService started execution. cause:4 exec_start_elapsed_seconds: 1532 [CONTEXT service_id=218 ]
09-01 23:29:55.629   501   988 D WifiNl80211Manager: Scan result ready event
09-01 23:29:55.629   501   988 D WifiNative: Scan result ready event
09-01 23:29:55.661  9030 10463 I NetworkScheduler.Stats: Task com.google.android.gms/com.google.android.gms.tapandpay.gcmtask.TapAndPayGcmTaskService started execution. cause:4 exec_start_elapsed_seconds: 1532 [CONTEXT service_id=218 ]
09-01 23:29:55.670  9030 10104 V NFC     : this device does not have NFC support
09-01 23:29:55.671  9030 10361 I NetworkScheduler.Stats: Task com.google.android.gms/com.google.android.gms.checkin.CheckinService finished executing. cause:4 result: 3 elapsed_millis: 55 uptime_millis: 55 exec_start_elapsed_seconds: 1532 [CONTEXT service_id=218 ]
09-01 23:29:55.673  9030 10104 W TapAndPay: NfcAdapter is null while obtaining CardEmulation instance. [CONTEXT service_id=79 ]
09-01 23:29:55.673  9030 10104 W TapAndPay: java.lang.NullPointerException: NfcAdapter is null
09-01 23:29:55.673  9030 10104 W TapAndPay: 	at android.nfc.cardemulation.CardEmulation.getInstance(CardEmulation.java:150)
09-01 23:29:55.673  9030 10104 W TapAndPay: 	at bits.<init>(:com.google.android.gms@222615040@22.26.15 (150700-461192076):0)
09-01 23:29:55.673  9030 10104 W TapAndPay: 	at com.google.android.gms.tapandpay.hce.task.TapAndPayAidRegistrationTaskOperation.a(:com.google.android.gms@222615040@22.26.15 (150700-461192076):5)
09-01 23:29:55.673  9030 10104 W TapAndPay: 	at com.google.android.gms.tapandpay.gcmtask.TapAndPayGcmTaskChimeraService.a(:com.google.android.gms@222615040@22.26.15 (150700-461192076):4)
09-01 23:29:55.673  9030 10104 W TapAndPay: 	at anvy.call(:com.google.android.gms@222615040@22.26.15 (150700-461192076):4)
09-01 23:29:55.673  9030 10104 W TapAndPay: 	at java.util.concurrent.FutureTask.run(FutureTask.java:266)
09-01 23:29:55.673  9030 10104 W TapAndPay: 	at xoc.c(:com.google.android.gms@222615040@22.26.15 (150700-461192076):6)
09-01 23:29:55.673  9030 10104 W TapAndPay: 	at xoc.run(:com.google.android.gms@222615040@22.26.15 (150700-461192076):7)
09-01 23:29:55.673  9030 10104 W TapAndPay: 	at java.util.concurrent.ThreadPoolExecutor.runWorker(ThreadPoolExecutor.java:1167)
09-01 23:29:55.673  9030 10104 W TapAndPay: 	at java.util.concurrent.ThreadPoolExecutor$Worker.run(ThreadPoolExecutor.java:641)
09-01 23:29:55.673  9030 10104 W TapAndPay: 	at xth.run(:com.google.android.gms@222615040@22.26.15 (150700-461192076):0)
09-01 23:29:55.673  9030 10104 W TapAndPay: 	at java.lang.Thread.run(Thread.java:923)
09-01 23:29:55.696  9030 10104 I NetworkScheduler.Stats: Task com.google.android.gms/com.google.android.gms.tapandpay.gcmtask.TapAndPayGcmTaskService finished executing. cause:4 result: 3 elapsed_millis: 52 uptime_millis: 52 exec_start_elapsed_seconds: 1532 [CONTEXT service_id=218 ]
09-01 23:29:56.588   501  2320 I system_server: oneway function results will be dropped but finished with status OK and parcel size 4
09-01 23:29:56.905 10239 10239 I ViewInteraction: Checking 'MatchesViewAssertion{viewMatcher=(view has effective visibility <VISIBLE> and view.getGlobalVisibleRect() to return non-empty rectangle)}' assertion on view view.getId() is <2131362094/com.example.app1:id/logo>
09-01 23:29:56.906 10239 10267 I TestRunner: finished: signInAndDeleteAccount(com.example.app1.AuthenticationTests)
