09-01 23:28:41.332  1380  1380 I AndroidIME: AbstractIme.onActivate():84 PasswordIme.onActivate() : EditorInfo = Package = com.example.app1 : Type = Password : Learning = Disable : Suggestion = Hide : AutoCorrection = Disable : Microphone = Hide : NoPersonalizedLearning = Disable : AutoStartVoiceInput = Disable, IncognitoMode = false
09-01 23:28:41.339  1380  1380 I KeyboardViewHelper: KeyboardViewHelper.getView():164 Get view with height ratio:1.000000; experiment height ratio:1.000000.
09-01 23:28:41.354  1380  1380 W TooltipLifecycleManager: TooltipLifecycleManager.dismissTooltip():130 dismissTooltip(): tooltip with id inline_suggestion_tooltip not found in tooltipManager.
09-01 23:28:41.364  1380  1380 W KeyboardModeManager: KeyboardModeManager.setInputView():302 setInputView() : inputView = com.google.android.apps.inputmethod.libs.framework.core.InputView{c127a55 V.E...... ......ID 0,0-1080,1977}
09-01 23:28:41.371  1380  1380 I ConversationToQueryExtension: ConversationToQueryExtension.isEnabledForHostApp():252 Conv2Query not enabled due to current app [com.example.app1] not in whitelist
09-01 23:28:41.371  1380  1380 I ConversationToQueryExtension: ConversationToQueryExtension.onActivate():162 onActivate() : Disabled by unsupported host app
09-01 23:28:41.374  1380  1380 I CurrentMicStatusHolder: CurrentMicStatusHolder.onStartInputView():79 Current Mic status = {MicIconHidden-PasswordOrNumberOrDateInputType,}
09-01 23:28:41.374  1380  1380 I VoiceImeExtension: VoiceImeExtension.shouldStartVoiceInputAutomatically():336 No private IME option set to start voice input.
09-01 23:28:41.443  9742  9742 D BoundBrokerSvc: onBind: Intent { act=com.google.android.gms.common.BIND_SHARED_PREFS pkg=com.google.android.gms }
09-01 23:28:41.443  9742  9742 D BoundBrokerSvc: Loading bound service for intent: Intent { act=com.google.android.gms.common.BIND_SHARED_PREFS pkg=com.google.android.gms }
09-01 23:28:41.478  9742  9742 D BoundBrokerSvc: onUnbind: Intent { act=com.google.android.gms.common.BIND_SHARED_PREFS pkg=com.google.android.gms }
09-01 23:28:41.498  9742  9742 D BoundBrokerSvc: onBind: Intent { act=com.google.android.gms.common.BIND_SHARED_PREFS pkg=com.google.android.gms }
09-01 23:28:41.498  9742  9742 D BoundBrokerSvc: Loading bound service for intent: Intent { act=com.google.android.gms.common.BIND_SHARED_PREFS pkg=com.google.android.gms }
09-01 23:28:41.502  9742  9742 D BoundBrokerSvc: onUnbind: Intent { act=com.google.android.gms.common.BIND_SHARED_PREFS pkg=com.google.android.gms }
09-01 23:28:41.765   501   988 I system_server: oneway function results will be dropped but finished with status OK and parcel size 4
09-01 23:28:41.789 10239 10239 D UiControllerImpl: Injecting string: "Test1#"
09-01 23:28:42.137 10239 10239 I ViewInteraction: Performing 'close keyboard' action on view view.getId() is <2131362305/com.example.app1:id/terms_policy>
09-01 23:28:42.157  1380  1380 I AndroidIME: AbstractIme.onDeactivate():161 PasswordIme.onDeactivate()
09-01 23:28:42.299   338   338 I perfetto: probes_producer.cc:329  Producer stop (id=8)
09-01 23:28:42.302   339   339 I perfetto: ng_service_impl.cc:1948 Tracing session 8 ended, total sessions:1
09-01 23:28:42.472 10239 10239 I ViewInteraction: Performing 'single click' action on view should return first matching item
09-01 23:28:42.533   501  2382 I system_server: oneway function results will be dropped but finished with status OK and parcel size 4
09-01 23:28:42.533   501   988 I system_server: oneway function results will be dropped but finished with status OK and parcel size 4
09-01 23:28:42.534   501   988 I system_server: oneway function results will be dropped but finished with status OK and parcel size 4
09-01 23:28:42.669   501  2382 I system_server: oneway function results will be dropped but finished with status OK and parcel size 4
09-01 23:28:42.850 10239 10239 I ViewInteraction: Performing 'close keyboard' action on view view.getId() is <2131362251/com.example.app1:id/sign_up>
09-01 23:28:42.851 10239 10239 W CloseKeyboardAction: Attempting to close soft keyboard, while it is not shown.
09-01 23:28:42.853 10239 10239 I ViewInteraction: Performing 'single click' action on view should return first matching item
09-01 23:28:43.009 10239 10431 W System  : Ignoring header X-Firebase-Locale because its value was null.
09-01 23:28:43.020   501   988 I system_server: oneway function results will be dropped but finished with status OK and parcel size 4
09-01 23:28:43.166   501  2382 I system_server: oneway function results will be dropped but finished with status OK and parcel size 4
09-01 23:28:43.516 10239 10431 W System  : Ignoring header X-Firebase-Locale because its value was null.
09-01 23:28:43.690   338   338 I perfetto: probes_producer.cc:329  Producer stop (id=9)
09-01 23:28:43.691   338   338 I perfetto: ftrace_procfs.cc:183    disabled ftrace
09-01 23:28:43.691   339   339 I perfetto: ng_service_impl.cc:1948 Tracing session 9 ended, total sessions:0
09-01 23:28:44.023 10239 10431 D FirebaseAuth: Notifying id token listeners about user ( kImwKuDJ82NjWnJR2ul07iP8JiR2 ).
09-01 23:28:44.026   290   400 D goldfish-address-space: claimShared: Ask to claim region [0x3f6cb7000 0x3f72ba000]
09-01 23:28:44.052   501   532 D EventSequenceValidator: inc AccIntentStartedEvents to 2
09-01 23:28:44.060   339   339 I perfetto: ing_service_impl.cc:758 Configured tracing session 10, #sources:1, duration:5000 ms, #buffers:1, total buffer size:4096 KB, total sessions:1, uid:1071 session name: ""
09-01 23:28:44.062   338   338 I perfetto: probes_producer.cc:230  Ftrace setup (target_buf=10)
09-01 23:28:44.070 10239 10239 D LifecycleMonitor: Lifecycle status change: com.example.app1.authentication.SignUpActivity@499497e in: PAUSED
09-01 23:28:44.082   501  2172 W InputReader: Device virtio_input_multi_touch_9 is associated with display ADISPLAY_ID_NONE.
09-01 23:28:44.082   501  2172 W InputReader: Device virtio_input_multi_touch_6 is associated with display ADISPLAY_ID_NONE.
09-01 23:28:44.082   501  2172 W InputReader: Device virtio_input_multi_touch_3 is associated with display ADISPLAY_ID_NONE.
09-01 23:28:44.082   501  2172 W InputReader: Device virtio_input_multi_touch_7 is associated with display ADISPLAY_ID_NONE.
09-01 23:28:44.082   501  2172 W InputReader: Device virtio_input_multi_touch_8 is associated with display ADISPLAY_ID_NONE.
09-01 23:28:44.082   501  2172 W InputReader: Device virtio_input_multi_touch_10 is associated with display ADISPLAY_ID_NONE.
09-01 23:28:44.082   501  2172 W InputReader: Device virtio_input_multi_touch_4 is associated with display ADISPLAY_ID_NONE.
09-01 23:28:44.082   501  2172 W InputReader: Device virtio_input_multi_touch_11 is associated with display ADISPLAY_ID_NONE.
09-01 23:28:44.082   501  2172 W InputReader: Device virtio_input_multi_touch_5 is associated with display ADISPLAY_ID_NONE.
09-01 23:28:44.082   501  2172 W InputReader: Device virtio_input_multi_touch_2 is associated with display ADISPLAY_ID_NONE.
09-01 23:28:44.083   501  2172 W InputReader: Device virtio_input_multi_touch_9 is associated with display ADISPLAY_ID_NONE.
09-01 23:28:44.083   501  2172 W InputReader: Device virtio_input_multi_touch_6 is associated with display ADISPLAY_ID_NONE.
09-01 23:28:44.083   501  2172 W InputReader: Device virtio_input_multi_touch_3 is associated with display ADISPLAY_ID_NONE.
09-01 23:28:44.083   501  2172 W InputReader: Device virtio_input_multi_touch_7 is associated with display ADISPLAY_ID_NONE.
09-01 23:28:44.083   501  2172 W InputReader: Device virtio_input_multi_touch_8 is associated with display ADISPLAY_ID_NONE.
09-01 23:28:44.083   501  2172 W InputReader: Device virtio_input_multi_touch_10 is associated with display ADISPLAY_ID_NONE.
09-01 23:28:44.083   501  2172 W InputReader: Device virtio_input_multi_touch_4 is associated with display ADISPLAY_ID_NONE.
09-01 23:28:44.083   501  2172 W InputReader: Device virtio_input_multi_touch_11 is associated with display ADISPLAY_ID_NONE.
09-01 23:28:44.083   501  2172 W InputReader: Device virtio_input_multi_touch_5 is associated with display ADISPLAY_ID_NONE.
09-01 23:28:44.083   501  2172 W InputReader: Device virtio_input_multi_touch_2 is associated with display ADISPLAY_ID_NONE.
09-01 23:28:44.096   501   532 D EventSequenceValidator: dec AccIntentStartedEvents to 1
09-01 23:28:44.099   338   338 I perfetto: ftrace_procfs.cc:176    enabled ftrace
09-01 23:28:44.105 10239 10239 D LifecycleMonitor: Lifecycle status change: com.example.app1.settings.account.AccountActivity@617d54b in: PRE_ON_CREATE
09-01 23:28:44.147   290   400 D goldfish-address-space: claimShared: Ask to claim region [0x3f7f76000 0x3f7fc9000]
09-01 23:28:44.150   290   400 D goldfish-address-space: claimShared: Ask to claim region [0x3f72ba000 0x3f730d000]
09-01 23:28:44.163   290   400 D goldfish-address-space: claimShared: Ask to claim region [0x3f730d000 0x3f7360000]
09-01 23:28:44.317 10239 10239 D LifecycleMonitor: Lifecycle status change: com.example.app1.settings.account.AccountActivity@617d54b in: CREATED
09-01 23:28:44.321 10239 10239 D LifecycleMonitor: Lifecycle status change: com.example.app1.settings.account.AccountActivity@617d54b in: STARTED
09-01 23:28:44.324 10239 10239 D LifecycleMonitor: Lifecycle status change: com.example.app1.settings.account.AccountActivity@617d54b in: RESUMED
09-01 23:28:44.395   290   400 D goldfish-address-space: claimShared: Ask to claim region [0x3f58cd000 0x3f6232000]
09-01 23:28:44.420   290   400 D goldfish-address-space: claimShared: Ask to claim region [0x3f4000000 0x3f4965000]
09-01 23:28:44.432   290   400 D goldfish-address-space: claimShared: Ask to claim region [0x3f4965000 0x3f52ca000]
09-01 23:28:44.442   705   719 I ndroid.systemu: NativeAlloc concurrent copying GC freed 7105(348KB) AllocSpace objects, 0(0B) LOS objects, 49% free, 7527KB/14MB, paused 92us total 364.960ms
09-01 23:28:44.491   501   537 I ActivityTaskManager: Displayed com.example.app1/.settings.account.AccountActivity: +438ms
09-01 23:28:44.504   907   914 I s.nexuslaunche: NativeAlloc concurrent copying GC freed 3484(216KB) AllocSpace objects, 0(0B) LOS objects, 49% free, 3750KB/7501KB, paused 147us total 460.880ms
09-01 23:28:44.508   907   916 W System  : A resource failed to call release.
09-01 23:28:44.508   907   916 W System  : A resource failed to call release.
09-01 23:28:44.562   290   400 D goldfish-address-space: claimShared: Ask to claim region [0x3f4965000 0x3f52ca000]
09-01 23:28:44.596   290   400 D goldfish-address-space: claimShared: Ask to claim region [0x3f4000000 0x3f4965000]
09-01 23:28:44.608 10239 10239 I ViewInteraction: Checking 'MatchesViewAssertion{viewMatcher=(view has effective visibility <VISIBLE> and view.getGlobalVisibleRect() to return non-empty rectangle)}' assertion on view view.getId() is <2131361970/com.example.app1:id/decoration>
09-01 23:28:44.629   290   400 D goldfish-address-space: claimShared: Ask to claim region [0x3f58cd000 0x3f6232000]
09-01 23:28:44.878   501   510 I system_server: NativeAlloc concurrent copying GC freed 241150(14MB) AllocSpace objects, 28(1184KB) LOS objects, 49% free, 16MB/33MB, paused 233us total 642.969ms
09-01 23:28:44.894   501   511 W JavaBinder: BinderProxy is being destroyed but the application did not call unlinkToDeath to unlink all of its death recipients beforehand.  Releasing leaked death recipient: com.android.server.AlarmManagerService$2
09-01 23:28:44.894   501   511 I BpBinder: onLastStrongRef automatically unlinking death recipients: <uncached descriptor>
09-01 23:28:44.895   501   511 W JavaBinder: BinderProxy is being destroyed but the application did not call unlinkToDeath to unlink all of its death recipients beforehand.  Releasing leaked death recipient: com.android.server.AlarmManagerService$2
09-01 23:28:44.895   501   511 I BpBinder: onLastStrongRef automatically unlinking death recipients: <uncached descriptor>
09-01 23:28:44.902   501   511 W JavaBinder: BinderProxy is being destroyed but the application did not call unlinkToDeath to unlink all of its death recipients beforehand.  Releasing leaked death recipient: com.android.server.AlarmManagerService$2
09-01 23:28:44.902   501   511 I BpBinder: onLastStrongRef automatically unlinking death recipients: <uncached descriptor>
09-01 23:28:44.903   501   511 W JavaBinder: BinderProxy is being destroyed but the application did not call unlinkToDeath to unlink all of its death recipients beforehand.  Releasing leaked death recipient: com.android.server.AlarmManagerService$2
09-01 23:28:44.903   501   511 I BpBinder: onLastStrongRef automatically unlinking death recipients: <uncached descriptor>
09-01 23:28:44.929   501   511 W JavaBinder: BinderProxy is being destroyed but the application did not call unlinkToDeath to unlink all of its death recipients beforehand.  Releasing leaked death recipient: com.android.server.AlarmManagerService$2
09-01 23:28:44.929   501   511 I BpBinder: onLastStrongRef automatically unlinking death recipients: <uncached descriptor>
09-01 23:28:44.932   501   511 W JavaBinder: BinderProxy is being destroyed but the application did not call unlinkToDeath to unlink all of its death recipients beforehand.  Releasing leaked death recipient: com.android.server.AlarmManagerService$2
09-01 23:28:44.932   501   511 I BpBinder: onLastStrongRef automatically unlinking death recipients: <uncached descriptor>
09-01 23:28:44.939 10239 10239 D LifecycleMonitor: Lifecycle status change: com.example.app1.authentication.SignUpActivity@499497e in: STOPPED
09-01 23:28:44.941 10239 10239 D LifecycleMonitor: Lifecycle status change: com.example.app1.authentication.SignUpActivity@499497e in: DESTROYED
09-01 23:28:44.985   501   512 W System  : A resource failed to call release.
09-01 23:28:44.995   501   512 I chatty  : uid=1000(system) FinalizerDaemon identical 9 lines
09-01 23:28:44.995   501   512 W System  : A resource failed to call release.
09-01 23:28:46.110 10239 10239 I ViewInteraction: Checking 'MatchesViewAssertion{viewMatcher=(view has effective visibility <VISIBLE> and view.getGlobalVisibleRect() to return non-empty rectangle)}' assertion on view view.getId() is <2131361970/com.example.app1:id/decoration>
09-01 23:28:46.111 10239 10267 I TestRunner: finished: createAccountFromAnonymous(com.example.app1.AuthenticationTests)
